******************************************************************************
                  MSP430 Linker PC v18.12.2                    
******************************************************************************
>> Linked Fri Jul 12 13:25:23 2019

OUTPUT FILE NAME:   <PowerMcu Working.out>
ENTRY POINT SYMBOL: "_c_int00_noargs"  address: 0000fb28


MEMORY CONFIGURATION

         name            origin    length      used     unused   attr    fill
----------------------  --------  ---------  --------  --------  ----  --------
  SFR                   00000000   00000010  00000000  00000010  RWIX
  PERIPHERALS_8BIT      00000010   000000f0  00000000  000000f0  RWIX
  PERIPHERALS_16BIT     00000100   00000100  00000000  00000100  RWIX
  RAM                   00000200   00000200  00000177  00000089  RWIX
  INFOD                 00001000   00000040  00000000  00000040  RWIX
  INFOC                 00001040   00000040  00000000  00000040  RWIX
  INFOB                 00001080   00000040  00000000  00000040  RWIX
  INFOA                 000010c0   00000040  00000000  00000040  RWIX
  FLASH                 0000e000   00001fde  00001e0e  000001d0  RWIX
  BSLSIGNATURE          0000ffde   00000002  00000002  00000000  RWIX  ffff 
  INT00                 0000ffe0   00000002  00000000  00000002  RWIX
  INT01                 0000ffe2   00000002  00000000  00000002  RWIX
  INT02                 0000ffe4   00000002  00000002  00000000  RWIX
  INT03                 0000ffe6   00000002  00000002  00000000  RWIX
  INT04                 0000ffe8   00000002  00000000  00000002  RWIX
  INT05                 0000ffea   00000002  00000002  00000000  RWIX
  INT06                 0000ffec   00000002  00000002  00000000  RWIX
  INT07                 0000ffee   00000002  00000002  00000000  RWIX
  INT08                 0000fff0   00000002  00000002  00000000  RWIX
  INT09                 0000fff2   00000002  00000002  00000000  RWIX
  INT10                 0000fff4   00000002  00000002  00000000  RWIX
  INT11                 0000fff6   00000002  00000002  00000000  RWIX
  INT12                 0000fff8   00000002  00000002  00000000  RWIX
  INT13                 0000fffa   00000002  00000002  00000000  RWIX
  INT14                 0000fffc   00000002  00000002  00000000  RWIX
  RESET                 0000fffe   00000002  00000002  00000000  RWIX


SECTION ALLOCATION MAP

 output                                  attributes/
section   page    origin      length       input sections
--------  ----  ----------  ----------   ----------------
.bss       0    00000200    00000120     UNINITIALIZED
                  00000200    00000080     comm.obj (.bss:responseBuffer)
                  00000280    00000042     uart.obj (.bss:rxBuffer)
                  000002c2    00000030     ocp.obj (.bss:railStateTransitions)
                  000002f2    00000013     i2c.obj (.bss)
                  00000305    00000001     switches.obj (.bss)
                  00000306    00000006     comm.obj (.bss:msgBuffer$1)
                  0000030c    00000004     errormon.obj (.bss:errors)
                  00000310    00000004     interrupt.obj (.bss)
                  00000314    00000002     adc.obj (.bss)
                  00000316    00000002     status.obj (.bss)
                  00000318    00000002     stopwatch.obj (.bss)
                  0000031a    00000002     (.common:_wakeEventsOccurred)
                  0000031c    00000002     (.common:_wakeReasons)
                  0000031e    00000002     (.common:i2c_buff)

.data      0    00000320    00000007     UNINITIALIZED
                  00000320    00000004     stopwatch.obj (.data)
                  00000324    00000002     ocp.obj (.data)
                  00000326    00000001     comm.obj (.data)

.stack     0    000003b0    00000050     UNINITIALIZED
                  000003b0    00000002     rts430_eabi.lib : boot.c.obj (.stack)
                  000003b2    0000004e     --HOLE--

.text      0    0000e000    00001df2     
                  0000e000    00000286     rts430_eabi.lib : frcmpyd.c.obj (.text:__TI_frcmpyd)
                  0000e286    0000026e                     : mpyd.c.obj (.text:__mspabi_mpyd)
                  0000e4f4    00000248     register.obj (.text:register_get)
                  0000e73c    00000164     i2c.obj (.text:USCIAB0TX_ISR)
                  0000e8a0    0000011e     ocp.obj (.text:ocp_process)
                  0000e9be    000000cc     DCO_Library.obj (.text)
                  0000ea8a    000000b0     battery.obj (.text:get_battery_telemetry)
                  0000eb3a    0000009e     comm.obj (.text:respond)
                  0000ebd8    0000009c     register.obj (.text:convert_adc_to_current)
                  0000ec74    0000009a     battery.obj (.text:apply_equation_to_adc)
                  0000ed0e    0000008c     rts430_eabi.lib : cvtdf.c.obj (.text:__mspabi_cvtdf)
                  0000ed9a    0000008a                     : fltuld.c.obj (.text:__mspabi_fltuld)
                  0000ee24    0000007e     crc.obj (.text:crc_generate)
                  0000eea2    0000007c     rts430_eabi.lib : copy_decompress_lzss.c.obj (.text:decompress:lzss:__TI_decompress_lzss)
                  0000ef1e    00000076     stopwatch.obj (.text:stopwatch_start)
                  0000ef94    00000074     rts430_eabi.lib : fixdul.c.obj (.text:__mspabi_fixdul)
                  0000f008    00000068                     : cvtfd.c.obj (.text:__mspabi_cvtfd)
                  0000f070    00000068     core.obj (.text:core_sleep)
                  0000f0d8    00000064     comm.obj (.text:process_packet)
                  0000f13c    0000005c     rts430_eabi.lib : lsr32.asm.obj (.text:l_lsr_const)
                  0000f198    00000058     main.obj (.text:main)
                  0000f1f0    00000058     rts430_eabi.lib : div32u.asm.obj (.text)
                  0000f248    00000054     circ.obj (.text:circ_push)
                  0000f29c    00000054     i2c.obj (.text:i2c_masterRead)
                  0000f2f0    00000054     ocp.obj (.text:processBitfield)
                  0000f344    00000054     register.obj (.text:register_set)
                  0000f398    00000050     comm.obj (.text:comm_process)
                  0000f3e8    0000004e     core.obj (.text:calibrate_dco)
                  0000f436    0000004c     circ.obj (.text:circ_pop)
                  0000f482    0000004c     comm.obj (.text:packet_parse)
                  0000f4ce    0000004c     rts430_eabi.lib : lsr16.asm.obj (.text)
                  0000f51a    0000004c     uart.obj (.text:uart_rx)
                  0000f566    0000004a     mux.obj (.text:mux_select)
                  0000f5b0    00000048     stopwatch.obj (.text:Timer0_A0)
                  0000f5f8    00000046     rts430_eabi.lib : fs_tou.asm.obj (.text)
                  0000f63e    00000044     switches.obj (.text:map_from_port)
                  0000f682    00000044     switches.obj (.text:map_to_port)
                  0000f6c6    00000042     rts430_eabi.lib : autoinit.c.obj (.text:__TI_auto_init_nobinit_nopinit:__TI_auto_init_nobinit_nopinit)
                  0000f708    0000003e                     : asr32.asm.obj (.text:l_asr_const)
                  0000f746    0000003e                     : lsl32.asm.obj (.text:l_lsl_const)
                  0000f784    0000003e     uart.obj (.text:uart_tx)
                  0000f7c2    0000003c     comm.obj (.text:USCIAB0RX_ISR)
                  0000f7fe    00000038     circ.obj (.text:circ_length)
                  0000f836    00000038     i2c.obj (.text:i2c_masterInit)
                  0000f86e    00000036     register.obj (.text:register_init)
                  0000f8a4    00000030     errormon.obj (.text:errormon_set)
                  0000f8d4    0000002c     i2c.obj (.text:i2c_handle_rx_interrupt)
                  0000f900    0000002c     ocp.obj (.text:ocp_activate_rail)
                  0000f92c    0000002c     rts430_eabi.lib : asr16.asm.obj (.text)
                  0000f958    0000002c                     : lsl16.asm.obj (.text)
                  0000f984    0000002c     uart.obj (.text:uart_init)
                  0000f9b0    0000002a     core.obj (.text:get_next_event)
                  0000f9da    0000002a     i2c.obj (.text:i2c_masterWrite)
                  0000fa04    00000026     rts430_eabi.lib : mult32.asm.obj (.text)
                  0000fa2a    00000024                     : fs_utof.asm.obj (.text)
                  0000fa4e    00000022     adc.obj (.text:adc_convert)
                  0000fa70    00000022     adc.obj (.text:adc_start_conversion)
                  0000fa92    0000001e     switches.obj (.text:PORT1_ISR)
                  0000fab0    0000001e     comm.obj (.text:comm_init)
                  0000face    0000001e     errormon.obj (.text:errormon_increment)
                  0000faec    0000001e     intpin.obj (.text:intpin_set)
                  0000fb0a    0000001e     switches.obj (.text:switches_init)
                  0000fb28    0000001c     rts430_eabi.lib : boot.c.obj (.text:_c_int00_noargs)
                  0000fb44    0000001c     i2c.obj (.text:i2c_checkInternalAddress)
                  0000fb60    0000001c     stopwatch.obj (.text:stopwatch_process)
                  0000fb7c    0000001a     errormon.obj (.text:errormon_get)
                  0000fb96    00000016     adc.obj (.text:adc_init)
                  0000fbac    00000016     hal.obj (.text:hal_init)
                  0000fbc2    00000016     ocp.obj (.text:ocp_get_boots)
                  0000fbd8    00000016     ocp.obj (.text:ocp_get_fails)
                  0000fbee    00000016     sense.obj (.text:sense_get)
                  0000fc04    00000016     status.obj (.text:status_clear_bits)
                  0000fc1a    00000016     status.obj (.text:status_set_bits)
                  0000fc30    00000016     stopwatch.obj (.text:stopwatch_disable)
                  0000fc46    00000016     switches.obj (.text:switches_get_flags)
                  0000fc5c    00000014     circ.obj (.text:circ_init)
                  0000fc70    00000014     rts430_eabi.lib : copy_zero_init.c.obj (.text:decompress:ZI:__TI_zero_init_nomemset:__TI_zero_init_nomemset)
                  0000fc84    00000012     comm.obj (.text:clear_buffer)
                  0000fc96    00000012     rts430_eabi.lib : copy_decompress_none.c.obj (.text:decompress:none:__TI_decompress_none)
                  0000fca8    00000012     interrupt.obj (.text:interrupt_set_mask)
                  0000fcba    00000012     interrupt.obj (.text:interrupt_set_status)
                  0000fccc    00000012     rts430_eabi.lib : lsr32.asm.obj (.text:l_lsr)
                  0000fcde    00000012                     : memcpy.c.obj (.text:memcpy)
                  0000fcf0    00000012     switches.obj (.text:switches_set_direction)
                  0000fd02    00000010     core.obj (.text:core_init)
                  0000fd12    00000010     rts430_eabi.lib : epilog.asm.obj (.text)
                  0000fd22    0000000e     core.obj (.text:aclk_init)
                  0000fd30    0000000e     intpin.obj (.text:intpin_init)
                  0000fd3e    0000000e     mux.obj (.text:mux_init)
                  0000fd4c    0000000e     ocp.obj (.text:ocp_get_rails_activated)
                  0000fd5a    0000000e     interrupt.obj (.text:refresh_pin)
                  0000fd68    0000000e     uart.obj (.text:uart_handle_rx_interrupt)
                  0000fd76    0000000c     adc.obj (.text:ADC10_ISR)
                  0000fd82    0000000a     switches.obj (.text:switches_get)
                  0000fd8c    0000000a     switches.obj (.text:switches_get_direction)
                  0000fd96    00000008     rts430_eabi.lib : isr_trap.asm.obj (.text:_isr:__TI_ISR_TRAP)
                  0000fd9e    00000008     watchdog.obj (.text:watchdog_service)
                  0000fda6    00000008     watchdog.obj (.text:watchdog_stop)
                  0000fdae    00000006     rts430_eabi.lib : fltud.c.obj (.text:__mspabi_fltud)
                  0000fdb4    00000006                     : exit.c.obj (.text:abort)
                  0000fdba    00000006     i2c.obj (.text:i2c_clearRxDoneFlag)
                  0000fdc0    00000006     i2c.obj (.text:i2c_clearTxDoneFlag)
                  0000fdc6    00000006     i2c.obj (.text:i2c_enableRXInterrupt)
                  0000fdcc    00000006     i2c.obj (.text:i2c_enableTXInterrupt)
                  0000fdd2    00000006     i2c.obj (.text:i2c_getRxDoneFlag)
                  0000fdd8    00000006     i2c.obj (.text:i2c_getTxDoneFlag)
                  0000fdde    00000006     interrupt.obj (.text:interrupt_get_mask)
                  0000fde4    00000006     status.obj (.text:status_get)
                  0000fdea    00000004     rts430_eabi.lib : pre_init.c.obj (.text:_system_pre_init)
                  0000fdee    00000002                     : startup.c.obj (.text:_system_post_cinit)
                  0000fdf0    00000002     stopwatch.obj (.text:stopwatch_init)

.cinit     0    0000fdf2    0000001c     
                  0000fdf2    00000009     (.cinit..data.load) [load image, compression = lzss]
                  0000fdfb    00000001     --HOLE-- [fill = 0]
                  0000fdfc    00000006     (__TI_handler_table)
                  0000fe02    00000004     (.cinit..bss.load) [load image, compression = zero_init]
                  0000fe06    00000008     (__TI_cinit_table)

.init_array 
*          0    0000e000    00000000     UNINITIALIZED

PORT1      0    0000ffe4    00000002     
                  0000ffe4    00000002     switches.obj (.int02)

PORT2      0    0000ffe6    00000002     
                  0000ffe6    00000002     rts430_eabi.lib : int03.asm.obj (.int03)

ADC10      0    0000ffea    00000002     
                  0000ffea    00000002     adc.obj (.int05)

USCIAB0TX 
*          0    0000ffec    00000002     
                  0000ffec    00000002     i2c.obj (.int06)

USCIAB0RX 
*          0    0000ffee    00000002     
                  0000ffee    00000002     comm.obj (.int07)

TIMER0_A1 
*          0    0000fff0    00000002     
                  0000fff0    00000002     rts430_eabi.lib : int08.asm.obj (.int08)

TIMER0_A0 
*          0    0000fff2    00000002     
                  0000fff2    00000002     stopwatch.obj (.int09)

WDT        0    0000fff4    00000002     
                  0000fff4    00000002     rts430_eabi.lib : int10.asm.obj (.int10)

COMPARATORA 
*          0    0000fff6    00000002     
                  0000fff6    00000002     rts430_eabi.lib : int11.asm.obj (.int11)

TIMER1_A1 
*          0    0000fff8    00000002     
                  0000fff8    00000002     rts430_eabi.lib : int12.asm.obj (.int12)

TIMER1_A0 
*          0    0000fffa    00000002     
                  0000fffa    00000002     rts430_eabi.lib : int13.asm.obj (.int13)

NMI        0    0000fffc    00000002     
                  0000fffc    00000002     rts430_eabi.lib : int14.asm.obj (.int14)

.reset     0    0000fffe    00000002     
                  0000fffe    00000002     rts430_eabi.lib : boot.c.obj (.reset)

$fill000   0    0000ffde    00000002     
                  0000ffde    00000002     --HOLE-- [fill = ffff]

MODULE SUMMARY

       Module                       code   ro data   rw data
       ------                       ----   -------   -------
    .\
       core.obj                     254    0         4      
       main.obj                     88     0         0      
    +--+----------------------------+------+---------+---------+
       Total:                       342    0         4      
                                                            
    .\hal\
       i2c.obj                      646    2         19     
       uart.obj                     196    0         66     
       switches.obj                 256    2         1      
       stopwatch.obj                242    2         6      
       adc.obj                      102    2         2      
       mux.obj                      88     0         0      
       intpin.obj                   44     0         0      
       hal.obj                      22     0         0      
       watchdog.obj                 16     0         0      
    +--+----------------------------+------+---------+---------+
       Total:                       1612   8         94     
                                                            
    .\peripheral\
       register.obj                 878    0         2      
       comm.obj                     522    2         135    
       ocp.obj                      472    0         50     
       battery.obj                  330    0         0      
       errormon.obj                 104    0         4      
       interrupt.obj                56     0         4      
       status.obj                   50     0         2      
       sense.obj                    22     0         0      
    +--+----------------------------+------+---------+---------+
       Total:                       2434   2         197    
                                                            
    .\util\
       circ.obj                     236    0         0      
       DCO_Library.obj              204    0         0      
       crc.obj                      126    0         0      
    +--+----------------------------+------+---------+---------+
       Total:                       566    0         0      
                                                            
    C:\ti\ccs910\ccs\tools\compiler\ti-cgt-msp430_18.12.2.LTS\lib\rts430_eabi.lib
       frcmpyd.c.obj                646    0         0      
       mpyd.c.obj                   622    0         0      
       cvtdf.c.obj                  140    0         0      
       fltuld.c.obj                 138    0         0      
       copy_decompress_lzss.c.obj   124    0         0      
       fixdul.c.obj                 116    0         0      
       lsr32.asm.obj                110    0         0      
       cvtfd.c.obj                  104    0         0      
       div32u.asm.obj               88     0         0      
       lsr16.asm.obj                76     0         0      
       fs_tou.asm.obj               70     0         0      
       autoinit.c.obj               66     0         0      
       asr32.asm.obj                62     0         0      
       lsl32.asm.obj                62     0         0      
       asr16.asm.obj                44     0         0      
       lsl16.asm.obj                44     0         0      
       mult32.asm.obj               38     0         0      
       fs_utof.asm.obj              36     0         0      
       boot.c.obj                   28     2         0      
       copy_zero_init.c.obj         20     0         0      
       copy_decompress_none.c.obj   18     0         0      
       memcpy.c.obj                 18     0         0      
       epilog.asm.obj               16     0         0      
       isr_trap.asm.obj             8      0         0      
       exit.c.obj                   6      0         0      
       fltud.c.obj                  6      0         0      
       pre_init.c.obj               4      0         0      
       int03.asm.obj                0      2         0      
       int08.asm.obj                0      2         0      
       int10.asm.obj                0      2         0      
       int11.asm.obj                0      2         0      
       int12.asm.obj                0      2         0      
       int13.asm.obj                0      2         0      
       int14.asm.obj                0      2         0      
       startup.c.obj                2      0         0      
    +--+----------------------------+------+---------+---------+
       Total:                       2712   16        0      
                                                            
       Stack:                       0      0         80     
       Linker Generated:            0      27        0      
    +--+----------------------------+------+---------+---------+
       Grand Total:                 7666   53        375    


LINKER GENERATED COPY TABLES

__TI_cinit_table @ 0000fe06 records: 2, size/record: 4, table size: 8
	.data: load addr=0000fdf2, load size=00000009 bytes, run addr=00000320, run size=00000007 bytes, compression=lzss
	.bss: load addr=0000fe02, load size=00000004 bytes, run addr=00000200, run size=00000120 bytes, compression=zero_init


LINKER GENERATED HANDLER TABLE

__TI_handler_table @ 0000fdfc records: 3, size/record: 2, table size: 6
	index: 0, handler: __TI_zero_init
	index: 1, handler: __TI_decompress_lzss
	index: 2, handler: __TI_decompress_none


GLOBAL SYMBOLS: SORTED ALPHABETICALLY BY Name 

address   name                          
-------   ----                          
0000004a  ADC10AE0                      
0000004b  ADC10AE1                      
000001b0  ADC10CTL0                     
000001b2  ADC10CTL1                     
00000048  ADC10DTC0                     
00000049  ADC10DTC1                     
000001b4  ADC10MEM                      
000001bc  ADC10SA                       
0000fd76  ADC10_ISR                     
00000057  BCSCTL1                       
00000058  BCSCTL2                       
00000053  BCSCTL3                       
0000fdb4  C$$EXIT                       
00000059  CACTL1                        
0000005a  CACTL2                        
000010fb  CALBC1_12MHZ                  
000010f9  CALBC1_16MHZ                  
000010ff  CALBC1_1MHZ                   
000010fd  CALBC1_8MHZ                   
000010fa  CALDCO_12MHZ                  
000010f8  CALDCO_16MHZ                  
000010fe  CALDCO_1MHZ                   
000010fc  CALDCO_8MHZ                   
0000005b  CAPD                          
00000056  DCOCTL                        
00000128  FCTL1                         
0000012a  FCTL2                         
0000012c  FCTL3                         
00000000  IE1                           
00000001  IE2                           
00000002  IFG1                          
00000003  IFG2                          
00000022  P1DIR                         
00000025  P1IE                          
00000024  P1IES                         
00000023  P1IFG                         
00000020  P1IN                          
00000021  P1OUT                         
00000027  P1REN                         
00000026  P1SEL                         
00000041  P1SEL2                        
0000002a  P2DIR                         
0000002d  P2IE                          
0000002c  P2IES                         
0000002b  P2IFG                         
00000028  P2IN                          
00000029  P2OUT                         
0000002f  P2REN                         
0000002e  P2SEL                         
00000042  P2SEL2                        
0000001a  P3DIR                         
00000018  P3IN                          
00000019  P3OUT                         
00000010  P3REN                         
0000001b  P3SEL                         
0000fa92  PORT1_ISR                     
00000172  TA0CCR0                       
00000174  TA0CCR1                       
00000176  TA0CCR2                       
00000162  TA0CCTL0                      
00000164  TA0CCTL1                      
00000166  TA0CCTL2                      
00000160  TA0CTL                        
0000012e  TA0IV                         
00000170  TA0R                          
00000192  TA1CCR0                       
00000194  TA1CCR1                       
00000182  TA1CCTL0                      
00000184  TA1CCTL1                      
00000180  TA1CTL                        
0000011e  TA1IV                         
00000190  TA1R                          
0000e9be  TI_SetDCO                     
000010db  TLV_ADC10_1_LEN               
000010da  TLV_ADC10_1_TAG               
000010c0  TLV_CHECKSUM                  
000010f7  TLV_DCO_30_LEN                
000010f6  TLV_DCO_30_TAG                
0000f5b0  Timer0_A0                     
0000005d  UCA0ABCTL                     
00000062  UCA0BR0                       
00000063  UCA0BR1                       
00000060  UCA0CTL0                      
00000061  UCA0CTL1                      
0000005f  UCA0IRRCTL                    
0000005e  UCA0IRTCTL                    
00000064  UCA0MCTL                      
00000066  UCA0RXBUF                     
00000065  UCA0STAT                      
00000067  UCA0TXBUF                     
0000006a  UCB0BR0                       
0000006b  UCB0BR1                       
00000068  UCB0CTL0                      
00000069  UCB0CTL1                      
0000006c  UCB0I2CIE                     
00000118  UCB0I2COA                     
0000011a  UCB0I2CSA                     
0000006e  UCB0RXBUF                     
0000006d  UCB0STAT                      
0000006f  UCB0TXBUF                     
0000f7c2  USCIAB0RX_ISR                 
0000e73c  USCIAB0TX_ISR                 
00000120  WDTCTL                        
00000400  __STACK_END                   
00000050  __STACK_SIZE                  
0000fe06  __TI_CINIT_Base               
0000fe0e  __TI_CINIT_Limit              
0000fdfc  __TI_Handler_Table_Base       
0000fe02  __TI_Handler_Table_Limit      
0000fd96  __TI_ISR_TRAP                 
0000f6c6  __TI_auto_init_nobinit_nopinit
0000eea2  __TI_decompress_lzss          
0000fc96  __TI_decompress_none          
0000e000  __TI_frcmpyd                  
0000ffe4  __TI_int02                    
0000ffe6  __TI_int03                    
0000ffea  __TI_int05                    
0000ffec  __TI_int06                    
0000ffee  __TI_int07                    
0000fff0  __TI_int08                    
0000fff2  __TI_int09                    
0000fff4  __TI_int10                    
0000fff6  __TI_int11                    
0000fff8  __TI_int12                    
0000fffa  __TI_int13                    
0000fffc  __TI_int14                    
ffffffff  __TI_pprof_out_hndl           
ffffffff  __TI_prof_data_size           
ffffffff  __TI_prof_data_start          
0000fc70  __TI_zero_init_nomemset       
ffffffff  __c_args__                    
0000ed0e  __mspabi_cvtdf                
0000f008  __mspabi_cvtfd                
0000f1f0  __mspabi_divul                
0000ef94  __mspabi_fixdul               
0000f5f8  __mspabi_fixfu                
0000fdae  __mspabi_fltud                
0000fa2a  __mspabi_fltuf                
0000ed9a  __mspabi_fltuld               
0000fd1e  __mspabi_func_epilog_1        
0000fd1c  __mspabi_func_epilog_2        
0000fd1a  __mspabi_func_epilog_3        
0000fd18  __mspabi_func_epilog_4        
0000fd16  __mspabi_func_epilog_5        
0000fd14  __mspabi_func_epilog_6        
0000fd12  __mspabi_func_epilog_7        
0000e286  __mspabi_mpyd                 
0000fa04  __mspabi_mpyl                 
0000fa04  __mspabi_mpyl_sw              
0000f1f0  __mspabi_remul                
0000f958  __mspabi_slli                 
0000f980  __mspabi_slli_1               
0000f96e  __mspabi_slli_10              
0000f96c  __mspabi_slli_11              
0000f96a  __mspabi_slli_12              
0000f968  __mspabi_slli_13              
0000f966  __mspabi_slli_14              
0000f964  __mspabi_slli_15              
0000f97e  __mspabi_slli_2               
0000f97c  __mspabi_slli_3               
0000f97a  __mspabi_slli_4               
0000f978  __mspabi_slli_5               
0000f976  __mspabi_slli_6               
0000f974  __mspabi_slli_7               
0000f972  __mspabi_slli_8               
0000f970  __mspabi_slli_9               
0000f77e  __mspabi_slll_1               
0000f75a  __mspabi_slll_10              
0000f756  __mspabi_slll_11              
0000f752  __mspabi_slll_12              
0000f74e  __mspabi_slll_13              
0000f74a  __mspabi_slll_14              
0000f746  __mspabi_slll_15              
0000f77a  __mspabi_slll_2               
0000f776  __mspabi_slll_3               
0000f772  __mspabi_slll_4               
0000f76e  __mspabi_slll_5               
0000f76a  __mspabi_slll_6               
0000f766  __mspabi_slll_7               
0000f762  __mspabi_slll_8               
0000f75e  __mspabi_slll_9               
0000f92c  __mspabi_srai                 
0000f954  __mspabi_srai_1               
0000f942  __mspabi_srai_10              
0000f940  __mspabi_srai_11              
0000f93e  __mspabi_srai_12              
0000f93c  __mspabi_srai_13              
0000f93a  __mspabi_srai_14              
0000f938  __mspabi_srai_15              
0000f952  __mspabi_srai_2               
0000f950  __mspabi_srai_3               
0000f94e  __mspabi_srai_4               
0000f94c  __mspabi_srai_5               
0000f94a  __mspabi_srai_6               
0000f948  __mspabi_srai_7               
0000f946  __mspabi_srai_8               
0000f944  __mspabi_srai_9               
0000f740  __mspabi_sral_1               
0000f71c  __mspabi_sral_10              
0000f718  __mspabi_sral_11              
0000f714  __mspabi_sral_12              
0000f710  __mspabi_sral_13              
0000f70c  __mspabi_sral_14              
0000f708  __mspabi_sral_15              
0000f73c  __mspabi_sral_2               
0000f738  __mspabi_sral_3               
0000f734  __mspabi_sral_4               
0000f730  __mspabi_sral_5               
0000f72c  __mspabi_sral_6               
0000f728  __mspabi_sral_7               
0000f724  __mspabi_sral_8               
0000f720  __mspabi_sral_9               
0000f4ce  __mspabi_srli                 
0000f514  __mspabi_srli_1               
0000f4f0  __mspabi_srli_10              
0000f4ec  __mspabi_srli_11              
0000f4e8  __mspabi_srli_12              
0000f4e4  __mspabi_srli_13              
0000f4e0  __mspabi_srli_14              
0000f4dc  __mspabi_srli_15              
0000f510  __mspabi_srli_2               
0000f50c  __mspabi_srli_3               
0000f508  __mspabi_srli_4               
0000f504  __mspabi_srli_5               
0000f500  __mspabi_srli_6               
0000f4fc  __mspabi_srli_7               
0000f4f8  __mspabi_srli_8               
0000f4f4  __mspabi_srli_9               
0000fccc  __mspabi_srll                 
0000f190  __mspabi_srll_1               
0000f15a  __mspabi_srll_10              
0000f154  __mspabi_srll_11              
0000f14e  __mspabi_srll_12              
0000f148  __mspabi_srll_13              
0000f142  __mspabi_srll_14              
0000f13c  __mspabi_srll_15              
0000f18a  __mspabi_srll_2               
0000f184  __mspabi_srll_3               
0000f17e  __mspabi_srll_4               
0000f178  __mspabi_srll_5               
0000f172  __mspabi_srll_6               
0000f16c  __mspabi_srll_7               
0000f166  __mspabi_srll_8               
0000f160  __mspabi_srll_9               
0000fb28  _c_int00_noargs               
0000fffe  _reset_vector                 
000003b0  _stack                        
0000fdee  _system_post_cinit            
0000fdea  _system_pre_init              
0000031a  _wakeEventsOccurred           
0000031c  _wakeReasons                  
0000fdb4  abort                         
0000fa4e  adc_convert                   
0000fb96  adc_init                      
0000fa70  adc_start_conversion          
0000ec74  apply_equation_to_adc         
0000fc5c  circ_init                     
0000f7fe  circ_length                   
0000f436  circ_pop                      
0000f248  circ_push                     
0000fab0  comm_init                     
0000f398  comm_process                  
0000ebd8  convert_adc_to_current        
0000fd02  core_init                     
0000f070  core_sleep                    
0000ee24  crc_generate                  
0000fb7c  errormon_get                  
0000face  errormon_increment            
0000f8a4  errormon_set                  
0000ea8a  get_battery_telemetry         
0000fbac  hal_init                      
0000031e  i2c_buff                      
0000fb44  i2c_checkInternalAddress      
0000fdba  i2c_clearRxDoneFlag           
0000fdc0  i2c_clearTxDoneFlag           
0000fdc6  i2c_enableRXInterrupt         
0000fdcc  i2c_enableTXInterrupt         
0000fdd2  i2c_getRxDoneFlag             
0000fdd8  i2c_getTxDoneFlag             
0000f8d4  i2c_handle_rx_interrupt       
0000f836  i2c_masterInit                
0000f29c  i2c_masterRead                
0000f9da  i2c_masterWrite               
0000fdde  interrupt_get_mask            
0000fca8  interrupt_set_mask            
0000fcba  interrupt_set_status          
0000fd30  intpin_init                   
0000faec  intpin_set                    
0000f198  main                          
0000f63e  map_from_port                 
0000f682  map_to_port                   
0000fcde  memcpy                        
0000fd3e  mux_init                      
0000f566  mux_select                    
0000f900  ocp_activate_rail             
0000fbc2  ocp_get_boots                 
0000fbd8  ocp_get_fails                 
0000fd4c  ocp_get_rails_activated       
0000e8a0  ocp_process                   
0000f2f0  processBitfield               
0000e4f4  register_get                  
0000f86e  register_init                 
0000f344  register_set                  
0000fbee  sense_get                     
0000fc04  status_clear_bits             
0000fde4  status_get                    
0000fc1a  status_set_bits               
0000fc30  stopwatch_disable             
0000fdf0  stopwatch_init                
0000fb60  stopwatch_process             
0000ef1e  stopwatch_start               
0000fd82  switches_get                  
0000fd8c  switches_get_direction        
0000fc46  switches_get_flags            
0000fb0a  switches_init                 
0000fcf0  switches_set_direction        
0000fd68  uart_handle_rx_interrupt      
0000f984  uart_init                     
0000f51a  uart_rx                       
0000f784  uart_tx                       
0000fd9e  watchdog_service              
0000fda6  watchdog_stop                 


GLOBAL SYMBOLS: SORTED BY Symbol Address 

address   name                          
-------   ----                          
00000000  IE1                           
00000001  IE2                           
00000002  IFG1                          
00000003  IFG2                          
00000010  P3REN                         
00000018  P3IN                          
00000019  P3OUT                         
0000001a  P3DIR                         
0000001b  P3SEL                         
00000020  P1IN                          
00000021  P1OUT                         
00000022  P1DIR                         
00000023  P1IFG                         
00000024  P1IES                         
00000025  P1IE                          
00000026  P1SEL                         
00000027  P1REN                         
00000028  P2IN                          
00000029  P2OUT                         
0000002a  P2DIR                         
0000002b  P2IFG                         
0000002c  P2IES                         
0000002d  P2IE                          
0000002e  P2SEL                         
0000002f  P2REN                         
00000041  P1SEL2                        
00000042  P2SEL2                        
00000048  ADC10DTC0                     
00000049  ADC10DTC1                     
0000004a  ADC10AE0                      
0000004b  ADC10AE1                      
00000050  __STACK_SIZE                  
00000053  BCSCTL3                       
00000056  DCOCTL                        
00000057  BCSCTL1                       
00000058  BCSCTL2                       
00000059  CACTL1                        
0000005a  CACTL2                        
0000005b  CAPD                          
0000005d  UCA0ABCTL                     
0000005e  UCA0IRTCTL                    
0000005f  UCA0IRRCTL                    
00000060  UCA0CTL0                      
00000061  UCA0CTL1                      
00000062  UCA0BR0                       
00000063  UCA0BR1                       
00000064  UCA0MCTL                      
00000065  UCA0STAT                      
00000066  UCA0RXBUF                     
00000067  UCA0TXBUF                     
00000068  UCB0CTL0                      
00000069  UCB0CTL1                      
0000006a  UCB0BR0                       
0000006b  UCB0BR1                       
0000006c  UCB0I2CIE                     
0000006d  UCB0STAT                      
0000006e  UCB0RXBUF                     
0000006f  UCB0TXBUF                     
00000118  UCB0I2COA                     
0000011a  UCB0I2CSA                     
0000011e  TA1IV                         
00000120  WDTCTL                        
00000128  FCTL1                         
0000012a  FCTL2                         
0000012c  FCTL3                         
0000012e  TA0IV                         
00000160  TA0CTL                        
00000162  TA0CCTL0                      
00000164  TA0CCTL1                      
00000166  TA0CCTL2                      
00000170  TA0R                          
00000172  TA0CCR0                       
00000174  TA0CCR1                       
00000176  TA0CCR2                       
00000180  TA1CTL                        
00000182  TA1CCTL0                      
00000184  TA1CCTL1                      
00000190  TA1R                          
00000192  TA1CCR0                       
00000194  TA1CCR1                       
000001b0  ADC10CTL0                     
000001b2  ADC10CTL1                     
000001b4  ADC10MEM                      
000001bc  ADC10SA                       
0000031a  _wakeEventsOccurred           
0000031c  _wakeReasons                  
0000031e  i2c_buff                      
000003b0  _stack                        
00000400  __STACK_END                   
000010c0  TLV_CHECKSUM                  
000010da  TLV_ADC10_1_TAG               
000010db  TLV_ADC10_1_LEN               
000010f6  TLV_DCO_30_TAG                
000010f7  TLV_DCO_30_LEN                
000010f8  CALDCO_16MHZ                  
000010f9  CALBC1_16MHZ                  
000010fa  CALDCO_12MHZ                  
000010fb  CALBC1_12MHZ                  
000010fc  CALDCO_8MHZ                   
000010fd  CALBC1_8MHZ                   
000010fe  CALDCO_1MHZ                   
000010ff  CALBC1_1MHZ                   
0000e000  __TI_frcmpyd                  
0000e286  __mspabi_mpyd                 
0000e4f4  register_get                  
0000e73c  USCIAB0TX_ISR                 
0000e8a0  ocp_process                   
0000e9be  TI_SetDCO                     
0000ea8a  get_battery_telemetry         
0000ebd8  convert_adc_to_current        
0000ec74  apply_equation_to_adc         
0000ed0e  __mspabi_cvtdf                
0000ed9a  __mspabi_fltuld               
0000ee24  crc_generate                  
0000eea2  __TI_decompress_lzss          
0000ef1e  stopwatch_start               
0000ef94  __mspabi_fixdul               
0000f008  __mspabi_cvtfd                
0000f070  core_sleep                    
0000f13c  __mspabi_srll_15              
0000f142  __mspabi_srll_14              
0000f148  __mspabi_srll_13              
0000f14e  __mspabi_srll_12              
0000f154  __mspabi_srll_11              
0000f15a  __mspabi_srll_10              
0000f160  __mspabi_srll_9               
0000f166  __mspabi_srll_8               
0000f16c  __mspabi_srll_7               
0000f172  __mspabi_srll_6               
0000f178  __mspabi_srll_5               
0000f17e  __mspabi_srll_4               
0000f184  __mspabi_srll_3               
0000f18a  __mspabi_srll_2               
0000f190  __mspabi_srll_1               
0000f198  main                          
0000f1f0  __mspabi_divul                
0000f1f0  __mspabi_remul                
0000f248  circ_push                     
0000f29c  i2c_masterRead                
0000f2f0  processBitfield               
0000f344  register_set                  
0000f398  comm_process                  
0000f436  circ_pop                      
0000f4ce  __mspabi_srli                 
0000f4dc  __mspabi_srli_15              
0000f4e0  __mspabi_srli_14              
0000f4e4  __mspabi_srli_13              
0000f4e8  __mspabi_srli_12              
0000f4ec  __mspabi_srli_11              
0000f4f0  __mspabi_srli_10              
0000f4f4  __mspabi_srli_9               
0000f4f8  __mspabi_srli_8               
0000f4fc  __mspabi_srli_7               
0000f500  __mspabi_srli_6               
0000f504  __mspabi_srli_5               
0000f508  __mspabi_srli_4               
0000f50c  __mspabi_srli_3               
0000f510  __mspabi_srli_2               
0000f514  __mspabi_srli_1               
0000f51a  uart_rx                       
0000f566  mux_select                    
0000f5b0  Timer0_A0                     
0000f5f8  __mspabi_fixfu                
0000f63e  map_from_port                 
0000f682  map_to_port                   
0000f6c6  __TI_auto_init_nobinit_nopinit
0000f708  __mspabi_sral_15              
0000f70c  __mspabi_sral_14              
0000f710  __mspabi_sral_13              
0000f714  __mspabi_sral_12              
0000f718  __mspabi_sral_11              
0000f71c  __mspabi_sral_10              
0000f720  __mspabi_sral_9               
0000f724  __mspabi_sral_8               
0000f728  __mspabi_sral_7               
0000f72c  __mspabi_sral_6               
0000f730  __mspabi_sral_5               
0000f734  __mspabi_sral_4               
0000f738  __mspabi_sral_3               
0000f73c  __mspabi_sral_2               
0000f740  __mspabi_sral_1               
0000f746  __mspabi_slll_15              
0000f74a  __mspabi_slll_14              
0000f74e  __mspabi_slll_13              
0000f752  __mspabi_slll_12              
0000f756  __mspabi_slll_11              
0000f75a  __mspabi_slll_10              
0000f75e  __mspabi_slll_9               
0000f762  __mspabi_slll_8               
0000f766  __mspabi_slll_7               
0000f76a  __mspabi_slll_6               
0000f76e  __mspabi_slll_5               
0000f772  __mspabi_slll_4               
0000f776  __mspabi_slll_3               
0000f77a  __mspabi_slll_2               
0000f77e  __mspabi_slll_1               
0000f784  uart_tx                       
0000f7c2  USCIAB0RX_ISR                 
0000f7fe  circ_length                   
0000f836  i2c_masterInit                
0000f86e  register_init                 
0000f8a4  errormon_set                  
0000f8d4  i2c_handle_rx_interrupt       
0000f900  ocp_activate_rail             
0000f92c  __mspabi_srai                 
0000f938  __mspabi_srai_15              
0000f93a  __mspabi_srai_14              
0000f93c  __mspabi_srai_13              
0000f93e  __mspabi_srai_12              
0000f940  __mspabi_srai_11              
0000f942  __mspabi_srai_10              
0000f944  __mspabi_srai_9               
0000f946  __mspabi_srai_8               
0000f948  __mspabi_srai_7               
0000f94a  __mspabi_srai_6               
0000f94c  __mspabi_srai_5               
0000f94e  __mspabi_srai_4               
0000f950  __mspabi_srai_3               
0000f952  __mspabi_srai_2               
0000f954  __mspabi_srai_1               
0000f958  __mspabi_slli                 
0000f964  __mspabi_slli_15              
0000f966  __mspabi_slli_14              
0000f968  __mspabi_slli_13              
0000f96a  __mspabi_slli_12              
0000f96c  __mspabi_slli_11              
0000f96e  __mspabi_slli_10              
0000f970  __mspabi_slli_9               
0000f972  __mspabi_slli_8               
0000f974  __mspabi_slli_7               
0000f976  __mspabi_slli_6               
0000f978  __mspabi_slli_5               
0000f97a  __mspabi_slli_4               
0000f97c  __mspabi_slli_3               
0000f97e  __mspabi_slli_2               
0000f980  __mspabi_slli_1               
0000f984  uart_init                     
0000f9da  i2c_masterWrite               
0000fa04  __mspabi_mpyl                 
0000fa04  __mspabi_mpyl_sw              
0000fa2a  __mspabi_fltuf                
0000fa4e  adc_convert                   
0000fa70  adc_start_conversion          
0000fa92  PORT1_ISR                     
0000fab0  comm_init                     
0000face  errormon_increment            
0000faec  intpin_set                    
0000fb0a  switches_init                 
0000fb28  _c_int00_noargs               
0000fb44  i2c_checkInternalAddress      
0000fb60  stopwatch_process             
0000fb7c  errormon_get                  
0000fb96  adc_init                      
0000fbac  hal_init                      
0000fbc2  ocp_get_boots                 
0000fbd8  ocp_get_fails                 
0000fbee  sense_get                     
0000fc04  status_clear_bits             
0000fc1a  status_set_bits               
0000fc30  stopwatch_disable             
0000fc46  switches_get_flags            
0000fc5c  circ_init                     
0000fc70  __TI_zero_init_nomemset       
0000fc96  __TI_decompress_none          
0000fca8  interrupt_set_mask            
0000fcba  interrupt_set_status          
0000fccc  __mspabi_srll                 
0000fcde  memcpy                        
0000fcf0  switches_set_direction        
0000fd02  core_init                     
0000fd12  __mspabi_func_epilog_7        
0000fd14  __mspabi_func_epilog_6        
0000fd16  __mspabi_func_epilog_5        
0000fd18  __mspabi_func_epilog_4        
0000fd1a  __mspabi_func_epilog_3        
0000fd1c  __mspabi_func_epilog_2        
0000fd1e  __mspabi_func_epilog_1        
0000fd30  intpin_init                   
0000fd3e  mux_init                      
0000fd4c  ocp_get_rails_activated       
0000fd68  uart_handle_rx_interrupt      
0000fd76  ADC10_ISR                     
0000fd82  switches_get                  
0000fd8c  switches_get_direction        
0000fd96  __TI_ISR_TRAP                 
0000fd9e  watchdog_service              
0000fda6  watchdog_stop                 
0000fdae  __mspabi_fltud                
0000fdb4  C$$EXIT                       
0000fdb4  abort                         
0000fdba  i2c_clearRxDoneFlag           
0000fdc0  i2c_clearTxDoneFlag           
0000fdc6  i2c_enableRXInterrupt         
0000fdcc  i2c_enableTXInterrupt         
0000fdd2  i2c_getRxDoneFlag             
0000fdd8  i2c_getTxDoneFlag             
0000fdde  interrupt_get_mask            
0000fde4  status_get                    
0000fdea  _system_pre_init              
0000fdee  _system_post_cinit            
0000fdf0  stopwatch_init                
0000fdfc  __TI_Handler_Table_Base       
0000fe02  __TI_Handler_Table_Limit      
0000fe06  __TI_CINIT_Base               
0000fe0e  __TI_CINIT_Limit              
0000ffe4  __TI_int02                    
0000ffe6  __TI_int03                    
0000ffea  __TI_int05                    
0000ffec  __TI_int06                    
0000ffee  __TI_int07                    
0000fff0  __TI_int08                    
0000fff2  __TI_int09                    
0000fff4  __TI_int10                    
0000fff6  __TI_int11                    
0000fff8  __TI_int12                    
0000fffa  __TI_int13                    
0000fffc  __TI_int14                    
0000fffe  _reset_vector                 
ffffffff  __TI_pprof_out_hndl           
ffffffff  __TI_prof_data_size           
ffffffff  __TI_prof_data_start          
ffffffff  __c_args__                    

[322 symbols]
