******************************************************************************
                  MSP430 Linker PC v18.12.2                    
******************************************************************************
>> Linked Wed Jul 10 14:52:25 2019

OUTPUT FILE NAME:   <PowerMcu.out>
ENTRY POINT SYMBOL: "_c_int00_noargs"  address: 000021b2


MEMORY CONFIGURATION

         name            origin    length      used     unused   attr    fill
----------------------  --------  ---------  --------  --------  ----  --------
  SFR                   00000000   00000010  00000000  00000010  RWIX
  PERIPHERALS_8BIT      00000010   000000f0  00000000  000000f0  RWIX
  PERIPHERALS_16BIT     00000100   00000100  00000000  00000100  RWIX
  RAM                   00000200   00000200  000001df  00000021  RWIX
  INFOD                 00001000   00000040  00000000  00000040  RWIX
  INFOC                 00001040   00000040  00000000  00000040  RWIX
  INFOB                 00001080   00000040  00000000  00000040  RWIX
  INFOA                 000010c0   00000040  00000000  00000040  RWIX
  FLASH                 0000e000   00001fde  00000020  00001fbe  RWIX
  BSLSIGNATURE          0000ffde   00000002  00000002  00000000  RWIX  ffff 
  INT00                 0000ffe0   00000002  00000000  00000002  RWIX
  INT01                 0000ffe2   00000002  00000000  00000002  RWIX
  INT02                 0000ffe4   00000002  00000002  00000000  RWIX
  INT03                 0000ffe6   00000002  00000002  00000000  RWIX
  INT04                 0000ffe8   00000002  00000000  00000002  RWIX
  INT05                 0000ffea   00000002  00000002  00000000  RWIX
  INT06                 0000ffec   00000002  00000002  00000000  RWIX
  INT07                 0000ffee   00000002  00000002  00000000  RWIX
  INT08                 0000fff0   00000002  00000002  00000000  RWIX
  INT09                 0000fff2   00000002  00000002  00000000  RWIX
  INT10                 0000fff4   00000002  00000002  00000000  RWIX
  INT11                 0000fff6   00000002  00000002  00000000  RWIX
  INT12                 0000fff8   00000002  00000002  00000000  RWIX
  INT13                 0000fffa   00000002  00000002  00000000  RWIX
  INT14                 0000fffc   00000002  00000002  00000000  RWIX
  RESET                 0000fffe   00000002  00000002  00000000  RWIX


SECTION ALLOCATION MAP

 output                                  attributes/
section   page    origin      length       input sections
--------  ----  ----------  ----------   ----------------
.text      0    00000000    000024ba     FAILED TO ALLOCATE
.bss       0    00000200    00000130     UNINITIALIZED
                  00000200    00000080     comm.obj (.bss:responseBuffer)
                  00000280    00000042     uart.obj (.bss:rxBuffer)
                  000002c2    00000030     ocp.obj (.bss:railStateTransitions)
                  000002f2    00000013     i2c.obj (.bss)
                  00000305    00000001     switches.obj (.bss)
                  00000306    0000000c     rts430_eabi.lib : vla_alloc.c.obj (.bss:pool$1)
                  00000312    00000006     comm.obj (.bss:msgBuffer$1)
                  00000318    00000004     errormon.obj (.bss:errors)
                  0000031c    00000004     interrupt.obj (.bss)
                  00000320    00000002     adc.obj (.bss)
                  00000322    00000002     rts430_eabi.lib : memory.c.obj (.bss)
                  00000324    00000002                     : vla_alloc.c.obj (.bss)
                  00000326    00000002     status.obj (.bss)
                  00000328    00000002     stopwatch.obj (.bss)
                  0000032a    00000002     (.common:_wakeEventsOccurred)
                  0000032c    00000002     (.common:_wakeReasons)
                  0000032e    00000002     (.common:i2c_buff)

.data      0    00000380    0000000f     UNINITIALIZED
                  00000380    00000004     stopwatch.obj (.data)
                  00000384    00000002     rts430_eabi.lib : _lock.c.obj (.data:_lock)
                  00000386    00000002                     : _lock.c.obj (.data:_unlock)
                  00000388    00000002     battery.obj (.data)
                  0000038a    00000002     ocp.obj (.data)
                  0000038c    00000002     rts430_eabi.lib : memory.c.obj (.data)
                  0000038e    00000001     comm.obj (.data)

.sysmem    0    00000330    00000050     UNINITIALIZED
                  00000330    00000008     rts430_eabi.lib : memory.c.obj (.sysmem)
                  00000338    00000048     --HOLE--

.stack     0    000003b0    00000050     UNINITIALIZED
                  000003b0    00000002     rts430_eabi.lib : boot.c.obj (.stack)
                  000003b2    0000004e     --HOLE--

.cinit     0    0000e000    00000020     
                  0000e000    0000000d     (.cinit..data.load) [load image, compression = lzss]
                  0000e00d    00000001     --HOLE-- [fill = 0]
                  0000e00e    00000006     (__TI_handler_table)
                  0000e014    00000004     (.cinit..bss.load) [load image, compression = zero_init]
                  0000e018    00000008     (__TI_cinit_table)

.init_array 
*          0    0000e000    00000000     UNINITIALIZED

PORT1      0    0000ffe4    00000002     
                  0000ffe4    00000002     switches.obj (.int02)

PORT2      0    0000ffe6    00000002     
                  0000ffe6    00000002     rts430_eabi.lib : int03.asm.obj (.int03)

ADC10      0    0000ffea    00000002     
                  0000ffea    00000002     adc.obj (.int05)

USCIAB0TX 
*          0    0000ffec    00000002     
                  0000ffec    00000002     i2c.obj (.int06)

USCIAB0RX 
*          0    0000ffee    00000002     
                  0000ffee    00000002     comm.obj (.int07)

TIMER0_A1 
*          0    0000fff0    00000002     
                  0000fff0    00000002     rts430_eabi.lib : int08.asm.obj (.int08)

TIMER0_A0 
*          0    0000fff2    00000002     
                  0000fff2    00000002     stopwatch.obj (.int09)

WDT        0    0000fff4    00000002     
                  0000fff4    00000002     rts430_eabi.lib : int10.asm.obj (.int10)

COMPARATORA 
*          0    0000fff6    00000002     
                  0000fff6    00000002     rts430_eabi.lib : int11.asm.obj (.int11)

TIMER1_A1 
*          0    0000fff8    00000002     
                  0000fff8    00000002     rts430_eabi.lib : int12.asm.obj (.int12)

TIMER1_A0 
*          0    0000fffa    00000002     
                  0000fffa    00000002     rts430_eabi.lib : int13.asm.obj (.int13)

NMI        0    0000fffc    00000002     
                  0000fffc    00000002     rts430_eabi.lib : int14.asm.obj (.int14)

.reset     0    0000fffe    00000002     
                  0000fffe    00000002     rts430_eabi.lib : boot.c.obj (.reset)

$fill000   0    0000ffde    00000002     
                  0000ffde    00000002     --HOLE-- [fill = ffff]

MODULE SUMMARY

       Module              code   ro data   rw data
       ------              ----   -------   -------
    .\
       core.obj            0      0         4      
    +--+-------------------+------+---------+---------+
       Total:              0      0         4      
                                                   
    .\hal\
       uart.obj            0      0         66     
       i2c.obj             0      2         19     
       stopwatch.obj       0      2         6      
       adc.obj             0      2         2      
       switches.obj        0      2         1      
    +--+-------------------+------+---------+---------+
       Total:              0      8         94     
                                                   
    .\peripheral\
       comm.obj            0      2         135    
       ocp.obj             0      0         50     
       errormon.obj        0      0         4      
       interrupt.obj       0      0         4      
       battery.obj         0      0         2      
       register.obj        0      0         2      
       status.obj          0      0         2      
    +--+-------------------+------+---------+---------+
       Total:              0      2         199    
                                                   
    C:\ti\ccs910\ccs\tools\compiler\ti-cgt-msp430_18.12.2.LTS\lib\rts430_eabi.lib
       vla_alloc.c.obj     0      0         14     
       _lock.c.obj         0      0         4      
       memory.c.obj        0      0         4      
       boot.c.obj          0      2         0      
       int03.asm.obj       0      2         0      
       int08.asm.obj       0      2         0      
       int10.asm.obj       0      2         0      
       int11.asm.obj       0      2         0      
       int12.asm.obj       0      2         0      
       int13.asm.obj       0      2         0      
       int14.asm.obj       0      2         0      
    +--+-------------------+------+---------+---------+
       Total:              0      16        22     
                                                   
       Heap:               0      0         80     
       Stack:              0      0         80     
       Linker Generated:   0      31        0      
    +--+-------------------+------+---------+---------+
       Grand Total:        0      57        479    


LINKER GENERATED COPY TABLES

__TI_cinit_table @ 0000e018 records: 2, size/record: 4, table size: 8
	.data: load addr=0000e000, load size=0000000d bytes, run addr=00000380, run size=0000000f bytes, compression=lzss
	.bss: load addr=0000e014, load size=00000004 bytes, run addr=00000200, run size=00000130 bytes, compression=zero_init


LINKER GENERATED HANDLER TABLE

__TI_handler_table @ 0000e00e records: 3, size/record: 2, table size: 6
	index: 0, handler: __TI_zero_init
	index: 1, handler: __TI_decompress_lzss
	index: 2, handler: __TI_decompress_none


GLOBAL SYMBOLS: SORTED ALPHABETICALLY BY Name 

address   name                          
-------   ----                          
0000004a  ADC10AE0                      
0000004b  ADC10AE1                      
000001b0  ADC10CTL0                     
000001b2  ADC10CTL1                     
00000048  ADC10DTC0                     
00000049  ADC10DTC1                     
000001b4  ADC10MEM                      
000001bc  ADC10SA                       
00002430  ADC10_ISR                     
00000389  BATTERY_READ_CMD_SIZE         
00000388  BATTERY_WRITE_CMD_SIZE        
00000057  BCSCTL1                       
00000058  BCSCTL2                       
00000053  BCSCTL3                       
00002476  C$$EXIT                       
00000059  CACTL1                        
0000005a  CACTL2                        
000010fb  CALBC1_12MHZ                  
000010f9  CALBC1_16MHZ                  
000010ff  CALBC1_1MHZ                   
000010fd  CALBC1_8MHZ                   
000010fa  CALDCO_12MHZ                  
000010f8  CALDCO_16MHZ                  
000010fe  CALDCO_1MHZ                   
000010fc  CALDCO_8MHZ                   
0000005b  CAPD                          
00000056  DCOCTL                        
00000128  FCTL1                         
0000012a  FCTL2                         
0000012c  FCTL3                         
00000000  IE1                           
00000001  IE2                           
00000002  IFG1                          
00000003  IFG2                          
00000022  P1DIR                         
00000025  P1IE                          
00000024  P1IES                         
00000023  P1IFG                         
00000020  P1IN                          
00000021  P1OUT                         
00000027  P1REN                         
00000026  P1SEL                         
00000041  P1SEL2                        
0000002a  P2DIR                         
0000002d  P2IE                          
0000002c  P2IES                         
0000002b  P2IFG                         
00000028  P2IN                          
00000029  P2OUT                         
0000002f  P2REN                         
0000002e  P2SEL                         
00000042  P2SEL2                        
0000001a  P3DIR                         
00000018  P3IN                          
00000019  P3OUT                         
00000010  P3REN                         
0000001b  P3SEL                         
0000211c  PORT1_ISR                     
00000172  TA0CCR0                       
00000174  TA0CCR1                       
00000176  TA0CCR2                       
00000162  TA0CCTL0                      
00000164  TA0CCTL1                      
00000166  TA0CCTL2                      
00000160  TA0CTL                        
0000012e  TA0IV                         
00000170  TA0R                          
00000192  TA1CCR0                       
00000194  TA1CCR1                       
00000182  TA1CCTL0                      
00000184  TA1CCTL1                      
00000180  TA1CTL                        
0000011e  TA1IV                         
00000190  TA1R                          
00000d6e  TI_SetDCO                     
000010db  TLV_ADC10_1_LEN               
000010da  TLV_ADC10_1_TAG               
000010c0  TLV_CHECKSUM                  
000010f7  TLV_DCO_30_LEN                
000010f6  TLV_DCO_30_TAG                
00001be0  Timer0_A0                     
0000005d  UCA0ABCTL                     
00000062  UCA0BR0                       
00000063  UCA0BR1                       
00000060  UCA0CTL0                      
00000061  UCA0CTL1                      
0000005f  UCA0IRRCTL                    
0000005e  UCA0IRTCTL                    
00000064  UCA0MCTL                      
00000066  UCA0RXBUF                     
00000065  UCA0STAT                      
00000067  UCA0TXBUF                     
0000006a  UCB0BR0                       
0000006b  UCB0BR1                       
00000068  UCB0CTL0                      
00000069  UCB0CTL1                      
0000006c  UCB0I2CIE                     
00000118  UCB0I2COA                     
0000011a  UCB0I2CSA                     
0000006e  UCB0RXBUF                     
0000006d  UCB0STAT                      
0000006f  UCB0TXBUF                     
00001df2  USCIAB0RX_ISR                 
000008fe  USCIAB0TX_ISR                 
00000120  WDTCTL                        
00000400  __STACK_END                   
00000050  __STACK_SIZE                  
00000050  __SYSMEM_SIZE                 
0000e018  __TI_CINIT_Base               
0000e020  __TI_CINIT_Limit              
0000e00e  __TI_Handler_Table_Base       
0000e014  __TI_Handler_Table_Limit      
00002450  __TI_ISR_TRAP                 
00001cf6  __TI_auto_init_nobinit_nopinit
00001458  __TI_decompress_lzss          
00002350  __TI_decompress_none          
00000000  __TI_frcmpyd                  
0000ffe4  __TI_int02                    
0000ffe6  __TI_int03                    
0000ffea  __TI_int05                    
0000ffec  __TI_int06                    
0000ffee  __TI_int07                    
0000fff0  __TI_int08                    
0000fff2  __TI_int09                    
0000fff4  __TI_int10                    
0000fff6  __TI_int11                    
0000fff8  __TI_int12                    
0000fffa  __TI_int13                    
0000fffc  __TI_int14                    
ffffffff  __TI_pprof_out_hndl           
ffffffff  __TI_prof_data_size           
ffffffff  __TI_prof_data_start          
00002316  __TI_zero_init_nomemset       
000024ac  __abort_execution             
ffffffff  __c_args__                    
000012c4  __mspabi_cvtdf                
0000162c  __mspabi_cvtfd                
00001874  __mspabi_divul                
0000154a  __mspabi_fixdul               
00001c28  __mspabi_fixfu                
00002470  __mspabi_fltud                
000020b4  __mspabi_fltuf                
00001350  __mspabi_fltuld               
000023d8  __mspabi_func_epilog_1        
000023d6  __mspabi_func_epilog_2        
000023d4  __mspabi_func_epilog_3        
000023d2  __mspabi_func_epilog_4        
000023d0  __mspabi_func_epilog_5        
000023ce  __mspabi_func_epilog_6        
000023cc  __mspabi_func_epilog_7        
00000286  __mspabi_mpyd                 
0000232a  __mspabi_mpyi                 
0000232a  __mspabi_mpyi_sw              
0000208e  __mspabi_mpyl                 
0000208e  __mspabi_mpyl_sw              
00001874  __mspabi_remul                
00001f90  __mspabi_slli                 
00001fb8  __mspabi_slli_1               
00001fa6  __mspabi_slli_10              
00001fa4  __mspabi_slli_11              
00001fa2  __mspabi_slli_12              
00001fa0  __mspabi_slli_13              
00001f9e  __mspabi_slli_14              
00001f9c  __mspabi_slli_15              
00001fb6  __mspabi_slli_2               
00001fb4  __mspabi_slli_3               
00001fb2  __mspabi_slli_4               
00001fb0  __mspabi_slli_5               
00001fae  __mspabi_slli_6               
00001fac  __mspabi_slli_7               
00001faa  __mspabi_slli_8               
00001fa8  __mspabi_slli_9               
00001dae  __mspabi_slll_1               
00001d8a  __mspabi_slll_10              
00001d86  __mspabi_slll_11              
00001d82  __mspabi_slll_12              
00001d7e  __mspabi_slll_13              
00001d7a  __mspabi_slll_14              
00001d76  __mspabi_slll_15              
00001daa  __mspabi_slll_2               
00001da6  __mspabi_slll_3               
00001da2  __mspabi_slll_4               
00001d9e  __mspabi_slll_5               
00001d9a  __mspabi_slll_6               
00001d96  __mspabi_slll_7               
00001d92  __mspabi_slll_8               
00001d8e  __mspabi_slll_9               
00001f64  __mspabi_srai                 
00001f8c  __mspabi_srai_1               
00001f7a  __mspabi_srai_10              
00001f78  __mspabi_srai_11              
00001f76  __mspabi_srai_12              
00001f74  __mspabi_srai_13              
00001f72  __mspabi_srai_14              
00001f70  __mspabi_srai_15              
00001f8a  __mspabi_srai_2               
00001f88  __mspabi_srai_3               
00001f86  __mspabi_srai_4               
00001f84  __mspabi_srai_5               
00001f82  __mspabi_srai_6               
00001f80  __mspabi_srai_7               
00001f7e  __mspabi_srai_8               
00001f7c  __mspabi_srai_9               
00001d70  __mspabi_sral_1               
00001d4c  __mspabi_sral_10              
00001d48  __mspabi_sral_11              
00001d44  __mspabi_sral_12              
00001d40  __mspabi_sral_13              
00001d3c  __mspabi_sral_14              
00001d38  __mspabi_sral_15              
00001d6c  __mspabi_sral_2               
00001d68  __mspabi_sral_3               
00001d64  __mspabi_sral_4               
00001d60  __mspabi_sral_5               
00001d5c  __mspabi_sral_6               
00001d58  __mspabi_sral_7               
00001d54  __mspabi_sral_8               
00001d50  __mspabi_sral_9               
00001afe  __mspabi_srli                 
00001b44  __mspabi_srli_1               
00001b20  __mspabi_srli_10              
00001b1c  __mspabi_srli_11              
00001b18  __mspabi_srli_12              
00001b14  __mspabi_srli_13              
00001b10  __mspabi_srli_14              
00001b0c  __mspabi_srli_15              
00001b40  __mspabi_srli_2               
00001b3c  __mspabi_srli_3               
00001b38  __mspabi_srli_4               
00001b34  __mspabi_srli_5               
00001b30  __mspabi_srli_6               
00001b2c  __mspabi_srli_7               
00001b28  __mspabi_srli_8               
00001b24  __mspabi_srli_9               
00002386  __mspabi_srll                 
00001814  __mspabi_srll_1               
000017de  __mspabi_srll_10              
000017d8  __mspabi_srll_11              
000017d2  __mspabi_srll_12              
000017cc  __mspabi_srll_13              
000017c6  __mspabi_srll_14              
000017c0  __mspabi_srll_15              
0000180e  __mspabi_srll_2               
00001808  __mspabi_srll_3               
00001802  __mspabi_srll_4               
000017fc  __mspabi_srll_5               
000017f6  __mspabi_srll_6               
000017f0  __mspabi_srll_7               
000017ea  __mspabi_srll_8               
000017e4  __mspabi_srll_9               
0000073c  __vla_alloc                   
0000122c  __vla_dealloc                 
000021b2  _c_int00_noargs               
00000384  _lock                         
000024b4  _nop                          
0000fffe  _reset_vector                 
000003b0  _stack                        
00000330  _sys_memory                   
000024b6  _system_post_cinit            
000024b0  _system_pre_init              
00000386  _unlock                       
0000032a  _wakeEventsOccurred           
0000032c  _wakeReasons                  
00002476  abort                         
000020d8  adc_convert                   
0000223c  adc_init                      
000020fa  adc_start_conversion          
00000c88  aligned_alloc                 
00001192  apply_equation_to_adc         
00002302  circ_init                     
00001e2e  circ_length                   
00001a66  circ_pop                      
000018cc  circ_push                     
0000213a  comm_init                     
000019c8  comm_process                  
0000105c  convert_adc_to_current        
000023bc  core_init                     
00001694  core_sleep                    
000013da  crc_generate                  
00002222  errormon_get                  
00002158  errormon_increment            
00001f08  errormon_set                  
00000e3a  free                          
00000b80  get_battery_telemetry         
00002252  hal_init                      
0000032e  i2c_buff                      
000021ea  i2c_checkInternalAddress      
0000247c  i2c_clearRxDoneFlag           
00002482  i2c_clearTxDoneFlag           
00002488  i2c_enableRXInterrupt         
0000248e  i2c_enableTXInterrupt         
00002494  i2c_getRxDoneFlag             
0000249a  i2c_getTxDoneFlag             
00001f38  i2c_handle_rx_interrupt       
00001e66  i2c_masterInit                
00001920  i2c_masterRead                
00002012  i2c_masterWrite               
000024a0  interrupt_get_mask            
00002362  interrupt_set_mask            
00002374  interrupt_set_status          
000023ea  intpin_init                   
00002176  intpin_set                    
0000181c  main                          
00002458  malloc                        
00001c6e  map_from_port                 
00001cb2  map_to_port                   
00000c88  memalign                      
00002398  memcpy                        
000023f8  mux_init                      
00001b96  mux_select                    
00001ed4  ocp_activate_rail             
0000203c  ocp_deactivate_rail           
00002268  ocp_get_boots                 
0000227e  ocp_get_fails                 
00002406  ocp_get_rails_activated       
00000a62  ocp_process                   
00001974  processBitfield               
00000f04  realloc                       
000004f4  register_get                  
00001e9e  register_init                 
00001760  register_set                  
00002294  sense_get                     
000022aa  status_clear_bits             
000024a6  status_get                    
000022c0  status_set_bits               
000022d6  stopwatch_disable             
000024b8  stopwatch_init                
00002206  stopwatch_process             
000014d4  stopwatch_start               
0000243c  switches_get                  
00002446  switches_get_direction        
000022ec  switches_get_flags            
00002194  switches_init                 
000023aa  switches_set_direction        
00002422  uart_handle_rx_interrupt      
00001fbc  uart_init                     
00001b4a  uart_rx                       
00001db4  uart_tx                       
00002460  watchdog_service              
00002468  watchdog_stop                 


GLOBAL SYMBOLS: SORTED BY Symbol Address 

address   name                          
-------   ----                          
00000000  IE1                           
00000000  __TI_frcmpyd                  
00000001  IE2                           
00000002  IFG1                          
00000003  IFG2                          
00000010  P3REN                         
00000018  P3IN                          
00000019  P3OUT                         
0000001a  P3DIR                         
0000001b  P3SEL                         
00000020  P1IN                          
00000021  P1OUT                         
00000022  P1DIR                         
00000023  P1IFG                         
00000024  P1IES                         
00000025  P1IE                          
00000026  P1SEL                         
00000027  P1REN                         
00000028  P2IN                          
00000029  P2OUT                         
0000002a  P2DIR                         
0000002b  P2IFG                         
0000002c  P2IES                         
0000002d  P2IE                          
0000002e  P2SEL                         
0000002f  P2REN                         
00000041  P1SEL2                        
00000042  P2SEL2                        
00000048  ADC10DTC0                     
00000049  ADC10DTC1                     
0000004a  ADC10AE0                      
0000004b  ADC10AE1                      
00000050  __STACK_SIZE                  
00000050  __SYSMEM_SIZE                 
00000053  BCSCTL3                       
00000056  DCOCTL                        
00000057  BCSCTL1                       
00000058  BCSCTL2                       
00000059  CACTL1                        
0000005a  CACTL2                        
0000005b  CAPD                          
0000005d  UCA0ABCTL                     
0000005e  UCA0IRTCTL                    
0000005f  UCA0IRRCTL                    
00000060  UCA0CTL0                      
00000061  UCA0CTL1                      
00000062  UCA0BR0                       
00000063  UCA0BR1                       
00000064  UCA0MCTL                      
00000065  UCA0STAT                      
00000066  UCA0RXBUF                     
00000067  UCA0TXBUF                     
00000068  UCB0CTL0                      
00000069  UCB0CTL1                      
0000006a  UCB0BR0                       
0000006b  UCB0BR1                       
0000006c  UCB0I2CIE                     
0000006d  UCB0STAT                      
0000006e  UCB0RXBUF                     
0000006f  UCB0TXBUF                     
00000118  UCB0I2COA                     
0000011a  UCB0I2CSA                     
0000011e  TA1IV                         
00000120  WDTCTL                        
00000128  FCTL1                         
0000012a  FCTL2                         
0000012c  FCTL3                         
0000012e  TA0IV                         
00000160  TA0CTL                        
00000162  TA0CCTL0                      
00000164  TA0CCTL1                      
00000166  TA0CCTL2                      
00000170  TA0R                          
00000172  TA0CCR0                       
00000174  TA0CCR1                       
00000176  TA0CCR2                       
00000180  TA1CTL                        
00000182  TA1CCTL0                      
00000184  TA1CCTL1                      
00000190  TA1R                          
00000192  TA1CCR0                       
00000194  TA1CCR1                       
000001b0  ADC10CTL0                     
000001b2  ADC10CTL1                     
000001b4  ADC10MEM                      
000001bc  ADC10SA                       
00000286  __mspabi_mpyd                 
0000032a  _wakeEventsOccurred           
0000032c  _wakeReasons                  
0000032e  i2c_buff                      
00000330  _sys_memory                   
00000384  _lock                         
00000386  _unlock                       
00000388  BATTERY_WRITE_CMD_SIZE        
00000389  BATTERY_READ_CMD_SIZE         
000003b0  _stack                        
00000400  __STACK_END                   
000004f4  register_get                  
0000073c  __vla_alloc                   
000008fe  USCIAB0TX_ISR                 
00000a62  ocp_process                   
00000b80  get_battery_telemetry         
00000c88  aligned_alloc                 
00000c88  memalign                      
00000d6e  TI_SetDCO                     
00000e3a  free                          
00000f04  realloc                       
0000105c  convert_adc_to_current        
000010c0  TLV_CHECKSUM                  
000010da  TLV_ADC10_1_TAG               
000010db  TLV_ADC10_1_LEN               
000010f6  TLV_DCO_30_TAG                
000010f7  TLV_DCO_30_LEN                
000010f8  CALDCO_16MHZ                  
000010f9  CALBC1_16MHZ                  
000010fa  CALDCO_12MHZ                  
000010fb  CALBC1_12MHZ                  
000010fc  CALDCO_8MHZ                   
000010fd  CALBC1_8MHZ                   
000010fe  CALDCO_1MHZ                   
000010ff  CALBC1_1MHZ                   
00001192  apply_equation_to_adc         
0000122c  __vla_dealloc                 
000012c4  __mspabi_cvtdf                
00001350  __mspabi_fltuld               
000013da  crc_generate                  
00001458  __TI_decompress_lzss          
000014d4  stopwatch_start               
0000154a  __mspabi_fixdul               
0000162c  __mspabi_cvtfd                
00001694  core_sleep                    
00001760  register_set                  
000017c0  __mspabi_srll_15              
000017c6  __mspabi_srll_14              
000017cc  __mspabi_srll_13              
000017d2  __mspabi_srll_12              
000017d8  __mspabi_srll_11              
000017de  __mspabi_srll_10              
000017e4  __mspabi_srll_9               
000017ea  __mspabi_srll_8               
000017f0  __mspabi_srll_7               
000017f6  __mspabi_srll_6               
000017fc  __mspabi_srll_5               
00001802  __mspabi_srll_4               
00001808  __mspabi_srll_3               
0000180e  __mspabi_srll_2               
00001814  __mspabi_srll_1               
0000181c  main                          
00001874  __mspabi_divul                
00001874  __mspabi_remul                
000018cc  circ_push                     
00001920  i2c_masterRead                
00001974  processBitfield               
000019c8  comm_process                  
00001a66  circ_pop                      
00001afe  __mspabi_srli                 
00001b0c  __mspabi_srli_15              
00001b10  __mspabi_srli_14              
00001b14  __mspabi_srli_13              
00001b18  __mspabi_srli_12              
00001b1c  __mspabi_srli_11              
00001b20  __mspabi_srli_10              
00001b24  __mspabi_srli_9               
00001b28  __mspabi_srli_8               
00001b2c  __mspabi_srli_7               
00001b30  __mspabi_srli_6               
00001b34  __mspabi_srli_5               
00001b38  __mspabi_srli_4               
00001b3c  __mspabi_srli_3               
00001b40  __mspabi_srli_2               
00001b44  __mspabi_srli_1               
00001b4a  uart_rx                       
00001b96  mux_select                    
00001be0  Timer0_A0                     
00001c28  __mspabi_fixfu                
00001c6e  map_from_port                 
00001cb2  map_to_port                   
00001cf6  __TI_auto_init_nobinit_nopinit
00001d38  __mspabi_sral_15              
00001d3c  __mspabi_sral_14              
00001d40  __mspabi_sral_13              
00001d44  __mspabi_sral_12              
00001d48  __mspabi_sral_11              
00001d4c  __mspabi_sral_10              
00001d50  __mspabi_sral_9               
00001d54  __mspabi_sral_8               
00001d58  __mspabi_sral_7               
00001d5c  __mspabi_sral_6               
00001d60  __mspabi_sral_5               
00001d64  __mspabi_sral_4               
00001d68  __mspabi_sral_3               
00001d6c  __mspabi_sral_2               
00001d70  __mspabi_sral_1               
00001d76  __mspabi_slll_15              
00001d7a  __mspabi_slll_14              
00001d7e  __mspabi_slll_13              
00001d82  __mspabi_slll_12              
00001d86  __mspabi_slll_11              
00001d8a  __mspabi_slll_10              
00001d8e  __mspabi_slll_9               
00001d92  __mspabi_slll_8               
00001d96  __mspabi_slll_7               
00001d9a  __mspabi_slll_6               
00001d9e  __mspabi_slll_5               
00001da2  __mspabi_slll_4               
00001da6  __mspabi_slll_3               
00001daa  __mspabi_slll_2               
00001dae  __mspabi_slll_1               
00001db4  uart_tx                       
00001df2  USCIAB0RX_ISR                 
00001e2e  circ_length                   
00001e66  i2c_masterInit                
00001e9e  register_init                 
00001ed4  ocp_activate_rail             
00001f08  errormon_set                  
00001f38  i2c_handle_rx_interrupt       
00001f64  __mspabi_srai                 
00001f70  __mspabi_srai_15              
00001f72  __mspabi_srai_14              
00001f74  __mspabi_srai_13              
00001f76  __mspabi_srai_12              
00001f78  __mspabi_srai_11              
00001f7a  __mspabi_srai_10              
00001f7c  __mspabi_srai_9               
00001f7e  __mspabi_srai_8               
00001f80  __mspabi_srai_7               
00001f82  __mspabi_srai_6               
00001f84  __mspabi_srai_5               
00001f86  __mspabi_srai_4               
00001f88  __mspabi_srai_3               
00001f8a  __mspabi_srai_2               
00001f8c  __mspabi_srai_1               
00001f90  __mspabi_slli                 
00001f9c  __mspabi_slli_15              
00001f9e  __mspabi_slli_14              
00001fa0  __mspabi_slli_13              
00001fa2  __mspabi_slli_12              
00001fa4  __mspabi_slli_11              
00001fa6  __mspabi_slli_10              
00001fa8  __mspabi_slli_9               
00001faa  __mspabi_slli_8               
00001fac  __mspabi_slli_7               
00001fae  __mspabi_slli_6               
00001fb0  __mspabi_slli_5               
00001fb2  __mspabi_slli_4               
00001fb4  __mspabi_slli_3               
00001fb6  __mspabi_slli_2               
00001fb8  __mspabi_slli_1               
00001fbc  uart_init                     
00002012  i2c_masterWrite               
0000203c  ocp_deactivate_rail           
0000208e  __mspabi_mpyl                 
0000208e  __mspabi_mpyl_sw              
000020b4  __mspabi_fltuf                
000020d8  adc_convert                   
000020fa  adc_start_conversion          
0000211c  PORT1_ISR                     
0000213a  comm_init                     
00002158  errormon_increment            
00002176  intpin_set                    
00002194  switches_init                 
000021b2  _c_int00_noargs               
000021ea  i2c_checkInternalAddress      
00002206  stopwatch_process             
00002222  errormon_get                  
0000223c  adc_init                      
00002252  hal_init                      
00002268  ocp_get_boots                 
0000227e  ocp_get_fails                 
00002294  sense_get                     
000022aa  status_clear_bits             
000022c0  status_set_bits               
000022d6  stopwatch_disable             
000022ec  switches_get_flags            
00002302  circ_init                     
00002316  __TI_zero_init_nomemset       
0000232a  __mspabi_mpyi                 
0000232a  __mspabi_mpyi_sw              
00002350  __TI_decompress_none          
00002362  interrupt_set_mask            
00002374  interrupt_set_status          
00002386  __mspabi_srll                 
00002398  memcpy                        
000023aa  switches_set_direction        
000023bc  core_init                     
000023cc  __mspabi_func_epilog_7        
000023ce  __mspabi_func_epilog_6        
000023d0  __mspabi_func_epilog_5        
000023d2  __mspabi_func_epilog_4        
000023d4  __mspabi_func_epilog_3        
000023d6  __mspabi_func_epilog_2        
000023d8  __mspabi_func_epilog_1        
000023ea  intpin_init                   
000023f8  mux_init                      
00002406  ocp_get_rails_activated       
00002422  uart_handle_rx_interrupt      
00002430  ADC10_ISR                     
0000243c  switches_get                  
00002446  switches_get_direction        
00002450  __TI_ISR_TRAP                 
00002458  malloc                        
00002460  watchdog_service              
00002468  watchdog_stop                 
00002470  __mspabi_fltud                
00002476  C$$EXIT                       
00002476  abort                         
0000247c  i2c_clearRxDoneFlag           
00002482  i2c_clearTxDoneFlag           
00002488  i2c_enableRXInterrupt         
0000248e  i2c_enableTXInterrupt         
00002494  i2c_getRxDoneFlag             
0000249a  i2c_getTxDoneFlag             
000024a0  interrupt_get_mask            
000024a6  status_get                    
000024ac  __abort_execution             
000024b0  _system_pre_init              
000024b4  _nop                          
000024b6  _system_post_cinit            
000024b8  stopwatch_init                
0000e00e  __TI_Handler_Table_Base       
0000e014  __TI_Handler_Table_Limit      
0000e018  __TI_CINIT_Base               
0000e020  __TI_CINIT_Limit              
0000ffe4  __TI_int02                    
0000ffe6  __TI_int03                    
0000ffea  __TI_int05                    
0000ffec  __TI_int06                    
0000ffee  __TI_int07                    
0000fff0  __TI_int08                    
0000fff2  __TI_int09                    
0000fff4  __TI_int10                    
0000fff6  __TI_int11                    
0000fff8  __TI_int12                    
0000fffa  __TI_int13                    
0000fffc  __TI_int14                    
0000fffe  _reset_vector                 
ffffffff  __TI_pprof_out_hndl           
ffffffff  __TI_prof_data_size           
ffffffff  __TI_prof_data_start          
ffffffff  __c_args__                    

[340 symbols]
