<?xml version="1.0" encoding="ISO-8859-1" ?>
<link_info>
   <banner>MSP430 Linker PC v18.12.2.LTS</banner>
   <copyright>Copyright (c) 2003-2018 Texas Instruments Incorporated</copyright>
   <link_time>0x5d25ed99</link_time>
   <link_errors>0x1</link_errors>
   <output_file>PowerMcu.out</output_file>
   <entry_point>
      <name>_c_int00_noargs</name>
      <address>0x21b2</address>
   </entry_point>
   <input_file_list>
      <input_file id="fl-2">
         <path>.\</path>
         <kind>object</kind>
         <file>core.obj</file>
         <name>core.obj</name>
      </input_file>
      <input_file id="fl-3">
         <path>.\</path>
         <kind>object</kind>
         <file>main.obj</file>
         <name>main.obj</name>
      </input_file>
      <input_file id="fl-4">
         <path>.\hal\</path>
         <kind>object</kind>
         <file>adc.obj</file>
         <name>adc.obj</name>
      </input_file>
      <input_file id="fl-5">
         <path>.\hal\</path>
         <kind>object</kind>
         <file>hal.obj</file>
         <name>hal.obj</name>
      </input_file>
      <input_file id="fl-6">
         <path>.\hal\</path>
         <kind>object</kind>
         <file>i2c.obj</file>
         <name>i2c.obj</name>
      </input_file>
      <input_file id="fl-7">
         <path>.\hal\</path>
         <kind>object</kind>
         <file>intpin.obj</file>
         <name>intpin.obj</name>
      </input_file>
      <input_file id="fl-8">
         <path>.\hal\</path>
         <kind>object</kind>
         <file>mux.obj</file>
         <name>mux.obj</name>
      </input_file>
      <input_file id="fl-9">
         <path>.\hal\</path>
         <kind>object</kind>
         <file>stopwatch.obj</file>
         <name>stopwatch.obj</name>
      </input_file>
      <input_file id="fl-a">
         <path>.\hal\</path>
         <kind>object</kind>
         <file>switches.obj</file>
         <name>switches.obj</name>
      </input_file>
      <input_file id="fl-b">
         <path>.\hal\</path>
         <kind>object</kind>
         <file>uart.obj</file>
         <name>uart.obj</name>
      </input_file>
      <input_file id="fl-c">
         <path>.\hal\</path>
         <kind>object</kind>
         <file>watchdog.obj</file>
         <name>watchdog.obj</name>
      </input_file>
      <input_file id="fl-d">
         <path>.\peripheral\</path>
         <kind>object</kind>
         <file>battery.obj</file>
         <name>battery.obj</name>
      </input_file>
      <input_file id="fl-e">
         <path>.\peripheral\</path>
         <kind>object</kind>
         <file>comm.obj</file>
         <name>comm.obj</name>
      </input_file>
      <input_file id="fl-f">
         <path>.\peripheral\</path>
         <kind>object</kind>
         <file>deploy.obj</file>
         <name>deploy.obj</name>
      </input_file>
      <input_file id="fl-10">
         <path>.\peripheral\</path>
         <kind>object</kind>
         <file>errormon.obj</file>
         <name>errormon.obj</name>
      </input_file>
      <input_file id="fl-11">
         <path>.\peripheral\</path>
         <kind>object</kind>
         <file>interrupt.obj</file>
         <name>interrupt.obj</name>
      </input_file>
      <input_file id="fl-12">
         <path>.\peripheral\</path>
         <kind>object</kind>
         <file>ocp.obj</file>
         <name>ocp.obj</name>
      </input_file>
      <input_file id="fl-13">
         <path>.\peripheral\</path>
         <kind>object</kind>
         <file>register.obj</file>
         <name>register.obj</name>
      </input_file>
      <input_file id="fl-14">
         <path>.\peripheral\</path>
         <kind>object</kind>
         <file>sense.obj</file>
         <name>sense.obj</name>
      </input_file>
      <input_file id="fl-15">
         <path>.\peripheral\</path>
         <kind>object</kind>
         <file>status.obj</file>
         <name>status.obj</name>
      </input_file>
      <input_file id="fl-16">
         <path>.\util\</path>
         <kind>object</kind>
         <file>DCO_Library.obj</file>
         <name>DCO_Library.obj</name>
      </input_file>
      <input_file id="fl-17">
         <path>.\util\</path>
         <kind>object</kind>
         <file>circ.obj</file>
         <name>circ.obj</name>
      </input_file>
      <input_file id="fl-18">
         <path>.\util\</path>
         <kind>object</kind>
         <file>crc.obj</file>
         <name>crc.obj</name>
      </input_file>
      <input_file id="fl-1d">
         <kind>object</kind>
         <file>&lt;internal&gt;</file>
         <name>&lt;internal&gt;</name>
      </input_file>
      <input_file id="fl-33">
         <path>C:\ti\ccs910\ccs\tools\compiler\ti-cgt-msp430_18.12.2.LTS\lib\</path>
         <kind>archive</kind>
         <file>rts430_eabi.lib</file>
         <name>vla_alloc.c.obj</name>
      </input_file>
      <input_file id="fl-34">
         <path>C:\ti\ccs910\ccs\tools\compiler\ti-cgt-msp430_18.12.2.LTS\lib\</path>
         <kind>archive</kind>
         <file>rts430_eabi.lib</file>
         <name>asr16.asm.obj</name>
      </input_file>
      <input_file id="fl-35">
         <path>C:\ti\ccs910\ccs\tools\compiler\ti-cgt-msp430_18.12.2.LTS\lib\</path>
         <kind>archive</kind>
         <file>rts430_eabi.lib</file>
         <name>div32u.asm.obj</name>
      </input_file>
      <input_file id="fl-36">
         <path>C:\ti\ccs910\ccs\tools\compiler\ti-cgt-msp430_18.12.2.LTS\lib\</path>
         <kind>archive</kind>
         <file>rts430_eabi.lib</file>
         <name>epilog.asm.obj</name>
      </input_file>
      <input_file id="fl-37">
         <path>C:\ti\ccs910\ccs\tools\compiler\ti-cgt-msp430_18.12.2.LTS\lib\</path>
         <kind>archive</kind>
         <file>rts430_eabi.lib</file>
         <name>fs_tou.asm.obj</name>
      </input_file>
      <input_file id="fl-38">
         <path>C:\ti\ccs910\ccs\tools\compiler\ti-cgt-msp430_18.12.2.LTS\lib\</path>
         <kind>archive</kind>
         <file>rts430_eabi.lib</file>
         <name>fs_utof.asm.obj</name>
      </input_file>
      <input_file id="fl-39">
         <path>C:\ti\ccs910\ccs\tools\compiler\ti-cgt-msp430_18.12.2.LTS\lib\</path>
         <kind>archive</kind>
         <file>rts430_eabi.lib</file>
         <name>int03.asm.obj</name>
      </input_file>
      <input_file id="fl-3a">
         <path>C:\ti\ccs910\ccs\tools\compiler\ti-cgt-msp430_18.12.2.LTS\lib\</path>
         <kind>archive</kind>
         <file>rts430_eabi.lib</file>
         <name>int08.asm.obj</name>
      </input_file>
      <input_file id="fl-3b">
         <path>C:\ti\ccs910\ccs\tools\compiler\ti-cgt-msp430_18.12.2.LTS\lib\</path>
         <kind>archive</kind>
         <file>rts430_eabi.lib</file>
         <name>int10.asm.obj</name>
      </input_file>
      <input_file id="fl-3c">
         <path>C:\ti\ccs910\ccs\tools\compiler\ti-cgt-msp430_18.12.2.LTS\lib\</path>
         <kind>archive</kind>
         <file>rts430_eabi.lib</file>
         <name>int11.asm.obj</name>
      </input_file>
      <input_file id="fl-3d">
         <path>C:\ti\ccs910\ccs\tools\compiler\ti-cgt-msp430_18.12.2.LTS\lib\</path>
         <kind>archive</kind>
         <file>rts430_eabi.lib</file>
         <name>int12.asm.obj</name>
      </input_file>
      <input_file id="fl-3e">
         <path>C:\ti\ccs910\ccs\tools\compiler\ti-cgt-msp430_18.12.2.LTS\lib\</path>
         <kind>archive</kind>
         <file>rts430_eabi.lib</file>
         <name>int13.asm.obj</name>
      </input_file>
      <input_file id="fl-3f">
         <path>C:\ti\ccs910\ccs\tools\compiler\ti-cgt-msp430_18.12.2.LTS\lib\</path>
         <kind>archive</kind>
         <file>rts430_eabi.lib</file>
         <name>int14.asm.obj</name>
      </input_file>
      <input_file id="fl-40">
         <path>C:\ti\ccs910\ccs\tools\compiler\ti-cgt-msp430_18.12.2.LTS\lib\</path>
         <kind>archive</kind>
         <file>rts430_eabi.lib</file>
         <name>isr_trap.asm.obj</name>
      </input_file>
      <input_file id="fl-41">
         <path>C:\ti\ccs910\ccs\tools\compiler\ti-cgt-msp430_18.12.2.LTS\lib\</path>
         <kind>archive</kind>
         <file>rts430_eabi.lib</file>
         <name>lsl16.asm.obj</name>
      </input_file>
      <input_file id="fl-42">
         <path>C:\ti\ccs910\ccs\tools\compiler\ti-cgt-msp430_18.12.2.LTS\lib\</path>
         <kind>archive</kind>
         <file>rts430_eabi.lib</file>
         <name>lsr16.asm.obj</name>
      </input_file>
      <input_file id="fl-43">
         <path>C:\ti\ccs910\ccs\tools\compiler\ti-cgt-msp430_18.12.2.LTS\lib\</path>
         <kind>archive</kind>
         <file>rts430_eabi.lib</file>
         <name>lsr32.asm.obj</name>
      </input_file>
      <input_file id="fl-44">
         <path>C:\ti\ccs910\ccs\tools\compiler\ti-cgt-msp430_18.12.2.LTS\lib\</path>
         <kind>archive</kind>
         <file>rts430_eabi.lib</file>
         <name>mult16.asm.obj</name>
      </input_file>
      <input_file id="fl-45">
         <path>C:\ti\ccs910\ccs\tools\compiler\ti-cgt-msp430_18.12.2.LTS\lib\</path>
         <kind>archive</kind>
         <file>rts430_eabi.lib</file>
         <name>mult32.asm.obj</name>
      </input_file>
      <input_file id="fl-46">
         <path>C:\ti\ccs910\ccs\tools\compiler\ti-cgt-msp430_18.12.2.LTS\lib\</path>
         <kind>archive</kind>
         <file>rts430_eabi.lib</file>
         <name>boot.c.obj</name>
      </input_file>
      <input_file id="fl-47">
         <path>C:\ti\ccs910\ccs\tools\compiler\ti-cgt-msp430_18.12.2.LTS\lib\</path>
         <kind>archive</kind>
         <file>rts430_eabi.lib</file>
         <name>autoinit.c.obj</name>
      </input_file>
      <input_file id="fl-48">
         <path>C:\ti\ccs910\ccs\tools\compiler\ti-cgt-msp430_18.12.2.LTS\lib\</path>
         <kind>archive</kind>
         <file>rts430_eabi.lib</file>
         <name>copy_zero_init.c.obj</name>
      </input_file>
      <input_file id="fl-49">
         <path>C:\ti\ccs910\ccs\tools\compiler\ti-cgt-msp430_18.12.2.LTS\lib\</path>
         <kind>archive</kind>
         <file>rts430_eabi.lib</file>
         <name>cpy_tbl.c.obj</name>
      </input_file>
      <input_file id="fl-4a">
         <path>C:\ti\ccs910\ccs\tools\compiler\ti-cgt-msp430_18.12.2.LTS\lib\</path>
         <kind>archive</kind>
         <file>rts430_eabi.lib</file>
         <name>mpu_init.c.obj</name>
      </input_file>
      <input_file id="fl-4b">
         <path>C:\ti\ccs910\ccs\tools\compiler\ti-cgt-msp430_18.12.2.LTS\lib\</path>
         <kind>archive</kind>
         <file>rts430_eabi.lib</file>
         <name>pre_init.c.obj</name>
      </input_file>
      <input_file id="fl-4c">
         <path>C:\ti\ccs910\ccs\tools\compiler\ti-cgt-msp430_18.12.2.LTS\lib\</path>
         <kind>archive</kind>
         <file>rts430_eabi.lib</file>
         <name>startup.c.obj</name>
      </input_file>
      <input_file id="fl-4d">
         <path>C:\ti\ccs910\ccs\tools\compiler\ti-cgt-msp430_18.12.2.LTS\lib\</path>
         <kind>archive</kind>
         <file>rts430_eabi.lib</file>
         <name>copy_decompress_none.c.obj</name>
      </input_file>
      <input_file id="fl-4e">
         <path>C:\ti\ccs910\ccs\tools\compiler\ti-cgt-msp430_18.12.2.LTS\lib\</path>
         <kind>archive</kind>
         <file>rts430_eabi.lib</file>
         <name>copy_decompress_lzss.c.obj</name>
      </input_file>
      <input_file id="fl-4f">
         <path>C:\ti\ccs910\ccs\tools\compiler\ti-cgt-msp430_18.12.2.LTS\lib\</path>
         <kind>archive</kind>
         <file>rts430_eabi.lib</file>
         <name>cvtfd.c.obj</name>
      </input_file>
      <input_file id="fl-50">
         <path>C:\ti\ccs910\ccs\tools\compiler\ti-cgt-msp430_18.12.2.LTS\lib\</path>
         <kind>archive</kind>
         <file>rts430_eabi.lib</file>
         <name>fixdul.c.obj</name>
      </input_file>
      <input_file id="fl-51">
         <path>C:\ti\ccs910\ccs\tools\compiler\ti-cgt-msp430_18.12.2.LTS\lib\</path>
         <kind>archive</kind>
         <file>rts430_eabi.lib</file>
         <name>fltud.c.obj</name>
      </input_file>
      <input_file id="fl-52">
         <path>C:\ti\ccs910\ccs\tools\compiler\ti-cgt-msp430_18.12.2.LTS\lib\</path>
         <kind>archive</kind>
         <file>rts430_eabi.lib</file>
         <name>fltuld.c.obj</name>
      </input_file>
      <input_file id="fl-53">
         <path>C:\ti\ccs910\ccs\tools\compiler\ti-cgt-msp430_18.12.2.LTS\lib\</path>
         <kind>archive</kind>
         <file>rts430_eabi.lib</file>
         <name>mpyd.c.obj</name>
      </input_file>
      <input_file id="fl-54">
         <path>C:\ti\ccs910\ccs\tools\compiler\ti-cgt-msp430_18.12.2.LTS\lib\</path>
         <kind>archive</kind>
         <file>rts430_eabi.lib</file>
         <name>cvtdf.c.obj</name>
      </input_file>
      <input_file id="fl-55">
         <path>C:\ti\ccs910\ccs\tools\compiler\ti-cgt-msp430_18.12.2.LTS\lib\</path>
         <kind>archive</kind>
         <file>rts430_eabi.lib</file>
         <name>exit.c.obj</name>
      </input_file>
      <input_file id="fl-56">
         <path>C:\ti\ccs910\ccs\tools\compiler\ti-cgt-msp430_18.12.2.LTS\lib\</path>
         <kind>archive</kind>
         <file>rts430_eabi.lib</file>
         <name>_lock.c.obj</name>
      </input_file>
      <input_file id="fl-57">
         <path>C:\ti\ccs910\ccs\tools\compiler\ti-cgt-msp430_18.12.2.LTS\lib\</path>
         <kind>archive</kind>
         <file>rts430_eabi.lib</file>
         <name>args_main.c.obj</name>
      </input_file>
      <input_file id="fl-58">
         <path>C:\ti\ccs910\ccs\tools\compiler\ti-cgt-msp430_18.12.2.LTS\lib\</path>
         <kind>archive</kind>
         <file>rts430_eabi.lib</file>
         <name>memcpy.c.obj</name>
      </input_file>
      <input_file id="fl-59">
         <path>C:\ti\ccs910\ccs\tools\compiler\ti-cgt-msp430_18.12.2.LTS\lib\</path>
         <kind>archive</kind>
         <file>rts430_eabi.lib</file>
         <name>memory.c.obj</name>
      </input_file>
      <input_file id="fl-5a">
         <path>C:\ti\ccs910\ccs\tools\compiler\ti-cgt-msp430_18.12.2.LTS\lib\</path>
         <kind>archive</kind>
         <file>rts430_eabi.lib</file>
         <name>memset.c.obj</name>
      </input_file>
      <input_file id="fl-5b">
         <path>C:\ti\ccs910\ccs\tools\compiler\ti-cgt-msp430_18.12.2.LTS\lib\</path>
         <kind>archive</kind>
         <file>rts430_eabi.lib</file>
         <name>error.c.obj</name>
      </input_file>
      <input_file id="fl-5c">
         <path>C:\ti\ccs910\ccs\tools\compiler\ti-cgt-msp430_18.12.2.LTS\lib\</path>
         <kind>archive</kind>
         <file>rts430_eabi.lib</file>
         <name>asr32.asm.obj</name>
      </input_file>
      <input_file id="fl-5d">
         <path>C:\ti\ccs910\ccs\tools\compiler\ti-cgt-msp430_18.12.2.LTS\lib\</path>
         <kind>archive</kind>
         <file>rts430_eabi.lib</file>
         <name>div16u.asm.obj</name>
      </input_file>
      <input_file id="fl-5e">
         <path>C:\ti\ccs910\ccs\tools\compiler\ti-cgt-msp430_18.12.2.LTS\lib\</path>
         <kind>archive</kind>
         <file>rts430_eabi.lib</file>
         <name>lsl32.asm.obj</name>
      </input_file>
      <input_file id="fl-5f">
         <path>C:\ti\ccs910\ccs\tools\compiler\ti-cgt-msp430_18.12.2.LTS\lib\</path>
         <kind>archive</kind>
         <file>rts430_eabi.lib</file>
         <name>exit_gvars.c.obj</name>
      </input_file>
      <input_file id="fl-60">
         <path>C:\ti\ccs910\ccs\tools\compiler\ti-cgt-msp430_18.12.2.LTS\lib\</path>
         <kind>archive</kind>
         <file>rts430_eabi.lib</file>
         <name>lsr64.c.obj</name>
      </input_file>
      <input_file id="fl-61">
         <path>C:\ti\ccs910\ccs\tools\compiler\ti-cgt-msp430_18.12.2.LTS\lib\</path>
         <kind>archive</kind>
         <file>rts430_eabi.lib</file>
         <name>frcmpyd.c.obj</name>
      </input_file>
   </input_file_list>
   <object_component_list>
      <object_component id="oc-15d">
         <name>.bss</name>
         <uninitialized>true</uninitialized>
         <run_address>0x320</run_address>
         <size>0x2</size>
         <input_file_ref idref="fl-4"/>
      </object_component>
      <object_component id="oc-161">
         <name>.bss</name>
         <uninitialized>true</uninitialized>
         <run_address>0x2f2</run_address>
         <size>0x13</size>
         <input_file_ref idref="fl-6"/>
      </object_component>
      <object_component id="oc-35e">
         <name>.bss</name>
         <uninitialized>true</uninitialized>
         <run_address>0x328</run_address>
         <size>0x2</size>
         <input_file_ref idref="fl-9"/>
      </object_component>
      <object_component id="oc-154">
         <name>.bss</name>
         <uninitialized>true</uninitialized>
         <run_address>0x305</run_address>
         <size>0x1</size>
         <input_file_ref idref="fl-a"/>
      </object_component>
      <object_component id="oc-1cb">
         <name>.bss:rxBuffer</name>
         <uninitialized>true</uninitialized>
         <run_address>0x280</run_address>
         <size>0x42</size>
         <input_file_ref idref="fl-b"/>
      </object_component>
      <object_component id="oc-582">
         <name>.bss:responseBuffer</name>
         <uninitialized>true</uninitialized>
         <run_address>0x200</run_address>
         <size>0x80</size>
         <input_file_ref idref="fl-e"/>
      </object_component>
      <object_component id="oc-33a">
         <name>.bss:msgBuffer$1</name>
         <uninitialized>true</uninitialized>
         <run_address>0x312</run_address>
         <size>0x6</size>
         <input_file_ref idref="fl-e"/>
      </object_component>
      <object_component id="oc-3ff">
         <name>.bss:errors</name>
         <uninitialized>true</uninitialized>
         <run_address>0x318</run_address>
         <size>0x4</size>
         <input_file_ref idref="fl-10"/>
      </object_component>
      <object_component id="oc-3d3">
         <name>.bss</name>
         <uninitialized>true</uninitialized>
         <run_address>0x31c</run_address>
         <size>0x4</size>
         <input_file_ref idref="fl-11"/>
      </object_component>
      <object_component id="oc-457">
         <name>.bss:railStateTransitions</name>
         <uninitialized>true</uninitialized>
         <run_address>0x2c2</run_address>
         <size>0x30</size>
         <input_file_ref idref="fl-12"/>
      </object_component>
      <object_component id="oc-3e2">
         <name>.bss</name>
         <uninitialized>true</uninitialized>
         <run_address>0x326</run_address>
         <size>0x2</size>
         <input_file_ref idref="fl-15"/>
      </object_component>
      <object_component id="oc-512">
         <name>.bss</name>
         <uninitialized>true</uninitialized>
         <run_address>0x324</run_address>
         <size>0x2</size>
         <input_file_ref idref="fl-33"/>
      </object_component>
      <object_component id="oc-515">
         <name>.bss:pool$1</name>
         <uninitialized>true</uninitialized>
         <run_address>0x306</run_address>
         <size>0xc</size>
         <input_file_ref idref="fl-33"/>
      </object_component>
      <object_component id="oc-5ee">
         <name>.bss</name>
         <uninitialized>true</uninitialized>
         <run_address>0x322</run_address>
         <size>0x2</size>
         <input_file_ref idref="fl-59"/>
      </object_component>
      <object_component id="oc-157">
         <name>.common:_wakeReasons</name>
         <uninitialized>true</uninitialized>
         <run_address>0x32c</run_address>
         <size>0x2</size>
      </object_component>
      <object_component id="oc-15a">
         <name>.common:_wakeEventsOccurred</name>
         <uninitialized>true</uninitialized>
         <run_address>0x32a</run_address>
         <size>0x2</size>
      </object_component>
      <object_component id="oc-303">
         <name>.common:i2c_buff</name>
         <uninitialized>true</uninitialized>
         <run_address>0x32e</run_address>
         <size>0x2</size>
      </object_component>
      <object_component id="oc-178">
         <name>.data</name>
         <load_address>0x380</load_address>
         <run_address>0x380</run_address>
         <size>0x4</size>
         <input_file_ref idref="fl-9"/>
      </object_component>
      <object_component id="oc-41c">
         <name>.data</name>
         <load_address>0x388</load_address>
         <run_address>0x388</run_address>
         <size>0x2</size>
         <input_file_ref idref="fl-d"/>
      </object_component>
      <object_component id="oc-331">
         <name>.data</name>
         <load_address>0x38e</load_address>
         <run_address>0x38e</run_address>
         <size>0x1</size>
         <input_file_ref idref="fl-e"/>
      </object_component>
      <object_component id="oc-34f">
         <name>.data</name>
         <load_address>0x38a</load_address>
         <run_address>0x38a</run_address>
         <size>0x2</size>
         <input_file_ref idref="fl-12"/>
      </object_component>
      <object_component id="oc-378">
         <name>.data:_lock</name>
         <load_address>0x384</load_address>
         <run_address>0x384</run_address>
         <size>0x2</size>
         <input_file_ref idref="fl-56"/>
      </object_component>
      <object_component id="oc-381">
         <name>.data:_unlock</name>
         <load_address>0x386</load_address>
         <run_address>0x386</run_address>
         <size>0x2</size>
         <input_file_ref idref="fl-56"/>
      </object_component>
      <object_component id="oc-5eb">
         <name>.data</name>
         <load_address>0x38c</load_address>
         <run_address>0x38c</run_address>
         <size>0x2</size>
         <input_file_ref idref="fl-59"/>
      </object_component>
      <object_component id="oc-af">
         <name>.sysmem</name>
         <uninitialized>true</uninitialized>
         <run_address>0x330</run_address>
         <size>0x8</size>
         <input_file_ref idref="fl-59"/>
      </object_component>
      <object_component id="oc-643">
         <name>.sysmem</name>
         <uninitialized>true</uninitialized>
         <run_address>0x330</run_address>
         <size>0x0</size>
      </object_component>
      <object_component id="oc-ab">
         <name>.stack</name>
         <uninitialized>true</uninitialized>
         <run_address>0x3b0</run_address>
         <size>0x2</size>
         <input_file_ref idref="fl-46"/>
      </object_component>
      <object_component id="oc-642">
         <name>.stack</name>
         <uninitialized>true</uninitialized>
         <run_address>0x3b0</run_address>
         <size>0x0</size>
      </object_component>
      <object_component id="oc-1e1">
         <name>.text:core_init</name>
         <load_address>0x23bc</load_address>
         <run_address>0x23bc</run_address>
         <size>0x10</size>
         <input_file_ref idref="fl-2"/>
      </object_component>
      <object_component id="oc-280">
         <name>.text:aclk_init</name>
         <load_address>0x23dc</load_address>
         <run_address>0x23dc</run_address>
         <size>0xe</size>
         <input_file_ref idref="fl-2"/>
      </object_component>
      <object_component id="oc-286">
         <name>.text:calibrate_dco</name>
         <load_address>0x1a18</load_address>
         <run_address>0x1a18</run_address>
         <size>0x4e</size>
         <input_file_ref idref="fl-2"/>
      </object_component>
      <object_component id="oc-362">
         <name>.text:get_next_event</name>
         <load_address>0x1fe8</load_address>
         <run_address>0x1fe8</run_address>
         <size>0x2a</size>
         <input_file_ref idref="fl-2"/>
      </object_component>
      <object_component id="oc-217">
         <name>.text:core_sleep</name>
         <load_address>0x1694</load_address>
         <run_address>0x1694</run_address>
         <size>0x68</size>
         <input_file_ref idref="fl-2"/>
      </object_component>
      <object_component id="oc-18a">
         <name>.text:main</name>
         <load_address>0x181c</load_address>
         <run_address>0x181c</run_address>
         <size>0x58</size>
         <input_file_ref idref="fl-3"/>
      </object_component>
      <object_component id="oc-28d">
         <name>.text:adc_init</name>
         <load_address>0x223c</load_address>
         <run_address>0x223c</run_address>
         <size>0x16</size>
         <input_file_ref idref="fl-4"/>
      </object_component>
      <object_component id="oc-503">
         <name>.text:adc_start_conversion</name>
         <load_address>0x20fa</load_address>
         <run_address>0x20fa</run_address>
         <size>0x22</size>
         <input_file_ref idref="fl-4"/>
      </object_component>
      <object_component id="oc-413">
         <name>.text:adc_convert</name>
         <load_address>0x20d8</load_address>
         <run_address>0x20d8</run_address>
         <size>0x22</size>
         <input_file_ref idref="fl-4"/>
      </object_component>
      <object_component id="oc-e4">
         <name>.text:ADC10_ISR</name>
         <load_address>0x2430</load_address>
         <run_address>0x2430</run_address>
         <size>0xc</size>
         <input_file_ref idref="fl-4"/>
      </object_component>
      <object_component id="oc-1e7">
         <name>.text:hal_init</name>
         <load_address>0x2252</load_address>
         <run_address>0x2252</run_address>
         <size>0x16</size>
         <input_file_ref idref="fl-5"/>
      </object_component>
      <object_component id="oc-2b8">
         <name>.text:i2c_enableRXInterrupt</name>
         <load_address>0x2488</load_address>
         <run_address>0x2488</run_address>
         <size>0x6</size>
         <input_file_ref idref="fl-6"/>
      </object_component>
      <object_component id="oc-2be">
         <name>.text:i2c_enableTXInterrupt</name>
         <load_address>0x248e</load_address>
         <run_address>0x248e</run_address>
         <size>0x6</size>
         <input_file_ref idref="fl-6"/>
      </object_component>
      <object_component id="oc-431">
         <name>.text:i2c_clearTxDoneFlag</name>
         <load_address>0x2482</load_address>
         <run_address>0x2482</run_address>
         <size>0x6</size>
         <input_file_ref idref="fl-6"/>
      </object_component>
      <object_component id="oc-42b">
         <name>.text:i2c_getTxDoneFlag</name>
         <load_address>0x249a</load_address>
         <run_address>0x249a</run_address>
         <size>0x6</size>
         <input_file_ref idref="fl-6"/>
      </object_component>
      <object_component id="oc-443">
         <name>.text:i2c_clearRxDoneFlag</name>
         <load_address>0x247c</load_address>
         <run_address>0x247c</run_address>
         <size>0x6</size>
         <input_file_ref idref="fl-6"/>
      </object_component>
      <object_component id="oc-43d">
         <name>.text:i2c_getRxDoneFlag</name>
         <load_address>0x2494</load_address>
         <run_address>0x2494</run_address>
         <size>0x6</size>
         <input_file_ref idref="fl-6"/>
      </object_component>
      <object_component id="oc-2b2">
         <name>.text:i2c_masterInit</name>
         <load_address>0x1e66</load_address>
         <run_address>0x1e66</run_address>
         <size>0x38</size>
         <input_file_ref idref="fl-6"/>
      </object_component>
      <object_component id="oc-437">
         <name>.text:i2c_masterRead</name>
         <load_address>0x1920</load_address>
         <run_address>0x1920</run_address>
         <size>0x54</size>
         <input_file_ref idref="fl-6"/>
      </object_component>
      <object_component id="oc-425">
         <name>.text:i2c_masterWrite</name>
         <load_address>0x2012</load_address>
         <run_address>0x2012</run_address>
         <size>0x2a</size>
         <input_file_ref idref="fl-6"/>
      </object_component>
      <object_component id="oc-164">
         <name>.text:i2c_checkInternalAddress</name>
         <load_address>0x21ea</load_address>
         <run_address>0x21ea</run_address>
         <size>0x1c</size>
         <input_file_ref idref="fl-6"/>
      </object_component>
      <object_component id="oc-171">
         <name>.text:i2c_handle_rx_interrupt</name>
         <load_address>0x1f38</load_address>
         <run_address>0x1f38</run_address>
         <size>0x2c</size>
         <input_file_ref idref="fl-6"/>
      </object_component>
      <object_component id="oc-ea">
         <name>.text:USCIAB0TX_ISR</name>
         <load_address>0x8fe</load_address>
         <run_address>0x8fe</run_address>
         <size>0x164</size>
         <input_file_ref idref="fl-6"/>
      </object_component>
      <object_component id="oc-299">
         <name>.text:intpin_init</name>
         <load_address>0x23ea</load_address>
         <run_address>0x23ea</run_address>
         <size>0xe</size>
         <input_file_ref idref="fl-7"/>
      </object_component>
      <object_component id="oc-4ed">
         <name>.text:intpin_set</name>
         <load_address>0x2176</load_address>
         <run_address>0x2176</run_address>
         <size>0x1e</size>
         <input_file_ref idref="fl-7"/>
      </object_component>
      <object_component id="oc-29f">
         <name>.text:mux_init</name>
         <load_address>0x23f8</load_address>
         <run_address>0x23f8</run_address>
         <size>0xe</size>
         <input_file_ref idref="fl-8"/>
      </object_component>
      <object_component id="oc-3c1">
         <name>.text:mux_select</name>
         <load_address>0x1b96</load_address>
         <run_address>0x1b96</run_address>
         <size>0x4a</size>
         <input_file_ref idref="fl-8"/>
      </object_component>
      <object_component id="oc-2a5">
         <name>.text:stopwatch_init</name>
         <load_address>0x24b8</load_address>
         <run_address>0x24b8</run_address>
         <size>0x2</size>
         <input_file_ref idref="fl-9"/>
      </object_component>
      <object_component id="oc-32b">
         <name>.text:stopwatch_start</name>
         <load_address>0x14d4</load_address>
         <run_address>0x14d4</run_address>
         <size>0x76</size>
         <input_file_ref idref="fl-9"/>
      </object_component>
      <object_component id="oc-211">
         <name>.text:stopwatch_process</name>
         <load_address>0x2206</load_address>
         <run_address>0x2206</run_address>
         <size>0x1c</size>
         <input_file_ref idref="fl-9"/>
      </object_component>
      <object_component id="oc-334">
         <name>.text:stopwatch_disable</name>
         <load_address>0x22d6</load_address>
         <run_address>0x22d6</run_address>
         <size>0x16</size>
         <input_file_ref idref="fl-9"/>
      </object_component>
      <object_component id="oc-f6">
         <name>.text:Timer0_A0</name>
         <load_address>0x1be0</load_address>
         <run_address>0x1be0</run_address>
         <size>0x48</size>
         <input_file_ref idref="fl-9"/>
      </object_component>
      <object_component id="oc-4f8">
         <name>.text:map_to_port</name>
         <load_address>0x1cb2</load_address>
         <run_address>0x1cb2</run_address>
         <size>0x44</size>
         <input_file_ref idref="fl-a"/>
      </object_component>
      <object_component id="oc-40b">
         <name>.text:map_from_port</name>
         <load_address>0x1c6e</load_address>
         <run_address>0x1c6e</run_address>
         <size>0x44</size>
         <input_file_ref idref="fl-a"/>
      </object_component>
      <object_component id="oc-293">
         <name>.text:switches_init</name>
         <load_address>0x2194</load_address>
         <run_address>0x2194</run_address>
         <size>0x1e</size>
         <input_file_ref idref="fl-a"/>
      </object_component>
      <object_component id="oc-2f7">
         <name>.text:switches_get</name>
         <load_address>0x243c</load_address>
         <run_address>0x243c</run_address>
         <size>0xa</size>
         <input_file_ref idref="fl-a"/>
      </object_component>
      <object_component id="oc-3f1">
         <name>.text:switches_get_direction</name>
         <load_address>0x2446</load_address>
         <run_address>0x2446</run_address>
         <size>0xa</size>
         <input_file_ref idref="fl-a"/>
      </object_component>
      <object_component id="oc-3f7">
         <name>.text:switches_set_direction</name>
         <load_address>0x23aa</load_address>
         <run_address>0x23aa</run_address>
         <size>0x12</size>
         <input_file_ref idref="fl-a"/>
      </object_component>
      <object_component id="oc-349">
         <name>.text:switches_get_flags</name>
         <load_address>0x22ec</load_address>
         <run_address>0x22ec</run_address>
         <size>0x16</size>
         <input_file_ref idref="fl-a"/>
      </object_component>
      <object_component id="oc-d9">
         <name>.text:PORT1_ISR</name>
         <load_address>0x211c</load_address>
         <run_address>0x211c</run_address>
         <size>0x1e</size>
         <input_file_ref idref="fl-a"/>
      </object_component>
      <object_component id="oc-2ac">
         <name>.text:uart_init</name>
         <load_address>0x1fbc</load_address>
         <run_address>0x1fbc</run_address>
         <size>0x2c</size>
         <input_file_ref idref="fl-b"/>
      </object_component>
      <object_component id="oc-585">
         <name>.text:uart_tx</name>
         <load_address>0x1db4</load_address>
         <run_address>0x1db4</run_address>
         <size>0x3e</size>
         <input_file_ref idref="fl-b"/>
      </object_component>
      <object_component id="oc-341">
         <name>.text:uart_rx</name>
         <load_address>0x1b4a</load_address>
         <run_address>0x1b4a</run_address>
         <size>0x4c</size>
         <input_file_ref idref="fl-b"/>
      </object_component>
      <object_component id="oc-16b">
         <name>.text:uart_handle_rx_interrupt</name>
         <load_address>0x2422</load_address>
         <run_address>0x2422</run_address>
         <size>0xe</size>
         <input_file_ref idref="fl-b"/>
      </object_component>
      <object_component id="oc-1db">
         <name>.text:watchdog_stop</name>
         <load_address>0x2468</load_address>
         <run_address>0x2468</run_address>
         <size>0x8</size>
         <input_file_ref idref="fl-c"/>
      </object_component>
      <object_component id="oc-368">
         <name>.text:watchdog_service</name>
         <load_address>0x2460</load_address>
         <run_address>0x2460</run_address>
         <size>0x8</size>
         <input_file_ref idref="fl-c"/>
      </object_component>
      <object_component id="oc-449">
         <name>.text:apply_equation_to_adc</name>
         <load_address>0x1192</load_address>
         <run_address>0x1192</run_address>
         <size>0x9a</size>
         <input_file_ref idref="fl-d"/>
      </object_component>
      <object_component id="oc-306">
         <name>.text:get_battery_telemetry</name>
         <load_address>0xb80</load_address>
         <run_address>0xb80</run_address>
         <size>0x108</size>
         <input_file_ref idref="fl-d"/>
      </object_component>
      <object_component id="oc-1ed">
         <name>.text:comm_init</name>
         <load_address>0x213a</load_address>
         <run_address>0x213a</run_address>
         <size>0x1e</size>
         <input_file_ref idref="fl-e"/>
      </object_component>
      <object_component id="oc-205">
         <name>.text:comm_process</name>
         <load_address>0x19c8</load_address>
         <run_address>0x19c8</run_address>
         <size>0x50</size>
         <input_file_ref idref="fl-e"/>
      </object_component>
      <object_component id="oc-325">
         <name>.text:clear_buffer</name>
         <load_address>0x233e</load_address>
         <run_address>0x233e</run_address>
         <size>0x12</size>
         <input_file_ref idref="fl-e"/>
      </object_component>
      <object_component id="oc-481">
         <name>.text:packet_parse</name>
         <load_address>0x1ab2</load_address>
         <run_address>0x1ab2</run_address>
         <size>0x4c</size>
         <input_file_ref idref="fl-e"/>
      </object_component>
      <object_component id="oc-33b">
         <name>.text:process_packet</name>
         <load_address>0x16fc</load_address>
         <run_address>0x16fc</run_address>
         <size>0x64</size>
         <input_file_ref idref="fl-e"/>
      </object_component>
      <object_component id="oc-48d">
         <name>.text:respond</name>
         <load_address>0xfbe</load_address>
         <run_address>0xfbe</run_address>
         <size>0x9e</size>
         <input_file_ref idref="fl-e"/>
      </object_component>
      <object_component id="oc-f0">
         <name>.text:USCIAB0RX_ISR</name>
         <load_address>0x1df2</load_address>
         <run_address>0x1df2</run_address>
         <size>0x3c</size>
         <input_file_ref idref="fl-e"/>
      </object_component>
      <object_component id="oc-2de">
         <name>.text:errormon_set</name>
         <load_address>0x1f08</load_address>
         <run_address>0x1f08</run_address>
         <size>0x30</size>
         <input_file_ref idref="fl-10"/>
      </object_component>
      <object_component id="oc-31e">
         <name>.text:errormon_get</name>
         <load_address>0x2222</load_address>
         <run_address>0x2222</run_address>
         <size>0x1a</size>
         <input_file_ref idref="fl-10"/>
      </object_component>
      <object_component id="oc-475">
         <name>.text:errormon_increment</name>
         <load_address>0x2158</load_address>
         <run_address>0x2158</run_address>
         <size>0x1e</size>
         <input_file_ref idref="fl-10"/>
      </object_component>
      <object_component id="oc-3e5">
         <name>.text:interrupt_set_status</name>
         <load_address>0x2374</load_address>
         <run_address>0x2374</run_address>
         <size>0x12</size>
         <input_file_ref idref="fl-11"/>
      </object_component>
      <object_component id="oc-2e5">
         <name>.text:interrupt_get_mask</name>
         <load_address>0x24a0</load_address>
         <run_address>0x24a0</run_address>
         <size>0x6</size>
         <input_file_ref idref="fl-11"/>
      </object_component>
      <object_component id="oc-2c6">
         <name>.text:interrupt_set_mask</name>
         <load_address>0x2362</load_address>
         <run_address>0x2362</run_address>
         <size>0x12</size>
         <input_file_ref idref="fl-11"/>
      </object_component>
      <object_component id="oc-3d6">
         <name>.text:refresh_pin</name>
         <load_address>0x2414</load_address>
         <run_address>0x2414</run_address>
         <size>0xe</size>
         <input_file_ref idref="fl-11"/>
      </object_component>
      <object_component id="oc-350">
         <name>.text:processBitfield</name>
         <load_address>0x1974</load_address>
         <run_address>0x1974</run_address>
         <size>0x54</size>
         <input_file_ref idref="fl-12"/>
      </object_component>
      <object_component id="oc-30c">
         <name>.text:ocp_get_boots</name>
         <load_address>0x2268</load_address>
         <run_address>0x2268</run_address>
         <size>0x16</size>
         <input_file_ref idref="fl-12"/>
      </object_component>
      <object_component id="oc-312">
         <name>.text:ocp_get_fails</name>
         <load_address>0x227e</load_address>
         <run_address>0x227e</run_address>
         <size>0x16</size>
         <input_file_ref idref="fl-12"/>
      </object_component>
      <object_component id="oc-20b">
         <name>.text:ocp_process</name>
         <load_address>0xa62</load_address>
         <run_address>0xa62</run_address>
         <size>0x11e</size>
         <input_file_ref idref="fl-12"/>
      </object_component>
      <object_component id="oc-2d2">
         <name>.text:ocp_activate_rail</name>
         <load_address>0x1ed4</load_address>
         <run_address>0x1ed4</run_address>
         <size>0x34</size>
         <input_file_ref idref="fl-12"/>
      </object_component>
      <object_component id="oc-2d8">
         <name>.text:ocp_deactivate_rail</name>
         <load_address>0x203c</load_address>
         <run_address>0x203c</run_address>
         <size>0x2a</size>
         <input_file_ref idref="fl-12"/>
      </object_component>
      <object_component id="oc-2f1">
         <name>.text:ocp_get_rails_activated</name>
         <load_address>0x2406</load_address>
         <run_address>0x2406</run_address>
         <size>0xe</size>
         <input_file_ref idref="fl-12"/>
      </object_component>
      <object_component id="oc-1f3">
         <name>.text:register_init</name>
         <load_address>0x1e9e</load_address>
         <run_address>0x1e9e</run_address>
         <size>0x36</size>
         <input_file_ref idref="fl-13"/>
      </object_component>
      <object_component id="oc-1ff">
         <name>.text:register_get</name>
         <load_address>0x4f4</load_address>
         <run_address>0x4f4</run_address>
         <size>0x248</size>
         <input_file_ref idref="fl-13"/>
      </object_component>
      <object_component id="oc-1f9">
         <name>.text:register_set</name>
         <load_address>0x1760</load_address>
         <run_address>0x1760</run_address>
         <size>0x60</size>
         <input_file_ref idref="fl-13"/>
      </object_component>
      <object_component id="oc-318">
         <name>.text:convert_adc_to_current</name>
         <load_address>0x105c</load_address>
         <run_address>0x105c</run_address>
         <size>0x9c</size>
         <input_file_ref idref="fl-13"/>
      </object_component>
      <object_component id="oc-2fd">
         <name>.text:sense_get</name>
         <load_address>0x2294</load_address>
         <run_address>0x2294</run_address>
         <size>0x16</size>
         <input_file_ref idref="fl-14"/>
      </object_component>
      <object_component id="oc-356">
         <name>.text:status_set_bits</name>
         <load_address>0x22c0</load_address>
         <run_address>0x22c0</run_address>
         <size>0x16</size>
         <input_file_ref idref="fl-15"/>
      </object_component>
      <object_component id="oc-2cc">
         <name>.text:status_clear_bits</name>
         <load_address>0x22aa</load_address>
         <run_address>0x22aa</run_address>
         <size>0x16</size>
         <input_file_ref idref="fl-15"/>
      </object_component>
      <object_component id="oc-2eb">
         <name>.text:status_get</name>
         <load_address>0x24a6</load_address>
         <run_address>0x24a6</run_address>
         <size>0x6</size>
         <input_file_ref idref="fl-15"/>
      </object_component>
      <object_component id="oc-3b8">
         <name>.text</name>
         <load_address>0xd6e</load_address>
         <run_address>0xd6e</run_address>
         <size>0xcc</size>
         <input_file_ref idref="fl-16"/>
      </object_component>
      <object_component id="oc-3c9">
         <name>.text:circ_init</name>
         <load_address>0x2302</load_address>
         <run_address>0x2302</run_address>
         <size>0x14</size>
         <input_file_ref idref="fl-17"/>
      </object_component>
      <object_component id="oc-1ce">
         <name>.text:circ_push</name>
         <load_address>0x18cc</load_address>
         <run_address>0x18cc</run_address>
         <size>0x54</size>
         <input_file_ref idref="fl-17"/>
      </object_component>
      <object_component id="oc-494">
         <name>.text:circ_pop</name>
         <load_address>0x1a66</load_address>
         <run_address>0x1a66</run_address>
         <size>0x4c</size>
         <input_file_ref idref="fl-17"/>
      </object_component>
      <object_component id="oc-272">
         <name>.text:circ_length</name>
         <load_address>0x1e2e</load_address>
         <run_address>0x1e2e</run_address>
         <size>0x38</size>
         <input_file_ref idref="fl-17"/>
      </object_component>
      <object_component id="oc-487">
         <name>.text:crc_generate</name>
         <load_address>0x13da</load_address>
         <run_address>0x13da</run_address>
         <size>0x7e</size>
         <input_file_ref idref="fl-18"/>
      </object_component>
      <object_component id="oc-44f">
         <name>.text:__vla_dealloc</name>
         <load_address>0x122c</load_address>
         <run_address>0x122c</run_address>
         <size>0x98</size>
         <input_file_ref idref="fl-33"/>
      </object_component>
      <object_component id="oc-51c">
         <name>.text:_ZN33_INTERNAL_11_vla_alloc_c_be8bd49b21free_dead_allocationsEPv</name>
         <load_address>0x10f8</load_address>
         <run_address>0x10f8</run_address>
         <size>0x9a</size>
         <input_file_ref idref="fl-33"/>
      </object_component>
      <object_component id="oc-41f">
         <name>.text:__vla_alloc</name>
         <load_address>0x73c</load_address>
         <run_address>0x73c</run_address>
         <size>0x1c2</size>
         <input_file_ref idref="fl-33"/>
      </object_component>
      <object_component id="oc-278">
         <name>.text</name>
         <load_address>0x1f64</load_address>
         <run_address>0x1f64</run_address>
         <size>0x2c</size>
         <input_file_ref idref="fl-34"/>
      </object_component>
      <object_component id="oc-46e">
         <name>.text</name>
         <load_address>0x1874</load_address>
         <run_address>0x1874</run_address>
         <size>0x58</size>
         <input_file_ref idref="fl-35"/>
      </object_component>
      <object_component id="oc-bc">
         <name>.text</name>
         <load_address>0x23cc</load_address>
         <run_address>0x23cc</run_address>
         <size>0x10</size>
         <input_file_ref idref="fl-36"/>
      </object_component>
      <object_component id="oc-54b">
         <name>.text</name>
         <load_address>0x1c28</load_address>
         <run_address>0x1c28</run_address>
         <size>0x46</size>
         <input_file_ref idref="fl-37"/>
      </object_component>
      <object_component id="oc-53a">
         <name>.text</name>
         <load_address>0x20b4</load_address>
         <run_address>0x20b4</run_address>
         <size>0x24</size>
         <input_file_ref idref="fl-38"/>
      </object_component>
      <object_component id="oc-df">
         <name>.text:_isr:__TI_ISR_TRAP</name>
         <load_address>0x2450</load_address>
         <run_address>0x2450</run_address>
         <size>0x8</size>
         <input_file_ref idref="fl-40"/>
      </object_component>
      <object_component id="oc-b2">
         <name>.text</name>
         <load_address>0x1f90</load_address>
         <run_address>0x1f90</run_address>
         <size>0x2c</size>
         <input_file_ref idref="fl-41"/>
      </object_component>
      <object_component id="oc-b7">
         <name>.text</name>
         <load_address>0x1afe</load_address>
         <run_address>0x1afe</run_address>
         <size>0x4c</size>
         <input_file_ref idref="fl-42"/>
      </object_component>
      <object_component id="oc-575">
         <name>.text:l_lsr</name>
         <load_address>0x2386</load_address>
         <run_address>0x2386</run_address>
         <size>0x12</size>
         <input_file_ref idref="fl-43"/>
      </object_component>
      <object_component id="oc-3b3">
         <name>.text:l_lsr_const</name>
         <load_address>0x17c0</load_address>
         <run_address>0x17c0</run_address>
         <size>0x5c</size>
         <input_file_ref idref="fl-43"/>
      </object_component>
      <object_component id="oc-4d6">
         <name>.text</name>
         <load_address>0x232a</load_address>
         <run_address>0x232a</run_address>
         <size>0x14</size>
         <input_file_ref idref="fl-44"/>
      </object_component>
      <object_component id="oc-3ae">
         <name>.text</name>
         <load_address>0x208e</load_address>
         <run_address>0x208e</run_address>
         <size>0x26</size>
         <input_file_ref idref="fl-45"/>
      </object_component>
      <object_component id="oc-10e">
         <name>.text:_c_int00_noargs</name>
         <load_address>0x21b2</load_address>
         <run_address>0x21b2</run_address>
         <size>0x1c</size>
         <input_file_ref idref="fl-46"/>
      </object_component>
      <object_component id="oc-22a">
         <name>.text:__TI_auto_init_nobinit_nopinit:__TI_auto_init_nobinit_nopinit</name>
         <load_address>0x1cf6</load_address>
         <run_address>0x1cf6</run_address>
         <size>0x42</size>
         <input_file_ref idref="fl-47"/>
      </object_component>
      <object_component id="oc-fc">
         <name>.text:decompress:ZI:__TI_zero_init_nomemset:__TI_zero_init_nomemset</name>
         <load_address>0x2316</load_address>
         <run_address>0x2316</run_address>
         <size>0x14</size>
         <input_file_ref idref="fl-48"/>
      </object_component>
      <object_component id="oc-184">
         <name>.text:_system_pre_init</name>
         <load_address>0x24b0</load_address>
         <run_address>0x24b0</run_address>
         <size>0x4</size>
         <input_file_ref idref="fl-4b"/>
      </object_component>
      <object_component id="oc-386">
         <name>.text:_system_post_cinit</name>
         <load_address>0x24b6</load_address>
         <run_address>0x24b6</run_address>
         <size>0x2</size>
         <input_file_ref idref="fl-4c"/>
      </object_component>
      <object_component id="oc-37">
         <name>.text:decompress:none:__TI_decompress_none</name>
         <load_address>0x2350</load_address>
         <run_address>0x2350</run_address>
         <size>0x12</size>
         <input_file_ref idref="fl-4d"/>
      </object_component>
      <object_component id="oc-31">
         <name>.text:decompress:lzss:__TI_decompress_lzss</name>
         <load_address>0x1458</load_address>
         <run_address>0x1458</run_address>
         <size>0x7c</size>
         <input_file_ref idref="fl-4e"/>
      </object_component>
      <object_component id="oc-53f">
         <name>.text:__mspabi_cvtfd</name>
         <load_address>0x162c</load_address>
         <run_address>0x162c</run_address>
         <size>0x68</size>
         <input_file_ref idref="fl-4f"/>
      </object_component>
      <object_component id="oc-468">
         <name>.text:__mspabi_fixdul</name>
         <load_address>0x154a</load_address>
         <run_address>0x154a</run_address>
         <size>0x74</size>
         <input_file_ref idref="fl-50"/>
      </object_component>
      <object_component id="oc-45c">
         <name>.text:__mspabi_fltud</name>
         <load_address>0x2470</load_address>
         <run_address>0x2470</run_address>
         <size>0x6</size>
         <input_file_ref idref="fl-51"/>
      </object_component>
      <object_component id="oc-55c">
         <name>.text:__mspabi_fltuld</name>
         <load_address>0x1350</load_address>
         <run_address>0x1350</run_address>
         <size>0x8a</size>
         <input_file_ref idref="fl-52"/>
      </object_component>
      <object_component id="oc-462">
         <name>.text:__mspabi_mpyd</name>
         <load_address>0x286</load_address>
         <run_address>0x286</run_address>
         <size>0x26e</size>
         <input_file_ref idref="fl-53"/>
      </object_component>
      <object_component id="oc-545">
         <name>.text:__mspabi_cvtdf</name>
         <load_address>0x12c4</load_address>
         <run_address>0x12c4</run_address>
         <size>0x8c</size>
         <input_file_ref idref="fl-54"/>
      </object_component>
      <object_component id="oc-21e">
         <name>.text:abort</name>
         <load_address>0x2476</load_address>
         <run_address>0x2476</run_address>
         <size>0x6</size>
         <input_file_ref idref="fl-55"/>
      </object_component>
      <object_component id="oc-4b7">
         <name>.text:_nop</name>
         <load_address>0x24b4</load_address>
         <run_address>0x24b4</run_address>
         <size>0x2</size>
         <input_file_ref idref="fl-56"/>
      </object_component>
      <object_component id="oc-cc">
         <name>.text:memcpy</name>
         <load_address>0x2398</load_address>
         <run_address>0x2398</run_address>
         <size>0x12</size>
         <input_file_ref idref="fl-58"/>
      </object_component>
      <object_component id="oc-516">
         <name>.text:malloc</name>
         <load_address>0x2458</load_address>
         <run_address>0x2458</run_address>
         <size>0x8</size>
         <input_file_ref idref="fl-59"/>
      </object_component>
      <object_component id="oc-5a9">
         <name>.text:free_list_remove</name>
         <load_address>0x21ce</load_address>
         <run_address>0x21ce</run_address>
         <size>0x1c</size>
         <input_file_ref idref="fl-59"/>
      </object_component>
      <object_component id="oc-5d7">
         <name>.text:free_list_insert</name>
         <load_address>0x2066</load_address>
         <run_address>0x2066</run_address>
         <size>0x28</size>
         <input_file_ref idref="fl-59"/>
      </object_component>
      <object_component id="oc-551">
         <name>.text:free</name>
         <load_address>0xe3a</load_address>
         <run_address>0xe3a</run_address>
         <size>0xca</size>
         <input_file_ref idref="fl-59"/>
      </object_component>
      <object_component id="oc-5af">
         <name>.text:split</name>
         <load_address>0x15be</load_address>
         <run_address>0x15be</run_address>
         <size>0x6e</size>
         <input_file_ref idref="fl-59"/>
      </object_component>
      <object_component id="oc-522">
         <name>.text:realloc</name>
         <load_address>0xf04</load_address>
         <run_address>0xf04</run_address>
         <size>0xba</size>
         <input_file_ref idref="fl-59"/>
      </object_component>
      <object_component id="oc-5a1">
         <name>.text:aligned_alloc</name>
         <load_address>0xc88</load_address>
         <run_address>0xc88</run_address>
         <size>0xe6</size>
         <input_file_ref idref="fl-59"/>
      </object_component>
      <object_component id="oc-50c">
         <name>.text:__abort_execution</name>
         <load_address>0x24ac</load_address>
         <run_address>0x24ac</run_address>
         <size>0x4</size>
         <input_file_ref idref="fl-5b"/>
      </object_component>
      <object_component id="oc-5c8">
         <name>.text:l_asr_const</name>
         <load_address>0x1d38</load_address>
         <run_address>0x1d38</run_address>
         <size>0x3e</size>
         <input_file_ref idref="fl-5c"/>
      </object_component>
      <object_component id="oc-570">
         <name>.text:l_lsl_const</name>
         <load_address>0x1d76</load_address>
         <run_address>0x1d76</run_address>
         <size>0x3e</size>
         <input_file_ref idref="fl-5e"/>
      </object_component>
      <object_component id="oc-563">
         <name>.text:__TI_frcmpyd</name>
         <load_address>0x0</load_address>
         <run_address>0x0</run_address>
         <size>0x286</size>
         <input_file_ref idref="fl-61"/>
      </object_component>
      <object_component id="oc-641">
         <name>.cinit..data.load</name>
         <load_address>0xe000</load_address>
         <run_address>0xe000</run_address>
         <size>0xd</size>
      </object_component>
      <object_component id="oc-63e">
         <name>__TI_handler_table</name>
         <load_address>0xe00e</load_address>
         <run_address>0xe00e</run_address>
         <size>0x6</size>
      </object_component>
      <object_component id="oc-640">
         <name>.cinit..bss.load</name>
         <load_address>0xe014</load_address>
         <run_address>0xe014</run_address>
         <size>0x4</size>
      </object_component>
      <object_component id="oc-63f">
         <name>__TI_cinit_table</name>
         <load_address>0xe018</load_address>
         <run_address>0xe018</run_address>
         <size>0x8</size>
      </object_component>
      <object_component id="oc-3d">
         <name>.int02</name>
         <load_address>0xffe4</load_address>
         <run_address>0xffe4</run_address>
         <size>0x2</size>
         <input_file_ref idref="fl-a"/>
      </object_component>
      <object_component id="oc-3e">
         <name>.int03</name>
         <load_address>0xffe6</load_address>
         <run_address>0xffe6</run_address>
         <size>0x2</size>
         <input_file_ref idref="fl-39"/>
      </object_component>
      <object_component id="oc-3f">
         <name>.int05</name>
         <load_address>0xffea</load_address>
         <run_address>0xffea</run_address>
         <size>0x2</size>
         <input_file_ref idref="fl-4"/>
      </object_component>
      <object_component id="oc-40">
         <name>.int06</name>
         <load_address>0xffec</load_address>
         <run_address>0xffec</run_address>
         <size>0x2</size>
         <input_file_ref idref="fl-6"/>
      </object_component>
      <object_component id="oc-41">
         <name>.int07</name>
         <load_address>0xffee</load_address>
         <run_address>0xffee</run_address>
         <size>0x2</size>
         <input_file_ref idref="fl-e"/>
      </object_component>
      <object_component id="oc-42">
         <name>.int08</name>
         <load_address>0xfff0</load_address>
         <run_address>0xfff0</run_address>
         <size>0x2</size>
         <input_file_ref idref="fl-3a"/>
      </object_component>
      <object_component id="oc-43">
         <name>.int09</name>
         <load_address>0xfff2</load_address>
         <run_address>0xfff2</run_address>
         <size>0x2</size>
         <input_file_ref idref="fl-9"/>
      </object_component>
      <object_component id="oc-44">
         <name>.int10</name>
         <load_address>0xfff4</load_address>
         <run_address>0xfff4</run_address>
         <size>0x2</size>
         <input_file_ref idref="fl-3b"/>
      </object_component>
      <object_component id="oc-45">
         <name>.int11</name>
         <load_address>0xfff6</load_address>
         <run_address>0xfff6</run_address>
         <size>0x2</size>
         <input_file_ref idref="fl-3c"/>
      </object_component>
      <object_component id="oc-46">
         <name>.int12</name>
         <load_address>0xfff8</load_address>
         <run_address>0xfff8</run_address>
         <size>0x2</size>
         <input_file_ref idref="fl-3d"/>
      </object_component>
      <object_component id="oc-47">
         <name>.int13</name>
         <load_address>0xfffa</load_address>
         <run_address>0xfffa</run_address>
         <size>0x2</size>
         <input_file_ref idref="fl-3e"/>
      </object_component>
      <object_component id="oc-48">
         <name>.int14</name>
         <load_address>0xfffc</load_address>
         <run_address>0xfffc</run_address>
         <size>0x2</size>
         <input_file_ref idref="fl-3f"/>
      </object_component>
      <object_component id="oc-ae">
         <name>.reset</name>
         <load_address>0xfffe</load_address>
         <run_address>0xfffe</run_address>
         <size>0x2</size>
         <input_file_ref idref="fl-46"/>
      </object_component>
      <object_component id="oc-158">
         <name>.debug_info</name>
         <load_address>0x0</load_address>
         <run_address>0x0</run_address>
         <size>0x289</size>
         <input_file_ref idref="fl-2"/>
      </object_component>
      <object_component id="oc-1e2">
         <name>.debug_info</name>
         <load_address>0x289</load_address>
         <run_address>0x289</run_address>
         <size>0x14c</size>
         <input_file_ref idref="fl-2"/>
      </object_component>
      <object_component id="oc-281">
         <name>.debug_info</name>
         <load_address>0x3d5</load_address>
         <run_address>0x3d5</run_address>
         <size>0x123</size>
         <input_file_ref idref="fl-2"/>
      </object_component>
      <object_component id="oc-287">
         <name>.debug_info</name>
         <load_address>0x4f8</load_address>
         <run_address>0x4f8</run_address>
         <size>0x1a9</size>
         <input_file_ref idref="fl-2"/>
      </object_component>
      <object_component id="oc-363">
         <name>.debug_info</name>
         <load_address>0x6a1</load_address>
         <run_address>0x6a1</run_address>
         <size>0x143</size>
         <input_file_ref idref="fl-2"/>
      </object_component>
      <object_component id="oc-218">
         <name>.debug_info</name>
         <load_address>0x7e4</load_address>
         <run_address>0x7e4</run_address>
         <size>0x200</size>
         <input_file_ref idref="fl-2"/>
      </object_component>
      <object_component id="oc-36f">
         <name>.debug_info</name>
         <load_address>0x9e4</load_address>
         <run_address>0x9e4</run_address>
         <size>0x5a</size>
         <input_file_ref idref="fl-2"/>
      </object_component>
      <object_component id="oc-c7">
         <name>.debug_info</name>
         <load_address>0xa3e</load_address>
         <run_address>0xa3e</run_address>
         <size>0x84</size>
         <input_file_ref idref="fl-2"/>
      </object_component>
      <object_component id="oc-3a7">
         <name>.debug_info</name>
         <load_address>0xac2</load_address>
         <run_address>0xac2</run_address>
         <size>0x2de</size>
         <input_file_ref idref="fl-3"/>
      </object_component>
      <object_component id="oc-18d">
         <name>.debug_info</name>
         <load_address>0xda0</load_address>
         <run_address>0xda0</run_address>
         <size>0x1f5</size>
         <input_file_ref idref="fl-3"/>
      </object_component>
      <object_component id="oc-25f">
         <name>.debug_info</name>
         <load_address>0xf95</load_address>
         <run_address>0xf95</run_address>
         <size>0x26b</size>
         <input_file_ref idref="fl-3"/>
      </object_component>
      <object_component id="oc-264">
         <name>.debug_info</name>
         <load_address>0x1200</load_address>
         <run_address>0x1200</run_address>
         <size>0x275</size>
         <input_file_ref idref="fl-3"/>
      </object_component>
      <object_component id="oc-1c2">
         <name>.debug_info</name>
         <load_address>0x1475</load_address>
         <run_address>0x1475</run_address>
         <size>0xbb</size>
         <input_file_ref idref="fl-3"/>
      </object_component>
      <object_component id="oc-15e">
         <name>.debug_info</name>
         <load_address>0x1530</load_address>
         <run_address>0x1530</run_address>
         <size>0xfe</size>
         <input_file_ref idref="fl-4"/>
      </object_component>
      <object_component id="oc-290">
         <name>.debug_info</name>
         <load_address>0x162e</load_address>
         <run_address>0x162e</run_address>
         <size>0x12b</size>
         <input_file_ref idref="fl-4"/>
      </object_component>
      <object_component id="oc-505">
         <name>.debug_info</name>
         <load_address>0x1759</load_address>
         <run_address>0x1759</run_address>
         <size>0x15e</size>
         <input_file_ref idref="fl-4"/>
      </object_component>
      <object_component id="oc-416">
         <name>.debug_info</name>
         <load_address>0x18b7</load_address>
         <run_address>0x18b7</run_address>
         <size>0x16b</size>
         <input_file_ref idref="fl-4"/>
      </object_component>
      <object_component id="oc-e5">
         <name>.debug_info</name>
         <load_address>0x1a22</load_address>
         <run_address>0x1a22</run_address>
         <size>0x12e</size>
         <input_file_ref idref="fl-4"/>
      </object_component>
      <object_component id="oc-1eb">
         <name>.debug_info</name>
         <load_address>0x1b50</load_address>
         <run_address>0x1b50</run_address>
         <size>0x184</size>
         <input_file_ref idref="fl-5"/>
      </object_component>
      <object_component id="oc-1c9">
         <name>.debug_info</name>
         <load_address>0x1cd4</load_address>
         <run_address>0x1cd4</run_address>
         <size>0x311</size>
         <input_file_ref idref="fl-6"/>
      </object_component>
      <object_component id="oc-162">
         <name>.debug_info</name>
         <load_address>0x1fe5</load_address>
         <run_address>0x1fe5</run_address>
         <size>0x2a0</size>
         <input_file_ref idref="fl-6"/>
      </object_component>
      <object_component id="oc-2b9">
         <name>.debug_info</name>
         <load_address>0x2285</load_address>
         <run_address>0x2285</run_address>
         <size>0x145</size>
         <input_file_ref idref="fl-6"/>
      </object_component>
      <object_component id="oc-2bf">
         <name>.debug_info</name>
         <load_address>0x23ca</load_address>
         <run_address>0x23ca</run_address>
         <size>0x145</size>
         <input_file_ref idref="fl-6"/>
      </object_component>
      <object_component id="oc-432">
         <name>.debug_info</name>
         <load_address>0x250f</load_address>
         <run_address>0x250f</run_address>
         <size>0x141</size>
         <input_file_ref idref="fl-6"/>
      </object_component>
      <object_component id="oc-42c">
         <name>.debug_info</name>
         <load_address>0x2650</load_address>
         <run_address>0x2650</run_address>
         <size>0x141</size>
         <input_file_ref idref="fl-6"/>
      </object_component>
      <object_component id="oc-444">
         <name>.debug_info</name>
         <load_address>0x2791</load_address>
         <run_address>0x2791</run_address>
         <size>0x141</size>
         <input_file_ref idref="fl-6"/>
      </object_component>
      <object_component id="oc-43e">
         <name>.debug_info</name>
         <load_address>0x28d2</load_address>
         <run_address>0x28d2</run_address>
         <size>0x141</size>
         <input_file_ref idref="fl-6"/>
      </object_component>
      <object_component id="oc-2b3">
         <name>.debug_info</name>
         <load_address>0x2a13</load_address>
         <run_address>0x2a13</run_address>
         <size>0x210</size>
         <input_file_ref idref="fl-6"/>
      </object_component>
      <object_component id="oc-438">
         <name>.debug_info</name>
         <load_address>0x2c23</load_address>
         <run_address>0x2c23</run_address>
         <size>0x1d4</size>
         <input_file_ref idref="fl-6"/>
      </object_component>
      <object_component id="oc-426">
         <name>.debug_info</name>
         <load_address>0x2df7</load_address>
         <run_address>0x2df7</run_address>
         <size>0x1d6</size>
         <input_file_ref idref="fl-6"/>
      </object_component>
      <object_component id="oc-166">
         <name>.debug_info</name>
         <load_address>0x2fcd</load_address>
         <run_address>0x2fcd</run_address>
         <size>0x172</size>
         <input_file_ref idref="fl-6"/>
      </object_component>
      <object_component id="oc-172">
         <name>.debug_info</name>
         <load_address>0x313f</load_address>
         <run_address>0x313f</run_address>
         <size>0x149</size>
         <input_file_ref idref="fl-6"/>
      </object_component>
      <object_component id="oc-eb">
         <name>.debug_info</name>
         <load_address>0x3288</load_address>
         <run_address>0x3288</run_address>
         <size>0x156</size>
         <input_file_ref idref="fl-6"/>
      </object_component>
      <object_component id="oc-29a">
         <name>.debug_info</name>
         <load_address>0x33de</load_address>
         <run_address>0x33de</run_address>
         <size>0x13a</size>
         <input_file_ref idref="fl-7"/>
      </object_component>
      <object_component id="oc-4ee">
         <name>.debug_info</name>
         <load_address>0x3518</load_address>
         <run_address>0x3518</run_address>
         <size>0x187</size>
         <input_file_ref idref="fl-7"/>
      </object_component>
      <object_component id="oc-2a0">
         <name>.debug_info</name>
         <load_address>0x369f</load_address>
         <run_address>0x369f</run_address>
         <size>0x13c</size>
         <input_file_ref idref="fl-8"/>
      </object_component>
      <object_component id="oc-3c2">
         <name>.debug_info</name>
         <load_address>0x37db</load_address>
         <run_address>0x37db</run_address>
         <size>0x18a</size>
         <input_file_ref idref="fl-8"/>
      </object_component>
      <object_component id="oc-47d">
         <name>.debug_info</name>
         <load_address>0x3965</load_address>
         <run_address>0x3965</run_address>
         <size>0x22d</size>
         <input_file_ref idref="fl-9"/>
      </object_component>
      <object_component id="oc-179">
         <name>.debug_info</name>
         <load_address>0x3b92</load_address>
         <run_address>0x3b92</run_address>
         <size>0x100</size>
         <input_file_ref idref="fl-9"/>
      </object_component>
      <object_component id="oc-35f">
         <name>.debug_info</name>
         <load_address>0x3c92</load_address>
         <run_address>0x3c92</run_address>
         <size>0x122</size>
         <input_file_ref idref="fl-9"/>
      </object_component>
      <object_component id="oc-2a6">
         <name>.debug_info</name>
         <load_address>0x3db4</load_address>
         <run_address>0x3db4</run_address>
         <size>0x149</size>
         <input_file_ref idref="fl-9"/>
      </object_component>
      <object_component id="oc-32e">
         <name>.debug_info</name>
         <load_address>0x3efd</load_address>
         <run_address>0x3efd</run_address>
         <size>0x1f5</size>
         <input_file_ref idref="fl-9"/>
      </object_component>
      <object_component id="oc-214">
         <name>.debug_info</name>
         <load_address>0x40f2</load_address>
         <run_address>0x40f2</run_address>
         <size>0x16e</size>
         <input_file_ref idref="fl-9"/>
      </object_component>
      <object_component id="oc-337">
         <name>.debug_info</name>
         <load_address>0x4260</load_address>
         <run_address>0x4260</run_address>
         <size>0x14f</size>
         <input_file_ref idref="fl-9"/>
      </object_component>
      <object_component id="oc-f8">
         <name>.debug_info</name>
         <load_address>0x43af</load_address>
         <run_address>0x43af</run_address>
         <size>0x140</size>
         <input_file_ref idref="fl-9"/>
      </object_component>
      <object_component id="oc-1bd">
         <name>.debug_info</name>
         <load_address>0x44ef</load_address>
         <run_address>0x44ef</run_address>
         <size>0x249</size>
         <input_file_ref idref="fl-a"/>
      </object_component>
      <object_component id="oc-155">
         <name>.debug_info</name>
         <load_address>0x4738</load_address>
         <run_address>0x4738</run_address>
         <size>0x105</size>
         <input_file_ref idref="fl-a"/>
      </object_component>
      <object_component id="oc-4fa">
         <name>.debug_info</name>
         <load_address>0x483d</load_address>
         <run_address>0x483d</run_address>
         <size>0x177</size>
         <input_file_ref idref="fl-a"/>
      </object_component>
      <object_component id="oc-40d">
         <name>.debug_info</name>
         <load_address>0x49b4</load_address>
         <run_address>0x49b4</run_address>
         <size>0x17b</size>
         <input_file_ref idref="fl-a"/>
      </object_component>
      <object_component id="oc-295">
         <name>.debug_info</name>
         <load_address>0x4b2f</load_address>
         <run_address>0x4b2f</run_address>
         <size>0x144</size>
         <input_file_ref idref="fl-a"/>
      </object_component>
      <object_component id="oc-2f8">
         <name>.debug_info</name>
         <load_address>0x4c73</load_address>
         <run_address>0x4c73</run_address>
         <size>0x15a</size>
         <input_file_ref idref="fl-a"/>
      </object_component>
      <object_component id="oc-3f3">
         <name>.debug_info</name>
         <load_address>0x4dcd</load_address>
         <run_address>0x4dcd</run_address>
         <size>0x16e</size>
         <input_file_ref idref="fl-a"/>
      </object_component>
      <object_component id="oc-3f9">
         <name>.debug_info</name>
         <load_address>0x4f3b</load_address>
         <run_address>0x4f3b</run_address>
         <size>0x18b</size>
         <input_file_ref idref="fl-a"/>
      </object_component>
      <object_component id="oc-34b">
         <name>.debug_info</name>
         <load_address>0x50c6</load_address>
         <run_address>0x50c6</run_address>
         <size>0x17a</size>
         <input_file_ref idref="fl-a"/>
      </object_component>
      <object_component id="oc-db">
         <name>.debug_info</name>
         <load_address>0x5240</load_address>
         <run_address>0x5240</run_address>
         <size>0x13d</size>
         <input_file_ref idref="fl-a"/>
      </object_component>
      <object_component id="oc-3a8">
         <name>.debug_info</name>
         <load_address>0x537d</load_address>
         <run_address>0x537d</run_address>
         <size>0x2e5</size>
         <input_file_ref idref="fl-b"/>
      </object_component>
      <object_component id="oc-1cc">
         <name>.debug_info</name>
         <load_address>0x5662</load_address>
         <run_address>0x5662</run_address>
         <size>0xfb</size>
         <input_file_ref idref="fl-b"/>
      </object_component>
      <object_component id="oc-2b0">
         <name>.debug_info</name>
         <load_address>0x575d</load_address>
         <run_address>0x575d</run_address>
         <size>0x140</size>
         <input_file_ref idref="fl-b"/>
      </object_component>
      <object_component id="oc-587">
         <name>.debug_info</name>
         <load_address>0x589d</load_address>
         <run_address>0x589d</run_address>
         <size>0x1b5</size>
         <input_file_ref idref="fl-b"/>
      </object_component>
      <object_component id="oc-343">
         <name>.debug_info</name>
         <load_address>0x5a52</load_address>
         <run_address>0x5a52</run_address>
         <size>0x1e6</size>
         <input_file_ref idref="fl-b"/>
      </object_component>
      <object_component id="oc-16e">
         <name>.debug_info</name>
         <load_address>0x5c38</load_address>
         <run_address>0x5c38</run_address>
         <size>0x15e</size>
         <input_file_ref idref="fl-b"/>
      </object_component>
      <object_component id="oc-26d">
         <name>.debug_info</name>
         <load_address>0x5d96</load_address>
         <run_address>0x5d96</run_address>
         <size>0x72</size>
         <input_file_ref idref="fl-b"/>
      </object_component>
      <object_component id="oc-1dc">
         <name>.debug_info</name>
         <load_address>0x5e08</load_address>
         <run_address>0x5e08</run_address>
         <size>0x144</size>
         <input_file_ref idref="fl-c"/>
      </object_component>
      <object_component id="oc-369">
         <name>.debug_info</name>
         <load_address>0x5f4c</load_address>
         <run_address>0x5f4c</run_address>
         <size>0x14a</size>
         <input_file_ref idref="fl-c"/>
      </object_component>
      <object_component id="oc-456">
         <name>.debug_info</name>
         <load_address>0x6096</load_address>
         <run_address>0x6096</run_address>
         <size>0x2f2</size>
         <input_file_ref idref="fl-d"/>
      </object_component>
      <object_component id="oc-41d">
         <name>.debug_info</name>
         <load_address>0x6388</load_address>
         <run_address>0x6388</run_address>
         <size>0x15d</size>
         <input_file_ref idref="fl-d"/>
      </object_component>
      <object_component id="oc-44a">
         <name>.debug_info</name>
         <load_address>0x64e5</load_address>
         <run_address>0x64e5</run_address>
         <size>0x276</size>
         <input_file_ref idref="fl-d"/>
      </object_component>
      <object_component id="oc-308">
         <name>.debug_info</name>
         <load_address>0x675b</load_address>
         <run_address>0x675b</run_address>
         <size>0x3cb</size>
         <input_file_ref idref="fl-d"/>
      </object_component>
      <object_component id="oc-348">
         <name>.debug_info</name>
         <load_address>0x6b26</load_address>
         <run_address>0x6b26</run_address>
         <size>0x4bc</size>
         <input_file_ref idref="fl-e"/>
      </object_component>
      <object_component id="oc-583">
         <name>.debug_info</name>
         <load_address>0x6fe2</load_address>
         <run_address>0x6fe2</run_address>
         <size>0x10e</size>
         <input_file_ref idref="fl-e"/>
      </object_component>
      <object_component id="oc-332">
         <name>.debug_info</name>
         <load_address>0x70f0</load_address>
         <run_address>0x70f0</run_address>
         <size>0x110</size>
         <input_file_ref idref="fl-e"/>
      </object_component>
      <object_component id="oc-1f1">
         <name>.debug_info</name>
         <load_address>0x7200</load_address>
         <run_address>0x7200</run_address>
         <size>0x1a2</size>
         <input_file_ref idref="fl-e"/>
      </object_component>
      <object_component id="oc-208">
         <name>.debug_info</name>
         <load_address>0x73a2</load_address>
         <run_address>0x73a2</run_address>
         <size>0x1cd</size>
         <input_file_ref idref="fl-e"/>
      </object_component>
      <object_component id="oc-329">
         <name>.debug_info</name>
         <load_address>0x756f</load_address>
         <run_address>0x756f</run_address>
         <size>0x163</size>
         <input_file_ref idref="fl-e"/>
      </object_component>
      <object_component id="oc-485">
         <name>.debug_info</name>
         <load_address>0x76d2</load_address>
         <run_address>0x76d2</run_address>
         <size>0x18e</size>
         <input_file_ref idref="fl-e"/>
      </object_component>
      <object_component id="oc-33d">
         <name>.debug_info</name>
         <load_address>0x7860</load_address>
         <run_address>0x7860</run_address>
         <size>0x22b</size>
         <input_file_ref idref="fl-e"/>
      </object_component>
      <object_component id="oc-48f">
         <name>.debug_info</name>
         <load_address>0x7a8b</load_address>
         <run_address>0x7a8b</run_address>
         <size>0x202</size>
         <input_file_ref idref="fl-e"/>
      </object_component>
      <object_component id="oc-f3">
         <name>.debug_info</name>
         <load_address>0x7c8d</load_address>
         <run_address>0x7c8d</run_address>
         <size>0x18b</size>
         <input_file_ref idref="fl-e"/>
      </object_component>
      <object_component id="oc-403">
         <name>.debug_info</name>
         <load_address>0x7e18</load_address>
         <run_address>0x7e18</run_address>
         <size>0x48</size>
         <input_file_ref idref="fl-e"/>
      </object_component>
      <object_component id="oc-49d">
         <name>.debug_info</name>
         <load_address>0x7e60</load_address>
         <run_address>0x7e60</run_address>
         <size>0x86</size>
         <input_file_ref idref="fl-e"/>
      </object_component>
      <object_component id="oc-502">
         <name>.debug_info</name>
         <load_address>0x7ee6</load_address>
         <run_address>0x7ee6</run_address>
         <size>0x1a8</size>
         <input_file_ref idref="fl-10"/>
      </object_component>
      <object_component id="oc-400">
         <name>.debug_info</name>
         <load_address>0x808e</load_address>
         <run_address>0x808e</run_address>
         <size>0x102</size>
[...]
      <symbol id="sm-555">
         <name>__mspabi_func_epilog_6</name>
         <value>0x23ce</value>
         <object_component_ref idref="oc-bc"/>
      </symbol>
      <symbol id="sm-556">
         <name>__mspabi_func_epilog_7</name>
         <value>0x23cc</value>
         <object_component_ref idref="oc-bc"/>
      </symbol>
      <symbol id="sm-557">
         <name>__mspabi_func_epilog_4</name>
         <value>0x23d2</value>
         <object_component_ref idref="oc-bc"/>
      </symbol>
      <symbol id="sm-558">
         <name>__mspabi_func_epilog_5</name>
         <value>0x23d0</value>
         <object_component_ref idref="oc-bc"/>
      </symbol>
      <symbol id="sm-567">
         <name>__mspabi_fixfu</name>
         <value>0x1c28</value>
         <object_component_ref idref="oc-54b"/>
      </symbol>
      <symbol id="sm-572">
         <name>__mspabi_fltuf</name>
         <value>0x20b4</value>
         <object_component_ref idref="oc-53a"/>
      </symbol>
      <symbol id="sm-575">
         <name>__TI_int03</name>
         <value>0xffe6</value>
         <object_component_ref idref="oc-3e"/>
      </symbol>
      <symbol id="sm-578">
         <name>__TI_int08</name>
         <value>0xfff0</value>
         <object_component_ref idref="oc-42"/>
      </symbol>
      <symbol id="sm-57b">
         <name>__TI_int10</name>
         <value>0xfff4</value>
         <object_component_ref idref="oc-44"/>
      </symbol>
      <symbol id="sm-57e">
         <name>__TI_int11</name>
         <value>0xfff6</value>
         <object_component_ref idref="oc-45"/>
      </symbol>
      <symbol id="sm-581">
         <name>__TI_int12</name>
         <value>0xfff8</value>
         <object_component_ref idref="oc-46"/>
      </symbol>
      <symbol id="sm-584">
         <name>__TI_int13</name>
         <value>0xfffa</value>
         <object_component_ref idref="oc-47"/>
      </symbol>
      <symbol id="sm-587">
         <name>__TI_int14</name>
         <value>0xfffc</value>
         <object_component_ref idref="oc-48"/>
      </symbol>
      <symbol id="sm-58f">
         <name>__TI_ISR_TRAP</name>
         <value>0x2450</value>
         <object_component_ref idref="oc-df"/>
      </symbol>
      <symbol id="sm-597">
         <name>__mspabi_slli</name>
         <value>0x1f90</value>
         <object_component_ref idref="oc-b2"/>
      </symbol>
      <symbol id="sm-598">
         <name>__mspabi_slli_9</name>
         <value>0x1fa8</value>
         <object_component_ref idref="oc-b2"/>
      </symbol>
      <symbol id="sm-599">
         <name>__mspabi_slli_8</name>
         <value>0x1faa</value>
         <object_component_ref idref="oc-b2"/>
      </symbol>
      <symbol id="sm-59a">
         <name>__mspabi_slli_7</name>
         <value>0x1fac</value>
         <object_component_ref idref="oc-b2"/>
      </symbol>
      <symbol id="sm-59b">
         <name>__mspabi_slli_6</name>
         <value>0x1fae</value>
         <object_component_ref idref="oc-b2"/>
      </symbol>
      <symbol id="sm-59c">
         <name>__mspabi_slli_5</name>
         <value>0x1fb0</value>
         <object_component_ref idref="oc-b2"/>
      </symbol>
      <symbol id="sm-59d">
         <name>__mspabi_slli_4</name>
         <value>0x1fb2</value>
         <object_component_ref idref="oc-b2"/>
      </symbol>
      <symbol id="sm-59e">
         <name>__mspabi_slli_3</name>
         <value>0x1fb4</value>
         <object_component_ref idref="oc-b2"/>
      </symbol>
      <symbol id="sm-59f">
         <name>__mspabi_slli_2</name>
         <value>0x1fb6</value>
         <object_component_ref idref="oc-b2"/>
      </symbol>
      <symbol id="sm-5a0">
         <name>__mspabi_slli_1</name>
         <value>0x1fb8</value>
         <object_component_ref idref="oc-b2"/>
      </symbol>
      <symbol id="sm-5a1">
         <name>__mspabi_slli_15</name>
         <value>0x1f9c</value>
         <object_component_ref idref="oc-b2"/>
      </symbol>
      <symbol id="sm-5a2">
         <name>__mspabi_slli_14</name>
         <value>0x1f9e</value>
         <object_component_ref idref="oc-b2"/>
      </symbol>
      <symbol id="sm-5a3">
         <name>__mspabi_slli_13</name>
         <value>0x1fa0</value>
         <object_component_ref idref="oc-b2"/>
      </symbol>
      <symbol id="sm-5a4">
         <name>__mspabi_slli_12</name>
         <value>0x1fa2</value>
         <object_component_ref idref="oc-b2"/>
      </symbol>
      <symbol id="sm-5a5">
         <name>__mspabi_slli_11</name>
         <value>0x1fa4</value>
         <object_component_ref idref="oc-b2"/>
      </symbol>
      <symbol id="sm-5a6">
         <name>__mspabi_slli_10</name>
         <value>0x1fa6</value>
         <object_component_ref idref="oc-b2"/>
      </symbol>
      <symbol id="sm-5ae">
         <name>__mspabi_srli_8</name>
         <value>0x1b28</value>
         <object_component_ref idref="oc-b7"/>
      </symbol>
      <symbol id="sm-5af">
         <name>__mspabi_srli_9</name>
         <value>0x1b24</value>
         <object_component_ref idref="oc-b7"/>
      </symbol>
      <symbol id="sm-5b0">
         <name>__mspabi_srli_6</name>
         <value>0x1b30</value>
         <object_component_ref idref="oc-b7"/>
      </symbol>
      <symbol id="sm-5b1">
         <name>__mspabi_srli_7</name>
         <value>0x1b2c</value>
         <object_component_ref idref="oc-b7"/>
      </symbol>
      <symbol id="sm-5b2">
         <name>__mspabi_srli_4</name>
         <value>0x1b38</value>
         <object_component_ref idref="oc-b7"/>
      </symbol>
      <symbol id="sm-5b3">
         <name>__mspabi_srli_5</name>
         <value>0x1b34</value>
         <object_component_ref idref="oc-b7"/>
      </symbol>
      <symbol id="sm-5b4">
         <name>__mspabi_srli_2</name>
         <value>0x1b40</value>
         <object_component_ref idref="oc-b7"/>
      </symbol>
      <symbol id="sm-5b5">
         <name>__mspabi_srli_3</name>
         <value>0x1b3c</value>
         <object_component_ref idref="oc-b7"/>
      </symbol>
      <symbol id="sm-5b6">
         <name>__mspabi_srli_1</name>
         <value>0x1b44</value>
         <object_component_ref idref="oc-b7"/>
      </symbol>
      <symbol id="sm-5b7">
         <name>__mspabi_srli</name>
         <value>0x1afe</value>
         <object_component_ref idref="oc-b7"/>
      </symbol>
      <symbol id="sm-5b8">
         <name>__mspabi_srli_15</name>
         <value>0x1b0c</value>
         <object_component_ref idref="oc-b7"/>
      </symbol>
      <symbol id="sm-5b9">
         <name>__mspabi_srli_14</name>
         <value>0x1b10</value>
         <object_component_ref idref="oc-b7"/>
      </symbol>
      <symbol id="sm-5ba">
         <name>__mspabi_srli_13</name>
         <value>0x1b14</value>
         <object_component_ref idref="oc-b7"/>
      </symbol>
      <symbol id="sm-5bb">
         <name>__mspabi_srli_12</name>
         <value>0x1b18</value>
         <object_component_ref idref="oc-b7"/>
      </symbol>
      <symbol id="sm-5bc">
         <name>__mspabi_srli_11</name>
         <value>0x1b1c</value>
         <object_component_ref idref="oc-b7"/>
      </symbol>
      <symbol id="sm-5bd">
         <name>__mspabi_srli_10</name>
         <value>0x1b20</value>
         <object_component_ref idref="oc-b7"/>
      </symbol>
      <symbol id="sm-5cd">
         <name>__mspabi_srll_8</name>
         <value>0x17ea</value>
         <object_component_ref idref="oc-3b3"/>
      </symbol>
      <symbol id="sm-5ce">
         <name>__mspabi_srll_9</name>
         <value>0x17e4</value>
         <object_component_ref idref="oc-3b3"/>
      </symbol>
      <symbol id="sm-5cf">
         <name>__mspabi_srll_6</name>
         <value>0x17f6</value>
         <object_component_ref idref="oc-3b3"/>
      </symbol>
      <symbol id="sm-5d0">
         <name>__mspabi_srll_7</name>
         <value>0x17f0</value>
         <object_component_ref idref="oc-3b3"/>
      </symbol>
      <symbol id="sm-5d1">
         <name>__mspabi_srll_4</name>
         <value>0x1802</value>
         <object_component_ref idref="oc-3b3"/>
      </symbol>
      <symbol id="sm-5d2">
         <name>__mspabi_srll_5</name>
         <value>0x17fc</value>
         <object_component_ref idref="oc-3b3"/>
      </symbol>
      <symbol id="sm-5d3">
         <name>__mspabi_srll_2</name>
         <value>0x180e</value>
         <object_component_ref idref="oc-3b3"/>
      </symbol>
      <symbol id="sm-5d4">
         <name>__mspabi_srll_3</name>
         <value>0x1808</value>
         <object_component_ref idref="oc-3b3"/>
      </symbol>
      <symbol id="sm-5d5">
         <name>__mspabi_srll_1</name>
         <value>0x1814</value>
         <object_component_ref idref="oc-3b3"/>
      </symbol>
      <symbol id="sm-5d6">
         <name>__mspabi_srll_15</name>
         <value>0x17c0</value>
         <object_component_ref idref="oc-3b3"/>
      </symbol>
      <symbol id="sm-5d7">
         <name>__mspabi_srll_14</name>
         <value>0x17c6</value>
         <object_component_ref idref="oc-3b3"/>
      </symbol>
      <symbol id="sm-5d8">
         <name>__mspabi_srll_13</name>
         <value>0x17cc</value>
         <object_component_ref idref="oc-3b3"/>
      </symbol>
      <symbol id="sm-5d9">
         <name>__mspabi_srll_12</name>
         <value>0x17d2</value>
         <object_component_ref idref="oc-3b3"/>
      </symbol>
      <symbol id="sm-5da">
         <name>__mspabi_srll_11</name>
         <value>0x17d8</value>
         <object_component_ref idref="oc-3b3"/>
      </symbol>
      <symbol id="sm-5db">
         <name>__mspabi_srll_10</name>
         <value>0x17de</value>
         <object_component_ref idref="oc-3b3"/>
      </symbol>
      <symbol id="sm-5dc">
         <name>__mspabi_srll</name>
         <value>0x2386</value>
         <object_component_ref idref="oc-575"/>
      </symbol>
      <symbol id="sm-5e6">
         <name>__mspabi_mpyi_sw</name>
         <value>0x232a</value>
         <object_component_ref idref="oc-4d6"/>
      </symbol>
      <symbol id="sm-5e7">
         <name>__mspabi_mpyi</name>
         <value>0x232a</value>
         <object_component_ref idref="oc-4d6"/>
      </symbol>
      <symbol id="sm-5f1">
         <name>__mspabi_mpyl_sw</name>
         <value>0x208e</value>
         <object_component_ref idref="oc-3ae"/>
      </symbol>
      <symbol id="sm-5f2">
         <name>__mspabi_mpyl</name>
         <value>0x208e</value>
         <object_component_ref idref="oc-3ae"/>
      </symbol>
      <symbol id="sm-602">
         <name>_stack</name>
         <value>0x3b0</value>
         <object_component_ref idref="oc-ab"/>
      </symbol>
      <symbol id="sm-603">
         <name>_c_int00_noargs</name>
         <value>0x21b2</value>
         <object_component_ref idref="oc-10e"/>
      </symbol>
      <symbol id="sm-604">
         <name>_reset_vector</name>
         <value>0xfffe</value>
         <object_component_ref idref="oc-ae"/>
      </symbol>
      <symbol id="sm-626">
         <name>__TI_auto_init_nobinit_nopinit</name>
         <value>0x1cf6</value>
         <object_component_ref idref="oc-22a"/>
      </symbol>
      <symbol id="sm-63e">
         <name>__TI_zero_init_nomemset</name>
         <value>0x2316</value>
         <object_component_ref idref="oc-fc"/>
      </symbol>
      <symbol id="sm-649">
         <name>_system_pre_init</name>
         <value>0x24b0</value>
         <object_component_ref idref="oc-184"/>
      </symbol>
      <symbol id="sm-652">
         <name>_system_post_cinit</name>
         <value>0x24b6</value>
         <object_component_ref idref="oc-386"/>
      </symbol>
      <symbol id="sm-668">
         <name>__TI_decompress_none</name>
         <value>0x2350</value>
         <object_component_ref idref="oc-37"/>
      </symbol>
      <symbol id="sm-68b">
         <name>__TI_decompress_lzss</name>
         <value>0x1458</value>
         <object_component_ref idref="oc-31"/>
      </symbol>
      <symbol id="sm-6a1">
         <name>__mspabi_cvtfd</name>
         <value>0x162c</value>
         <object_component_ref idref="oc-53f"/>
      </symbol>
      <symbol id="sm-6b6">
         <name>__mspabi_fixdul</name>
         <value>0x154a</value>
         <object_component_ref idref="oc-468"/>
      </symbol>
      <symbol id="sm-6bf">
         <name>__mspabi_fltud</name>
         <value>0x2470</value>
         <object_component_ref idref="oc-45c"/>
      </symbol>
      <symbol id="sm-6d4">
         <name>__mspabi_fltuld</name>
         <value>0x1350</value>
         <object_component_ref idref="oc-55c"/>
      </symbol>
      <symbol id="sm-6f6">
         <name>__mspabi_mpyd</name>
         <value>0x286</value>
         <object_component_ref idref="oc-462"/>
      </symbol>
      <symbol id="sm-709">
         <name>__mspabi_cvtdf</name>
         <value>0x12c4</value>
         <object_component_ref idref="oc-545"/>
      </symbol>
      <symbol id="sm-713">
         <name>C$$EXIT</name>
         <value>0x2476</value>
         <object_component_ref idref="oc-21e"/>
      </symbol>
      <symbol id="sm-714">
         <name>abort</name>
         <value>0x2476</value>
         <object_component_ref idref="oc-21e"/>
      </symbol>
      <symbol id="sm-72a">
         <name>_nop</name>
         <value>0x24b4</value>
         <object_component_ref idref="oc-4b7"/>
      </symbol>
      <symbol id="sm-72b">
         <name>_lock</name>
         <value>0x384</value>
         <object_component_ref idref="oc-378"/>
      </symbol>
      <symbol id="sm-72c">
         <name>_unlock</name>
         <value>0x386</value>
         <object_component_ref idref="oc-381"/>
      </symbol>
      <symbol id="sm-73b">
         <name>memcpy</name>
         <value>0x2398</value>
         <object_component_ref idref="oc-cc"/>
      </symbol>
      <symbol id="sm-7c1">
         <name>_sys_memory</name>
         <value>0x330</value>
         <object_component_ref idref="oc-af"/>
      </symbol>
      <symbol id="sm-7c2">
         <name>free</name>
         <value>0xe3a</value>
         <object_component_ref idref="oc-551"/>
      </symbol>
      <symbol id="sm-7c3">
         <name>realloc</name>
         <value>0xf04</value>
         <object_component_ref idref="oc-522"/>
      </symbol>
      <symbol id="sm-7c4">
         <name>memalign</name>
         <value>0xc88</value>
         <object_component_ref idref="oc-5a1"/>
      </symbol>
      <symbol id="sm-7c5">
         <name>malloc</name>
         <value>0x2458</value>
         <object_component_ref idref="oc-516"/>
      </symbol>
      <symbol id="sm-7c6">
         <name>aligned_alloc</name>
         <value>0xc88</value>
         <object_component_ref idref="oc-5a1"/>
      </symbol>
      <symbol id="sm-7d0">
         <name>__abort_execution</name>
         <value>0x24ac</value>
         <object_component_ref idref="oc-50c"/>
      </symbol>
      <symbol id="sm-7d8">
         <name>__mspabi_sral_15</name>
         <value>0x1d38</value>
         <object_component_ref idref="oc-5c8"/>
      </symbol>
      <symbol id="sm-7d9">
         <name>__mspabi_sral_14</name>
         <value>0x1d3c</value>
         <object_component_ref idref="oc-5c8"/>
      </symbol>
      <symbol id="sm-7da">
         <name>__mspabi_sral_13</name>
         <value>0x1d40</value>
         <object_component_ref idref="oc-5c8"/>
      </symbol>
      <symbol id="sm-7db">
         <name>__mspabi_sral_12</name>
         <value>0x1d44</value>
         <object_component_ref idref="oc-5c8"/>
      </symbol>
      <symbol id="sm-7dc">
         <name>__mspabi_sral_11</name>
         <value>0x1d48</value>
         <object_component_ref idref="oc-5c8"/>
      </symbol>
      <symbol id="sm-7dd">
         <name>__mspabi_sral_10</name>
         <value>0x1d4c</value>
         <object_component_ref idref="oc-5c8"/>
      </symbol>
      <symbol id="sm-7de">
         <name>__mspabi_sral_8</name>
         <value>0x1d54</value>
         <object_component_ref idref="oc-5c8"/>
      </symbol>
      <symbol id="sm-7df">
         <name>__mspabi_sral_9</name>
         <value>0x1d50</value>
         <object_component_ref idref="oc-5c8"/>
      </symbol>
      <symbol id="sm-7e0">
         <name>__mspabi_sral_6</name>
         <value>0x1d5c</value>
         <object_component_ref idref="oc-5c8"/>
      </symbol>
      <symbol id="sm-7e1">
         <name>__mspabi_sral_7</name>
         <value>0x1d58</value>
         <object_component_ref idref="oc-5c8"/>
      </symbol>
      <symbol id="sm-7e2">
         <name>__mspabi_sral_4</name>
         <value>0x1d64</value>
         <object_component_ref idref="oc-5c8"/>
      </symbol>
      <symbol id="sm-7e3">
         <name>__mspabi_sral_5</name>
         <value>0x1d60</value>
         <object_component_ref idref="oc-5c8"/>
      </symbol>
      <symbol id="sm-7e4">
         <name>__mspabi_sral_2</name>
         <value>0x1d6c</value>
         <object_component_ref idref="oc-5c8"/>
      </symbol>
      <symbol id="sm-7e5">
         <name>__mspabi_sral_3</name>
         <value>0x1d68</value>
         <object_component_ref idref="oc-5c8"/>
      </symbol>
      <symbol id="sm-7e6">
         <name>__mspabi_sral_1</name>
         <value>0x1d70</value>
         <object_component_ref idref="oc-5c8"/>
      </symbol>
      <symbol id="sm-7ef">
         <name>__mspabi_slll_9</name>
         <value>0x1d8e</value>
         <object_component_ref idref="oc-570"/>
      </symbol>
      <symbol id="sm-7f0">
         <name>__mspabi_slll_8</name>
         <value>0x1d92</value>
         <object_component_ref idref="oc-570"/>
      </symbol>
      <symbol id="sm-7f1">
         <name>__mspabi_slll_7</name>
         <value>0x1d96</value>
         <object_component_ref idref="oc-570"/>
      </symbol>
      <symbol id="sm-7f2">
         <name>__mspabi_slll_6</name>
         <value>0x1d9a</value>
         <object_component_ref idref="oc-570"/>
      </symbol>
      <symbol id="sm-7f3">
         <name>__mspabi_slll_5</name>
         <value>0x1d9e</value>
         <object_component_ref idref="oc-570"/>
      </symbol>
      <symbol id="sm-7f4">
         <name>__mspabi_slll_4</name>
         <value>0x1da2</value>
         <object_component_ref idref="oc-570"/>
      </symbol>
      <symbol id="sm-7f5">
         <name>__mspabi_slll_3</name>
         <value>0x1da6</value>
         <object_component_ref idref="oc-570"/>
      </symbol>
      <symbol id="sm-7f6">
         <name>__mspabi_slll_2</name>
         <value>0x1daa</value>
         <object_component_ref idref="oc-570"/>
      </symbol>
      <symbol id="sm-7f7">
         <name>__mspabi_slll_1</name>
         <value>0x1dae</value>
         <object_component_ref idref="oc-570"/>
      </symbol>
      <symbol id="sm-7f8">
         <name>__mspabi_slll_15</name>
         <value>0x1d76</value>
         <object_component_ref idref="oc-570"/>
      </symbol>
      <symbol id="sm-7f9">
         <name>__mspabi_slll_14</name>
         <value>0x1d7a</value>
         <object_component_ref idref="oc-570"/>
      </symbol>
      <symbol id="sm-7fa">
         <name>__mspabi_slll_13</name>
         <value>0x1d7e</value>
         <object_component_ref idref="oc-570"/>
      </symbol>
      <symbol id="sm-7fb">
         <name>__mspabi_slll_12</name>
         <value>0x1d82</value>
         <object_component_ref idref="oc-570"/>
      </symbol>
      <symbol id="sm-7fc">
         <name>__mspabi_slll_11</name>
         <value>0x1d86</value>
         <object_component_ref idref="oc-570"/>
      </symbol>
      <symbol id="sm-7fd">
         <name>__mspabi_slll_10</name>
         <value>0x1d8a</value>
         <object_component_ref idref="oc-570"/>
      </symbol>
      <symbol id="sm-80f">
         <name>__TI_frcmpyd</name>
         <value>0x0</value>
         <object_component_ref idref="oc-563"/>
      </symbol>
   </symbol_table>
   <title>Link errors: red sections failed placement,available memory ranges in purple</title>
</link_info>
