<?xml version="1.0" encoding="ISO-8859-1" ?>
<link_info>
   <banner>MSP430 Linker PC v18.12.2.LTS</banner>
   <copyright>Copyright (c) 2003-2018 Texas Instruments Incorporated</copyright>
   <link_time>0x5d41af2c</link_time>
   <link_errors>0x0</link_errors>
   <output_file>PowerMcu Working2.out</output_file>
   <entry_point>
      <name>_c_int00_noargs</name>
      <address>0xfc1c</address>
   </entry_point>
   <input_file_list>
      <input_file id="fl-2">
         <path>.\</path>
         <kind>object</kind>
         <file>core.obj</file>
         <name>core.obj</name>
      </input_file>
      <input_file id="fl-3">
         <path>.\</path>
         <kind>object</kind>
         <file>main.obj</file>
         <name>main.obj</name>
      </input_file>
      <input_file id="fl-4">
         <path>.\hal\</path>
         <kind>object</kind>
         <file>adc.obj</file>
         <name>adc.obj</name>
      </input_file>
      <input_file id="fl-5">
         <path>.\hal\</path>
         <kind>object</kind>
         <file>hal.obj</file>
         <name>hal.obj</name>
      </input_file>
      <input_file id="fl-6">
         <path>.\hal\</path>
         <kind>object</kind>
         <file>i2c.obj</file>
         <name>i2c.obj</name>
      </input_file>
      <input_file id="fl-7">
         <path>.\hal\</path>
         <kind>object</kind>
         <file>intpin.obj</file>
         <name>intpin.obj</name>
      </input_file>
      <input_file id="fl-8">
         <path>.\hal\</path>
         <kind>object</kind>
         <file>mux.obj</file>
         <name>mux.obj</name>
      </input_file>
      <input_file id="fl-9">
         <path>.\hal\</path>
         <kind>object</kind>
         <file>stopwatch.obj</file>
         <name>stopwatch.obj</name>
      </input_file>
      <input_file id="fl-a">
         <path>.\hal\</path>
         <kind>object</kind>
         <file>stopwatchB.obj</file>
         <name>stopwatchB.obj</name>
      </input_file>
      <input_file id="fl-b">
         <path>.\hal\</path>
         <kind>object</kind>
         <file>switches.obj</file>
         <name>switches.obj</name>
      </input_file>
      <input_file id="fl-c">
         <path>.\hal\</path>
         <kind>object</kind>
         <file>uart.obj</file>
         <name>uart.obj</name>
      </input_file>
      <input_file id="fl-d">
         <path>.\hal\</path>
         <kind>object</kind>
         <file>watchdog.obj</file>
         <name>watchdog.obj</name>
      </input_file>
      <input_file id="fl-e">
         <path>.\peripheral\</path>
         <kind>object</kind>
         <file>RailOffCheck.obj</file>
         <name>RailOffCheck.obj</name>
      </input_file>
      <input_file id="fl-f">
         <path>.\peripheral\</path>
         <kind>object</kind>
         <file>battery.obj</file>
         <name>battery.obj</name>
      </input_file>
      <input_file id="fl-10">
         <path>.\peripheral\</path>
         <kind>object</kind>
         <file>comm.obj</file>
         <name>comm.obj</name>
      </input_file>
      <input_file id="fl-11">
         <path>.\peripheral\</path>
         <kind>object</kind>
         <file>deploy.obj</file>
         <name>deploy.obj</name>
      </input_file>
      <input_file id="fl-12">
         <path>.\peripheral\</path>
         <kind>object</kind>
         <file>errormon.obj</file>
         <name>errormon.obj</name>
      </input_file>
      <input_file id="fl-13">
         <path>.\peripheral\</path>
         <kind>object</kind>
         <file>interrupt.obj</file>
         <name>interrupt.obj</name>
      </input_file>
      <input_file id="fl-14">
         <path>.\peripheral\</path>
         <kind>object</kind>
         <file>ocp.obj</file>
         <name>ocp.obj</name>
      </input_file>
      <input_file id="fl-15">
         <path>.\peripheral\</path>
         <kind>object</kind>
         <file>register.obj</file>
         <name>register.obj</name>
      </input_file>
      <input_file id="fl-16">
         <path>.\peripheral\</path>
         <kind>object</kind>
         <file>sense.obj</file>
         <name>sense.obj</name>
      </input_file>
      <input_file id="fl-17">
         <path>.\peripheral\</path>
         <kind>object</kind>
         <file>status.obj</file>
         <name>status.obj</name>
      </input_file>
      <input_file id="fl-18">
         <path>.\util\</path>
         <kind>object</kind>
         <file>DCO_Library.obj</file>
         <name>DCO_Library.obj</name>
      </input_file>
      <input_file id="fl-19">
         <path>.\util\</path>
         <kind>object</kind>
         <file>circ.obj</file>
         <name>circ.obj</name>
      </input_file>
      <input_file id="fl-1a">
         <path>.\util\</path>
         <kind>object</kind>
         <file>crc.obj</file>
         <name>crc.obj</name>
      </input_file>
      <input_file id="fl-1f">
         <kind>object</kind>
         <file>&lt;internal&gt;</file>
         <name>&lt;internal&gt;</name>
      </input_file>
      <input_file id="fl-35">
         <path>C:\ti\ccs910\ccs\tools\compiler\ti-cgt-msp430_18.12.2.LTS\lib\</path>
         <kind>archive</kind>
         <file>rts430_eabi.lib</file>
         <name>asr16.asm.obj</name>
      </input_file>
      <input_file id="fl-36">
         <path>C:\ti\ccs910\ccs\tools\compiler\ti-cgt-msp430_18.12.2.LTS\lib\</path>
         <kind>archive</kind>
         <file>rts430_eabi.lib</file>
         <name>div32u.asm.obj</name>
      </input_file>
      <input_file id="fl-37">
         <path>C:\ti\ccs910\ccs\tools\compiler\ti-cgt-msp430_18.12.2.LTS\lib\</path>
         <kind>archive</kind>
         <file>rts430_eabi.lib</file>
         <name>epilog.asm.obj</name>
      </input_file>
      <input_file id="fl-38">
         <path>C:\ti\ccs910\ccs\tools\compiler\ti-cgt-msp430_18.12.2.LTS\lib\</path>
         <kind>archive</kind>
         <file>rts430_eabi.lib</file>
         <name>fs_tou.asm.obj</name>
      </input_file>
      <input_file id="fl-39">
         <path>C:\ti\ccs910\ccs\tools\compiler\ti-cgt-msp430_18.12.2.LTS\lib\</path>
         <kind>archive</kind>
         <file>rts430_eabi.lib</file>
         <name>fs_utof.asm.obj</name>
      </input_file>
      <input_file id="fl-3a">
         <path>C:\ti\ccs910\ccs\tools\compiler\ti-cgt-msp430_18.12.2.LTS\lib\</path>
         <kind>archive</kind>
         <file>rts430_eabi.lib</file>
         <name>int03.asm.obj</name>
      </input_file>
      <input_file id="fl-3b">
         <path>C:\ti\ccs910\ccs\tools\compiler\ti-cgt-msp430_18.12.2.LTS\lib\</path>
         <kind>archive</kind>
         <file>rts430_eabi.lib</file>
         <name>int08.asm.obj</name>
      </input_file>
      <input_file id="fl-3c">
         <path>C:\ti\ccs910\ccs\tools\compiler\ti-cgt-msp430_18.12.2.LTS\lib\</path>
         <kind>archive</kind>
         <file>rts430_eabi.lib</file>
         <name>int10.asm.obj</name>
      </input_file>
      <input_file id="fl-3d">
         <path>C:\ti\ccs910\ccs\tools\compiler\ti-cgt-msp430_18.12.2.LTS\lib\</path>
         <kind>archive</kind>
         <file>rts430_eabi.lib</file>
         <name>int11.asm.obj</name>
      </input_file>
      <input_file id="fl-3e">
         <path>C:\ti\ccs910\ccs\tools\compiler\ti-cgt-msp430_18.12.2.LTS\lib\</path>
         <kind>archive</kind>
         <file>rts430_eabi.lib</file>
         <name>int12.asm.obj</name>
      </input_file>
      <input_file id="fl-3f">
         <path>C:\ti\ccs910\ccs\tools\compiler\ti-cgt-msp430_18.12.2.LTS\lib\</path>
         <kind>archive</kind>
         <file>rts430_eabi.lib</file>
         <name>int14.asm.obj</name>
      </input_file>
      <input_file id="fl-40">
         <path>C:\ti\ccs910\ccs\tools\compiler\ti-cgt-msp430_18.12.2.LTS\lib\</path>
         <kind>archive</kind>
         <file>rts430_eabi.lib</file>
         <name>isr_trap.asm.obj</name>
      </input_file>
      <input_file id="fl-41">
         <path>C:\ti\ccs910\ccs\tools\compiler\ti-cgt-msp430_18.12.2.LTS\lib\</path>
         <kind>archive</kind>
         <file>rts430_eabi.lib</file>
         <name>lsl16.asm.obj</name>
      </input_file>
      <input_file id="fl-42">
         <path>C:\ti\ccs910\ccs\tools\compiler\ti-cgt-msp430_18.12.2.LTS\lib\</path>
         <kind>archive</kind>
         <file>rts430_eabi.lib</file>
         <name>lsr16.asm.obj</name>
      </input_file>
      <input_file id="fl-43">
         <path>C:\ti\ccs910\ccs\tools\compiler\ti-cgt-msp430_18.12.2.LTS\lib\</path>
         <kind>archive</kind>
         <file>rts430_eabi.lib</file>
         <name>lsr32.asm.obj</name>
      </input_file>
      <input_file id="fl-44">
         <path>C:\ti\ccs910\ccs\tools\compiler\ti-cgt-msp430_18.12.2.LTS\lib\</path>
         <kind>archive</kind>
         <file>rts430_eabi.lib</file>
         <name>mult32.asm.obj</name>
      </input_file>
      <input_file id="fl-45">
         <path>C:\ti\ccs910\ccs\tools\compiler\ti-cgt-msp430_18.12.2.LTS\lib\</path>
         <kind>archive</kind>
         <file>rts430_eabi.lib</file>
         <name>boot.c.obj</name>
      </input_file>
      <input_file id="fl-46">
         <path>C:\ti\ccs910\ccs\tools\compiler\ti-cgt-msp430_18.12.2.LTS\lib\</path>
         <kind>archive</kind>
         <file>rts430_eabi.lib</file>
         <name>autoinit.c.obj</name>
      </input_file>
      <input_file id="fl-47">
         <path>C:\ti\ccs910\ccs\tools\compiler\ti-cgt-msp430_18.12.2.LTS\lib\</path>
         <kind>archive</kind>
         <file>rts430_eabi.lib</file>
         <name>copy_zero_init.c.obj</name>
      </input_file>
      <input_file id="fl-48">
         <path>C:\ti\ccs910\ccs\tools\compiler\ti-cgt-msp430_18.12.2.LTS\lib\</path>
         <kind>archive</kind>
         <file>rts430_eabi.lib</file>
         <name>cpy_tbl.c.obj</name>
      </input_file>
      <input_file id="fl-49">
         <path>C:\ti\ccs910\ccs\tools\compiler\ti-cgt-msp430_18.12.2.LTS\lib\</path>
         <kind>archive</kind>
         <file>rts430_eabi.lib</file>
         <name>mpu_init.c.obj</name>
      </input_file>
      <input_file id="fl-4a">
         <path>C:\ti\ccs910\ccs\tools\compiler\ti-cgt-msp430_18.12.2.LTS\lib\</path>
         <kind>archive</kind>
         <file>rts430_eabi.lib</file>
         <name>pre_init.c.obj</name>
      </input_file>
      <input_file id="fl-4b">
         <path>C:\ti\ccs910\ccs\tools\compiler\ti-cgt-msp430_18.12.2.LTS\lib\</path>
         <kind>archive</kind>
         <file>rts430_eabi.lib</file>
         <name>startup.c.obj</name>
      </input_file>
      <input_file id="fl-4c">
         <path>C:\ti\ccs910\ccs\tools\compiler\ti-cgt-msp430_18.12.2.LTS\lib\</path>
         <kind>archive</kind>
         <file>rts430_eabi.lib</file>
         <name>copy_decompress_none.c.obj</name>
      </input_file>
      <input_file id="fl-4d">
         <path>C:\ti\ccs910\ccs\tools\compiler\ti-cgt-msp430_18.12.2.LTS\lib\</path>
         <kind>archive</kind>
         <file>rts430_eabi.lib</file>
         <name>copy_decompress_lzss.c.obj</name>
      </input_file>
      <input_file id="fl-4e">
         <path>C:\ti\ccs910\ccs\tools\compiler\ti-cgt-msp430_18.12.2.LTS\lib\</path>
         <kind>archive</kind>
         <file>rts430_eabi.lib</file>
         <name>cvtfd.c.obj</name>
      </input_file>
      <input_file id="fl-4f">
         <path>C:\ti\ccs910\ccs\tools\compiler\ti-cgt-msp430_18.12.2.LTS\lib\</path>
         <kind>archive</kind>
         <file>rts430_eabi.lib</file>
         <name>fixdul.c.obj</name>
      </input_file>
      <input_file id="fl-50">
         <path>C:\ti\ccs910\ccs\tools\compiler\ti-cgt-msp430_18.12.2.LTS\lib\</path>
         <kind>archive</kind>
         <file>rts430_eabi.lib</file>
         <name>fltud.c.obj</name>
      </input_file>
      <input_file id="fl-51">
         <path>C:\ti\ccs910\ccs\tools\compiler\ti-cgt-msp430_18.12.2.LTS\lib\</path>
         <kind>archive</kind>
         <file>rts430_eabi.lib</file>
         <name>fltuld.c.obj</name>
      </input_file>
      <input_file id="fl-52">
         <path>C:\ti\ccs910\ccs\tools\compiler\ti-cgt-msp430_18.12.2.LTS\lib\</path>
         <kind>archive</kind>
         <file>rts430_eabi.lib</file>
         <name>mpyd.c.obj</name>
      </input_file>
      <input_file id="fl-53">
         <path>C:\ti\ccs910\ccs\tools\compiler\ti-cgt-msp430_18.12.2.LTS\lib\</path>
         <kind>archive</kind>
         <file>rts430_eabi.lib</file>
         <name>cvtdf.c.obj</name>
      </input_file>
      <input_file id="fl-54">
         <path>C:\ti\ccs910\ccs\tools\compiler\ti-cgt-msp430_18.12.2.LTS\lib\</path>
         <kind>archive</kind>
         <file>rts430_eabi.lib</file>
         <name>exit.c.obj</name>
      </input_file>
      <input_file id="fl-55">
         <path>C:\ti\ccs910\ccs\tools\compiler\ti-cgt-msp430_18.12.2.LTS\lib\</path>
         <kind>archive</kind>
         <file>rts430_eabi.lib</file>
         <name>_lock.c.obj</name>
      </input_file>
      <input_file id="fl-56">
         <path>C:\ti\ccs910\ccs\tools\compiler\ti-cgt-msp430_18.12.2.LTS\lib\</path>
         <kind>archive</kind>
         <file>rts430_eabi.lib</file>
         <name>args_main.c.obj</name>
      </input_file>
      <input_file id="fl-57">
         <path>C:\ti\ccs910\ccs\tools\compiler\ti-cgt-msp430_18.12.2.LTS\lib\</path>
         <kind>archive</kind>
         <file>rts430_eabi.lib</file>
         <name>memcpy.c.obj</name>
      </input_file>
      <input_file id="fl-58">
         <path>C:\ti\ccs910\ccs\tools\compiler\ti-cgt-msp430_18.12.2.LTS\lib\</path>
         <kind>archive</kind>
         <file>rts430_eabi.lib</file>
         <name>asr32.asm.obj</name>
      </input_file>
      <input_file id="fl-59">
         <path>C:\ti\ccs910\ccs\tools\compiler\ti-cgt-msp430_18.12.2.LTS\lib\</path>
         <kind>archive</kind>
         <file>rts430_eabi.lib</file>
         <name>lsl32.asm.obj</name>
      </input_file>
      <input_file id="fl-5a">
         <path>C:\ti\ccs910\ccs\tools\compiler\ti-cgt-msp430_18.12.2.LTS\lib\</path>
         <kind>archive</kind>
         <file>rts430_eabi.lib</file>
         <name>mult16.asm.obj</name>
      </input_file>
      <input_file id="fl-5b">
         <path>C:\ti\ccs910\ccs\tools\compiler\ti-cgt-msp430_18.12.2.LTS\lib\</path>
         <kind>archive</kind>
         <file>rts430_eabi.lib</file>
         <name>exit_gvars.c.obj</name>
      </input_file>
      <input_file id="fl-5c">
         <path>C:\ti\ccs910\ccs\tools\compiler\ti-cgt-msp430_18.12.2.LTS\lib\</path>
         <kind>archive</kind>
         <file>rts430_eabi.lib</file>
         <name>lsr64.c.obj</name>
      </input_file>
      <input_file id="fl-5d">
         <path>C:\ti\ccs910\ccs\tools\compiler\ti-cgt-msp430_18.12.2.LTS\lib\</path>
         <kind>archive</kind>
         <file>rts430_eabi.lib</file>
         <name>frcmpyd.c.obj</name>
      </input_file>
   </input_file_list>
   <object_component_list>
      <object_component id="oc-15d">
         <name>.bss</name>
         <uninitialized>true</uninitialized>
         <run_address>0x290</run_address>
         <size>0x2</size>
         <input_file_ref idref="fl-4"/>
      </object_component>
      <object_component id="oc-161">
         <name>.bss</name>
         <uninitialized>true</uninitialized>
         <run_address>0x272</run_address>
         <size>0x13</size>
         <input_file_ref idref="fl-6"/>
      </object_component>
      <object_component id="oc-34f">
         <name>.bss</name>
         <uninitialized>true</uninitialized>
         <run_address>0x292</run_address>
         <size>0x2</size>
         <input_file_ref idref="fl-9"/>
      </object_component>
      <object_component id="oc-353">
         <name>.bss</name>
         <uninitialized>true</uninitialized>
         <run_address>0x294</run_address>
         <size>0x2</size>
         <input_file_ref idref="fl-a"/>
      </object_component>
      <object_component id="oc-154">
         <name>.bss</name>
         <uninitialized>true</uninitialized>
         <run_address>0x29c</run_address>
         <size>0x1</size>
         <input_file_ref idref="fl-b"/>
      </object_component>
      <object_component id="oc-1c9">
         <name>.bss:rxBuffer</name>
         <uninitialized>true</uninitialized>
         <run_address>0x200</run_address>
         <size>0x42</size>
         <input_file_ref idref="fl-c"/>
      </object_component>
      <object_component id="oc-326">
         <name>.bss:msgBuffer$1</name>
         <uninitialized>true</uninitialized>
         <run_address>0x286</run_address>
         <size>0x6</size>
         <input_file_ref idref="fl-10"/>
      </object_component>
      <object_component id="oc-3f6">
         <name>.bss:errors</name>
         <uninitialized>true</uninitialized>
         <run_address>0x28c</run_address>
         <size>0x4</size>
         <input_file_ref idref="fl-12"/>
      </object_component>
      <object_component id="oc-43e">
         <name>.bss:railStateTransitions</name>
         <uninitialized>true</uninitialized>
         <run_address>0x242</run_address>
         <size>0x30</size>
         <input_file_ref idref="fl-14"/>
      </object_component>
      <object_component id="oc-3d8">
         <name>.bss</name>
         <uninitialized>true</uninitialized>
         <run_address>0x285</run_address>
         <size>0x1</size>
         <input_file_ref idref="fl-17"/>
      </object_component>
      <object_component id="oc-157">
         <name>.common:_wakeReasons</name>
         <uninitialized>true</uninitialized>
         <run_address>0x298</run_address>
         <size>0x2</size>
      </object_component>
      <object_component id="oc-15a">
         <name>.common:_wakeEventsOccurred</name>
         <uninitialized>true</uninitialized>
         <run_address>0x296</run_address>
         <size>0x2</size>
      </object_component>
      <object_component id="oc-486">
         <name>.common:status</name>
         <uninitialized>true</uninitialized>
         <run_address>0x29d</run_address>
         <size>0x1</size>
      </object_component>
      <object_component id="oc-4ea">
         <name>.common:i2c_buff</name>
         <uninitialized>true</uninitialized>
         <run_address>0x29a</run_address>
         <size>0x2</size>
      </object_component>
      <object_component id="oc-179">
         <name>.data</name>
         <load_address>0x322</load_address>
         <run_address>0x322</run_address>
         <size>0x4</size>
         <input_file_ref idref="fl-9"/>
      </object_component>
      <object_component id="oc-17d">
         <name>.data</name>
         <load_address>0x326</load_address>
         <run_address>0x326</run_address>
         <size>0x4</size>
         <input_file_ref idref="fl-a"/>
      </object_component>
      <object_component id="oc-307">
         <name>.data</name>
         <load_address>0x32a</load_address>
         <run_address>0x32a</run_address>
         <size>0x2</size>
         <input_file_ref idref="fl-e"/>
      </object_component>
      <object_component id="oc-4a8">
         <name>.data:responseBuffer</name>
         <load_address>0x29e</load_address>
         <run_address>0x29e</run_address>
         <size>0x80</size>
         <input_file_ref idref="fl-10"/>
      </object_component>
      <object_component id="oc-31d">
         <name>.data</name>
         <load_address>0x32c</load_address>
         <run_address>0x32c</run_address>
         <size>0x1</size>
         <input_file_ref idref="fl-10"/>
      </object_component>
      <object_component id="oc-2fd">
         <name>.data</name>
         <load_address>0x32d</load_address>
         <run_address>0x32d</run_address>
         <size>0x1</size>
         <input_file_ref idref="fl-11"/>
      </object_component>
      <object_component id="oc-3ce">
         <name>.data</name>
         <load_address>0x32e</load_address>
         <run_address>0x32e</run_address>
         <size>0x1</size>
         <input_file_ref idref="fl-13"/>
      </object_component>
      <object_component id="oc-33b">
         <name>.data</name>
         <load_address>0x31e</load_address>
         <run_address>0x31e</run_address>
         <size>0x4</size>
         <input_file_ref idref="fl-14"/>
      </object_component>
      <object_component id="oc-ab">
         <name>.stack</name>
         <uninitialized>true</uninitialized>
         <run_address>0x3b0</run_address>
         <size>0x2</size>
         <input_file_ref idref="fl-45"/>
      </object_component>
      <object_component id="oc-600">
         <name>.stack</name>
         <uninitialized>true</uninitialized>
         <run_address>0x3b0</run_address>
         <size>0x0</size>
      </object_component>
      <object_component id="oc-4ab">
         <name>.text:register_get</name>
         <load_address>0xe000</load_address>
         <run_address>0xe000</run_address>
         <size>0x2a6</size>
         <input_file_ref idref="fl-15"/>
      </object_component>
      <object_component id="oc-585">
         <name>.text:__TI_frcmpyd</name>
         <load_address>0xe2a6</load_address>
         <run_address>0xe2a6</run_address>
         <size>0x286</size>
         <input_file_ref idref="fl-5d"/>
      </object_component>
      <object_component id="oc-546">
         <name>.text:__mspabi_mpyd</name>
         <load_address>0xe52c</load_address>
         <run_address>0xe52c</run_address>
         <size>0x26e</size>
         <input_file_ref idref="fl-52"/>
      </object_component>
      <object_component id="oc-e7">
         <name>.text:USCIAB0TX_ISR</name>
         <load_address>0xe79a</load_address>
         <run_address>0xe79a</run_address>
         <size>0x164</size>
         <input_file_ref idref="fl-6"/>
      </object_component>
      <object_component id="oc-3b2">
         <name>.text</name>
         <load_address>0xe8fe</load_address>
         <run_address>0xe8fe</run_address>
         <size>0xcc</size>
         <input_file_ref idref="fl-18"/>
      </object_component>
      <object_component id="oc-4ed">
         <name>.text:get_battery_telemetry</name>
         <load_address>0xe9ca</load_address>
         <run_address>0xe9ca</run_address>
         <size>0xb0</size>
         <input_file_ref idref="fl-f"/>
      </object_component>
      <object_component id="oc-210">
         <name>.text:ocp_process</name>
         <load_address>0xea7a</load_address>
         <run_address>0xea7a</run_address>
         <size>0xa8</size>
         <input_file_ref idref="fl-14"/>
      </object_component>
      <object_component id="oc-420">
         <name>.text:respond</name>
         <load_address>0xeb22</load_address>
         <run_address>0xeb22</run_address>
         <size>0x9e</size>
         <input_file_ref idref="fl-10"/>
      </object_component>
      <object_component id="oc-4ff">
         <name>.text:convert_adc_to_current</name>
         <load_address>0xebc0</load_address>
         <run_address>0xebc0</run_address>
         <size>0x9c</size>
         <input_file_ref idref="fl-15"/>
      </object_component>
      <object_component id="oc-536">
         <name>.text:apply_equation_to_adc</name>
         <load_address>0xec5c</load_address>
         <run_address>0xec5c</run_address>
         <size>0x9a</size>
         <input_file_ref idref="fl-f"/>
      </object_component>
      <object_component id="oc-570">
         <name>.text:__mspabi_cvtdf</name>
         <load_address>0xecf6</load_address>
         <run_address>0xecf6</run_address>
         <size>0x8c</size>
         <input_file_ref idref="fl-53"/>
      </object_component>
      <object_component id="oc-57e">
         <name>.text:__mspabi_fltuld</name>
         <load_address>0xed82</load_address>
         <run_address>0xed82</run_address>
         <size>0x8a</size>
         <input_file_ref idref="fl-51"/>
      </object_component>
      <object_component id="oc-41a">
         <name>.text:crc_generate</name>
         <load_address>0xee0c</load_address>
         <run_address>0xee0c</run_address>
         <size>0x7e</size>
         <input_file_ref idref="fl-1a"/>
      </object_component>
      <object_component id="oc-31">
         <name>.text:decompress:lzss:__TI_decompress_lzss</name>
         <load_address>0xee8a</load_address>
         <run_address>0xee8a</run_address>
         <size>0x7c</size>
         <input_file_ref idref="fl-4d"/>
      </object_component>
      <object_component id="oc-2f7">
         <name>.text:stopwatch_start</name>
         <load_address>0xef06</load_address>
         <run_address>0xef06</run_address>
         <size>0x76</size>
         <input_file_ref idref="fl-9"/>
      </object_component>
      <object_component id="oc-310">
         <name>.text:stopwatch_startB</name>
         <load_address>0xef7c</load_address>
         <run_address>0xef7c</run_address>
         <size>0x76</size>
         <input_file_ref idref="fl-a"/>
      </object_component>
      <object_component id="oc-54c">
         <name>.text:__mspabi_fixdul</name>
         <load_address>0xeff2</load_address>
         <run_address>0xeff2</run_address>
         <size>0x74</size>
         <input_file_ref idref="fl-4f"/>
      </object_component>
      <object_component id="oc-56a">
         <name>.text:__mspabi_cvtfd</name>
         <load_address>0xf066</load_address>
         <run_address>0xf066</run_address>
         <size>0x68</size>
         <input_file_ref idref="fl-4e"/>
      </object_component>
      <object_component id="oc-327">
         <name>.text:process_packet</name>
         <load_address>0xf0ce</load_address>
         <run_address>0xf0ce</run_address>
         <size>0x64</size>
         <input_file_ref idref="fl-10"/>
      </object_component>
      <object_component id="oc-222">
         <name>.text:core_sleep</name>
         <load_address>0xf132</load_address>
         <run_address>0xf132</run_address>
         <size>0x60</size>
         <input_file_ref idref="fl-2"/>
      </object_component>
      <object_component id="oc-1f8">
         <name>.text:register_set</name>
         <load_address>0xf192</load_address>
         <run_address>0xf192</run_address>
         <size>0x5e</size>
         <input_file_ref idref="fl-15"/>
      </object_component>
      <object_component id="oc-3ad">
         <name>.text:l_lsr_const</name>
         <load_address>0xf1f0</load_address>
         <run_address>0xf1f0</run_address>
         <size>0x5c</size>
         <input_file_ref idref="fl-43"/>
      </object_component>
      <object_component id="oc-18f">
         <name>.text:main</name>
         <load_address>0xf24c</load_address>
         <run_address>0xf24c</run_address>
         <size>0x5c</size>
         <input_file_ref idref="fl-3"/>
      </object_component>
      <object_component id="oc-552">
         <name>.text</name>
         <load_address>0xf2a8</load_address>
         <run_address>0xf2a8</run_address>
         <size>0x58</size>
         <input_file_ref idref="fl-36"/>
      </object_component>
      <object_component id="oc-1cc">
         <name>.text:circ_push</name>
         <load_address>0xf300</load_address>
         <run_address>0xf300</run_address>
         <size>0x54</size>
         <input_file_ref idref="fl-19"/>
      </object_component>
      <object_component id="oc-524">
         <name>.text:i2c_masterRead</name>
         <load_address>0xf354</load_address>
         <run_address>0xf354</run_address>
         <size>0x54</size>
         <input_file_ref idref="fl-6"/>
      </object_component>
      <object_component id="oc-342">
         <name>.text:processBitfield</name>
         <load_address>0xf3a8</load_address>
         <run_address>0xf3a8</run_address>
         <size>0x54</size>
         <input_file_ref idref="fl-14"/>
      </object_component>
      <object_component id="oc-20a">
         <name>.text:comm_process</name>
         <load_address>0xf3fc</load_address>
         <run_address>0xf3fc</run_address>
         <size>0x50</size>
         <input_file_ref idref="fl-10"/>
      </object_component>
      <object_component id="oc-28c">
         <name>.text:calibrate_dco</name>
         <load_address>0xf44c</load_address>
         <run_address>0xf44c</run_address>
         <size>0x4e</size>
         <input_file_ref idref="fl-2"/>
      </object_component>
      <object_component id="oc-427">
         <name>.text:circ_pop</name>
         <load_address>0xf49a</load_address>
         <run_address>0xf49a</run_address>
         <size>0x4c</size>
         <input_file_ref idref="fl-19"/>
      </object_component>
      <object_component id="oc-b4">
         <name>.text</name>
         <load_address>0xf4e6</load_address>
         <run_address>0xf4e6</run_address>
         <size>0x4c</size>
         <input_file_ref idref="fl-42"/>
      </object_component>
      <object_component id="oc-32d">
         <name>.text:uart_rx</name>
         <load_address>0xf532</load_address>
         <run_address>0xf532</run_address>
         <size>0x4c</size>
         <input_file_ref idref="fl-c"/>
      </object_component>
      <object_component id="oc-3bb">
         <name>.text:mux_select</name>
         <load_address>0xf57e</load_address>
         <run_address>0xf57e</run_address>
         <size>0x4a</size>
         <input_file_ref idref="fl-8"/>
      </object_component>
      <object_component id="oc-4b1">
         <name>.text:uart_tx</name>
         <load_address>0xf5c8</load_address>
         <run_address>0xf5c8</run_address>
         <size>0x4a</size>
         <input_file_ref idref="fl-c"/>
      </object_component>
      <object_component id="oc-f3">
         <name>.text:Timer0_A0</name>
         <load_address>0xf612</load_address>
         <run_address>0xf612</run_address>
         <size>0x48</size>
         <input_file_ref idref="fl-9"/>
      </object_component>
      <object_component id="oc-414">
         <name>.text:packet_parse</name>
         <load_address>0xf65a</load_address>
         <run_address>0xf65a</run_address>
         <size>0x48</size>
         <input_file_ref idref="fl-10"/>
      </object_component>
      <object_component id="oc-576">
         <name>.text</name>
         <load_address>0xf6a2</load_address>
         <run_address>0xf6a2</run_address>
         <size>0x46</size>
         <input_file_ref idref="fl-38"/>
      </object_component>
      <object_component id="oc-f9">
         <name>.text:Timer1_A0</name>
         <load_address>0xf6e8</load_address>
         <run_address>0xf6e8</run_address>
         <size>0x44</size>
         <input_file_ref idref="fl-a"/>
      </object_component>
      <object_component id="oc-435">
         <name>.text:map_from_port</name>
         <load_address>0xf72c</load_address>
         <run_address>0xf72c</run_address>
         <size>0x44</size>
         <input_file_ref idref="fl-b"/>
      </object_component>
      <object_component id="oc-48f">
         <name>.text:map_to_port</name>
         <load_address>0xf770</load_address>
         <run_address>0xf770</run_address>
         <size>0x44</size>
         <input_file_ref idref="fl-b"/>
      </object_component>
      <object_component id="oc-235">
         <name>.text:__TI_auto_init_nobinit_nopinit:__TI_auto_init_nobinit_nopinit</name>
         <load_address>0xf7b4</load_address>
         <run_address>0xf7b4</run_address>
         <size>0x42</size>
         <input_file_ref idref="fl-46"/>
      </object_component>
      <object_component id="oc-204">
         <name>.text:checkTOBCOff</name>
         <load_address>0xf7f6</load_address>
         <run_address>0xf7f6</run_address>
         <size>0x3e</size>
         <input_file_ref idref="fl-e"/>
      </object_component>
      <object_component id="oc-5a0">
         <name>.text:l_asr_const</name>
         <load_address>0xf834</load_address>
         <run_address>0xf834</run_address>
         <size>0x3e</size>
         <input_file_ref idref="fl-58"/>
      </object_component>
      <object_component id="oc-592">
         <name>.text:l_lsl_const</name>
         <load_address>0xf872</load_address>
         <run_address>0xf872</run_address>
         <size>0x3e</size>
         <input_file_ref idref="fl-59"/>
      </object_component>
      <object_component id="oc-2b8">
         <name>.text:uart_init</name>
         <load_address>0xf8b0</load_address>
         <run_address>0xf8b0</run_address>
         <size>0x3e</size>
         <input_file_ref idref="fl-c"/>
      </object_component>
      <object_component id="oc-ed">
         <name>.text:USCIAB0RX_ISR</name>
         <load_address>0xf8ee</load_address>
         <run_address>0xf8ee</run_address>
         <size>0x3c</size>
         <input_file_ref idref="fl-10"/>
      </object_component>
      <object_component id="oc-40a">
         <name>.text:errormon_increment</name>
         <load_address>0xf92a</load_address>
         <run_address>0xf92a</run_address>
         <size>0x3c</size>
         <input_file_ref idref="fl-12"/>
      </object_component>
      <object_component id="oc-2be">
         <name>.text:i2c_masterInit</name>
         <load_address>0xf966</load_address>
         <run_address>0xf966</run_address>
         <size>0x38</size>
         <input_file_ref idref="fl-6"/>
      </object_component>
      <object_component id="oc-1f2">
         <name>.text:register_init</name>
         <load_address>0xf99e</load_address>
         <run_address>0xf99e</run_address>
         <size>0x36</size>
         <input_file_ref idref="fl-15"/>
      </object_component>
      <object_component id="oc-278">
         <name>.text:circ_length</name>
         <load_address>0xf9d4</load_address>
         <run_address>0xf9d4</run_address>
         <size>0x34</size>
         <input_file_ref idref="fl-19"/>
      </object_component>
      <object_component id="oc-1fe">
         <name>.text:deploy_wait_to_activate</name>
         <load_address>0xfa08</load_address>
         <run_address>0xfa08</run_address>
         <size>0x32</size>
         <input_file_ref idref="fl-11"/>
      </object_component>
      <object_component id="oc-172">
         <name>.text:i2c_handle_rx_interrupt</name>
         <load_address>0xfa3a</load_address>
         <run_address>0xfa3a</run_address>
         <size>0x2c</size>
         <input_file_ref idref="fl-6"/>
      </object_component>
      <object_component id="oc-27e">
         <name>.text</name>
         <load_address>0xfa66</load_address>
         <run_address>0xfa66</run_address>
         <size>0x2c</size>
         <input_file_ref idref="fl-35"/>
      </object_component>
      <object_component id="oc-af">
         <name>.text</name>
         <load_address>0xfa92</load_address>
         <run_address>0xfa92</run_address>
         <size>0x2c</size>
         <input_file_ref idref="fl-41"/>
      </object_component>
      <object_component id="oc-35d">
         <name>.text:get_next_event</name>
         <load_address>0xfabe</load_address>
         <run_address>0xfabe</run_address>
         <size>0x2a</size>
         <input_file_ref idref="fl-2"/>
      </object_component>
      <object_component id="oc-512">
         <name>.text:i2c_masterWrite</name>
         <load_address>0xfae8</load_address>
         <run_address>0xfae8</run_address>
         <size>0x2a</size>
         <input_file_ref idref="fl-6"/>
      </object_component>
      <object_component id="oc-3a8">
         <name>.text</name>
         <load_address>0xfb12</load_address>
         <run_address>0xfb12</run_address>
         <size>0x26</size>
         <input_file_ref idref="fl-44"/>
      </object_component>
      <object_component id="oc-565">
         <name>.text</name>
         <load_address>0xfb38</load_address>
         <run_address>0xfb38</run_address>
         <size>0x24</size>
         <input_file_ref idref="fl-39"/>
      </object_component>
      <object_component id="oc-509">
         <name>.text:adc_convert</name>
         <load_address>0xfb5c</load_address>
         <run_address>0xfb5c</run_address>
         <size>0x22</size>
         <input_file_ref idref="fl-4"/>
      </object_component>
      <object_component id="oc-558">
         <name>.text:adc_start_conversion</name>
         <load_address>0xfb7e</load_address>
         <run_address>0xfb7e</run_address>
         <size>0x22</size>
         <input_file_ref idref="fl-4"/>
      </object_component>
      <object_component id="oc-2de">
         <name>.text:ocp_toggle_rail</name>
         <load_address>0xfba0</load_address>
         <run_address>0xfba0</run_address>
         <size>0x22</size>
         <input_file_ref idref="fl-14"/>
      </object_component>
      <object_component id="oc-d6">
         <name>.text:PORT1_ISR</name>
         <load_address>0xfbc2</load_address>
         <run_address>0xfbc2</run_address>
         <size>0x1e</size>
         <input_file_ref idref="fl-b"/>
      </object_component>
      <object_component id="oc-1ec">
         <name>.text:comm_init</name>
         <load_address>0xfbe0</load_address>
         <run_address>0xfbe0</run_address>
         <size>0x1e</size>
         <input_file_ref idref="fl-10"/>
      </object_component>
      <object_component id="oc-3db">
         <name>.text:intpin_set</name>
         <load_address>0xfbfe</load_address>
         <run_address>0xfbfe</run_address>
         <size>0x1e</size>
         <input_file_ref idref="fl-7"/>
      </object_component>
      <object_component id="oc-111">
         <name>.text:_c_int00_noargs</name>
         <load_address>0xfc1c</load_address>
         <run_address>0xfc1c</run_address>
         <size>0x1c</size>
         <input_file_ref idref="fl-45"/>
      </object_component>
      <object_component id="oc-2ea">
         <name>.text:errormon_set</name>
         <load_address>0xfc38</load_address>
         <run_address>0xfc38</run_address>
         <size>0x1c</size>
         <input_file_ref idref="fl-12"/>
      </object_component>
      <object_component id="oc-164">
         <name>.text:i2c_checkInternalAddress</name>
         <load_address>0xfc54</load_address>
         <run_address>0xfc54</run_address>
         <size>0x1c</size>
         <input_file_ref idref="fl-6"/>
      </object_component>
      <object_component id="oc-2d8">
         <name>.text:status_clear_bits</name>
         <load_address>0xfc70</load_address>
         <run_address>0xfc70</run_address>
         <size>0x1c</size>
         <input_file_ref idref="fl-17"/>
      </object_component>
      <object_component id="oc-348">
         <name>.text:status_set_bits</name>
         <load_address>0xfc8c</load_address>
         <run_address>0xfc8c</run_address>
         <size>0x1c</size>
         <input_file_ref idref="fl-17"/>
      </object_component>
      <object_component id="oc-216">
         <name>.text:stopwatch_process</name>
         <load_address>0xfca8</load_address>
         <run_address>0xfca8</run_address>
         <size>0x1c</size>
         <input_file_ref idref="fl-9"/>
      </object_component>
      <object_component id="oc-21c">
         <name>.text:stopwatch_processB</name>
         <load_address>0xfcc4</load_address>
         <run_address>0xfcc4</run_address>
         <size>0x1c</size>
         <input_file_ref idref="fl-a"/>
      </object_component>
      <object_component id="oc-49e">
         <name>.text:errormon_get</name>
         <load_address>0xfce0</load_address>
         <run_address>0xfce0</run_address>
         <size>0x1a</size>
         <input_file_ref idref="fl-12"/>
      </object_component>
      <object_component id="oc-1e6">
         <name>.text:hal_init</name>
         <load_address>0xfcfa</load_address>
         <run_address>0xfcfa</run_address>
         <size>0x1a</size>
         <input_file_ref idref="fl-5"/>
      </object_component>
      <object_component id="oc-299">
         <name>.text:switches_init</name>
         <load_address>0xfd14</load_address>
         <run_address>0xfd14</run_address>
         <size>0x1a</size>
         <input_file_ref idref="fl-b"/>
      </object_component>
      <object_component id="oc-293">
         <name>.text:adc_init</name>
         <load_address>0xfd2e</load_address>
         <run_address>0xfd2e</run_address>
         <size>0x16</size>
         <input_file_ref idref="fl-4"/>
      </object_component>
      <object_component id="oc-4f3">
         <name>.text:ocp_get_boots</name>
         <load_address>0xfd44</load_address>
         <run_address>0xfd44</run_address>
         <size>0x16</size>
         <input_file_ref idref="fl-14"/>
      </object_component>
      <object_component id="oc-4f9">
         <name>.text:ocp_get_fails</name>
         <load_address>0xfd5a</load_address>
         <run_address>0xfd5a</run_address>
         <size>0x16</size>
         <input_file_ref idref="fl-14"/>
      </object_component>
      <object_component id="oc-4e4">
         <name>.text:sense_get</name>
         <load_address>0xfd70</load_address>
         <run_address>0xfd70</run_address>
         <size>0x16</size>
         <input_file_ref idref="fl-16"/>
      </object_component>
      <object_component id="oc-320">
         <name>.text:stopwatch_disable</name>
         <load_address>0xfd86</load_address>
         <run_address>0xfd86</run_address>
         <size>0x16</size>
         <input_file_ref idref="fl-9"/>
      </object_component>
      <object_component id="oc-356">
         <name>.text:stopwatch_disableB</name>
         <load_address>0xfd9c</load_address>
         <run_address>0xfd9c</run_address>
         <size>0x16</size>
         <input_file_ref idref="fl-a"/>
      </object_component>
      <object_component id="oc-33c">
         <name>.text:switches_get_flags</name>
         <load_address>0xfdb2</load_address>
         <run_address>0xfdb2</run_address>
         <size>0x16</size>
         <input_file_ref idref="fl-b"/>
      </object_component>
      <object_component id="oc-16b">
         <name>.text:uart_handle_rx_interrupt</name>
         <load_address>0xfdc8</load_address>
         <run_address>0xfdc8</run_address>
         <size>0x16</size>
         <input_file_ref idref="fl-c"/>
      </object_component>
      <object_component id="oc-3c4">
         <name>.text:circ_init</name>
         <load_address>0xfdde</load_address>
         <run_address>0xfdde</run_address>
         <size>0x14</size>
         <input_file_ref idref="fl-19"/>
      </object_component>
      <object_component id="oc-ff">
         <name>.text:decompress:ZI:__TI_zero_init_nomemset:__TI_zero_init_nomemset</name>
         <load_address>0xfdf2</load_address>
         <run_address>0xfdf2</run_address>
         <size>0x14</size>
         <input_file_ref idref="fl-47"/>
      </object_component>
      <object_component id="oc-317">
         <name>.text:clear_buffer</name>
         <load_address>0xfe06</load_address>
         <run_address>0xfe06</run_address>
         <size>0x12</size>
         <input_file_ref idref="fl-10"/>
      </object_component>
      <object_component id="oc-37">
         <name>.text:decompress:none:__TI_decompress_none</name>
         <load_address>0xfe18</load_address>
         <run_address>0xfe18</run_address>
         <size>0x12</size>
         <input_file_ref idref="fl-4c"/>
      </object_component>
      <object_component id="oc-2d2">
         <name>.text:interrupt_set_mask</name>
         <load_address>0xfe2a</load_address>
         <run_address>0xfe2a</run_address>
         <size>0x12</size>
         <input_file_ref idref="fl-13"/>
      </object_component>
      <object_component id="oc-3e1">
         <name>.text:interrupt_set_status</name>
         <load_address>0xfe3c</load_address>
         <run_address>0xfe3c</run_address>
         <size>0x12</size>
         <input_file_ref idref="fl-13"/>
      </object_component>
      <object_component id="oc-597">
         <name>.text:l_lsr</name>
         <load_address>0xfe4e</load_address>
         <run_address>0xfe4e</run_address>
         <size>0x12</size>
         <input_file_ref idref="fl-43"/>
      </object_component>
      <object_component id="oc-c9">
         <name>.text:memcpy</name>
         <load_address>0xfe60</load_address>
         <run_address>0xfe60</run_address>
         <size>0x12</size>
         <input_file_ref idref="fl-57"/>
      </object_component>
      <object_component id="oc-3ee">
         <name>.text:switches_set_direction</name>
         <load_address>0xfe72</load_address>
         <run_address>0xfe72</run_address>
         <size>0x12</size>
         <input_file_ref idref="fl-b"/>
      </object_component>
      <object_component id="oc-3d1">
         <name>.text:refresh_pin</name>
         <load_address>0xfe84</load_address>
         <run_address>0xfe84</run_address>
         <size>0x10</size>
         <input_file_ref idref="fl-13"/>
      </object_component>
      <object_component id="oc-b9">
         <name>.text</name>
         <load_address>0xfe94</load_address>
         <run_address>0xfe94</run_address>
         <size>0x10</size>
         <input_file_ref idref="fl-37"/>
      </object_component>
      <object_component id="oc-286">
         <name>.text:aclk_init</name>
         <load_address>0xfea4</load_address>
         <run_address>0xfea4</run_address>
         <size>0xe</size>
         <input_file_ref idref="fl-2"/>
      </object_component>
      <object_component id="oc-29f">
         <name>.text:intpin_init</name>
         <load_address>0xfeb2</load_address>
         <run_address>0xfeb2</run_address>
         <size>0xe</size>
         <input_file_ref idref="fl-7"/>
      </object_component>
      <object_component id="oc-2a5">
         <name>.text:mux_init</name>
         <load_address>0xfec0</load_address>
         <run_address>0xfec0</run_address>
         <size>0xe</size>
         <input_file_ref idref="fl-8"/>
      </object_component>
      <object_component id="oc-301">
         <name>.text:ocp_get_rails_activated</name>
         <load_address>0xfece</load_address>
         <run_address>0xfece</run_address>
         <size>0xe</size>
         <input_file_ref idref="fl-14"/>
      </object_component>
      <object_component id="oc-e1">
         <name>.text:ADC10_ISR</name>
         <load_address>0xfedc</load_address>
         <run_address>0xfedc</run_address>
         <size>0xc</size>
         <input_file_ref idref="fl-4"/>
      </object_component>
      <object_component id="oc-1e0">
         <name>.text:core_init</name>
         <load_address>0xfee8</load_address>
         <run_address>0xfee8</run_address>
         <size>0xc</size>
         <input_file_ref idref="fl-2"/>
      </object_component>
      <object_component id="oc-30a">
         <name>.text:restart_flight_mcu</name>
         <load_address>0xfef4</load_address>
         <run_address>0xfef4</run_address>
         <size>0xc</size>
         <input_file_ref idref="fl-e"/>
      </object_component>
      <object_component id="oc-2e4">
         <name>.text:ocp_deactivate_all_rails</name>
         <load_address>0xff00</load_address>
         <run_address>0xff00</run_address>
         <size>0xa</size>
         <input_file_ref idref="fl-14"/>
      </object_component>
      <object_component id="oc-335">
         <name>.text:switches_get</name>
         <load_address>0xff0a</load_address>
         <run_address>0xff0a</run_address>
         <size>0xa</size>
         <input_file_ref idref="fl-b"/>
      </object_component>
      <object_component id="oc-3e8">
         <name>.text:switches_get_direction</name>
         <load_address>0xff14</load_address>
         <run_address>0xff14</run_address>
         <size>0xa</size>
         <input_file_ref idref="fl-b"/>
      </object_component>
      <object_component id="oc-dc">
         <name>.text:_isr:__TI_ISR_TRAP</name>
         <load_address>0xff1e</load_address>
         <run_address>0xff1e</run_address>
         <size>0x8</size>
         <input_file_ref idref="fl-40"/>
      </object_component>
      <object_component id="oc-363">
         <name>.text:watchdog_service</name>
         <load_address>0xff26</load_address>
         <run_address>0xff26</run_address>
         <size>0x8</size>
         <input_file_ref idref="fl-d"/>
      </object_component>
      <object_component id="oc-1da">
         <name>.text:watchdog_stop</name>
         <load_address>0xff2e</load_address>
         <run_address>0xff2e</run_address>
         <size>0x8</size>
         <input_file_ref idref="fl-d"/>
      </object_component>
      <object_component id="oc-540">
         <name>.text:__mspabi_fltud</name>
         <load_address>0xff36</load_address>
         <run_address>0xff36</run_address>
         <size>0x6</size>
         <input_file_ref idref="fl-50"/>
      </object_component>
      <object_component id="oc-229">
         <name>.text:abort</name>
         <load_address>0xff3c</load_address>
         <run_address>0xff3c</run_address>
         <size>0x6</size>
         <input_file_ref idref="fl-54"/>
      </object_component>
      <object_component id="oc-530">
         <name>.text:i2c_clearRxDoneFlag</name>
         <load_address>0xff42</load_address>
         <run_address>0xff42</run_address>
         <size>0x6</size>
         <input_file_ref idref="fl-6"/>
      </object_component>
      <object_component id="oc-51e">
         <name>.text:i2c_clearTxDoneFlag</name>
         <load_address>0xff48</load_address>
         <run_address>0xff48</run_address>
         <size>0x6</size>
         <input_file_ref idref="fl-6"/>
      </object_component>
      <object_component id="oc-2c4">
         <name>.text:i2c_enableRXInterrupt</name>
         <load_address>0xff4e</load_address>
         <run_address>0xff4e</run_address>
         <size>0x6</size>
         <input_file_ref idref="fl-6"/>
      </object_component>
      <object_component id="oc-2ca">
         <name>.text:i2c_enableTXInterrupt</name>
         <load_address>0xff54</load_address>
         <run_address>0xff54</run_address>
         <size>0x6</size>
         <input_file_ref idref="fl-6"/>
      </object_component>
      <object_component id="oc-52a">
         <name>.text:i2c_getRxDoneFlag</name>
         <load_address>0xff5a</load_address>
         <run_address>0xff5a</run_address>
         <size>0x6</size>
         <input_file_ref idref="fl-6"/>
      </object_component>
      <object_component id="oc-518">
         <name>.text:i2c_getTxDoneFlag</name>
         <load_address>0xff60</load_address>
         <run_address>0xff60</run_address>
         <size>0x6</size>
         <input_file_ref idref="fl-6"/>
      </object_component>
      <object_component id="oc-4d8">
         <name>.text:interrupt_get_mask</name>
         <load_address>0xff66</load_address>
         <run_address>0xff66</run_address>
         <size>0x6</size>
         <input_file_ref idref="fl-13"/>
      </object_component>
      <object_component id="oc-2f1">
         <name>.text:signal_stopped</name>
         <load_address>0xff6c</load_address>
         <run_address>0xff6c</run_address>
         <size>0x6</size>
         <input_file_ref idref="fl-11"/>
      </object_component>
      <object_component id="oc-4de">
         <name>.text:status_get</name>
         <load_address>0xff72</load_address>
         <run_address>0xff72</run_address>
         <size>0x6</size>
         <input_file_ref idref="fl-17"/>
      </object_component>
      <object_component id="oc-189">
         <name>.text:_system_pre_init</name>
         <load_address>0xff78</load_address>
         <run_address>0xff78</run_address>
         <size>0x4</size>
         <input_file_ref idref="fl-4a"/>
      </object_component>
      <object_component id="oc-381">
         <name>.text:_system_post_cinit</name>
         <load_address>0xff7c</load_address>
         <run_address>0xff7c</run_address>
         <size>0x2</size>
         <input_file_ref idref="fl-4b"/>
      </object_component>
      <object_component id="oc-2ab">
         <name>.text:stopwatch_init</name>
         <load_address>0xff7e</load_address>
         <run_address>0xff7e</run_address>
         <size>0x2</size>
         <input_file_ref idref="fl-9"/>
      </object_component>
      <object_component id="oc-2b1">
         <name>.text:stopwatch_initB</name>
         <load_address>0xff80</load_address>
         <run_address>0xff80</run_address>
         <size>0x2</size>
         <input_file_ref idref="fl-a"/>
      </object_component>
      <object_component id="oc-5ff">
         <name>.cinit..data.load</name>
         <load_address>0xff82</load_address>
         <run_address>0xff82</run_address>
         <size>0xc</size>
      </object_component>
      <object_component id="oc-5fc">
         <name>__TI_handler_table</name>
         <load_address>0xff8e</load_address>
         <run_address>0xff8e</run_address>
         <size>0x6</size>
      </object_component>
      <object_component id="oc-5fe">
         <name>.cinit..bss.load</name>
         <load_address>0xff94</load_address>
         <run_address>0xff94</run_address>
         <size>0x4</size>
      </object_component>
      <object_component id="oc-5fd">
         <name>__TI_cinit_table</name>
         <load_address>0xff98</load_address>
         <run_address>0xff98</run_address>
         <size>0x8</size>
      </object_component>
      <object_component id="oc-3d">
         <name>.int02</name>
         <load_address>0xffe4</load_address>
         <run_address>0xffe4</run_address>
         <size>0x2</size>
         <input_file_ref idref="fl-b"/>
      </object_component>
      <object_component id="oc-3e">
         <name>.int03</name>
         <load_address>0xffe6</load_address>
         <run_address>0xffe6</run_address>
         <size>0x2</size>
         <input_file_ref idref="fl-3a"/>
      </object_component>
      <object_component id="oc-3f">
         <name>.int05</name>
         <load_address>0xffea</load_address>
         <run_address>0xffea</run_address>
         <size>0x2</size>
         <input_file_ref idref="fl-4"/>
      </object_component>
      <object_component id="oc-40">
         <name>.int06</name>
         <load_address>0xffec</load_address>
         <run_address>0xffec</run_address>
         <size>0x2</size>
         <input_file_ref idref="fl-6"/>
      </object_component>
      <object_component id="oc-41">
         <name>.int07</name>
         <load_address>0xffee</load_address>
         <run_address>0xffee</run_address>
         <size>0x2</size>
         <input_file_ref idref="fl-10"/>
      </object_component>
      <object_component id="oc-42">
         <name>.int08</name>
         <load_address>0xfff0</load_address>
         <run_address>0xfff0</run_address>
         <size>0x2</size>
         <input_file_ref idref="fl-3b"/>
      </object_component>
      <object_component id="oc-43">
         <name>.int09</name>
         <load_address>0xfff2</load_address>
         <run_address>0xfff2</run_address>
         <size>0x2</size>
         <input_file_ref idref="fl-9"/>
      </object_component>
      <object_component id="oc-44">
         <name>.int10</name>
         <load_address>0xfff4</load_address>
         <run_address>0xfff4</run_address>
         <size>0x2</size>
         <input_file_ref idref="fl-3c"/>
      </object_component>
      <object_component id="oc-45">
         <name>.int11</name>
         <load_address>0xfff6</load_address>
         <run_address>0xfff6</run_address>
         <size>0x2</size>
         <input_file_ref idref="fl-3d"/>
      </object_component>
      <object_component id="oc-46">
         <name>.int12</name>
         <load_address>0xfff8</load_address>
         <run_address>0xfff8</run_address>
         <size>0x2</size>
         <input_file_ref idref="fl-3e"/>
      </object_component>
      <object_component id="oc-47">
         <name>.int13</name>
         <load_address>0xfffa</load_address>
         <run_address>0xfffa</run_address>
         <size>0x2</size>
         <input_file_ref idref="fl-a"/>
      </object_component>
      <object_component id="oc-48">
         <name>.int14</name>
         <load_address>0xfffc</load_address>
         <run_address>0xfffc</run_address>
         <size>0x2</size>
         <input_file_ref idref="fl-3f"/>
      </object_component>
      <object_component id="oc-ae">
         <name>.reset</name>
         <load_address>0xfffe</load_address>
         <run_address>0xfffe</run_address>
         <size>0x2</size>
         <input_file_ref idref="fl-45"/>
      </object_component>
      <object_component id="oc-158">
         <name>.debug_info</name>
         <load_address>0x0</load_address>
         <run_address>0x0</run_address>
         <size>0x24b</size>
         <input_file_ref idref="fl-2"/>
      </object_component>
      <object_component id="oc-1e1">
         <name>.debug_info</name>
         <load_address>0x24b</load_address>
         <run_address>0x24b</run_address>
         <size>0x12a</size>
         <input_file_ref idref="fl-2"/>
      </object_component>
      <object_component id="oc-289">
         <name>.debug_info</name>
         <load_address>0x375</load_address>
         <run_address>0x375</run_address>
         <size>0x101</size>
         <input_file_ref idref="fl-2"/>
      </object_component>
      <object_component id="oc-28d">
         <name>.debug_info</name>
         <load_address>0x476</load_address>
         <run_address>0x476</run_address>
         <size>0x187</size>
         <input_file_ref idref="fl-2"/>
      </object_component>
      <object_component id="oc-35e">
         <name>.debug_info</name>
         <load_address>0x5fd</load_address>
         <run_address>0x5fd</run_address>
         <size>0x121</size>
         <input_file_ref idref="fl-2"/>
      </object_component>
      <object_component id="oc-225">
         <name>.debug_info</name>
         <load_address>0x71e</load_address>
         <run_address>0x71e</run_address>
         <size>0x1de</size>
         <input_file_ref idref="fl-2"/>
      </object_component>
      <object_component id="oc-36a">
         <name>.debug_info</name>
         <load_address>0x8fc</load_address>
         <run_address>0x8fc</run_address>
         <size>0x63</size>
         <input_file_ref idref="fl-2"/>
      </object_component>
      <object_component id="oc-1b9">
         <name>.debug_info</name>
         <load_address>0x95f</load_address>
         <run_address>0x95f</run_address>
         <size>0x26b</size>
         <input_file_ref idref="fl-2"/>
      </object_component>
      <object_component id="oc-c4">
         <name>.debug_info</name>
         <load_address>0xbca</load_address>
         <run_address>0xbca</run_address>
         <size>0x84</size>
         <input_file_ref idref="fl-2"/>
      </object_component>
      <object_component id="oc-26a">
         <name>.debug_info</name>
         <load_address>0xc4e</load_address>
         <run_address>0xc4e</run_address>
         <size>0x275</size>
         <input_file_ref idref="fl-2"/>
      </object_component>
      <object_component id="oc-1c0">
         <name>.debug_info</name>
         <load_address>0xec3</load_address>
         <run_address>0xec3</run_address>
         <size>0xbb</size>
         <input_file_ref idref="fl-2"/>
      </object_component>
      <object_component id="oc-192">
         <name>.debug_info</name>
         <load_address>0xf7e</load_address>
         <run_address>0xf7e</run_address>
         <size>0x1f8</size>
         <input_file_ref idref="fl-3"/>
      </object_component>
      <object_component id="oc-15e">
         <name>.debug_info</name>
         <load_address>0x1176</load_address>
         <run_address>0x1176</run_address>
         <size>0xdc</size>
         <input_file_ref idref="fl-4"/>
      </object_component>
      <object_component id="oc-294">
         <name>.debug_info</name>
         <load_address>0x1252</load_address>
         <run_address>0x1252</run_address>
         <size>0x109</size>
         <input_file_ref idref="fl-4"/>
      </object_component>
      <object_component id="oc-559">
         <name>.debug_info</name>
         <load_address>0x135b</load_address>
         <run_address>0x135b</run_address>
         <size>0x13c</size>
         <input_file_ref idref="fl-4"/>
      </object_component>
      <object_component id="oc-50a">
         <name>.debug_info</name>
         <load_address>0x1497</load_address>
         <run_address>0x1497</run_address>
         <size>0x149</size>
         <input_file_ref idref="fl-4"/>
      </object_component>
      <object_component id="oc-e2">
         <name>.debug_info</name>
         <load_address>0x15e0</load_address>
         <run_address>0x15e0</run_address>
         <size>0x10c</size>
         <input_file_ref idref="fl-4"/>
      </object_component>
      <object_component id="oc-1e8">
         <name>.debug_info</name>
         <load_address>0x16ec</load_address>
         <run_address>0x16ec</run_address>
         <size>0x178</size>
         <input_file_ref idref="fl-5"/>
      </object_component>
      <object_component id="oc-1c7">
         <name>.debug_info</name>
         <load_address>0x1864</load_address>
         <run_address>0x1864</run_address>
         <size>0x2ef</size>
         <input_file_ref idref="fl-6"/>
      </object_component>
      <object_component id="oc-162">
         <name>.debug_info</name>
         <load_address>0x1b53</load_address>
         <run_address>0x1b53</run_address>
         <size>0x27e</size>
         <input_file_ref idref="fl-6"/>
      </object_component>
      <object_component id="oc-2c6">
         <name>.debug_info</name>
         <load_address>0x1dd1</load_address>
         <run_address>0x1dd1</run_address>
         <size>0x123</size>
         <input_file_ref idref="fl-6"/>
      </object_component>
      <object_component id="oc-2cb">
         <name>.debug_info</name>
         <load_address>0x1ef4</load_address>
         <run_address>0x1ef4</run_address>
         <size>0x123</size>
         <input_file_ref idref="fl-6"/>
      </object_component>
      <object_component id="oc-520">
         <name>.debug_info</name>
         <load_address>0x2017</load_address>
         <run_address>0x2017</run_address>
         <size>0x11f</size>
         <input_file_ref idref="fl-6"/>
      </object_component>
      <object_component id="oc-519">
         <name>.debug_info</name>
         <load_address>0x2136</load_address>
         <run_address>0x2136</run_address>
         <size>0x11f</size>
         <input_file_ref idref="fl-6"/>
      </object_component>
      <object_component id="oc-532">
         <name>.debug_info</name>
         <load_address>0x2255</load_address>
         <run_address>0x2255</run_address>
         <size>0x11f</size>
         <input_file_ref idref="fl-6"/>
      </object_component>
      <object_component id="oc-52c">
         <name>.debug_info</name>
         <load_address>0x2374</load_address>
         <run_address>0x2374</run_address>
         <size>0x11f</size>
         <input_file_ref idref="fl-6"/>
      </object_component>
      <object_component id="oc-2c0">
         <name>.debug_info</name>
         <load_address>0x2493</load_address>
         <run_address>0x2493</run_address>
         <size>0x1ee</size>
         <input_file_ref idref="fl-6"/>
      </object_component>
      <object_component id="oc-525">
         <name>.debug_info</name>
         <load_address>0x2681</load_address>
         <run_address>0x2681</run_address>
         <size>0x1b2</size>
         <input_file_ref idref="fl-6"/>
      </object_component>
      <object_component id="oc-513">
         <name>.debug_info</name>
         <load_address>0x2833</load_address>
         <run_address>0x2833</run_address>
         <size>0x1b4</size>
         <input_file_ref idref="fl-6"/>
      </object_component>
      <object_component id="oc-165">
         <name>.debug_info</name>
         <load_address>0x29e7</load_address>
         <run_address>0x29e7</run_address>
         <size>0x150</size>
         <input_file_ref idref="fl-6"/>
      </object_component>
      <object_component id="oc-173">
         <name>.debug_info</name>
         <load_address>0x2b37</load_address>
         <run_address>0x2b37</run_address>
         <size>0x127</size>
         <input_file_ref idref="fl-6"/>
      </object_component>
      <object_component id="oc-e8">
         <name>.debug_info</name>
         <load_address>0x2c5e</load_address>
         <run_address>0x2c5e</run_address>
         <size>0x134</size>
         <input_file_ref idref="fl-6"/>
      </object_component>
      <object_component id="oc-2a1">
         <name>.debug_info</name>
         <load_address>0x2d92</load_address>
         <run_address>0x2d92</run_address>
         <size>0x118</size>
         <input_file_ref idref="fl-7"/>
      </object_component>
      <object_component id="oc-3dd">
         <name>.debug_info</name>
         <load_address>0x2eaa</load_address>
         <run_address>0x2eaa</run_address>
         <size>0x165</size>
         <input_file_ref idref="fl-7"/>
      </object_component>
      <object_component id="oc-2a9">
         <name>.debug_info</name>
         <load_address>0x300f</load_address>
         <run_address>0x300f</run_address>
         <size>0x11a</size>
         <input_file_ref idref="fl-8"/>
      </object_component>
      <object_component id="oc-3bf">
         <name>.debug_info</name>
         <load_address>0x3129</load_address>
         <run_address>0x3129</run_address>
         <size>0x168</size>
         <input_file_ref idref="fl-8"/>
      </object_component>
      <object_component id="oc-401">
         <name>.debug_info</name>
         <load_address>0x3291</load_address>
         <run_address>0x3291</run_address>
         <size>0x20b</size>
         <input_file_ref idref="fl-9"/>
      </object_component>
      <object_component id="oc-17a">
         <name>.debug_info</name>
         <load_address>0x349c</load_address>
         <run_address>0x349c</run_address>
         <size>0xde</size>
         <input_file_ref idref="fl-9"/>
      </object_component>
      <object_component id="oc-350">
         <name>.debug_info</name>
         <load_address>0x357a</load_address>
         <run_address>0x357a</run_address>
         <size>0x100</size>
         <input_file_ref idref="fl-9"/>
      </object_component>
      <object_component id="oc-2ac">
         <name>.debug_info</name>
         <load_address>0x367a</load_address>
         <run_address>0x367a</run_address>
         <size>0x127</size>
         <input_file_ref idref="fl-9"/>
      </object_component>
      <object_component id="oc-2fa">
         <name>.debug_info</name>
         <load_address>0x37a1</load_address>
         <run_address>0x37a1</run_address>
         <size>0x1d3</size>
         <input_file_ref idref="fl-9"/>
      </object_component>
      <object_component id="oc-217">
         <name>.debug_info</name>
         <load_address>0x3974</load_address>
         <run_address>0x3974</run_address>
         <size>0x14c</size>
         <input_file_ref idref="fl-9"/>
      </object_component>
      <object_component id="oc-323">
         <name>.debug_info</name>
         <load_address>0x3ac0</load_address>
         <run_address>0x3ac0</run_address>
         <size>0x12d</size>
         <input_file_ref idref="fl-9"/>
      </object_component>
      <object_component id="oc-f6">
         <name>.debug_info</name>
         <load_address>0x3bed</load_address>
         <run_address>0x3bed</run_address>
         <size>0x11e</size>
         <input_file_ref idref="fl-9"/>
      </object_component>
      <object_component id="oc-409">
         <name>.debug_info</name>
         <load_address>0x3d0b</load_address>
         <run_address>0x3d0b</run_address>
         <size>0x20c</size>
         <input_file_ref idref="fl-a"/>
      </object_component>
      <object_component id="oc-17e">
         <name>.debug_info</name>
         <load_address>0x3f17</load_address>
         <run_address>0x3f17</run_address>
         <size>0xdf</size>
         <input_file_ref idref="fl-a"/>
      </object_component>
      <object_component id="oc-354">
         <name>.debug_info</name>
         <load_address>0x3ff6</load_address>
         <run_address>0x3ff6</run_address>
         <size>0x101</size>
         <input_file_ref idref="fl-a"/>
      </object_component>
      <object_component id="oc-2b3">
         <name>.debug_info</name>
         <load_address>0x40f7</load_address>
         <run_address>0x40f7</run_address>
         <size>0x12c</size>
         <input_file_ref idref="fl-a"/>
      </object_component>
      <object_component id="oc-313">
         <name>.debug_info</name>
         <load_address>0x4223</load_address>
         <run_address>0x4223</run_address>
         <size>0x1d9</size>
         <input_file_ref idref="fl-a"/>
      </object_component>
      <object_component id="oc-21f">
         <name>.debug_info</name>
         <load_address>0x43fc</load_address>
         <run_address>0x43fc</run_address>
         <size>0x152</size>
         <input_file_ref idref="fl-a"/>
      </object_component>
      <object_component id="oc-357">
         <name>.debug_info</name>
         <load_address>0x454e</load_address>
         <run_address>0x454e</run_address>
         <size>0x132</size>
         <input_file_ref idref="fl-a"/>
      </object_component>
      <object_component id="oc-fb">
         <name>.debug_info</name>
         <load_address>0x4680</load_address>
         <run_address>0x4680</run_address>
         <size>0x121</size>
         <input_file_ref idref="fl-a"/>
      </object_component>
      <object_component id="oc-1b6">
         <name>.debug_info</name>
         <load_address>0x47a1</load_address>
         <run_address>0x47a1</run_address>
         <size>0x227</size>
         <input_file_ref idref="fl-b"/>
      </object_component>
      <object_component id="oc-155">
         <name>.debug_info</name>
         <load_address>0x49c8</load_address>
         <run_address>0x49c8</run_address>
         <size>0xe3</size>
         <input_file_ref idref="fl-b"/>
      </object_component>
      <object_component id="oc-490">
         <name>.debug_info</name>
         <load_address>0x4aab</load_address>
         <run_address>0x4aab</run_address>
         <size>0x155</size>
         <input_file_ref idref="fl-b"/>
      </object_component>
      <object_component id="oc-436">
         <name>.debug_info</name>
         <load_address>0x4c00</load_address>
         <run_address>0x4c00</run_address>
         <size>0x159</size>
         <input_file_ref idref="fl-b"/>
      </object_component>
      <object_component id="oc-29a">
         <name>.debug_info</name>
         <load_address>0x4d59</load_address>
         <run_address>0x4d59</run_address>
         <size>0x122</size>
         <input_file_ref idref="fl-b"/>
      </object_component>
      <object_component id="oc-336">
         <name>.debug_info</name>
         <load_address>0x4e7b</load_address>
         <run_address>0x4e7b</run_address>
         <size>0x138</size>
         <input_file_ref idref="fl-b"/>
      </object_component>
      <object_component id="oc-3e9">
         <name>.debug_info</name>
         <load_address>0x4fb3</load_address>
         <run_address>0x4fb3</run_address>
         <size>0x14c</size>
         <input_file_ref idref="fl-b"/>
      </object_component>
      <object_component id="oc-3ef">
         <name>.debug_info</name>
         <load_address>0x50ff</load_address>
         <run_address>0x50ff</run_address>
         <size>0x169</size>
         <input_file_ref idref="fl-b"/>
      </object_component>
      <object_component id="oc-33d">
         <name>.debug_info</name>
         <load_address>0x5268</load_address>
         <run_address>0x5268</run_address>
         <size>0x158</size>
         <input_file_ref idref="fl-b"/>
      </object_component>
      <object_component id="oc-d7">
         <name>.debug_info</name>
         <load_address>0x53c0</load_address>
         <run_address>0x53c0</run_address>
         <size>0x11b</size>
         <input_file_ref idref="fl-b"/>
      </object_component>
      <object_component id="oc-3a2">
         <name>.debug_info</name>
         <load_address>0x54db</load_address>
         <run_address>0x54db</run_address>
         <size>0x2da</size>
         <input_file_ref idref="fl-c"/>
      </object_component>
      <object_component id="oc-1ca">
         <name>.debug_info</name>
         <load_address>0x57b5</load_address>
         <run_address>0x57b5</run_address>
         <size>0xd9</size>
         <input_file_ref idref="fl-c"/>
      </object_component>
      <object_component id="oc-16d">
         <name>.debug_info</name>
         <load_address>0x588e</load_address>
         <run_address>0x588e</run_address>
         <size>0x150</size>
         <input_file_ref idref="fl-c"/>
      </object_component>
      <object_component id="oc-2bc">
         <name>.debug_info</name>
         <load_address>0x59de</load_address>
         <run_address>0x59de</run_address>
         <size>0x11e</size>
         <input_file_ref idref="fl-c"/>
      </object_component>
      <object_component id="oc-4b3">
         <name>.debug_info</name>
         <load_address>0x5afc</load_address>
         <run_address>0x5afc</run_address>
         <size>0x193</size>
         <input_file_ref idref="fl-c"/>
      </object_component>
      <object_component id="oc-331">
         <name>.debug_info</name>
         <load_address>0x5c8f</load_address>
         <run_address>0x5c8f</run_address>
         <size>0x1c4</size>
         <input_file_ref idref="fl-c"/>
      </object_component>
      <object_component id="oc-273">
         <name>.debug_info</name>
         <load_address>0x5e53</load_address>
         <run_address>0x5e53</run_address>
         <size>0x72</size>
         <input_file_ref idref="fl-c"/>
      </object_component>
      <object_component id="oc-1dd">
         <name>.debug_info</name>
         <load_address>0x5ec5</load_address>
         <run_address>0x5ec5</run_address>
         <size>0x122</size>
         <input_file_ref idref="fl-d"/>
      </object_component>
      <object_component id="oc-367">
         <name>.debug_info</name>
         <load_address>0x5fe7</load_address>
         <run_address>0x5fe7</run_address>
         <size>0x128</size>
         <input_file_ref idref="fl-d"/>
      </object_component>
      <object_component id="oc-308">
         <name>.debug_info</name>
         <load_address>0x610f</load_address>
         <run_address>0x610f</run_address>
         <size>0x126</size>
         <input_file_ref idref="fl-e"/>
      </object_component>
      <object_component id="oc-205">
         <name>.debug_info</name>
         <load_address>0x6235</load_address>
         <run_address>0x6235</run_address>
         <size>0x192</size>
         <input_file_ref idref="fl-e"/>
      </object_component>
      <object_component id="oc-30c">
         <name>.debug_info</name>
         <load_address>0x63c7</load_address>
         <run_address>0x63c7</run_address>
         <size>0x162</size>
         <input_file_ref idref="fl-e"/>
      </object_component>
      <object_component id="oc-53d">
         <name>.debug_info</name>
         <load_address>0x6529</load_address>
         <run_address>0x6529</run_address>
         <size>0x298</size>
         <input_file_ref idref="fl-f"/>
      </object_component>
      <object_component id="oc-537">
         <name>.debug_info</name>
         <load_address>0x67c1</load_address>
         <run_address>0x67c1</run_address>
         <size>0x254</size>
         <input_file_ref idref="fl-f"/>
      </object_component>
      <object_component id="oc-4ee">
         <name>.debug_info</name>
         <load_address>0x6a15</load_address>
         <run_address>0x6a15</run_address>
         <size>0x2d1</size>
         <input_file_ref idref="fl-f"/>
      </object_component>
      <object_component id="oc-334">
         <name>.debug_info</name>
         <load_address>0x6ce6</load_address>
         <run_address>0x6ce6</run_address>
         <size>0x49a</size>
         <input_file_ref idref="fl-10"/>
      </object_component>
      <object_component id="oc-4a9">
         <name>.debug_info</name>
         <load_address>0x7180</load_address>
         <run_address>0x7180</run_address>
         <size>0xec</size>
         <input_file_ref idref="fl-10"/>
      </object_component>
      <object_component id="oc-31e">
         <name>.debug_info</name>
         <load_address>0x726c</load_address>
         <run_address>0x726c</run_address>
         <size>0xee</size>
         <input_file_ref idref="fl-10"/>
      </object_component>
      <object_component id="oc-1ed">
         <name>.debug_info</name>
         <load_address>0x735a</load_address>
         <run_address>0x735a</run_address>
         <size>0x180</size>
         <input_file_ref idref="fl-10"/>
      </object_component>
      <object_component id="oc-20b">
         <name>.debug_info</name>
         <load_address>0x74da</load_address>
         <run_address>0x74da</run_address>
         <size>0x1ab</size>
         <input_file_ref idref="fl-10"/>
      </object_component>
      <object_component id="oc-319">
         <name>.debug_info</name>
         <load_address>0x7685</load_address>
         <run_address>0x7685</run_address>
         <size>0x141</size>
         <input_file_ref idref="fl-10"/>
      </object_component>
      <object_component id="oc-415">
         <name>.debug_info</name>
         <load_address>0x77c6</load_address>
         <run_address>0x77c6</run_address>
         <size>0x16c</size>
         <input_file_ref idref="fl-10"/>
      </object_component>
      <object_component id="oc-329">
         <name>.debug_info</name>
         <load_address>0x7932</load_address>
         <run_address>0x7932</run_address>
         <size>0x209</size>
         <input_file_ref idref="fl-10"/>
      </object_component>
      <object_component id="oc-421">
         <name>.debug_info</name>
         <load_address>0x7b3b</load_address>
         <run_address>0x7b3b</run_address>
         <size>0x1e0</size>
         <input_file_ref idref="fl-10"/>
      </object_component>
      <object_component id="oc-ee">
         <name>.debug_info</name>
         <load_address>0x7d1b</load_address>
         <run_address>0x7d1b</run_address>
         <size>0x169</size>
         <input_file_ref idref="fl-10"/>
      </object_component>
      <object_component id="oc-3fa">
         <name>.debug_info</name>
         <load_address>0x7e84</load_address>
         <run_address>0x7e84</run_address>
         <size>0x48</size>
         <input_file_ref idref="fl-10"/>
      </object_component>
      <object_component id="oc-430">
         <name>.debug_info</name>
         <load_address>0x7ecc</load_address>
         <run_address>0x7ecc</run_address>
         <size>0x86</size>
         <input_file_ref idref="fl-10"/>
      </object_component>
      <object_component id="oc-2fe">
         <name>.debug_info</name>
         <load_address>0x7f52</load_address>
         <run_address>0x7f52</run_address>
         <size>0xe2</size>
         <input_file_ref idref="fl-11"/>
      </object_component>
      <object_component id="oc-1ff">
         <name>.debug_info</name>
         <load_address>0x8034</load_address>
         <run_address>0x8034</run_address>
         <size>0x1b3</size>
         <input_file_ref idref="fl-11"/>
      </object_component>
      <object_component id="oc-2f5">
         <name>.debug_info</name>
         <load_address>0x81e7</load_address>
         <run_address>0x81e7</run_address>
         <size>0x132</size>
         <input_file_ref idref="fl-11"/>
      </object_component>
      <object_component id="oc-499">
         <name>.debug_info</name>
         <load_address>0x8319</load_address>
         <run_address>0x8319</run_address>
         <size>0x186</size>
         <input_file_ref idref="fl-12"/>
      </object_component>
      <object_component id="oc-3f7">
         <name>.debug_info</name>
         <load_address>0x849f</load_address>
         <run_address>0x849f</run_address>
         <size>0xe0</size>
[...]
         <value>0xfa8a</value>
         <object_component_ref idref="oc-27e"/>
      </symbol>
      <symbol id="sm-551">
         <name>__mspabi_srai_1</name>
         <value>0xfa8e</value>
         <object_component_ref idref="oc-27e"/>
      </symbol>
      <symbol id="sm-552">
         <name>__mspabi_srai_15</name>
         <value>0xfa72</value>
         <object_component_ref idref="oc-27e"/>
      </symbol>
      <symbol id="sm-553">
         <name>__mspabi_srai_14</name>
         <value>0xfa74</value>
         <object_component_ref idref="oc-27e"/>
      </symbol>
      <symbol id="sm-554">
         <name>__mspabi_srai_13</name>
         <value>0xfa76</value>
         <object_component_ref idref="oc-27e"/>
      </symbol>
      <symbol id="sm-555">
         <name>__mspabi_srai_12</name>
         <value>0xfa78</value>
         <object_component_ref idref="oc-27e"/>
      </symbol>
      <symbol id="sm-556">
         <name>__mspabi_srai_11</name>
         <value>0xfa7a</value>
         <object_component_ref idref="oc-27e"/>
      </symbol>
      <symbol id="sm-557">
         <name>__mspabi_srai_10</name>
         <value>0xfa7c</value>
         <object_component_ref idref="oc-27e"/>
      </symbol>
      <symbol id="sm-565">
         <name>__mspabi_remul</name>
         <value>0xf2a8</value>
         <object_component_ref idref="oc-552"/>
      </symbol>
      <symbol id="sm-566">
         <name>__mspabi_divul</name>
         <value>0xf2a8</value>
         <object_component_ref idref="oc-552"/>
      </symbol>
      <symbol id="sm-56f">
         <name>__mspabi_func_epilog_2</name>
         <value>0xfe9e</value>
         <object_component_ref idref="oc-b9"/>
      </symbol>
      <symbol id="sm-570">
         <name>__mspabi_func_epilog_3</name>
         <value>0xfe9c</value>
         <object_component_ref idref="oc-b9"/>
      </symbol>
      <symbol id="sm-571">
         <name>__mspabi_func_epilog_1</name>
         <value>0xfea0</value>
         <object_component_ref idref="oc-b9"/>
      </symbol>
      <symbol id="sm-572">
         <name>__mspabi_func_epilog_6</name>
         <value>0xfe96</value>
         <object_component_ref idref="oc-b9"/>
      </symbol>
      <symbol id="sm-573">
         <name>__mspabi_func_epilog_7</name>
         <value>0xfe94</value>
         <object_component_ref idref="oc-b9"/>
      </symbol>
      <symbol id="sm-574">
         <name>__mspabi_func_epilog_4</name>
         <value>0xfe9a</value>
         <object_component_ref idref="oc-b9"/>
      </symbol>
      <symbol id="sm-575">
         <name>__mspabi_func_epilog_5</name>
         <value>0xfe98</value>
         <object_component_ref idref="oc-b9"/>
      </symbol>
      <symbol id="sm-584">
         <name>__mspabi_fixfu</name>
         <value>0xf6a2</value>
         <object_component_ref idref="oc-576"/>
      </symbol>
      <symbol id="sm-58f">
         <name>__mspabi_fltuf</name>
         <value>0xfb38</value>
         <object_component_ref idref="oc-565"/>
      </symbol>
      <symbol id="sm-592">
         <name>__TI_int03</name>
         <value>0xffe6</value>
         <object_component_ref idref="oc-3e"/>
      </symbol>
      <symbol id="sm-595">
         <name>__TI_int08</name>
         <value>0xfff0</value>
         <object_component_ref idref="oc-42"/>
      </symbol>
      <symbol id="sm-598">
         <name>__TI_int10</name>
         <value>0xfff4</value>
         <object_component_ref idref="oc-44"/>
      </symbol>
      <symbol id="sm-59b">
         <name>__TI_int11</name>
         <value>0xfff6</value>
         <object_component_ref idref="oc-45"/>
      </symbol>
      <symbol id="sm-59e">
         <name>__TI_int12</name>
         <value>0xfff8</value>
         <object_component_ref idref="oc-46"/>
      </symbol>
      <symbol id="sm-5a1">
         <name>__TI_int14</name>
         <value>0xfffc</value>
         <object_component_ref idref="oc-48"/>
      </symbol>
      <symbol id="sm-5a9">
         <name>__TI_ISR_TRAP</name>
         <value>0xff1e</value>
         <object_component_ref idref="oc-dc"/>
      </symbol>
      <symbol id="sm-5b1">
         <name>__mspabi_slli</name>
         <value>0xfa92</value>
         <object_component_ref idref="oc-af"/>
      </symbol>
      <symbol id="sm-5b2">
         <name>__mspabi_slli_9</name>
         <value>0xfaaa</value>
         <object_component_ref idref="oc-af"/>
      </symbol>
      <symbol id="sm-5b3">
         <name>__mspabi_slli_8</name>
         <value>0xfaac</value>
         <object_component_ref idref="oc-af"/>
      </symbol>
      <symbol id="sm-5b4">
         <name>__mspabi_slli_7</name>
         <value>0xfaae</value>
         <object_component_ref idref="oc-af"/>
      </symbol>
      <symbol id="sm-5b5">
         <name>__mspabi_slli_6</name>
         <value>0xfab0</value>
         <object_component_ref idref="oc-af"/>
      </symbol>
      <symbol id="sm-5b6">
         <name>__mspabi_slli_5</name>
         <value>0xfab2</value>
         <object_component_ref idref="oc-af"/>
      </symbol>
      <symbol id="sm-5b7">
         <name>__mspabi_slli_4</name>
         <value>0xfab4</value>
         <object_component_ref idref="oc-af"/>
      </symbol>
      <symbol id="sm-5b8">
         <name>__mspabi_slli_3</name>
         <value>0xfab6</value>
         <object_component_ref idref="oc-af"/>
      </symbol>
      <symbol id="sm-5b9">
         <name>__mspabi_slli_2</name>
         <value>0xfab8</value>
         <object_component_ref idref="oc-af"/>
      </symbol>
      <symbol id="sm-5ba">
         <name>__mspabi_slli_1</name>
         <value>0xfaba</value>
         <object_component_ref idref="oc-af"/>
      </symbol>
      <symbol id="sm-5bb">
         <name>__mspabi_slli_15</name>
         <value>0xfa9e</value>
         <object_component_ref idref="oc-af"/>
      </symbol>
      <symbol id="sm-5bc">
         <name>__mspabi_slli_14</name>
         <value>0xfaa0</value>
         <object_component_ref idref="oc-af"/>
      </symbol>
      <symbol id="sm-5bd">
         <name>__mspabi_slli_13</name>
         <value>0xfaa2</value>
         <object_component_ref idref="oc-af"/>
      </symbol>
      <symbol id="sm-5be">
         <name>__mspabi_slli_12</name>
         <value>0xfaa4</value>
         <object_component_ref idref="oc-af"/>
      </symbol>
      <symbol id="sm-5bf">
         <name>__mspabi_slli_11</name>
         <value>0xfaa6</value>
         <object_component_ref idref="oc-af"/>
      </symbol>
      <symbol id="sm-5c0">
         <name>__mspabi_slli_10</name>
         <value>0xfaa8</value>
         <object_component_ref idref="oc-af"/>
      </symbol>
      <symbol id="sm-5c8">
         <name>__mspabi_srli_8</name>
         <value>0xf510</value>
         <object_component_ref idref="oc-b4"/>
      </symbol>
      <symbol id="sm-5c9">
         <name>__mspabi_srli_9</name>
         <value>0xf50c</value>
         <object_component_ref idref="oc-b4"/>
      </symbol>
      <symbol id="sm-5ca">
         <name>__mspabi_srli_6</name>
         <value>0xf518</value>
         <object_component_ref idref="oc-b4"/>
      </symbol>
      <symbol id="sm-5cb">
         <name>__mspabi_srli_7</name>
         <value>0xf514</value>
         <object_component_ref idref="oc-b4"/>
      </symbol>
      <symbol id="sm-5cc">
         <name>__mspabi_srli_4</name>
         <value>0xf520</value>
         <object_component_ref idref="oc-b4"/>
      </symbol>
      <symbol id="sm-5cd">
         <name>__mspabi_srli_5</name>
         <value>0xf51c</value>
         <object_component_ref idref="oc-b4"/>
      </symbol>
      <symbol id="sm-5ce">
         <name>__mspabi_srli_2</name>
         <value>0xf528</value>
         <object_component_ref idref="oc-b4"/>
      </symbol>
      <symbol id="sm-5cf">
         <name>__mspabi_srli_3</name>
         <value>0xf524</value>
         <object_component_ref idref="oc-b4"/>
      </symbol>
      <symbol id="sm-5d0">
         <name>__mspabi_srli_1</name>
         <value>0xf52c</value>
         <object_component_ref idref="oc-b4"/>
      </symbol>
      <symbol id="sm-5d1">
         <name>__mspabi_srli</name>
         <value>0xf4e6</value>
         <object_component_ref idref="oc-b4"/>
      </symbol>
      <symbol id="sm-5d2">
         <name>__mspabi_srli_15</name>
         <value>0xf4f4</value>
         <object_component_ref idref="oc-b4"/>
      </symbol>
      <symbol id="sm-5d3">
         <name>__mspabi_srli_14</name>
         <value>0xf4f8</value>
         <object_component_ref idref="oc-b4"/>
      </symbol>
      <symbol id="sm-5d4">
         <name>__mspabi_srli_13</name>
         <value>0xf4fc</value>
         <object_component_ref idref="oc-b4"/>
      </symbol>
      <symbol id="sm-5d5">
         <name>__mspabi_srli_12</name>
         <value>0xf500</value>
         <object_component_ref idref="oc-b4"/>
      </symbol>
      <symbol id="sm-5d6">
         <name>__mspabi_srli_11</name>
         <value>0xf504</value>
         <object_component_ref idref="oc-b4"/>
      </symbol>
      <symbol id="sm-5d7">
         <name>__mspabi_srli_10</name>
         <value>0xf508</value>
         <object_component_ref idref="oc-b4"/>
      </symbol>
      <symbol id="sm-5e7">
         <name>__mspabi_srll_8</name>
         <value>0xf21a</value>
         <object_component_ref idref="oc-3ad"/>
      </symbol>
      <symbol id="sm-5e8">
         <name>__mspabi_srll_9</name>
         <value>0xf214</value>
         <object_component_ref idref="oc-3ad"/>
      </symbol>
      <symbol id="sm-5e9">
         <name>__mspabi_srll_6</name>
         <value>0xf226</value>
         <object_component_ref idref="oc-3ad"/>
      </symbol>
      <symbol id="sm-5ea">
         <name>__mspabi_srll_7</name>
         <value>0xf220</value>
         <object_component_ref idref="oc-3ad"/>
      </symbol>
      <symbol id="sm-5eb">
         <name>__mspabi_srll_4</name>
         <value>0xf232</value>
         <object_component_ref idref="oc-3ad"/>
      </symbol>
      <symbol id="sm-5ec">
         <name>__mspabi_srll_5</name>
         <value>0xf22c</value>
         <object_component_ref idref="oc-3ad"/>
      </symbol>
      <symbol id="sm-5ed">
         <name>__mspabi_srll_2</name>
         <value>0xf23e</value>
         <object_component_ref idref="oc-3ad"/>
      </symbol>
      <symbol id="sm-5ee">
         <name>__mspabi_srll_3</name>
         <value>0xf238</value>
         <object_component_ref idref="oc-3ad"/>
      </symbol>
      <symbol id="sm-5ef">
         <name>__mspabi_srll_1</name>
         <value>0xf244</value>
         <object_component_ref idref="oc-3ad"/>
      </symbol>
      <symbol id="sm-5f0">
         <name>__mspabi_srll_15</name>
         <value>0xf1f0</value>
         <object_component_ref idref="oc-3ad"/>
      </symbol>
      <symbol id="sm-5f1">
         <name>__mspabi_srll_14</name>
         <value>0xf1f6</value>
         <object_component_ref idref="oc-3ad"/>
      </symbol>
      <symbol id="sm-5f2">
         <name>__mspabi_srll_13</name>
         <value>0xf1fc</value>
         <object_component_ref idref="oc-3ad"/>
      </symbol>
      <symbol id="sm-5f3">
         <name>__mspabi_srll_12</name>
         <value>0xf202</value>
         <object_component_ref idref="oc-3ad"/>
      </symbol>
      <symbol id="sm-5f4">
         <name>__mspabi_srll_11</name>
         <value>0xf208</value>
         <object_component_ref idref="oc-3ad"/>
      </symbol>
      <symbol id="sm-5f5">
         <name>__mspabi_srll_10</name>
         <value>0xf20e</value>
         <object_component_ref idref="oc-3ad"/>
      </symbol>
      <symbol id="sm-5f6">
         <name>__mspabi_srll</name>
         <value>0xfe4e</value>
         <object_component_ref idref="oc-597"/>
      </symbol>
      <symbol id="sm-600">
         <name>__mspabi_mpyl_sw</name>
         <value>0xfb12</value>
         <object_component_ref idref="oc-3a8"/>
      </symbol>
      <symbol id="sm-601">
         <name>__mspabi_mpyl</name>
         <value>0xfb12</value>
         <object_component_ref idref="oc-3a8"/>
      </symbol>
      <symbol id="sm-611">
         <name>_stack</name>
         <value>0x3b0</value>
         <object_component_ref idref="oc-ab"/>
      </symbol>
      <symbol id="sm-612">
         <name>_c_int00_noargs</name>
         <value>0xfc1c</value>
         <object_component_ref idref="oc-111"/>
      </symbol>
      <symbol id="sm-613">
         <name>_reset_vector</name>
         <value>0xfffe</value>
         <object_component_ref idref="oc-ae"/>
      </symbol>
      <symbol id="sm-635">
         <name>__TI_auto_init_nobinit_nopinit</name>
         <value>0xf7b4</value>
         <object_component_ref idref="oc-235"/>
      </symbol>
      <symbol id="sm-64d">
         <name>__TI_zero_init_nomemset</name>
         <value>0xfdf2</value>
         <object_component_ref idref="oc-ff"/>
      </symbol>
      <symbol id="sm-658">
         <name>_system_pre_init</name>
         <value>0xff78</value>
         <object_component_ref idref="oc-189"/>
      </symbol>
      <symbol id="sm-661">
         <name>_system_post_cinit</name>
         <value>0xff7c</value>
         <object_component_ref idref="oc-381"/>
      </symbol>
      <symbol id="sm-677">
         <name>__TI_decompress_none</name>
         <value>0xfe18</value>
         <object_component_ref idref="oc-37"/>
      </symbol>
      <symbol id="sm-69a">
         <name>__TI_decompress_lzss</name>
         <value>0xee8a</value>
         <object_component_ref idref="oc-31"/>
      </symbol>
      <symbol id="sm-6b0">
         <name>__mspabi_cvtfd</name>
         <value>0xf066</value>
         <object_component_ref idref="oc-56a"/>
      </symbol>
      <symbol id="sm-6c5">
         <name>__mspabi_fixdul</name>
         <value>0xeff2</value>
         <object_component_ref idref="oc-54c"/>
      </symbol>
      <symbol id="sm-6ce">
         <name>__mspabi_fltud</name>
         <value>0xff36</value>
         <object_component_ref idref="oc-540"/>
      </symbol>
      <symbol id="sm-6e3">
         <name>__mspabi_fltuld</name>
         <value>0xed82</value>
         <object_component_ref idref="oc-57e"/>
      </symbol>
      <symbol id="sm-705">
         <name>__mspabi_mpyd</name>
         <value>0xe52c</value>
         <object_component_ref idref="oc-546"/>
      </symbol>
      <symbol id="sm-718">
         <name>__mspabi_cvtdf</name>
         <value>0xecf6</value>
         <object_component_ref idref="oc-570"/>
      </symbol>
      <symbol id="sm-722">
         <name>C$$EXIT</name>
         <value>0xff3c</value>
         <object_component_ref idref="oc-229"/>
      </symbol>
      <symbol id="sm-723">
         <name>abort</name>
         <value>0xff3c</value>
         <object_component_ref idref="oc-229"/>
      </symbol>
      <symbol id="sm-733">
         <name>memcpy</name>
         <value>0xfe60</value>
         <object_component_ref idref="oc-c9"/>
      </symbol>
      <symbol id="sm-73b">
         <name>__mspabi_sral_15</name>
         <value>0xf834</value>
         <object_component_ref idref="oc-5a0"/>
      </symbol>
      <symbol id="sm-73c">
         <name>__mspabi_sral_14</name>
         <value>0xf838</value>
         <object_component_ref idref="oc-5a0"/>
      </symbol>
      <symbol id="sm-73d">
         <name>__mspabi_sral_13</name>
         <value>0xf83c</value>
         <object_component_ref idref="oc-5a0"/>
      </symbol>
      <symbol id="sm-73e">
         <name>__mspabi_sral_12</name>
         <value>0xf840</value>
         <object_component_ref idref="oc-5a0"/>
      </symbol>
      <symbol id="sm-73f">
         <name>__mspabi_sral_11</name>
         <value>0xf844</value>
         <object_component_ref idref="oc-5a0"/>
      </symbol>
      <symbol id="sm-740">
         <name>__mspabi_sral_10</name>
         <value>0xf848</value>
         <object_component_ref idref="oc-5a0"/>
      </symbol>
      <symbol id="sm-741">
         <name>__mspabi_sral_8</name>
         <value>0xf850</value>
         <object_component_ref idref="oc-5a0"/>
      </symbol>
      <symbol id="sm-742">
         <name>__mspabi_sral_9</name>
         <value>0xf84c</value>
         <object_component_ref idref="oc-5a0"/>
      </symbol>
      <symbol id="sm-743">
         <name>__mspabi_sral_6</name>
         <value>0xf858</value>
         <object_component_ref idref="oc-5a0"/>
      </symbol>
      <symbol id="sm-744">
         <name>__mspabi_sral_7</name>
         <value>0xf854</value>
         <object_component_ref idref="oc-5a0"/>
      </symbol>
      <symbol id="sm-745">
         <name>__mspabi_sral_4</name>
         <value>0xf860</value>
         <object_component_ref idref="oc-5a0"/>
      </symbol>
      <symbol id="sm-746">
         <name>__mspabi_sral_5</name>
         <value>0xf85c</value>
         <object_component_ref idref="oc-5a0"/>
      </symbol>
      <symbol id="sm-747">
         <name>__mspabi_sral_2</name>
         <value>0xf868</value>
         <object_component_ref idref="oc-5a0"/>
      </symbol>
      <symbol id="sm-748">
         <name>__mspabi_sral_3</name>
         <value>0xf864</value>
         <object_component_ref idref="oc-5a0"/>
      </symbol>
      <symbol id="sm-749">
         <name>__mspabi_sral_1</name>
         <value>0xf86c</value>
         <object_component_ref idref="oc-5a0"/>
      </symbol>
      <symbol id="sm-751">
         <name>__mspabi_slll_9</name>
         <value>0xf88a</value>
         <object_component_ref idref="oc-592"/>
      </symbol>
      <symbol id="sm-752">
         <name>__mspabi_slll_8</name>
         <value>0xf88e</value>
         <object_component_ref idref="oc-592"/>
      </symbol>
      <symbol id="sm-753">
         <name>__mspabi_slll_7</name>
         <value>0xf892</value>
         <object_component_ref idref="oc-592"/>
      </symbol>
      <symbol id="sm-754">
         <name>__mspabi_slll_6</name>
         <value>0xf896</value>
         <object_component_ref idref="oc-592"/>
      </symbol>
      <symbol id="sm-755">
         <name>__mspabi_slll_5</name>
         <value>0xf89a</value>
         <object_component_ref idref="oc-592"/>
      </symbol>
      <symbol id="sm-756">
         <name>__mspabi_slll_4</name>
         <value>0xf89e</value>
         <object_component_ref idref="oc-592"/>
      </symbol>
      <symbol id="sm-757">
         <name>__mspabi_slll_3</name>
         <value>0xf8a2</value>
         <object_component_ref idref="oc-592"/>
      </symbol>
      <symbol id="sm-758">
         <name>__mspabi_slll_2</name>
         <value>0xf8a6</value>
         <object_component_ref idref="oc-592"/>
      </symbol>
      <symbol id="sm-759">
         <name>__mspabi_slll_1</name>
         <value>0xf8aa</value>
         <object_component_ref idref="oc-592"/>
      </symbol>
      <symbol id="sm-75a">
         <name>__mspabi_slll_15</name>
         <value>0xf872</value>
         <object_component_ref idref="oc-592"/>
      </symbol>
      <symbol id="sm-75b">
         <name>__mspabi_slll_14</name>
         <value>0xf876</value>
         <object_component_ref idref="oc-592"/>
      </symbol>
      <symbol id="sm-75c">
         <name>__mspabi_slll_13</name>
         <value>0xf87a</value>
         <object_component_ref idref="oc-592"/>
      </symbol>
      <symbol id="sm-75d">
         <name>__mspabi_slll_12</name>
         <value>0xf87e</value>
         <object_component_ref idref="oc-592"/>
      </symbol>
      <symbol id="sm-75e">
         <name>__mspabi_slll_11</name>
         <value>0xf882</value>
         <object_component_ref idref="oc-592"/>
      </symbol>
      <symbol id="sm-75f">
         <name>__mspabi_slll_10</name>
         <value>0xf886</value>
         <object_component_ref idref="oc-592"/>
      </symbol>
      <symbol id="sm-772">
         <name>__TI_frcmpyd</name>
         <value>0xe2a6</value>
         <object_component_ref idref="oc-585"/>
      </symbol>
   </symbol_table>
   <title>Link successful</title>
</link_info>
