******************************************************************************
                  MSP430 Linker PC v18.12.2                    
******************************************************************************
>> Linked Fri Aug  2 10:46:23 2019

OUTPUT FILE NAME:   <PowerMcu Working3.out>
ENTRY POINT SYMBOL: "_c_int00_noargs"  address: 0000fad2


MEMORY CONFIGURATION

         name            origin    length      used     unused   attr    fill
----------------------  --------  ---------  --------  --------  ----  --------
  SFR                   00000000   00000010  00000000  00000010  RWIX
  PERIPHERALS_8BIT      00000010   000000f0  00000000  000000f0  RWIX
  PERIPHERALS_16BIT     00000100   00000100  00000000  00000100  RWIX
  RAM                   00000200   00000200  00000183  0000007d  RWIX
  INFOD                 00001000   00000040  00000000  00000040  RWIX
  INFOC                 00001040   00000040  00000000  00000040  RWIX
  INFOB                 00001080   00000040  00000000  00000040  RWIX
  INFOA                 000010c0   00000040  00000000  00000040  RWIX
  FLASH                 0000e000   00001fde  00001e34  000001aa  RWIX
  BSLSIGNATURE          0000ffde   00000002  00000002  00000000  RWIX  ffff 
  INT00                 0000ffe0   00000002  00000000  00000002  RWIX
  INT01                 0000ffe2   00000002  00000000  00000002  RWIX
  INT02                 0000ffe4   00000002  00000002  00000000  RWIX
  INT03                 0000ffe6   00000002  00000002  00000000  RWIX
  INT04                 0000ffe8   00000002  00000000  00000002  RWIX
  INT05                 0000ffea   00000002  00000002  00000000  RWIX
  INT06                 0000ffec   00000002  00000002  00000000  RWIX
  INT07                 0000ffee   00000002  00000002  00000000  RWIX
  INT08                 0000fff0   00000002  00000002  00000000  RWIX
  INT09                 0000fff2   00000002  00000002  00000000  RWIX
  INT10                 0000fff4   00000002  00000002  00000000  RWIX
  INT11                 0000fff6   00000002  00000002  00000000  RWIX
  INT12                 0000fff8   00000002  00000002  00000000  RWIX
  INT13                 0000fffa   00000002  00000002  00000000  RWIX
  INT14                 0000fffc   00000002  00000002  00000000  RWIX
  RESET                 0000fffe   00000002  00000002  00000000  RWIX


SECTION ALLOCATION MAP

 output                                  attributes/
section   page    origin      length       input sections
--------  ----  ----------  ----------   ----------------
.bss       0    00000200    0000009b     UNINITIALIZED
                  00000200    00000042     uart.obj (.bss:rxBuffer)
                  00000242    00000030     ocp.obj (.bss:railStateTransitions)
                  00000272    00000012     i2c.obj (.bss)
                  00000284    00000004     errormon.obj (.bss:errors)
                  00000288    00000002     adc.obj (.bss)
                  0000028a    00000002     comm.obj (.bss)
                  0000028c    00000002     stopwatch.obj (.bss)
                  0000028e    00000002     stopwatchB.obj (.bss)
                  00000290    00000002     uart.obj (.bss)
                  00000292    00000002     (.common:_wakeEventsOccurred)
                  00000294    00000002     (.common:_wakeReasons)
                  00000296    00000002     (.common:i2c_buff)
                  00000298    00000001     status.obj (.bss)
                  00000299    00000001     switches.obj (.bss)
                  0000029a    00000001     (.common:status)

.data      0    0000029c    00000098     UNINITIALIZED
                  0000029c    00000080     comm.obj (.data:responseBuffer)
                  0000031c    00000005     comm.obj (.data:msgBuffer$1)
                  00000321    00000004     ocp.obj (.data)
                  00000325    00000001     deploy.obj (.data)
                  00000326    00000004     stopwatch.obj (.data)
                  0000032a    00000004     stopwatchB.obj (.data)
                  0000032e    00000002     RailOffCheck.obj (.data)
                  00000330    00000002     comm.obj (.data)
                  00000332    00000001     interrupt.obj (.data)
                  00000333    00000001     uart.obj (.data)

.stack     0    000003b0    00000050     UNINITIALIZED
                  000003b0    00000002     rts430_eabi.lib : boot.c.obj (.stack)
                  000003b2    0000004e     --HOLE--

.text      0    0000e000    00001e14     
                  0000e000    000002a6     register.obj (.text:register_get)
                  0000e2a6    00000286     rts430_eabi.lib : frcmpyd.c.obj (.text:__TI_frcmpyd)
                  0000e52c    0000026e                     : mpyd.c.obj (.text:__mspabi_mpyd)
                  0000e79a    000000cc     DCO_Library.obj (.text)
                  0000e866    000000b0     battery.obj (.text:get_battery_telemetry)
                  0000e916    000000a8     ocp.obj (.text:ocp_process)
                  0000e9be    0000009c     register.obj (.text:convert_adc_to_current)
                  0000ea5a    0000009c     comm.obj (.text:respond)
                  0000eaf6    0000009a     battery.obj (.text:apply_equation_to_adc)
                  0000eb90    0000008c     rts430_eabi.lib : cvtdf.c.obj (.text:__mspabi_cvtdf)
                  0000ec1c    0000008a                     : fltuld.c.obj (.text:__mspabi_fltuld)
                  0000eca6    0000007e     crc.obj (.text:crc_generate)
                  0000ed24    0000007c     rts430_eabi.lib : copy_decompress_lzss.c.obj (.text:decompress:lzss:__TI_decompress_lzss)
                  0000eda0    00000076     stopwatch.obj (.text:stopwatch_start)
                  0000ee16    00000076     stopwatchB.obj (.text:stopwatch_startB)
                  0000ee8c    00000074     rts430_eabi.lib : fixdul.c.obj (.text:__mspabi_fixdul)
                  0000ef00    00000068                     : cvtfd.c.obj (.text:__mspabi_cvtfd)
                  0000ef68    00000064     comm.obj (.text:process_packet)
                  0000efcc    00000060     core.obj (.text:core_sleep)
                  0000f02c    0000005e     register.obj (.text:register_set)
                  0000f08a    0000005c     rts430_eabi.lib : lsr32.asm.obj (.text:l_lsr_const)
                  0000f0e6    00000058                     : div32u.asm.obj (.text)
                  0000f13e    00000054     circ.obj (.text:circ_push)
                  0000f192    00000054     i2c.obj (.text:i2c_masterRead)
                  0000f1e6    00000054     comm.obj (.text:packet_parse)
                  0000f23a    00000054     ocp.obj (.text:processBitfield)
                  0000f28e    00000052     main.obj (.text:main)
                  0000f2e0    00000050     comm.obj (.text:comm_process)
                  0000f330    0000004e     core.obj (.text:calibrate_dco)
                  0000f37e    0000004c     circ.obj (.text:circ_pop)
                  0000f3ca    0000004c     rts430_eabi.lib : lsr16.asm.obj (.text)
                  0000f416    0000004c     uart.obj (.text:uart_rx)
                  0000f462    0000004a     mux.obj (.text:mux_select)
                  0000f4ac    00000048     stopwatch.obj (.text:Timer0_A0)
                  0000f4f4    00000046     rts430_eabi.lib : fs_tou.asm.obj (.text)
                  0000f53a    00000044     stopwatchB.obj (.text:Timer1_A0)
                  0000f57e    00000044     switches.obj (.text:map_from_port)
                  0000f5c2    00000044     switches.obj (.text:map_to_port)
                  0000f606    00000042     comm.obj (.text:USCIAB0RX_ISR)
                  0000f648    00000042     rts430_eabi.lib : autoinit.c.obj (.text:__TI_auto_init_nobinit_nopinit:__TI_auto_init_nobinit_nopinit)
                  0000f68a    0000003e     RailOffCheck.obj (.text:checkTOBCOff)
                  0000f6c8    0000003e     rts430_eabi.lib : asr32.asm.obj (.text:l_asr_const)
                  0000f706    0000003e                     : lsl32.asm.obj (.text:l_lsl_const)
                  0000f744    0000003e     uart.obj (.text:uart_init)
                  0000f782    0000003c     errormon.obj (.text:errormon_increment)
                  0000f7be    00000038     i2c.obj (.text:i2c_masterInit)
                  0000f7f6    00000036     comm.obj (.text:USCIAB0TX_ISR)
                  0000f82c    00000036     register.obj (.text:register_init)
                  0000f862    00000034     circ.obj (.text:circ_length)
                  0000f896    00000032     deploy.obj (.text:deploy_wait_to_activate)
                  0000f8c8    0000002c     i2c.obj (.text:i2c_handle_rx_interrupt)
                  0000f8f4    0000002c     rts430_eabi.lib : asr16.asm.obj (.text)
                  0000f920    0000002c                     : lsl16.asm.obj (.text)
                  0000f94c    0000002a     core.obj (.text:get_next_event)
                  0000f976    0000002a     i2c.obj (.text:i2c_masterWrite)
                  0000f9a0    00000028     stopwatchB.obj (.text:stopwatch_processB)
                  0000f9c8    00000026     rts430_eabi.lib : mult32.asm.obj (.text)
                  0000f9ee    00000024                     : fs_utof.asm.obj (.text)
                  0000fa12    00000022     adc.obj (.text:adc_convert)
                  0000fa34    00000022     adc.obj (.text:adc_start_conversion)
                  0000fa56    00000022     ocp.obj (.text:ocp_toggle_rail)
                  0000fa78    0000001e     switches.obj (.text:PORT1_ISR)
                  0000fa96    0000001e     comm.obj (.text:comm_init)
                  0000fab4    0000001e     intpin.obj (.text:intpin_set)
                  0000fad2    0000001c     rts430_eabi.lib : boot.c.obj (.text:_c_int00_noargs)
                  0000faee    0000001c     errormon.obj (.text:errormon_set)
                  0000fb0a    0000001c     status.obj (.text:status_clear_bits)
                  0000fb26    0000001c     status.obj (.text:status_set_bits)
                  0000fb42    0000001c     stopwatch.obj (.text:stopwatch_process)
                  0000fb5e    0000001c     uart.obj (.text:uart_tx)
                  0000fb7a    0000001a     errormon.obj (.text:errormon_get)
                  0000fb94    0000001a     hal.obj (.text:hal_init)
                  0000fbae    0000001a     switches.obj (.text:switches_init)
                  0000fbc8    00000016     adc.obj (.text:adc_init)
                  0000fbde    00000016     ocp.obj (.text:ocp_get_boots)
                  0000fbf4    00000016     ocp.obj (.text:ocp_get_fails)
                  0000fc0a    00000016     sense.obj (.text:sense_get)
                  0000fc20    00000016     stopwatch.obj (.text:stopwatch_disable)
                  0000fc36    00000016     stopwatchB.obj (.text:stopwatch_disableB)
                  0000fc4c    00000016     switches.obj (.text:switches_get_flags)
                  0000fc62    00000014     circ.obj (.text:circ_init)
                  0000fc76    00000014     rts430_eabi.lib : copy_zero_init.c.obj (.text:decompress:ZI:__TI_zero_init_nomemset:__TI_zero_init_nomemset)
                  0000fc8a    00000012     comm.obj (.text:clear_buffer)
                  0000fc9c    00000012     rts430_eabi.lib : copy_decompress_none.c.obj (.text:decompress:none:__TI_decompress_none)
                  0000fcae    00000012     interrupt.obj (.text:interrupt_set_mask)
                  0000fcc0    00000012     interrupt.obj (.text:interrupt_set_status)
                  0000fcd2    00000012     rts430_eabi.lib : lsr32.asm.obj (.text:l_lsr)
                  0000fce4    00000012                     : memcpy.c.obj (.text:memcpy)
                  0000fcf6    00000012     switches.obj (.text:switches_set_direction)
                  0000fd08    00000010     interrupt.obj (.text:refresh_pin)
                  0000fd18    00000010     rts430_eabi.lib : epilog.asm.obj (.text)
                  0000fd28    0000000e     core.obj (.text:aclk_init)
                  0000fd36    0000000e     intpin.obj (.text:intpin_init)
                  0000fd44    0000000e     mux.obj (.text:mux_init)
                  0000fd52    0000000e     ocp.obj (.text:ocp_get_rails_activated)
                  0000fd60    0000000e     uart.obj (.text:uart_handle_rx_interrupt)
                  0000fd6e    0000000c     adc.obj (.text:ADC10_ISR)
                  0000fd7a    0000000c     core.obj (.text:core_init)
                  0000fd86    0000000c     RailOffCheck.obj (.text:restart_flight_mcu)
                  0000fd92    0000000a     ocp.obj (.text:ocp_deactivate_all_rails)
                  0000fd9c    0000000a     switches.obj (.text:switches_get)
                  0000fda6    0000000a     switches.obj (.text:switches_get_direction)
                  0000fdb0    00000008     rts430_eabi.lib : isr_trap.asm.obj (.text:_isr:__TI_ISR_TRAP)
                  0000fdb8    00000008     watchdog.obj (.text:watchdog_service)
                  0000fdc0    00000008     watchdog.obj (.text:watchdog_stop)
                  0000fdc8    00000006     rts430_eabi.lib : fltud.c.obj (.text:__mspabi_fltud)
                  0000fdce    00000006                     : exit.c.obj (.text:abort)
                  0000fdd4    00000006     i2c.obj (.text:i2c_clearRxDoneFlag)
                  0000fdda    00000006     i2c.obj (.text:i2c_clearTxDoneFlag)
                  0000fde0    00000006     i2c.obj (.text:i2c_enableRXInterrupt)
                  0000fde6    00000006     i2c.obj (.text:i2c_enableTXInterrupt)
                  0000fdec    00000006     i2c.obj (.text:i2c_getRxDoneFlag)
                  0000fdf2    00000006     i2c.obj (.text:i2c_getTxDoneFlag)
                  0000fdf8    00000006     interrupt.obj (.text:interrupt_get_mask)
                  0000fdfe    00000006     deploy.obj (.text:signal_stopped)
                  0000fe04    00000006     status.obj (.text:status_get)
                  0000fe0a    00000004     rts430_eabi.lib : pre_init.c.obj (.text:_system_pre_init)
                  0000fe0e    00000002                     : startup.c.obj (.text:_system_post_cinit)
                  0000fe10    00000002     stopwatch.obj (.text:stopwatch_init)
                  0000fe12    00000002     stopwatchB.obj (.text:stopwatch_initB)

.cinit     0    0000fe14    00000020     
                  0000fe14    0000000d     (.cinit..data.load) [load image, compression = lzss]
                  0000fe21    00000001     --HOLE-- [fill = 0]
                  0000fe22    00000006     (__TI_handler_table)
                  0000fe28    00000004     (.cinit..bss.load) [load image, compression = zero_init]
                  0000fe2c    00000008     (__TI_cinit_table)

.init_array 
*          0    0000e000    00000000     UNINITIALIZED

PORT1      0    0000ffe4    00000002     
                  0000ffe4    00000002     switches.obj (.int02)

PORT2      0    0000ffe6    00000002     
                  0000ffe6    00000002     rts430_eabi.lib : int03.asm.obj (.int03)

ADC10      0    0000ffea    00000002     
                  0000ffea    00000002     adc.obj (.int05)

USCIAB0TX 
*          0    0000ffec    00000002     
                  0000ffec    00000002     comm.obj (.int06)

USCIAB0RX 
*          0    0000ffee    00000002     
                  0000ffee    00000002     comm.obj (.int07)

TIMER0_A1 
*          0    0000fff0    00000002     
                  0000fff0    00000002     rts430_eabi.lib : int08.asm.obj (.int08)

TIMER0_A0 
*          0    0000fff2    00000002     
                  0000fff2    00000002     stopwatch.obj (.int09)

WDT        0    0000fff4    00000002     
                  0000fff4    00000002     rts430_eabi.lib : int10.asm.obj (.int10)

COMPARATORA 
*          0    0000fff6    00000002     
                  0000fff6    00000002     rts430_eabi.lib : int11.asm.obj (.int11)

TIMER1_A1 
*          0    0000fff8    00000002     
                  0000fff8    00000002     rts430_eabi.lib : int12.asm.obj (.int12)

TIMER1_A0 
*          0    0000fffa    00000002     
                  0000fffa    00000002     stopwatchB.obj (.int13)

NMI        0    0000fffc    00000002     
                  0000fffc    00000002     rts430_eabi.lib : int14.asm.obj (.int14)

.reset     0    0000fffe    00000002     
                  0000fffe    00000002     rts430_eabi.lib : boot.c.obj (.reset)

$fill000   0    0000ffde    00000002     
                  0000ffde    00000002     --HOLE-- [fill = ffff]

MODULE SUMMARY

       Module                       code   ro data   rw data
       ------                       ----   -------   -------
    .\
       core.obj                     242    0         4      
       main.obj                     82     0         0      
    +--+----------------------------+------+---------+---------+
       Total:                       324    0         4      
                                                            
    .\hal\
       i2c.obj                      262    0         18     
       stopwatchB.obj               250    2         6      
       switches.obj                 252    2         1      
       stopwatch.obj                242    2         6      
       uart.obj                     180    0         69     
       adc.obj                      102    2         2      
       mux.obj                      88     0         0      
       intpin.obj                   44     0         0      
       hal.obj                      26     0         0      
       watchdog.obj                 16     0         0      
    +--+----------------------------+------+---------+---------+
       Total:                       1462   8         102    
                                                            
    .\peripheral\
       register.obj                 982    0         2      
       comm.obj                     588    4         137    
       ocp.obj                      354    0         52     
       battery.obj                  330    0         0      
       errormon.obj                 114    0         4      
       RailOffCheck.obj             74     0         2      
       status.obj                   62     0         1      
       interrupt.obj                58     0         2      
       deploy.obj                   56     0         1      
       sense.obj                    22     0         0      
    +--+----------------------------+------+---------+---------+
       Total:                       2640   4         201    
                                                            
    .\util\
       circ.obj                     232    0         0      
       DCO_Library.obj              204    0         0      
       crc.obj                      126    0         0      
    +--+----------------------------+------+---------+---------+
       Total:                       562    0         0      
                                                            
    C:\ti\ccs910\ccs\tools\compiler\ti-cgt-msp430_18.12.2.LTS\lib\rts430_eabi.lib
       frcmpyd.c.obj                646    0         0      
       mpyd.c.obj                   622    0         0      
       cvtdf.c.obj                  140    0         0      
       fltuld.c.obj                 138    0         0      
       copy_decompress_lzss.c.obj   124    0         0      
       fixdul.c.obj                 116    0         0      
       lsr32.asm.obj                110    0         0      
       cvtfd.c.obj                  104    0         0      
       div32u.asm.obj               88     0         0      
       lsr16.asm.obj                76     0         0      
       fs_tou.asm.obj               70     0         0      
       autoinit.c.obj               66     0         0      
       asr32.asm.obj                62     0         0      
       lsl32.asm.obj                62     0         0      
       asr16.asm.obj                44     0         0      
       lsl16.asm.obj                44     0         0      
       mult32.asm.obj               38     0         0      
       fs_utof.asm.obj              36     0         0      
       boot.c.obj                   28     2         0      
       copy_zero_init.c.obj         20     0         0      
       copy_decompress_none.c.obj   18     0         0      
       memcpy.c.obj                 18     0         0      
       epilog.asm.obj               16     0         0      
       isr_trap.asm.obj             8      0         0      
       exit.c.obj                   6      0         0      
       fltud.c.obj                  6      0         0      
       pre_init.c.obj               4      0         0      
       int03.asm.obj                0      2         0      
       int08.asm.obj                0      2         0      
       int10.asm.obj                0      2         0      
       int11.asm.obj                0      2         0      
       int12.asm.obj                0      2         0      
       int14.asm.obj                0      2         0      
       startup.c.obj                2      0         0      
    +--+----------------------------+------+---------+---------+
       Total:                       2712   14        0      
                                                            
       Stack:                       0      0         80     
       Linker Generated:            0      31        0      
    +--+----------------------------+------+---------+---------+
       Grand Total:                 7700   57        387    


LINKER GENERATED COPY TABLES

__TI_cinit_table @ 0000fe2c records: 2, size/record: 4, table size: 8
	.data: load addr=0000fe14, load size=0000000d bytes, run addr=0000029c, run size=00000098 bytes, compression=lzss
	.bss: load addr=0000fe28, load size=00000004 bytes, run addr=00000200, run size=0000009b bytes, compression=zero_init


LINKER GENERATED HANDLER TABLE

__TI_handler_table @ 0000fe22 records: 3, size/record: 2, table size: 6
	index: 0, handler: __TI_zero_init
	index: 1, handler: __TI_decompress_lzss
	index: 2, handler: __TI_decompress_none


GLOBAL SYMBOLS: SORTED ALPHABETICALLY BY Name 

address   name                          
-------   ----                          
0000004a  ADC10AE0                      
0000004b  ADC10AE1                      
000001b0  ADC10CTL0                     
000001b2  ADC10CTL1                     
00000048  ADC10DTC0                     
00000049  ADC10DTC1                     
000001b4  ADC10MEM                      
000001bc  ADC10SA                       
0000fd6e  ADC10_ISR                     
00000057  BCSCTL1                       
00000058  BCSCTL2                       
00000053  BCSCTL3                       
0000fdce  C$$EXIT                       
00000059  CACTL1                        
0000005a  CACTL2                        
000010fb  CALBC1_12MHZ                  
000010f9  CALBC1_16MHZ                  
000010ff  CALBC1_1MHZ                   
000010fd  CALBC1_8MHZ                   
000010fa  CALDCO_12MHZ                  
000010f8  CALDCO_16MHZ                  
000010fe  CALDCO_1MHZ                   
000010fc  CALDCO_8MHZ                   
0000005b  CAPD                          
00000056  DCOCTL                        
00000128  FCTL1                         
0000012a  FCTL2                         
0000012c  FCTL3                         
00000000  IE1                           
00000001  IE2                           
00000002  IFG1                          
00000003  IFG2                          
00000022  P1DIR                         
00000025  P1IE                          
00000024  P1IES                         
00000023  P1IFG                         
00000020  P1IN                          
00000021  P1OUT                         
00000027  P1REN                         
00000026  P1SEL                         
00000041  P1SEL2                        
0000002a  P2DIR                         
0000002d  P2IE                          
0000002c  P2IES                         
0000002b  P2IFG                         
00000028  P2IN                          
00000029  P2OUT                         
0000002f  P2REN                         
0000002e  P2SEL                         
00000042  P2SEL2                        
0000001a  P3DIR                         
00000018  P3IN                          
00000019  P3OUT                         
00000010  P3REN                         
0000001b  P3SEL                         
0000fa78  PORT1_ISR                     
00000172  TA0CCR0                       
00000174  TA0CCR1                       
00000176  TA0CCR2                       
00000162  TA0CCTL0                      
00000164  TA0CCTL1                      
00000166  TA0CCTL2                      
00000160  TA0CTL                        
0000012e  TA0IV                         
00000170  TA0R                          
00000192  TA1CCR0                       
00000194  TA1CCR1                       
00000182  TA1CCTL0                      
00000184  TA1CCTL1                      
00000180  TA1CTL                        
0000011e  TA1IV                         
00000190  TA1R                          
0000e79a  TI_SetDCO                     
000010db  TLV_ADC10_1_LEN               
000010da  TLV_ADC10_1_TAG               
000010c0  TLV_CHECKSUM                  
000010f7  TLV_DCO_30_LEN                
000010f6  TLV_DCO_30_TAG                
0000f4ac  Timer0_A0                     
0000f53a  Timer1_A0                     
0000005d  UCA0ABCTL                     
00000062  UCA0BR0                       
00000063  UCA0BR1                       
00000060  UCA0CTL0                      
00000061  UCA0CTL1                      
0000005f  UCA0IRRCTL                    
0000005e  UCA0IRTCTL                    
00000064  UCA0MCTL                      
00000066  UCA0RXBUF                     
00000065  UCA0STAT                      
00000067  UCA0TXBUF                     
0000006a  UCB0BR0                       
0000006b  UCB0BR1                       
00000068  UCB0CTL0                      
00000069  UCB0CTL1                      
0000006c  UCB0I2CIE                     
00000118  UCB0I2COA                     
0000011a  UCB0I2CSA                     
0000006e  UCB0RXBUF                     
0000006d  UCB0STAT                      
0000006f  UCB0TXBUF                     
0000f606  USCIAB0RX_ISR                 
0000f7f6  USCIAB0TX_ISR                 
00000120  WDTCTL                        
00000400  __STACK_END                   
00000050  __STACK_SIZE                  
0000fe2c  __TI_CINIT_Base               
0000fe34  __TI_CINIT_Limit              
0000fe22  __TI_Handler_Table_Base       
0000fe28  __TI_Handler_Table_Limit      
0000fdb0  __TI_ISR_TRAP                 
0000f648  __TI_auto_init_nobinit_nopinit
0000ed24  __TI_decompress_lzss          
0000fc9c  __TI_decompress_none          
0000e2a6  __TI_frcmpyd                  
0000ffe4  __TI_int02                    
0000ffe6  __TI_int03                    
0000ffea  __TI_int05                    
0000ffec  __TI_int06                    
0000ffee  __TI_int07                    
0000fff0  __TI_int08                    
0000fff2  __TI_int09                    
0000fff4  __TI_int10                    
0000fff6  __TI_int11                    
0000fff8  __TI_int12                    
0000fffa  __TI_int13                    
0000fffc  __TI_int14                    
ffffffff  __TI_pprof_out_hndl           
ffffffff  __TI_prof_data_size           
ffffffff  __TI_prof_data_start          
0000fc76  __TI_zero_init_nomemset       
ffffffff  __c_args__                    
0000eb90  __mspabi_cvtdf                
0000ef00  __mspabi_cvtfd                
0000f0e6  __mspabi_divul                
0000ee8c  __mspabi_fixdul               
0000f4f4  __mspabi_fixfu                
0000fdc8  __mspabi_fltud                
0000f9ee  __mspabi_fltuf                
0000ec1c  __mspabi_fltuld               
0000fd24  __mspabi_func_epilog_1        
0000fd22  __mspabi_func_epilog_2        
0000fd20  __mspabi_func_epilog_3        
0000fd1e  __mspabi_func_epilog_4        
0000fd1c  __mspabi_func_epilog_5        
0000fd1a  __mspabi_func_epilog_6        
0000fd18  __mspabi_func_epilog_7        
0000e52c  __mspabi_mpyd                 
0000f9c8  __mspabi_mpyl                 
0000f9c8  __mspabi_mpyl_sw              
0000f0e6  __mspabi_remul                
0000f920  __mspabi_slli                 
0000f948  __mspabi_slli_1               
0000f936  __mspabi_slli_10              
0000f934  __mspabi_slli_11              
0000f932  __mspabi_slli_12              
0000f930  __mspabi_slli_13              
0000f92e  __mspabi_slli_14              
0000f92c  __mspabi_slli_15              
0000f946  __mspabi_slli_2               
0000f944  __mspabi_slli_3               
0000f942  __mspabi_slli_4               
0000f940  __mspabi_slli_5               
0000f93e  __mspabi_slli_6               
0000f93c  __mspabi_slli_7               
0000f93a  __mspabi_slli_8               
0000f938  __mspabi_slli_9               
0000f73e  __mspabi_slll_1               
0000f71a  __mspabi_slll_10              
0000f716  __mspabi_slll_11              
0000f712  __mspabi_slll_12              
0000f70e  __mspabi_slll_13              
0000f70a  __mspabi_slll_14              
0000f706  __mspabi_slll_15              
0000f73a  __mspabi_slll_2               
0000f736  __mspabi_slll_3               
0000f732  __mspabi_slll_4               
0000f72e  __mspabi_slll_5               
0000f72a  __mspabi_slll_6               
0000f726  __mspabi_slll_7               
0000f722  __mspabi_slll_8               
0000f71e  __mspabi_slll_9               
0000f8f4  __mspabi_srai                 
0000f91c  __mspabi_srai_1               
0000f90a  __mspabi_srai_10              
0000f908  __mspabi_srai_11              
0000f906  __mspabi_srai_12              
0000f904  __mspabi_srai_13              
0000f902  __mspabi_srai_14              
0000f900  __mspabi_srai_15              
0000f91a  __mspabi_srai_2               
0000f918  __mspabi_srai_3               
0000f916  __mspabi_srai_4               
0000f914  __mspabi_srai_5               
0000f912  __mspabi_srai_6               
0000f910  __mspabi_srai_7               
0000f90e  __mspabi_srai_8               
0000f90c  __mspabi_srai_9               
0000f700  __mspabi_sral_1               
0000f6dc  __mspabi_sral_10              
0000f6d8  __mspabi_sral_11              
0000f6d4  __mspabi_sral_12              
0000f6d0  __mspabi_sral_13              
0000f6cc  __mspabi_sral_14              
0000f6c8  __mspabi_sral_15              
0000f6fc  __mspabi_sral_2               
0000f6f8  __mspabi_sral_3               
0000f6f4  __mspabi_sral_4               
0000f6f0  __mspabi_sral_5               
0000f6ec  __mspabi_sral_6               
0000f6e8  __mspabi_sral_7               
0000f6e4  __mspabi_sral_8               
0000f6e0  __mspabi_sral_9               
0000f3ca  __mspabi_srli                 
0000f410  __mspabi_srli_1               
0000f3ec  __mspabi_srli_10              
0000f3e8  __mspabi_srli_11              
0000f3e4  __mspabi_srli_12              
0000f3e0  __mspabi_srli_13              
0000f3dc  __mspabi_srli_14              
0000f3d8  __mspabi_srli_15              
0000f40c  __mspabi_srli_2               
0000f408  __mspabi_srli_3               
0000f404  __mspabi_srli_4               
0000f400  __mspabi_srli_5               
0000f3fc  __mspabi_srli_6               
0000f3f8  __mspabi_srli_7               
0000f3f4  __mspabi_srli_8               
0000f3f0  __mspabi_srli_9               
0000fcd2  __mspabi_srll                 
0000f0de  __mspabi_srll_1               
0000f0a8  __mspabi_srll_10              
0000f0a2  __mspabi_srll_11              
0000f09c  __mspabi_srll_12              
0000f096  __mspabi_srll_13              
0000f090  __mspabi_srll_14              
0000f08a  __mspabi_srll_15              
0000f0d8  __mspabi_srll_2               
0000f0d2  __mspabi_srll_3               
0000f0cc  __mspabi_srll_4               
0000f0c6  __mspabi_srll_5               
0000f0c0  __mspabi_srll_6               
0000f0ba  __mspabi_srll_7               
0000f0b4  __mspabi_srll_8               
0000f0ae  __mspabi_srll_9               
0000fad2  _c_int00_noargs               
0000fffe  _reset_vector                 
000003b0  _stack                        
0000fe0e  _system_post_cinit            
0000fe0a  _system_pre_init              
00000292  _wakeEventsOccurred           
00000294  _wakeReasons                  
0000fdce  abort                         
0000fa12  adc_convert                   
0000fbc8  adc_init                      
0000fa34  adc_start_conversion          
0000eaf6  apply_equation_to_adc         
0000f68a  checkTOBCOff                  
0000fc62  circ_init                     
0000f862  circ_length                   
0000f37e  circ_pop                      
0000f13e  circ_push                     
0000fa96  comm_init                     
0000f2e0  comm_process                  
0000e9be  convert_adc_to_current        
0000fd7a  core_init                     
0000efcc  core_sleep                    
0000eca6  crc_generate                  
0000f896  deploy_wait_to_activate       
0000fb7a  errormon_get                  
0000f782  errormon_increment            
0000faee  errormon_set                  
0000e866  get_battery_telemetry         
0000fb94  hal_init                      
00000296  i2c_buff                      
0000fdd4  i2c_clearRxDoneFlag           
0000fdda  i2c_clearTxDoneFlag           
0000fde0  i2c_enableRXInterrupt         
0000fde6  i2c_enableTXInterrupt         
0000fdec  i2c_getRxDoneFlag             
0000fdf2  i2c_getTxDoneFlag             
0000f8c8  i2c_handle_rx_interrupt       
0000f7be  i2c_masterInit                
0000f192  i2c_masterRead                
0000f976  i2c_masterWrite               
0000fdf8  interrupt_get_mask            
0000fcae  interrupt_set_mask            
0000fcc0  interrupt_set_status          
0000fd36  intpin_init                   
0000fab4  intpin_set                    
0000f28e  main                          
0000f57e  map_from_port                 
0000f5c2  map_to_port                   
00000332  mask                          
0000fce4  memcpy                        
0000fd44  mux_init                      
0000f462  mux_select                    
0000fd92  ocp_deactivate_all_rails      
0000fbde  ocp_get_boots                 
0000fbf4  ocp_get_fails                 
0000fd52  ocp_get_rails_activated       
0000e916  ocp_process                   
0000fa56  ocp_toggle_rail               
0000f23a  processBitfield               
0000e000  register_get                  
0000f82c  register_init                 
0000f02c  register_set                  
0000032e  required_rails_on             
0000fc0a  sense_get                     
0000029a  status                        
0000fb0a  status_clear_bits             
0000fe04  status_get                    
0000fb26  status_set_bits               
0000fc20  stopwatch_disable             
0000fc36  stopwatch_disableB            
0000fe10  stopwatch_init                
0000fe12  stopwatch_initB               
0000fb42  stopwatch_process             
0000f9a0  stopwatch_processB            
0000eda0  stopwatch_start               
0000ee16  stopwatch_startB              
0000fd9c  switches_get                  
0000fda6  switches_get_direction        
0000fc4c  switches_get_flags            
0000fbae  switches_init                 
0000fcf6  switches_set_direction        
0000032f  timer_started                 
0000fd60  uart_handle_rx_interrupt      
0000f744  uart_init                     
0000f416  uart_rx                       
0000fb5e  uart_tx                       
0000fdb8  watchdog_service              
0000fdc0  watchdog_stop                 


GLOBAL SYMBOLS: SORTED BY Symbol Address 

address   name                          
-------   ----                          
00000000  IE1                           
00000001  IE2                           
00000002  IFG1                          
00000003  IFG2                          
00000010  P3REN                         
00000018  P3IN                          
00000019  P3OUT                         
0000001a  P3DIR                         
0000001b  P3SEL                         
00000020  P1IN                          
00000021  P1OUT                         
00000022  P1DIR                         
00000023  P1IFG                         
00000024  P1IES                         
00000025  P1IE                          
00000026  P1SEL                         
00000027  P1REN                         
00000028  P2IN                          
00000029  P2OUT                         
0000002a  P2DIR                         
0000002b  P2IFG                         
0000002c  P2IES                         
0000002d  P2IE                          
0000002e  P2SEL                         
0000002f  P2REN                         
00000041  P1SEL2                        
00000042  P2SEL2                        
00000048  ADC10DTC0                     
00000049  ADC10DTC1                     
0000004a  ADC10AE0                      
0000004b  ADC10AE1                      
00000050  __STACK_SIZE                  
00000053  BCSCTL3                       
00000056  DCOCTL                        
00000057  BCSCTL1                       
00000058  BCSCTL2                       
00000059  CACTL1                        
0000005a  CACTL2                        
0000005b  CAPD                          
0000005d  UCA0ABCTL                     
0000005e  UCA0IRTCTL                    
0000005f  UCA0IRRCTL                    
00000060  UCA0CTL0                      
00000061  UCA0CTL1                      
00000062  UCA0BR0                       
00000063  UCA0BR1                       
00000064  UCA0MCTL                      
00000065  UCA0STAT                      
00000066  UCA0RXBUF                     
00000067  UCA0TXBUF                     
00000068  UCB0CTL0                      
00000069  UCB0CTL1                      
0000006a  UCB0BR0                       
0000006b  UCB0BR1                       
0000006c  UCB0I2CIE                     
0000006d  UCB0STAT                      
0000006e  UCB0RXBUF                     
0000006f  UCB0TXBUF                     
00000118  UCB0I2COA                     
0000011a  UCB0I2CSA                     
0000011e  TA1IV                         
00000120  WDTCTL                        
00000128  FCTL1                         
0000012a  FCTL2                         
0000012c  FCTL3                         
0000012e  TA0IV                         
00000160  TA0CTL                        
00000162  TA0CCTL0                      
00000164  TA0CCTL1                      
00000166  TA0CCTL2                      
00000170  TA0R                          
00000172  TA0CCR0                       
00000174  TA0CCR1                       
00000176  TA0CCR2                       
00000180  TA1CTL                        
00000182  TA1CCTL0                      
00000184  TA1CCTL1                      
00000190  TA1R                          
00000192  TA1CCR0                       
00000194  TA1CCR1                       
000001b0  ADC10CTL0                     
000001b2  ADC10CTL1                     
000001b4  ADC10MEM                      
000001bc  ADC10SA                       
00000292  _wakeEventsOccurred           
00000294  _wakeReasons                  
00000296  i2c_buff                      
0000029a  status                        
0000032e  required_rails_on             
0000032f  timer_started                 
00000332  mask                          
000003b0  _stack                        
00000400  __STACK_END                   
000010c0  TLV_CHECKSUM                  
000010da  TLV_ADC10_1_TAG               
000010db  TLV_ADC10_1_LEN               
000010f6  TLV_DCO_30_TAG                
000010f7  TLV_DCO_30_LEN                
000010f8  CALDCO_16MHZ                  
000010f9  CALBC1_16MHZ                  
000010fa  CALDCO_12MHZ                  
000010fb  CALBC1_12MHZ                  
000010fc  CALDCO_8MHZ                   
000010fd  CALBC1_8MHZ                   
000010fe  CALDCO_1MHZ                   
000010ff  CALBC1_1MHZ                   
0000e000  register_get                  
0000e2a6  __TI_frcmpyd                  
0000e52c  __mspabi_mpyd                 
0000e79a  TI_SetDCO                     
0000e866  get_battery_telemetry         
0000e916  ocp_process                   
0000e9be  convert_adc_to_current        
0000eaf6  apply_equation_to_adc         
0000eb90  __mspabi_cvtdf                
0000ec1c  __mspabi_fltuld               
0000eca6  crc_generate                  
0000ed24  __TI_decompress_lzss          
0000eda0  stopwatch_start               
0000ee16  stopwatch_startB              
0000ee8c  __mspabi_fixdul               
0000ef00  __mspabi_cvtfd                
0000efcc  core_sleep                    
0000f02c  register_set                  
0000f08a  __mspabi_srll_15              
0000f090  __mspabi_srll_14              
0000f096  __mspabi_srll_13              
0000f09c  __mspabi_srll_12              
0000f0a2  __mspabi_srll_11              
0000f0a8  __mspabi_srll_10              
0000f0ae  __mspabi_srll_9               
0000f0b4  __mspabi_srll_8               
0000f0ba  __mspabi_srll_7               
0000f0c0  __mspabi_srll_6               
0000f0c6  __mspabi_srll_5               
0000f0cc  __mspabi_srll_4               
0000f0d2  __mspabi_srll_3               
0000f0d8  __mspabi_srll_2               
0000f0de  __mspabi_srll_1               
0000f0e6  __mspabi_divul                
0000f0e6  __mspabi_remul                
0000f13e  circ_push                     
0000f192  i2c_masterRead                
0000f23a  processBitfield               
0000f28e  main                          
0000f2e0  comm_process                  
0000f37e  circ_pop                      
0000f3ca  __mspabi_srli                 
0000f3d8  __mspabi_srli_15              
0000f3dc  __mspabi_srli_14              
0000f3e0  __mspabi_srli_13              
0000f3e4  __mspabi_srli_12              
0000f3e8  __mspabi_srli_11              
0000f3ec  __mspabi_srli_10              
0000f3f0  __mspabi_srli_9               
0000f3f4  __mspabi_srli_8               
0000f3f8  __mspabi_srli_7               
0000f3fc  __mspabi_srli_6               
0000f400  __mspabi_srli_5               
0000f404  __mspabi_srli_4               
0000f408  __mspabi_srli_3               
0000f40c  __mspabi_srli_2               
0000f410  __mspabi_srli_1               
0000f416  uart_rx                       
0000f462  mux_select                    
0000f4ac  Timer0_A0                     
0000f4f4  __mspabi_fixfu                
0000f53a  Timer1_A0                     
0000f57e  map_from_port                 
0000f5c2  map_to_port                   
0000f606  USCIAB0RX_ISR                 
0000f648  __TI_auto_init_nobinit_nopinit
0000f68a  checkTOBCOff                  
0000f6c8  __mspabi_sral_15              
0000f6cc  __mspabi_sral_14              
0000f6d0  __mspabi_sral_13              
0000f6d4  __mspabi_sral_12              
0000f6d8  __mspabi_sral_11              
0000f6dc  __mspabi_sral_10              
0000f6e0  __mspabi_sral_9               
0000f6e4  __mspabi_sral_8               
0000f6e8  __mspabi_sral_7               
0000f6ec  __mspabi_sral_6               
0000f6f0  __mspabi_sral_5               
0000f6f4  __mspabi_sral_4               
0000f6f8  __mspabi_sral_3               
0000f6fc  __mspabi_sral_2               
0000f700  __mspabi_sral_1               
0000f706  __mspabi_slll_15              
0000f70a  __mspabi_slll_14              
0000f70e  __mspabi_slll_13              
0000f712  __mspabi_slll_12              
0000f716  __mspabi_slll_11              
0000f71a  __mspabi_slll_10              
0000f71e  __mspabi_slll_9               
0000f722  __mspabi_slll_8               
0000f726  __mspabi_slll_7               
0000f72a  __mspabi_slll_6               
0000f72e  __mspabi_slll_5               
0000f732  __mspabi_slll_4               
0000f736  __mspabi_slll_3               
0000f73a  __mspabi_slll_2               
0000f73e  __mspabi_slll_1               
0000f744  uart_init                     
0000f782  errormon_increment            
0000f7be  i2c_masterInit                
0000f7f6  USCIAB0TX_ISR                 
0000f82c  register_init                 
0000f862  circ_length                   
0000f896  deploy_wait_to_activate       
0000f8c8  i2c_handle_rx_interrupt       
0000f8f4  __mspabi_srai                 
0000f900  __mspabi_srai_15              
0000f902  __mspabi_srai_14              
0000f904  __mspabi_srai_13              
0000f906  __mspabi_srai_12              
0000f908  __mspabi_srai_11              
0000f90a  __mspabi_srai_10              
0000f90c  __mspabi_srai_9               
0000f90e  __mspabi_srai_8               
0000f910  __mspabi_srai_7               
0000f912  __mspabi_srai_6               
0000f914  __mspabi_srai_5               
0000f916  __mspabi_srai_4               
0000f918  __mspabi_srai_3               
0000f91a  __mspabi_srai_2               
0000f91c  __mspabi_srai_1               
0000f920  __mspabi_slli                 
0000f92c  __mspabi_slli_15              
0000f92e  __mspabi_slli_14              
0000f930  __mspabi_slli_13              
0000f932  __mspabi_slli_12              
0000f934  __mspabi_slli_11              
0000f936  __mspabi_slli_10              
0000f938  __mspabi_slli_9               
0000f93a  __mspabi_slli_8               
0000f93c  __mspabi_slli_7               
0000f93e  __mspabi_slli_6               
0000f940  __mspabi_slli_5               
0000f942  __mspabi_slli_4               
0000f944  __mspabi_slli_3               
0000f946  __mspabi_slli_2               
0000f948  __mspabi_slli_1               
0000f976  i2c_masterWrite               
0000f9a0  stopwatch_processB            
0000f9c8  __mspabi_mpyl                 
0000f9c8  __mspabi_mpyl_sw              
0000f9ee  __mspabi_fltuf                
0000fa12  adc_convert                   
0000fa34  adc_start_conversion          
0000fa56  ocp_toggle_rail               
0000fa78  PORT1_ISR                     
0000fa96  comm_init                     
0000fab4  intpin_set                    
0000fad2  _c_int00_noargs               
0000faee  errormon_set                  
0000fb0a  status_clear_bits             
0000fb26  status_set_bits               
0000fb42  stopwatch_process             
0000fb5e  uart_tx                       
0000fb7a  errormon_get                  
0000fb94  hal_init                      
0000fbae  switches_init                 
0000fbc8  adc_init                      
0000fbde  ocp_get_boots                 
0000fbf4  ocp_get_fails                 
0000fc0a  sense_get                     
0000fc20  stopwatch_disable             
0000fc36  stopwatch_disableB            
0000fc4c  switches_get_flags            
0000fc62  circ_init                     
0000fc76  __TI_zero_init_nomemset       
0000fc9c  __TI_decompress_none          
0000fcae  interrupt_set_mask            
0000fcc0  interrupt_set_status          
0000fcd2  __mspabi_srll                 
0000fce4  memcpy                        
0000fcf6  switches_set_direction        
0000fd18  __mspabi_func_epilog_7        
0000fd1a  __mspabi_func_epilog_6        
0000fd1c  __mspabi_func_epilog_5        
0000fd1e  __mspabi_func_epilog_4        
0000fd20  __mspabi_func_epilog_3        
0000fd22  __mspabi_func_epilog_2        
0000fd24  __mspabi_func_epilog_1        
0000fd36  intpin_init                   
0000fd44  mux_init                      
0000fd52  ocp_get_rails_activated       
0000fd60  uart_handle_rx_interrupt      
0000fd6e  ADC10_ISR                     
0000fd7a  core_init                     
0000fd92  ocp_deactivate_all_rails      
0000fd9c  switches_get                  
0000fda6  switches_get_direction        
0000fdb0  __TI_ISR_TRAP                 
0000fdb8  watchdog_service              
0000fdc0  watchdog_stop                 
0000fdc8  __mspabi_fltud                
0000fdce  C$$EXIT                       
0000fdce  abort                         
0000fdd4  i2c_clearRxDoneFlag           
0000fdda  i2c_clearTxDoneFlag           
0000fde0  i2c_enableRXInterrupt         
0000fde6  i2c_enableTXInterrupt         
0000fdec  i2c_getRxDoneFlag             
0000fdf2  i2c_getTxDoneFlag             
0000fdf8  interrupt_get_mask            
0000fe04  status_get                    
0000fe0a  _system_pre_init              
0000fe0e  _system_post_cinit            
0000fe10  stopwatch_init                
0000fe12  stopwatch_initB               
0000fe22  __TI_Handler_Table_Base       
0000fe28  __TI_Handler_Table_Limit      
0000fe2c  __TI_CINIT_Base               
0000fe34  __TI_CINIT_Limit              
0000ffe4  __TI_int02                    
0000ffe6  __TI_int03                    
0000ffea  __TI_int05                    
0000ffec  __TI_int06                    
0000ffee  __TI_int07                    
0000fff0  __TI_int08                    
0000fff2  __TI_int09                    
0000fff4  __TI_int10                    
0000fff6  __TI_int11                    
0000fff8  __TI_int12                    
0000fffa  __TI_int13                    
0000fffc  __TI_int14                    
0000fffe  _reset_vector                 
ffffffff  __TI_pprof_out_hndl           
ffffffff  __TI_prof_data_size           
ffffffff  __TI_prof_data_start          
ffffffff  __c_args__                    

[333 symbols]
