<?xml version="1.0" encoding="ISO-8859-1" ?>
<link_info>
   <banner>MSP430 Linker PC v18.12.2.LTS</banner>
   <copyright>Copyright (c) 2003-2018 Texas Instruments Incorporated</copyright>
   <link_time>0x5d445a9c</link_time>
   <link_errors>0x0</link_errors>
   <output_file>PowerMcu Working4.out</output_file>
   <entry_point>
      <name>_c_int00_noargs</name>
      <address>0xfafe</address>
   </entry_point>
   <input_file_list>
      <input_file id="fl-2">
         <path>.\</path>
         <kind>object</kind>
         <file>core.obj</file>
         <name>core.obj</name>
      </input_file>
      <input_file id="fl-3">
         <path>.\</path>
         <kind>object</kind>
         <file>main.obj</file>
         <name>main.obj</name>
      </input_file>
      <input_file id="fl-4">
         <path>.\hal\</path>
         <kind>object</kind>
         <file>adc.obj</file>
         <name>adc.obj</name>
      </input_file>
      <input_file id="fl-5">
         <path>.\hal\</path>
         <kind>object</kind>
         <file>hal.obj</file>
         <name>hal.obj</name>
      </input_file>
      <input_file id="fl-6">
         <path>.\hal\</path>
         <kind>object</kind>
         <file>i2c.obj</file>
         <name>i2c.obj</name>
      </input_file>
      <input_file id="fl-7">
         <path>.\hal\</path>
         <kind>object</kind>
         <file>intpin.obj</file>
         <name>intpin.obj</name>
      </input_file>
      <input_file id="fl-8">
         <path>.\hal\</path>
         <kind>object</kind>
         <file>mux.obj</file>
         <name>mux.obj</name>
      </input_file>
      <input_file id="fl-9">
         <path>.\hal\</path>
         <kind>object</kind>
         <file>stopwatch.obj</file>
         <name>stopwatch.obj</name>
      </input_file>
      <input_file id="fl-a">
         <path>.\hal\</path>
         <kind>object</kind>
         <file>stopwatchB.obj</file>
         <name>stopwatchB.obj</name>
      </input_file>
      <input_file id="fl-b">
         <path>.\hal\</path>
         <kind>object</kind>
         <file>switches.obj</file>
         <name>switches.obj</name>
      </input_file>
      <input_file id="fl-c">
         <path>.\hal\</path>
         <kind>object</kind>
         <file>uart.obj</file>
         <name>uart.obj</name>
      </input_file>
      <input_file id="fl-d">
         <path>.\hal\</path>
         <kind>object</kind>
         <file>watchdog.obj</file>
         <name>watchdog.obj</name>
      </input_file>
      <input_file id="fl-e">
         <path>.\peripheral\</path>
         <kind>object</kind>
         <file>RailOffCheck.obj</file>
         <name>RailOffCheck.obj</name>
      </input_file>
      <input_file id="fl-f">
         <path>.\peripheral\</path>
         <kind>object</kind>
         <file>battery.obj</file>
         <name>battery.obj</name>
      </input_file>
      <input_file id="fl-10">
         <path>.\peripheral\</path>
         <kind>object</kind>
         <file>comm.obj</file>
         <name>comm.obj</name>
      </input_file>
      <input_file id="fl-11">
         <path>.\peripheral\</path>
         <kind>object</kind>
         <file>deploy.obj</file>
         <name>deploy.obj</name>
      </input_file>
      <input_file id="fl-12">
         <path>.\peripheral\</path>
         <kind>object</kind>
         <file>errormon.obj</file>
         <name>errormon.obj</name>
      </input_file>
      <input_file id="fl-13">
         <path>.\peripheral\</path>
         <kind>object</kind>
         <file>interrupt.obj</file>
         <name>interrupt.obj</name>
      </input_file>
      <input_file id="fl-14">
         <path>.\peripheral\</path>
         <kind>object</kind>
         <file>ocp.obj</file>
         <name>ocp.obj</name>
      </input_file>
      <input_file id="fl-15">
         <path>.\peripheral\</path>
         <kind>object</kind>
         <file>register.obj</file>
         <name>register.obj</name>
      </input_file>
      <input_file id="fl-16">
         <path>.\peripheral\</path>
         <kind>object</kind>
         <file>sense.obj</file>
         <name>sense.obj</name>
      </input_file>
      <input_file id="fl-17">
         <path>.\peripheral\</path>
         <kind>object</kind>
         <file>status.obj</file>
         <name>status.obj</name>
      </input_file>
      <input_file id="fl-18">
         <path>.\util\</path>
         <kind>object</kind>
         <file>DCO_Library.obj</file>
         <name>DCO_Library.obj</name>
      </input_file>
      <input_file id="fl-19">
         <path>.\util\</path>
         <kind>object</kind>
         <file>circ.obj</file>
         <name>circ.obj</name>
      </input_file>
      <input_file id="fl-1a">
         <path>.\util\</path>
         <kind>object</kind>
         <file>crc.obj</file>
         <name>crc.obj</name>
      </input_file>
      <input_file id="fl-1f">
         <kind>object</kind>
         <file>&lt;internal&gt;</file>
         <name>&lt;internal&gt;</name>
      </input_file>
      <input_file id="fl-35">
         <path>C:\ti\ccs910\ccs\tools\compiler\ti-cgt-msp430_18.12.2.LTS\lib\</path>
         <kind>archive</kind>
         <file>rts430_eabi.lib</file>
         <name>asr16.asm.obj</name>
      </input_file>
      <input_file id="fl-36">
         <path>C:\ti\ccs910\ccs\tools\compiler\ti-cgt-msp430_18.12.2.LTS\lib\</path>
         <kind>archive</kind>
         <file>rts430_eabi.lib</file>
         <name>div32u.asm.obj</name>
      </input_file>
      <input_file id="fl-37">
         <path>C:\ti\ccs910\ccs\tools\compiler\ti-cgt-msp430_18.12.2.LTS\lib\</path>
         <kind>archive</kind>
         <file>rts430_eabi.lib</file>
         <name>epilog.asm.obj</name>
      </input_file>
      <input_file id="fl-38">
         <path>C:\ti\ccs910\ccs\tools\compiler\ti-cgt-msp430_18.12.2.LTS\lib\</path>
         <kind>archive</kind>
         <file>rts430_eabi.lib</file>
         <name>fs_tou.asm.obj</name>
      </input_file>
      <input_file id="fl-39">
         <path>C:\ti\ccs910\ccs\tools\compiler\ti-cgt-msp430_18.12.2.LTS\lib\</path>
         <kind>archive</kind>
         <file>rts430_eabi.lib</file>
         <name>fs_utof.asm.obj</name>
      </input_file>
      <input_file id="fl-3a">
         <path>C:\ti\ccs910\ccs\tools\compiler\ti-cgt-msp430_18.12.2.LTS\lib\</path>
         <kind>archive</kind>
         <file>rts430_eabi.lib</file>
         <name>int03.asm.obj</name>
      </input_file>
      <input_file id="fl-3b">
         <path>C:\ti\ccs910\ccs\tools\compiler\ti-cgt-msp430_18.12.2.LTS\lib\</path>
         <kind>archive</kind>
         <file>rts430_eabi.lib</file>
         <name>int08.asm.obj</name>
      </input_file>
      <input_file id="fl-3c">
         <path>C:\ti\ccs910\ccs\tools\compiler\ti-cgt-msp430_18.12.2.LTS\lib\</path>
         <kind>archive</kind>
         <file>rts430_eabi.lib</file>
         <name>int10.asm.obj</name>
      </input_file>
      <input_file id="fl-3d">
         <path>C:\ti\ccs910\ccs\tools\compiler\ti-cgt-msp430_18.12.2.LTS\lib\</path>
         <kind>archive</kind>
         <file>rts430_eabi.lib</file>
         <name>int11.asm.obj</name>
      </input_file>
      <input_file id="fl-3e">
         <path>C:\ti\ccs910\ccs\tools\compiler\ti-cgt-msp430_18.12.2.LTS\lib\</path>
         <kind>archive</kind>
         <file>rts430_eabi.lib</file>
         <name>int12.asm.obj</name>
      </input_file>
      <input_file id="fl-3f">
         <path>C:\ti\ccs910\ccs\tools\compiler\ti-cgt-msp430_18.12.2.LTS\lib\</path>
         <kind>archive</kind>
         <file>rts430_eabi.lib</file>
         <name>int14.asm.obj</name>
      </input_file>
      <input_file id="fl-40">
         <path>C:\ti\ccs910\ccs\tools\compiler\ti-cgt-msp430_18.12.2.LTS\lib\</path>
         <kind>archive</kind>
         <file>rts430_eabi.lib</file>
         <name>isr_trap.asm.obj</name>
      </input_file>
      <input_file id="fl-41">
         <path>C:\ti\ccs910\ccs\tools\compiler\ti-cgt-msp430_18.12.2.LTS\lib\</path>
         <kind>archive</kind>
         <file>rts430_eabi.lib</file>
         <name>lsl16.asm.obj</name>
      </input_file>
      <input_file id="fl-42">
         <path>C:\ti\ccs910\ccs\tools\compiler\ti-cgt-msp430_18.12.2.LTS\lib\</path>
         <kind>archive</kind>
         <file>rts430_eabi.lib</file>
         <name>lsr16.asm.obj</name>
      </input_file>
      <input_file id="fl-43">
         <path>C:\ti\ccs910\ccs\tools\compiler\ti-cgt-msp430_18.12.2.LTS\lib\</path>
         <kind>archive</kind>
         <file>rts430_eabi.lib</file>
         <name>lsr32.asm.obj</name>
      </input_file>
      <input_file id="fl-44">
         <path>C:\ti\ccs910\ccs\tools\compiler\ti-cgt-msp430_18.12.2.LTS\lib\</path>
         <kind>archive</kind>
         <file>rts430_eabi.lib</file>
         <name>mult32.asm.obj</name>
      </input_file>
      <input_file id="fl-45">
         <path>C:\ti\ccs910\ccs\tools\compiler\ti-cgt-msp430_18.12.2.LTS\lib\</path>
         <kind>archive</kind>
         <file>rts430_eabi.lib</file>
         <name>boot.c.obj</name>
      </input_file>
      <input_file id="fl-46">
         <path>C:\ti\ccs910\ccs\tools\compiler\ti-cgt-msp430_18.12.2.LTS\lib\</path>
         <kind>archive</kind>
         <file>rts430_eabi.lib</file>
         <name>autoinit.c.obj</name>
      </input_file>
      <input_file id="fl-47">
         <path>C:\ti\ccs910\ccs\tools\compiler\ti-cgt-msp430_18.12.2.LTS\lib\</path>
         <kind>archive</kind>
         <file>rts430_eabi.lib</file>
         <name>copy_zero_init.c.obj</name>
      </input_file>
      <input_file id="fl-48">
         <path>C:\ti\ccs910\ccs\tools\compiler\ti-cgt-msp430_18.12.2.LTS\lib\</path>
         <kind>archive</kind>
         <file>rts430_eabi.lib</file>
         <name>cpy_tbl.c.obj</name>
      </input_file>
      <input_file id="fl-49">
         <path>C:\ti\ccs910\ccs\tools\compiler\ti-cgt-msp430_18.12.2.LTS\lib\</path>
         <kind>archive</kind>
         <file>rts430_eabi.lib</file>
         <name>mpu_init.c.obj</name>
      </input_file>
      <input_file id="fl-4a">
         <path>C:\ti\ccs910\ccs\tools\compiler\ti-cgt-msp430_18.12.2.LTS\lib\</path>
         <kind>archive</kind>
         <file>rts430_eabi.lib</file>
         <name>pre_init.c.obj</name>
      </input_file>
      <input_file id="fl-4b">
         <path>C:\ti\ccs910\ccs\tools\compiler\ti-cgt-msp430_18.12.2.LTS\lib\</path>
         <kind>archive</kind>
         <file>rts430_eabi.lib</file>
         <name>startup.c.obj</name>
      </input_file>
      <input_file id="fl-4c">
         <path>C:\ti\ccs910\ccs\tools\compiler\ti-cgt-msp430_18.12.2.LTS\lib\</path>
         <kind>archive</kind>
         <file>rts430_eabi.lib</file>
         <name>copy_decompress_none.c.obj</name>
      </input_file>
      <input_file id="fl-4d">
         <path>C:\ti\ccs910\ccs\tools\compiler\ti-cgt-msp430_18.12.2.LTS\lib\</path>
         <kind>archive</kind>
         <file>rts430_eabi.lib</file>
         <name>copy_decompress_lzss.c.obj</name>
      </input_file>
      <input_file id="fl-4e">
         <path>C:\ti\ccs910\ccs\tools\compiler\ti-cgt-msp430_18.12.2.LTS\lib\</path>
         <kind>archive</kind>
         <file>rts430_eabi.lib</file>
         <name>cvtfd.c.obj</name>
      </input_file>
      <input_file id="fl-4f">
         <path>C:\ti\ccs910\ccs\tools\compiler\ti-cgt-msp430_18.12.2.LTS\lib\</path>
         <kind>archive</kind>
         <file>rts430_eabi.lib</file>
         <name>fixdul.c.obj</name>
      </input_file>
      <input_file id="fl-50">
         <path>C:\ti\ccs910\ccs\tools\compiler\ti-cgt-msp430_18.12.2.LTS\lib\</path>
         <kind>archive</kind>
         <file>rts430_eabi.lib</file>
         <name>fltud.c.obj</name>
      </input_file>
      <input_file id="fl-51">
         <path>C:\ti\ccs910\ccs\tools\compiler\ti-cgt-msp430_18.12.2.LTS\lib\</path>
         <kind>archive</kind>
         <file>rts430_eabi.lib</file>
         <name>fltuld.c.obj</name>
      </input_file>
      <input_file id="fl-52">
         <path>C:\ti\ccs910\ccs\tools\compiler\ti-cgt-msp430_18.12.2.LTS\lib\</path>
         <kind>archive</kind>
         <file>rts430_eabi.lib</file>
         <name>mpyd.c.obj</name>
      </input_file>
      <input_file id="fl-53">
         <path>C:\ti\ccs910\ccs\tools\compiler\ti-cgt-msp430_18.12.2.LTS\lib\</path>
         <kind>archive</kind>
         <file>rts430_eabi.lib</file>
         <name>cvtdf.c.obj</name>
      </input_file>
      <input_file id="fl-54">
         <path>C:\ti\ccs910\ccs\tools\compiler\ti-cgt-msp430_18.12.2.LTS\lib\</path>
         <kind>archive</kind>
         <file>rts430_eabi.lib</file>
         <name>exit.c.obj</name>
      </input_file>
      <input_file id="fl-55">
         <path>C:\ti\ccs910\ccs\tools\compiler\ti-cgt-msp430_18.12.2.LTS\lib\</path>
         <kind>archive</kind>
         <file>rts430_eabi.lib</file>
         <name>_lock.c.obj</name>
      </input_file>
      <input_file id="fl-56">
         <path>C:\ti\ccs910\ccs\tools\compiler\ti-cgt-msp430_18.12.2.LTS\lib\</path>
         <kind>archive</kind>
         <file>rts430_eabi.lib</file>
         <name>args_main.c.obj</name>
      </input_file>
      <input_file id="fl-57">
         <path>C:\ti\ccs910\ccs\tools\compiler\ti-cgt-msp430_18.12.2.LTS\lib\</path>
         <kind>archive</kind>
         <file>rts430_eabi.lib</file>
         <name>memcpy.c.obj</name>
      </input_file>
      <input_file id="fl-58">
         <path>C:\ti\ccs910\ccs\tools\compiler\ti-cgt-msp430_18.12.2.LTS\lib\</path>
         <kind>archive</kind>
         <file>rts430_eabi.lib</file>
         <name>asr32.asm.obj</name>
      </input_file>
      <input_file id="fl-59">
         <path>C:\ti\ccs910\ccs\tools\compiler\ti-cgt-msp430_18.12.2.LTS\lib\</path>
         <kind>archive</kind>
         <file>rts430_eabi.lib</file>
         <name>lsl32.asm.obj</name>
      </input_file>
      <input_file id="fl-5a">
         <path>C:\ti\ccs910\ccs\tools\compiler\ti-cgt-msp430_18.12.2.LTS\lib\</path>
         <kind>archive</kind>
         <file>rts430_eabi.lib</file>
         <name>mult16.asm.obj</name>
      </input_file>
      <input_file id="fl-5b">
         <path>C:\ti\ccs910\ccs\tools\compiler\ti-cgt-msp430_18.12.2.LTS\lib\</path>
         <kind>archive</kind>
         <file>rts430_eabi.lib</file>
         <name>exit_gvars.c.obj</name>
      </input_file>
      <input_file id="fl-5c">
         <path>C:\ti\ccs910\ccs\tools\compiler\ti-cgt-msp430_18.12.2.LTS\lib\</path>
         <kind>archive</kind>
         <file>rts430_eabi.lib</file>
         <name>lsr64.c.obj</name>
      </input_file>
      <input_file id="fl-5d">
         <path>C:\ti\ccs910\ccs\tools\compiler\ti-cgt-msp430_18.12.2.LTS\lib\</path>
         <kind>archive</kind>
         <file>rts430_eabi.lib</file>
         <name>frcmpyd.c.obj</name>
      </input_file>
   </input_file_list>
   <object_component_list>
      <object_component id="oc-15d">
         <name>.bss</name>
         <uninitialized>true</uninitialized>
         <run_address>0x2ce</run_address>
         <size>0x2</size>
         <input_file_ref idref="fl-4"/>
      </object_component>
      <object_component id="oc-559">
         <name>.bss</name>
         <uninitialized>true</uninitialized>
         <run_address>0x2c0</run_address>
         <size>0xa</size>
         <input_file_ref idref="fl-6"/>
      </object_component>
      <object_component id="oc-330">
         <name>.bss</name>
         <uninitialized>true</uninitialized>
         <run_address>0x2d0</run_address>
         <size>0x2</size>
         <input_file_ref idref="fl-9"/>
      </object_component>
      <object_component id="oc-34e">
         <name>.bss</name>
         <uninitialized>true</uninitialized>
         <run_address>0x2d2</run_address>
         <size>0x2</size>
         <input_file_ref idref="fl-a"/>
      </object_component>
      <object_component id="oc-154">
         <name>.bss</name>
         <uninitialized>true</uninitialized>
         <run_address>0x2dd</run_address>
         <size>0x1</size>
         <input_file_ref idref="fl-b"/>
      </object_component>
      <object_component id="oc-4f9">
         <name>.bss</name>
         <uninitialized>true</uninitialized>
         <run_address>0x2d4</run_address>
         <size>0x2</size>
         <input_file_ref idref="fl-c"/>
      </object_component>
      <object_component id="oc-3bc">
         <name>.bss:rxBuffer</name>
         <uninitialized>true</uninitialized>
         <run_address>0x242</run_address>
         <size>0x42</size>
         <input_file_ref idref="fl-c"/>
      </object_component>
      <object_component id="oc-164">
         <name>.bss</name>
         <uninitialized>true</uninitialized>
         <run_address>0x2b4</run_address>
         <size>0xc</size>
         <input_file_ref idref="fl-10"/>
      </object_component>
      <object_component id="oc-168">
         <name>.bss:rxBuffer</name>
         <uninitialized>true</uninitialized>
         <run_address>0x200</run_address>
         <size>0x42</size>
         <input_file_ref idref="fl-10"/>
      </object_component>
      <object_component id="oc-3f1">
         <name>.bss:errors</name>
         <uninitialized>true</uninitialized>
         <run_address>0x2ca</run_address>
         <size>0x4</size>
         <input_file_ref idref="fl-12"/>
      </object_component>
      <object_component id="oc-42e">
         <name>.bss:railStateTransitions</name>
         <uninitialized>true</uninitialized>
         <run_address>0x284</run_address>
         <size>0x30</size>
         <input_file_ref idref="fl-14"/>
      </object_component>
      <object_component id="oc-3d3">
         <name>.bss</name>
         <uninitialized>true</uninitialized>
         <run_address>0x2dc</run_address>
         <size>0x1</size>
         <input_file_ref idref="fl-17"/>
      </object_component>
      <object_component id="oc-157">
         <name>.common:_wakeReasons</name>
         <uninitialized>true</uninitialized>
         <run_address>0x2d8</run_address>
         <size>0x2</size>
      </object_component>
      <object_component id="oc-15a">
         <name>.common:_wakeEventsOccurred</name>
         <uninitialized>true</uninitialized>
         <run_address>0x2d6</run_address>
         <size>0x2</size>
      </object_component>
      <object_component id="oc-474">
         <name>.common:status</name>
         <uninitialized>true</uninitialized>
         <run_address>0x2de</run_address>
         <size>0x1</size>
      </object_component>
      <object_component id="oc-4da">
         <name>.common:i2c_buff</name>
         <uninitialized>true</uninitialized>
         <run_address>0x2da</run_address>
         <size>0x2</size>
      </object_component>
      <object_component id="oc-172">
         <name>.data</name>
         <load_address>0x36a</load_address>
         <run_address>0x36a</run_address>
         <size>0x4</size>
         <input_file_ref idref="fl-9"/>
      </object_component>
      <object_component id="oc-176">
         <name>.data</name>
         <load_address>0x36e</load_address>
         <run_address>0x36e</run_address>
         <size>0x4</size>
         <input_file_ref idref="fl-a"/>
      </object_component>
      <object_component id="oc-4f6">
         <name>.data</name>
         <load_address>0x377</load_address>
         <run_address>0x377</run_address>
         <size>0x1</size>
         <input_file_ref idref="fl-c"/>
      </object_component>
      <object_component id="oc-306">
         <name>.data</name>
         <load_address>0x372</load_address>
         <run_address>0x372</run_address>
         <size>0x2</size>
         <input_file_ref idref="fl-e"/>
      </object_component>
      <object_component id="oc-161">
         <name>.data</name>
         <load_address>0x374</load_address>
         <run_address>0x374</run_address>
         <size>0x2</size>
         <input_file_ref idref="fl-10"/>
      </object_component>
      <object_component id="oc-496">
         <name>.data:responseBuffer</name>
         <load_address>0x2e0</load_address>
         <run_address>0x2e0</run_address>
         <size>0x80</size>
         <input_file_ref idref="fl-10"/>
      </object_component>
      <object_component id="oc-322">
         <name>.data:msgBuffer$1</name>
         <load_address>0x360</load_address>
         <run_address>0x360</run_address>
         <size>0x5</size>
         <input_file_ref idref="fl-10"/>
      </object_component>
      <object_component id="oc-2fc">
         <name>.data</name>
         <load_address>0x369</load_address>
         <run_address>0x369</run_address>
         <size>0x1</size>
         <input_file_ref idref="fl-11"/>
      </object_component>
      <object_component id="oc-3c9">
         <name>.data</name>
         <load_address>0x376</load_address>
         <run_address>0x376</run_address>
         <size>0x1</size>
         <input_file_ref idref="fl-13"/>
      </object_component>
      <object_component id="oc-33a">
         <name>.data</name>
         <load_address>0x365</load_address>
         <run_address>0x365</run_address>
         <size>0x4</size>
         <input_file_ref idref="fl-14"/>
      </object_component>
      <object_component id="oc-ab">
         <name>.stack</name>
         <uninitialized>true</uninitialized>
         <run_address>0x3b0</run_address>
         <size>0x2</size>
         <input_file_ref idref="fl-45"/>
      </object_component>
      <object_component id="oc-602">
         <name>.stack</name>
         <uninitialized>true</uninitialized>
         <run_address>0x3b0</run_address>
         <size>0x0</size>
      </object_component>
      <object_component id="oc-499">
         <name>.text:register_get</name>
         <load_address>0xe000</load_address>
         <run_address>0xe000</run_address>
         <size>0x2a6</size>
         <input_file_ref idref="fl-15"/>
      </object_component>
      <object_component id="oc-583">
         <name>.text:__TI_frcmpyd</name>
         <load_address>0xe2a6</load_address>
         <run_address>0xe2a6</run_address>
         <size>0x286</size>
         <input_file_ref idref="fl-5d"/>
      </object_component>
      <object_component id="oc-53c">
         <name>.text:__mspabi_mpyd</name>
         <load_address>0xe52c</load_address>
         <run_address>0xe52c</run_address>
         <size>0x26e</size>
         <input_file_ref idref="fl-52"/>
      </object_component>
      <object_component id="oc-3aa">
         <name>.text</name>
         <load_address>0xe79a</load_address>
         <run_address>0xe79a</run_address>
         <size>0xcc</size>
         <input_file_ref idref="fl-18"/>
      </object_component>
      <object_component id="oc-4dd">
         <name>.text:get_battery_telemetry</name>
         <load_address>0xe866</load_address>
         <run_address>0xe866</run_address>
         <size>0xb0</size>
         <input_file_ref idref="fl-f"/>
      </object_component>
      <object_component id="oc-21a">
         <name>.text:ocp_process</name>
         <load_address>0xe916</load_address>
         <run_address>0xe916</run_address>
         <size>0xa8</size>
         <input_file_ref idref="fl-14"/>
      </object_component>
      <object_component id="oc-e7">
         <name>.text:USCIAB0TX_ISR</name>
         <load_address>0xe9be</load_address>
         <run_address>0xe9be</run_address>
         <size>0xa2</size>
         <input_file_ref idref="fl-10"/>
      </object_component>
      <object_component id="oc-4ef">
         <name>.text:convert_adc_to_current</name>
         <load_address>0xea60</load_address>
         <run_address>0xea60</run_address>
         <size>0x9c</size>
         <input_file_ref idref="fl-15"/>
      </object_component>
      <object_component id="oc-414">
         <name>.text:respond</name>
         <load_address>0xeafc</load_address>
         <run_address>0xeafc</run_address>
         <size>0x9c</size>
         <input_file_ref idref="fl-10"/>
      </object_component>
      <object_component id="oc-52c">
         <name>.text:apply_equation_to_adc</name>
         <load_address>0xeb98</load_address>
         <run_address>0xeb98</run_address>
         <size>0x9a</size>
         <input_file_ref idref="fl-f"/>
      </object_component>
      <object_component id="oc-56e">
         <name>.text:__mspabi_cvtdf</name>
         <load_address>0xec32</load_address>
         <run_address>0xec32</run_address>
         <size>0x8c</size>
         <input_file_ref idref="fl-53"/>
      </object_component>
      <object_component id="oc-57c">
         <name>.text:__mspabi_fltuld</name>
         <load_address>0xecbe</load_address>
         <run_address>0xecbe</run_address>
         <size>0x8a</size>
         <input_file_ref idref="fl-51"/>
      </object_component>
      <object_component id="oc-40e">
         <name>.text:crc_generate</name>
         <load_address>0xed48</load_address>
         <run_address>0xed48</run_address>
         <size>0x7e</size>
         <input_file_ref idref="fl-1a"/>
      </object_component>
      <object_component id="oc-31">
         <name>.text:decompress:lzss:__TI_decompress_lzss</name>
         <load_address>0xedc6</load_address>
         <run_address>0xedc6</run_address>
         <size>0x7c</size>
         <input_file_ref idref="fl-4d"/>
      </object_component>
      <object_component id="oc-2f6">
         <name>.text:stopwatch_start</name>
         <load_address>0xee42</load_address>
         <run_address>0xee42</run_address>
         <size>0x76</size>
         <input_file_ref idref="fl-9"/>
      </object_component>
      <object_component id="oc-30f">
         <name>.text:stopwatch_startB</name>
         <load_address>0xeeb8</load_address>
         <run_address>0xeeb8</run_address>
         <size>0x76</size>
         <input_file_ref idref="fl-a"/>
      </object_component>
      <object_component id="oc-542">
         <name>.text:__mspabi_fixdul</name>
         <load_address>0xef2e</load_address>
         <run_address>0xef2e</run_address>
         <size>0x74</size>
         <input_file_ref idref="fl-4f"/>
      </object_component>
      <object_component id="oc-568">
         <name>.text:__mspabi_cvtfd</name>
         <load_address>0xefa2</load_address>
         <run_address>0xefa2</run_address>
         <size>0x68</size>
         <input_file_ref idref="fl-4e"/>
      </object_component>
      <object_component id="oc-323">
         <name>.text:process_packet</name>
         <load_address>0xf00a</load_address>
         <run_address>0xf00a</run_address>
         <size>0x64</size>
         <input_file_ref idref="fl-10"/>
      </object_component>
      <object_component id="oc-226">
         <name>.text:core_sleep</name>
         <load_address>0xf06e</load_address>
         <run_address>0xf06e</run_address>
         <size>0x60</size>
         <input_file_ref idref="fl-2"/>
      </object_component>
      <object_component id="oc-51a">
         <name>.text:i2c_masterRead</name>
         <load_address>0xf0ce</load_address>
         <run_address>0xf0ce</run_address>
         <size>0x5e</size>
         <input_file_ref idref="fl-6"/>
      </object_component>
      <object_component id="oc-1fc">
         <name>.text:register_set</name>
         <load_address>0xf12c</load_address>
         <run_address>0xf12c</run_address>
         <size>0x5e</size>
         <input_file_ref idref="fl-15"/>
      </object_component>
      <object_component id="oc-3a5">
         <name>.text:l_lsr_const</name>
         <load_address>0xf18a</load_address>
         <run_address>0xf18a</run_address>
         <size>0x5c</size>
         <input_file_ref idref="fl-43"/>
      </object_component>
      <object_component id="oc-188">
         <name>.text:main</name>
         <load_address>0xf1e6</load_address>
         <run_address>0xf1e6</run_address>
         <size>0x5c</size>
         <input_file_ref idref="fl-3"/>
      </object_component>
      <object_component id="oc-548">
         <name>.text</name>
         <load_address>0xf242</load_address>
         <run_address>0xf242</run_address>
         <size>0x58</size>
         <input_file_ref idref="fl-36"/>
      </object_component>
      <object_component id="oc-16b">
         <name>.text:circ_push</name>
         <load_address>0xf29a</load_address>
         <run_address>0xf29a</run_address>
         <size>0x54</size>
         <input_file_ref idref="fl-19"/>
      </object_component>
      <object_component id="oc-408">
         <name>.text:packet_parse</name>
         <load_address>0xf2ee</load_address>
         <run_address>0xf2ee</run_address>
         <size>0x54</size>
         <input_file_ref idref="fl-10"/>
      </object_component>
      <object_component id="oc-341">
         <name>.text:processBitfield</name>
         <load_address>0xf342</load_address>
         <run_address>0xf342</run_address>
         <size>0x54</size>
         <input_file_ref idref="fl-14"/>
      </object_component>
      <object_component id="oc-20e">
         <name>.text:comm_process</name>
         <load_address>0xf396</load_address>
         <run_address>0xf396</run_address>
         <size>0x50</size>
         <input_file_ref idref="fl-10"/>
      </object_component>
      <object_component id="oc-28b">
         <name>.text:calibrate_dco</name>
         <load_address>0xf3e6</load_address>
         <run_address>0xf3e6</run_address>
         <size>0x4e</size>
         <input_file_ref idref="fl-2"/>
      </object_component>
      <object_component id="oc-41b">
         <name>.text:circ_pop</name>
         <load_address>0xf434</load_address>
         <run_address>0xf434</run_address>
         <size>0x4c</size>
         <input_file_ref idref="fl-19"/>
      </object_component>
      <object_component id="oc-b4">
         <name>.text</name>
         <load_address>0xf480</load_address>
         <run_address>0xf480</run_address>
         <size>0x4c</size>
         <input_file_ref idref="fl-42"/>
      </object_component>
      <object_component id="oc-329">
         <name>.text:uart_rx</name>
         <load_address>0xf4cc</load_address>
         <run_address>0xf4cc</run_address>
         <size>0x4c</size>
         <input_file_ref idref="fl-c"/>
      </object_component>
      <object_component id="oc-3b3">
         <name>.text:mux_select</name>
         <load_address>0xf518</load_address>
         <run_address>0xf518</run_address>
         <size>0x4a</size>
         <input_file_ref idref="fl-8"/>
      </object_component>
      <object_component id="oc-f3">
         <name>.text:Timer0_A0</name>
         <load_address>0xf562</load_address>
         <run_address>0xf562</run_address>
         <size>0x48</size>
         <input_file_ref idref="fl-9"/>
      </object_component>
      <object_component id="oc-574">
         <name>.text</name>
         <load_address>0xf5aa</load_address>
         <run_address>0xf5aa</run_address>
         <size>0x46</size>
         <input_file_ref idref="fl-38"/>
      </object_component>
      <object_component id="oc-f9">
         <name>.text:Timer1_A0</name>
         <load_address>0xf5f0</load_address>
         <run_address>0xf5f0</run_address>
         <size>0x44</size>
         <input_file_ref idref="fl-a"/>
      </object_component>
      <object_component id="oc-425">
         <name>.text:map_from_port</name>
         <load_address>0xf634</load_address>
         <run_address>0xf634</run_address>
         <size>0x44</size>
         <input_file_ref idref="fl-b"/>
      </object_component>
      <object_component id="oc-47d">
         <name>.text:map_to_port</name>
         <load_address>0xf678</load_address>
         <run_address>0xf678</run_address>
         <size>0x44</size>
         <input_file_ref idref="fl-b"/>
      </object_component>
      <object_component id="oc-239">
         <name>.text:__TI_auto_init_nobinit_nopinit:__TI_auto_init_nobinit_nopinit</name>
         <load_address>0xf6bc</load_address>
         <run_address>0xf6bc</run_address>
         <size>0x42</size>
         <input_file_ref idref="fl-46"/>
      </object_component>
      <object_component id="oc-208">
         <name>.text:checkTOBCOff</name>
         <load_address>0xf6fe</load_address>
         <run_address>0xf6fe</run_address>
         <size>0x3e</size>
         <input_file_ref idref="fl-e"/>
      </object_component>
      <object_component id="oc-5a2">
         <name>.text:l_asr_const</name>
         <load_address>0xf73c</load_address>
         <run_address>0xf73c</run_address>
         <size>0x3e</size>
         <input_file_ref idref="fl-58"/>
      </object_component>
      <object_component id="oc-590">
         <name>.text:l_lsl_const</name>
         <load_address>0xf77a</load_address>
         <run_address>0xf77a</run_address>
         <size>0x3e</size>
         <input_file_ref idref="fl-59"/>
      </object_component>
      <object_component id="oc-2b7">
         <name>.text:uart_init</name>
         <load_address>0xf7b8</load_address>
         <run_address>0xf7b8</run_address>
         <size>0x3e</size>
         <input_file_ref idref="fl-c"/>
      </object_component>
      <object_component id="oc-400">
         <name>.text:errormon_increment</name>
         <load_address>0xf7f6</load_address>
         <run_address>0xf7f6</run_address>
         <size>0x3c</size>
         <input_file_ref idref="fl-12"/>
      </object_component>
      <object_component id="oc-ed">
         <name>.text:USCIAB0RX_ISR</name>
         <load_address>0xf832</load_address>
         <run_address>0xf832</run_address>
         <size>0x38</size>
         <input_file_ref idref="fl-10"/>
      </object_component>
      <object_component id="oc-2bd">
         <name>.text:i2c_masterInit</name>
         <load_address>0xf86a</load_address>
         <run_address>0xf86a</run_address>
         <size>0x38</size>
         <input_file_ref idref="fl-6"/>
      </object_component>
      <object_component id="oc-1f6">
         <name>.text:register_init</name>
         <load_address>0xf8a2</load_address>
         <run_address>0xf8a2</run_address>
         <size>0x36</size>
         <input_file_ref idref="fl-15"/>
      </object_component>
      <object_component id="oc-1ca">
         <name>.text:circ_length</name>
         <load_address>0xf8d8</load_address>
         <run_address>0xf8d8</run_address>
         <size>0x34</size>
         <input_file_ref idref="fl-19"/>
      </object_component>
      <object_component id="oc-508">
         <name>.text:i2c_masterWrite</name>
         <load_address>0xf90c</load_address>
         <run_address>0xf90c</run_address>
         <size>0x34</size>
         <input_file_ref idref="fl-6"/>
      </object_component>
      <object_component id="oc-202">
         <name>.text:deploy_wait_to_activate</name>
         <load_address>0xf940</load_address>
         <run_address>0xf940</run_address>
         <size>0x32</size>
         <input_file_ref idref="fl-11"/>
      </object_component>
      <object_component id="oc-1d0">
         <name>.text</name>
         <load_address>0xf972</load_address>
         <run_address>0xf972</run_address>
         <size>0x2c</size>
         <input_file_ref idref="fl-35"/>
      </object_component>
      <object_component id="oc-af">
         <name>.text</name>
         <load_address>0xf99e</load_address>
         <run_address>0xf99e</run_address>
         <size>0x2c</size>
         <input_file_ref idref="fl-41"/>
      </object_component>
      <object_component id="oc-358">
         <name>.text:get_next_event</name>
         <load_address>0xf9ca</load_address>
         <run_address>0xf9ca</run_address>
         <size>0x2a</size>
         <input_file_ref idref="fl-2"/>
      </object_component>
      <object_component id="oc-3a0">
         <name>.text</name>
         <load_address>0xf9f4</load_address>
         <run_address>0xf9f4</run_address>
         <size>0x26</size>
         <input_file_ref idref="fl-44"/>
      </object_component>
      <object_component id="oc-563">
         <name>.text</name>
         <load_address>0xfa1a</load_address>
         <run_address>0xfa1a</run_address>
         <size>0x24</size>
         <input_file_ref idref="fl-39"/>
      </object_component>
      <object_component id="oc-4ff">
         <name>.text:adc_convert</name>
         <load_address>0xfa3e</load_address>
         <run_address>0xfa3e</run_address>
         <size>0x22</size>
         <input_file_ref idref="fl-4"/>
      </object_component>
      <object_component id="oc-552">
         <name>.text:adc_start_conversion</name>
         <load_address>0xfa60</load_address>
         <run_address>0xfa60</run_address>
         <size>0x22</size>
         <input_file_ref idref="fl-4"/>
      </object_component>
      <object_component id="oc-2dd">
         <name>.text:ocp_toggle_rail</name>
         <load_address>0xfa82</load_address>
         <run_address>0xfa82</run_address>
         <size>0x22</size>
         <input_file_ref idref="fl-14"/>
      </object_component>
      <object_component id="oc-d6">
         <name>.text:PORT1_ISR</name>
         <load_address>0xfaa4</load_address>
         <run_address>0xfaa4</run_address>
         <size>0x1e</size>
         <input_file_ref idref="fl-b"/>
      </object_component>
      <object_component id="oc-1f0">
         <name>.text:comm_init</name>
         <load_address>0xfac2</load_address>
         <run_address>0xfac2</run_address>
         <size>0x1e</size>
         <input_file_ref idref="fl-10"/>
      </object_component>
      <object_component id="oc-3d6">
         <name>.text:intpin_set</name>
         <load_address>0xfae0</load_address>
         <run_address>0xfae0</run_address>
         <size>0x1e</size>
         <input_file_ref idref="fl-7"/>
      </object_component>
      <object_component id="oc-111">
         <name>.text:_c_int00_noargs</name>
         <load_address>0xfafe</load_address>
         <run_address>0xfafe</run_address>
         <size>0x1c</size>
         <input_file_ref idref="fl-45"/>
      </object_component>
      <object_component id="oc-2e9">
         <name>.text:errormon_set</name>
         <load_address>0xfb1a</load_address>
         <run_address>0xfb1a</run_address>
         <size>0x1c</size>
         <input_file_ref idref="fl-12"/>
      </object_component>
      <object_component id="oc-2d7">
         <name>.text:status_clear_bits</name>
         <load_address>0xfb36</load_address>
         <run_address>0xfb36</run_address>
         <size>0x1c</size>
         <input_file_ref idref="fl-17"/>
      </object_component>
      <object_component id="oc-347">
         <name>.text:status_set_bits</name>
         <load_address>0xfb52</load_address>
         <run_address>0xfb52</run_address>
         <size>0x1c</size>
         <input_file_ref idref="fl-17"/>
      </object_component>
      <object_component id="oc-214">
         <name>.text:stopwatch_process</name>
         <load_address>0xfb6e</load_address>
         <run_address>0xfb6e</run_address>
         <size>0x1c</size>
         <input_file_ref idref="fl-9"/>
      </object_component>
      <object_component id="oc-220">
         <name>.text:stopwatch_processB</name>
         <load_address>0xfb8a</load_address>
         <run_address>0xfb8a</run_address>
         <size>0x1c</size>
         <input_file_ref idref="fl-a"/>
      </object_component>
      <object_component id="oc-49f">
         <name>.text:uart_tx</name>
         <load_address>0xfba6</load_address>
         <run_address>0xfba6</run_address>
         <size>0x1c</size>
         <input_file_ref idref="fl-c"/>
      </object_component>
      <object_component id="oc-48c">
         <name>.text:errormon_get</name>
         <load_address>0xfbc2</load_address>
         <run_address>0xfbc2</run_address>
         <size>0x1a</size>
         <input_file_ref idref="fl-12"/>
      </object_component>
      <object_component id="oc-1ea">
         <name>.text:hal_init</name>
         <load_address>0xfbdc</load_address>
         <run_address>0xfbdc</run_address>
         <size>0x1a</size>
         <input_file_ref idref="fl-5"/>
      </object_component>
      <object_component id="oc-298">
         <name>.text:switches_init</name>
         <load_address>0xfbf6</load_address>
         <run_address>0xfbf6</run_address>
         <size>0x1a</size>
         <input_file_ref idref="fl-b"/>
      </object_component>
      <object_component id="oc-292">
         <name>.text:adc_init</name>
         <load_address>0xfc10</load_address>
         <run_address>0xfc10</run_address>
         <size>0x16</size>
         <input_file_ref idref="fl-4"/>
      </object_component>
      <object_component id="oc-4e3">
         <name>.text:ocp_get_boots</name>
         <load_address>0xfc26</load_address>
         <run_address>0xfc26</run_address>
         <size>0x16</size>
         <input_file_ref idref="fl-14"/>
      </object_component>
      <object_component id="oc-4e9">
         <name>.text:ocp_get_fails</name>
         <load_address>0xfc3c</load_address>
         <run_address>0xfc3c</run_address>
         <size>0x16</size>
         <input_file_ref idref="fl-14"/>
      </object_component>
      <object_component id="oc-4d4">
         <name>.text:sense_get</name>
         <load_address>0xfc52</load_address>
         <run_address>0xfc52</run_address>
         <size>0x16</size>
         <input_file_ref idref="fl-16"/>
      </object_component>
      <object_component id="oc-31c">
         <name>.text:stopwatch_disable</name>
         <load_address>0xfc68</load_address>
         <run_address>0xfc68</run_address>
         <size>0x16</size>
         <input_file_ref idref="fl-9"/>
      </object_component>
      <object_component id="oc-351">
         <name>.text:stopwatch_disableB</name>
         <load_address>0xfc7e</load_address>
         <run_address>0xfc7e</run_address>
         <size>0x16</size>
         <input_file_ref idref="fl-a"/>
      </object_component>
      <object_component id="oc-33b">
         <name>.text:switches_get_flags</name>
         <load_address>0xfc94</load_address>
         <run_address>0xfc94</run_address>
         <size>0x16</size>
         <input_file_ref idref="fl-b"/>
      </object_component>
      <object_component id="oc-3bf">
         <name>.text:circ_init</name>
         <load_address>0xfcaa</load_address>
         <run_address>0xfcaa</run_address>
         <size>0x14</size>
         <input_file_ref idref="fl-19"/>
      </object_component>
      <object_component id="oc-ff">
         <name>.text:decompress:ZI:__TI_zero_init_nomemset:__TI_zero_init_nomemset</name>
         <load_address>0xfcbe</load_address>
         <run_address>0xfcbe</run_address>
         <size>0x14</size>
         <input_file_ref idref="fl-47"/>
      </object_component>
      <object_component id="oc-316">
         <name>.text:clear_buffer</name>
         <load_address>0xfcd2</load_address>
         <run_address>0xfcd2</run_address>
         <size>0x12</size>
         <input_file_ref idref="fl-10"/>
      </object_component>
      <object_component id="oc-37">
         <name>.text:decompress:none:__TI_decompress_none</name>
         <load_address>0xfce4</load_address>
         <run_address>0xfce4</run_address>
         <size>0x12</size>
         <input_file_ref idref="fl-4c"/>
      </object_component>
      <object_component id="oc-2d1">
         <name>.text:interrupt_set_mask</name>
         <load_address>0xfcf6</load_address>
         <run_address>0xfcf6</run_address>
         <size>0x12</size>
         <input_file_ref idref="fl-13"/>
      </object_component>
      <object_component id="oc-3dc">
         <name>.text:interrupt_set_status</name>
         <load_address>0xfd08</load_address>
         <run_address>0xfd08</run_address>
         <size>0x12</size>
         <input_file_ref idref="fl-13"/>
      </object_component>
      <object_component id="oc-595">
         <name>.text:l_lsr</name>
         <load_address>0xfd1a</load_address>
         <run_address>0xfd1a</run_address>
         <size>0x12</size>
         <input_file_ref idref="fl-43"/>
      </object_component>
      <object_component id="oc-c9">
         <name>.text:memcpy</name>
         <load_address>0xfd2c</load_address>
         <run_address>0xfd2c</run_address>
         <size>0x12</size>
         <input_file_ref idref="fl-57"/>
      </object_component>
      <object_component id="oc-3e9">
         <name>.text:switches_set_direction</name>
         <load_address>0xfd3e</load_address>
         <run_address>0xfd3e</run_address>
         <size>0x12</size>
         <input_file_ref idref="fl-b"/>
      </object_component>
      <object_component id="oc-3cc">
         <name>.text:refresh_pin</name>
         <load_address>0xfd50</load_address>
         <run_address>0xfd50</run_address>
         <size>0x10</size>
         <input_file_ref idref="fl-13"/>
      </object_component>
      <object_component id="oc-b9">
         <name>.text</name>
         <load_address>0xfd60</load_address>
         <run_address>0xfd60</run_address>
         <size>0x10</size>
         <input_file_ref idref="fl-37"/>
      </object_component>
      <object_component id="oc-285">
         <name>.text:aclk_init</name>
         <load_address>0xfd70</load_address>
         <run_address>0xfd70</run_address>
         <size>0xe</size>
         <input_file_ref idref="fl-2"/>
      </object_component>
      <object_component id="oc-29e">
         <name>.text:intpin_init</name>
         <load_address>0xfd7e</load_address>
         <run_address>0xfd7e</run_address>
         <size>0xe</size>
         <input_file_ref idref="fl-7"/>
      </object_component>
      <object_component id="oc-2a4">
         <name>.text:mux_init</name>
         <load_address>0xfd8c</load_address>
         <run_address>0xfd8c</run_address>
         <size>0xe</size>
         <input_file_ref idref="fl-8"/>
      </object_component>
      <object_component id="oc-300">
         <name>.text:ocp_get_rails_activated</name>
         <load_address>0xfd9a</load_address>
         <run_address>0xfd9a</run_address>
         <size>0xe</size>
         <input_file_ref idref="fl-14"/>
      </object_component>
      <object_component id="oc-e1">
         <name>.text:ADC10_ISR</name>
         <load_address>0xfda8</load_address>
         <run_address>0xfda8</run_address>
         <size>0xc</size>
         <input_file_ref idref="fl-4"/>
      </object_component>
      <object_component id="oc-1e4">
         <name>.text:core_init</name>
         <load_address>0xfdb4</load_address>
         <run_address>0xfdb4</run_address>
         <size>0xc</size>
         <input_file_ref idref="fl-2"/>
      </object_component>
      <object_component id="oc-309">
         <name>.text:restart_flight_mcu</name>
         <load_address>0xfdc0</load_address>
         <run_address>0xfdc0</run_address>
         <size>0xc</size>
         <input_file_ref idref="fl-e"/>
      </object_component>
      <object_component id="oc-2e3">
         <name>.text:ocp_deactivate_all_rails</name>
         <load_address>0xfdcc</load_address>
         <run_address>0xfdcc</run_address>
         <size>0xa</size>
         <input_file_ref idref="fl-14"/>
      </object_component>
      <object_component id="oc-334">
         <name>.text:switches_get</name>
         <load_address>0xfdd6</load_address>
         <run_address>0xfdd6</run_address>
         <size>0xa</size>
         <input_file_ref idref="fl-b"/>
      </object_component>
      <object_component id="oc-3e3">
         <name>.text:switches_get_direction</name>
         <load_address>0xfde0</load_address>
         <run_address>0xfde0</run_address>
         <size>0xa</size>
         <input_file_ref idref="fl-b"/>
      </object_component>
      <object_component id="oc-dc">
         <name>.text:_isr:__TI_ISR_TRAP</name>
         <load_address>0xfdea</load_address>
         <run_address>0xfdea</run_address>
         <size>0x8</size>
         <input_file_ref idref="fl-40"/>
      </object_component>
      <object_component id="oc-35e">
         <name>.text:watchdog_service</name>
         <load_address>0xfdf2</load_address>
         <run_address>0xfdf2</run_address>
         <size>0x8</size>
         <input_file_ref idref="fl-d"/>
      </object_component>
      <object_component id="oc-1de">
         <name>.text:watchdog_stop</name>
         <load_address>0xfdfa</load_address>
         <run_address>0xfdfa</run_address>
         <size>0x8</size>
         <input_file_ref idref="fl-d"/>
      </object_component>
      <object_component id="oc-536">
         <name>.text:__mspabi_fltud</name>
         <load_address>0xfe02</load_address>
         <run_address>0xfe02</run_address>
         <size>0x6</size>
         <input_file_ref idref="fl-50"/>
      </object_component>
      <object_component id="oc-22d">
         <name>.text:abort</name>
         <load_address>0xfe08</load_address>
         <run_address>0xfe08</run_address>
         <size>0x6</size>
         <input_file_ref idref="fl-54"/>
      </object_component>
      <object_component id="oc-526">
         <name>.text:i2c_clearRxDoneFlag</name>
         <load_address>0xfe0e</load_address>
         <run_address>0xfe0e</run_address>
         <size>0x6</size>
         <input_file_ref idref="fl-6"/>
      </object_component>
      <object_component id="oc-514">
         <name>.text:i2c_clearTxDoneFlag</name>
         <load_address>0xfe14</load_address>
         <run_address>0xfe14</run_address>
         <size>0x6</size>
         <input_file_ref idref="fl-6"/>
      </object_component>
      <object_component id="oc-2c3">
         <name>.text:i2c_enableRXInterrupt</name>
         <load_address>0xfe1a</load_address>
         <run_address>0xfe1a</run_address>
         <size>0x6</size>
         <input_file_ref idref="fl-6"/>
      </object_component>
      <object_component id="oc-2c9">
         <name>.text:i2c_enableTXInterrupt</name>
         <load_address>0xfe20</load_address>
         <run_address>0xfe20</run_address>
         <size>0x6</size>
         <input_file_ref idref="fl-6"/>
      </object_component>
      <object_component id="oc-520">
         <name>.text:i2c_getRxDoneFlag</name>
         <load_address>0xfe26</load_address>
         <run_address>0xfe26</run_address>
         <size>0x6</size>
         <input_file_ref idref="fl-6"/>
      </object_component>
      <object_component id="oc-50e">
         <name>.text:i2c_getTxDoneFlag</name>
         <load_address>0xfe2c</load_address>
         <run_address>0xfe2c</run_address>
         <size>0x6</size>
         <input_file_ref idref="fl-6"/>
      </object_component>
      <object_component id="oc-4c8">
         <name>.text:interrupt_get_mask</name>
         <load_address>0xfe32</load_address>
         <run_address>0xfe32</run_address>
         <size>0x6</size>
         <input_file_ref idref="fl-13"/>
      </object_component>
      <object_component id="oc-2f0">
         <name>.text:signal_stopped</name>
         <load_address>0xfe38</load_address>
         <run_address>0xfe38</run_address>
         <size>0x6</size>
         <input_file_ref idref="fl-11"/>
      </object_component>
      <object_component id="oc-4ce">
         <name>.text:status_get</name>
         <load_address>0xfe3e</load_address>
         <run_address>0xfe3e</run_address>
         <size>0x6</size>
         <input_file_ref idref="fl-17"/>
      </object_component>
      <object_component id="oc-182">
         <name>.text:_system_pre_init</name>
         <load_address>0xfe44</load_address>
         <run_address>0xfe44</run_address>
         <size>0x4</size>
         <input_file_ref idref="fl-4a"/>
      </object_component>
      <object_component id="oc-37c">
         <name>.text:_system_post_cinit</name>
         <load_address>0xfe48</load_address>
         <run_address>0xfe48</run_address>
         <size>0x2</size>
         <input_file_ref idref="fl-4b"/>
      </object_component>
      <object_component id="oc-2aa">
         <name>.text:stopwatch_init</name>
         <load_address>0xfe4a</load_address>
         <run_address>0xfe4a</run_address>
         <size>0x2</size>
         <input_file_ref idref="fl-9"/>
      </object_component>
      <object_component id="oc-2b0">
         <name>.text:stopwatch_initB</name>
         <load_address>0xfe4c</load_address>
         <run_address>0xfe4c</run_address>
         <size>0x2</size>
         <input_file_ref idref="fl-a"/>
      </object_component>
      <object_component id="oc-601">
         <name>.cinit..data.load</name>
         <load_address>0xfe4e</load_address>
         <run_address>0xfe4e</run_address>
         <size>0xd</size>
      </object_component>
      <object_component id="oc-5fe">
         <name>__TI_handler_table</name>
         <load_address>0xfe5c</load_address>
         <run_address>0xfe5c</run_address>
         <size>0x6</size>
      </object_component>
      <object_component id="oc-600">
         <name>.cinit..bss.load</name>
         <load_address>0xfe62</load_address>
         <run_address>0xfe62</run_address>
         <size>0x4</size>
      </object_component>
      <object_component id="oc-5ff">
         <name>__TI_cinit_table</name>
         <load_address>0xfe66</load_address>
         <run_address>0xfe66</run_address>
         <size>0x8</size>
      </object_component>
      <object_component id="oc-3d">
         <name>.int02</name>
         <load_address>0xffe4</load_address>
         <run_address>0xffe4</run_address>
         <size>0x2</size>
         <input_file_ref idref="fl-b"/>
      </object_component>
      <object_component id="oc-3e">
         <name>.int03</name>
         <load_address>0xffe6</load_address>
         <run_address>0xffe6</run_address>
         <size>0x2</size>
         <input_file_ref idref="fl-3a"/>
      </object_component>
      <object_component id="oc-3f">
         <name>.int05</name>
         <load_address>0xffea</load_address>
         <run_address>0xffea</run_address>
         <size>0x2</size>
         <input_file_ref idref="fl-4"/>
      </object_component>
      <object_component id="oc-40">
         <name>.int06</name>
         <load_address>0xffec</load_address>
         <run_address>0xffec</run_address>
         <size>0x2</size>
         <input_file_ref idref="fl-10"/>
      </object_component>
      <object_component id="oc-41">
         <name>.int07</name>
         <load_address>0xffee</load_address>
         <run_address>0xffee</run_address>
         <size>0x2</size>
         <input_file_ref idref="fl-10"/>
      </object_component>
      <object_component id="oc-42">
         <name>.int08</name>
         <load_address>0xfff0</load_address>
         <run_address>0xfff0</run_address>
         <size>0x2</size>
         <input_file_ref idref="fl-3b"/>
      </object_component>
      <object_component id="oc-43">
         <name>.int09</name>
         <load_address>0xfff2</load_address>
         <run_address>0xfff2</run_address>
         <size>0x2</size>
         <input_file_ref idref="fl-9"/>
      </object_component>
      <object_component id="oc-44">
         <name>.int10</name>
         <load_address>0xfff4</load_address>
         <run_address>0xfff4</run_address>
         <size>0x2</size>
         <input_file_ref idref="fl-3c"/>
      </object_component>
      <object_component id="oc-45">
         <name>.int11</name>
         <load_address>0xfff6</load_address>
         <run_address>0xfff6</run_address>
         <size>0x2</size>
         <input_file_ref idref="fl-3d"/>
      </object_component>
      <object_component id="oc-46">
         <name>.int12</name>
         <load_address>0xfff8</load_address>
         <run_address>0xfff8</run_address>
         <size>0x2</size>
         <input_file_ref idref="fl-3e"/>
      </object_component>
      <object_component id="oc-47">
         <name>.int13</name>
         <load_address>0xfffa</load_address>
         <run_address>0xfffa</run_address>
         <size>0x2</size>
         <input_file_ref idref="fl-a"/>
      </object_component>
      <object_component id="oc-48">
         <name>.int14</name>
         <load_address>0xfffc</load_address>
         <run_address>0xfffc</run_address>
         <size>0x2</size>
         <input_file_ref idref="fl-3f"/>
      </object_component>
      <object_component id="oc-ae">
         <name>.reset</name>
         <load_address>0xfffe</load_address>
         <run_address>0xfffe</run_address>
         <size>0x2</size>
         <input_file_ref idref="fl-45"/>
      </object_component>
      <object_component id="oc-158">
         <name>.debug_info</name>
         <load_address>0x0</load_address>
         <run_address>0x0</run_address>
         <size>0x24b</size>
         <input_file_ref idref="fl-2"/>
      </object_component>
      <object_component id="oc-1e7">
         <name>.debug_info</name>
         <load_address>0x24b</load_address>
         <run_address>0x24b</run_address>
         <size>0x12a</size>
         <input_file_ref idref="fl-2"/>
      </object_component>
      <object_component id="oc-287">
         <name>.debug_info</name>
         <load_address>0x375</load_address>
         <run_address>0x375</run_address>
         <size>0x101</size>
         <input_file_ref idref="fl-2"/>
      </object_component>
      <object_component id="oc-28c">
         <name>.debug_info</name>
         <load_address>0x476</load_address>
         <run_address>0x476</run_address>
         <size>0x187</size>
         <input_file_ref idref="fl-2"/>
      </object_component>
      <object_component id="oc-359">
         <name>.debug_info</name>
         <load_address>0x5fd</load_address>
         <run_address>0x5fd</run_address>
         <size>0x121</size>
         <input_file_ref idref="fl-2"/>
      </object_component>
      <object_component id="oc-227">
         <name>.debug_info</name>
         <load_address>0x71e</load_address>
         <run_address>0x71e</run_address>
         <size>0x1de</size>
         <input_file_ref idref="fl-2"/>
      </object_component>
      <object_component id="oc-365">
         <name>.debug_info</name>
         <load_address>0x8fc</load_address>
         <run_address>0x8fc</run_address>
         <size>0x63</size>
         <input_file_ref idref="fl-2"/>
      </object_component>
      <object_component id="oc-1b2">
         <name>.debug_info</name>
         <load_address>0x95f</load_address>
         <run_address>0x95f</run_address>
         <size>0x26b</size>
         <input_file_ref idref="fl-2"/>
      </object_component>
      <object_component id="oc-c4">
         <name>.debug_info</name>
         <load_address>0xbca</load_address>
         <run_address>0xbca</run_address>
         <size>0x84</size>
         <input_file_ref idref="fl-2"/>
      </object_component>
      <object_component id="oc-26e">
         <name>.debug_info</name>
         <load_address>0xc4e</load_address>
         <run_address>0xc4e</run_address>
         <size>0x275</size>
         <input_file_ref idref="fl-2"/>
      </object_component>
      <object_component id="oc-1b9">
         <name>.debug_info</name>
         <load_address>0xec3</load_address>
         <run_address>0xec3</run_address>
         <size>0xbb</size>
         <input_file_ref idref="fl-2"/>
      </object_component>
      <object_component id="oc-27f">
         <name>.debug_info</name>
         <load_address>0xf7e</load_address>
         <run_address>0xf7e</run_address>
         <size>0x32d</size>
         <input_file_ref idref="fl-3"/>
      </object_component>
      <object_component id="oc-18a">
         <name>.debug_info</name>
         <load_address>0x12ab</load_address>
         <run_address>0x12ab</run_address>
         <size>0x1f8</size>
         <input_file_ref idref="fl-3"/>
      </object_component>
      <object_component id="oc-1c5">
         <name>.debug_info</name>
         <load_address>0x14a3</load_address>
         <run_address>0x14a3</run_address>
         <size>0x72</size>
         <input_file_ref idref="fl-3"/>
      </object_component>
      <object_component id="oc-15e">
         <name>.debug_info</name>
         <load_address>0x1515</load_address>
         <run_address>0x1515</run_address>
         <size>0xdc</size>
         <input_file_ref idref="fl-4"/>
      </object_component>
      <object_component id="oc-295">
         <name>.debug_info</name>
         <load_address>0x15f1</load_address>
         <run_address>0x15f1</run_address>
         <size>0x109</size>
         <input_file_ref idref="fl-4"/>
      </object_component>
      <object_component id="oc-554">
         <name>.debug_info</name>
         <load_address>0x16fa</load_address>
         <run_address>0x16fa</run_address>
         <size>0x13c</size>
         <input_file_ref idref="fl-4"/>
      </object_component>
      <object_component id="oc-502">
         <name>.debug_info</name>
         <load_address>0x1836</load_address>
         <run_address>0x1836</run_address>
         <size>0x149</size>
         <input_file_ref idref="fl-4"/>
      </object_component>
      <object_component id="oc-e4">
         <name>.debug_info</name>
         <load_address>0x197f</load_address>
         <run_address>0x197f</run_address>
         <size>0x10c</size>
         <input_file_ref idref="fl-4"/>
      </object_component>
      <object_component id="oc-1eb">
         <name>.debug_info</name>
         <load_address>0x1a8b</load_address>
         <run_address>0x1a8b</run_address>
         <size>0x178</size>
         <input_file_ref idref="fl-5"/>
      </object_component>
      <object_component id="oc-55d">
         <name>.debug_info</name>
         <load_address>0x1c03</load_address>
         <run_address>0x1c03</run_address>
         <size>0x256</size>
         <input_file_ref idref="fl-6"/>
      </object_component>
      <object_component id="oc-55a">
         <name>.debug_info</name>
         <load_address>0x1e59</load_address>
         <run_address>0x1e59</run_address>
         <size>0x1a0</size>
         <input_file_ref idref="fl-6"/>
      </object_component>
      <object_component id="oc-2c5">
         <name>.debug_info</name>
         <load_address>0x1ff9</load_address>
         <run_address>0x1ff9</run_address>
         <size>0x123</size>
         <input_file_ref idref="fl-6"/>
      </object_component>
      <object_component id="oc-2cb">
         <name>.debug_info</name>
         <load_address>0x211c</load_address>
         <run_address>0x211c</run_address>
         <size>0x123</size>
         <input_file_ref idref="fl-6"/>
      </object_component>
      <object_component id="oc-516">
         <name>.debug_info</name>
         <load_address>0x223f</load_address>
         <run_address>0x223f</run_address>
         <size>0x11f</size>
         <input_file_ref idref="fl-6"/>
      </object_component>
      <object_component id="oc-510">
         <name>.debug_info</name>
         <load_address>0x235e</load_address>
         <run_address>0x235e</run_address>
         <size>0x11f</size>
         <input_file_ref idref="fl-6"/>
      </object_component>
      <object_component id="oc-528">
         <name>.debug_info</name>
         <load_address>0x247d</load_address>
         <run_address>0x247d</run_address>
         <size>0x11f</size>
         <input_file_ref idref="fl-6"/>
      </object_component>
      <object_component id="oc-522">
         <name>.debug_info</name>
         <load_address>0x259c</load_address>
         <run_address>0x259c</run_address>
         <size>0x11f</size>
         <input_file_ref idref="fl-6"/>
      </object_component>
      <object_component id="oc-2be">
         <name>.debug_info</name>
         <load_address>0x26bb</load_address>
         <run_address>0x26bb</run_address>
         <size>0x1ee</size>
         <input_file_ref idref="fl-6"/>
      </object_component>
      <object_component id="oc-51c">
         <name>.debug_info</name>
         <load_address>0x28a9</load_address>
         <run_address>0x28a9</run_address>
         <size>0x1b2</size>
         <input_file_ref idref="fl-6"/>
      </object_component>
      <object_component id="oc-509">
         <name>.debug_info</name>
         <load_address>0x2a5b</load_address>
         <run_address>0x2a5b</run_address>
         <size>0x1b4</size>
         <input_file_ref idref="fl-6"/>
      </object_component>
      <object_component id="oc-2a0">
         <name>.debug_info</name>
         <load_address>0x2c0f</load_address>
         <run_address>0x2c0f</run_address>
         <size>0x118</size>
         <input_file_ref idref="fl-7"/>
      </object_component>
      <object_component id="oc-3d8">
         <name>.debug_info</name>
         <load_address>0x2d27</load_address>
         <run_address>0x2d27</run_address>
         <size>0x165</size>
         <input_file_ref idref="fl-7"/>
      </object_component>
      <object_component id="oc-2a6">
         <name>.debug_info</name>
         <load_address>0x2e8c</load_address>
         <run_address>0x2e8c</run_address>
         <size>0x11a</size>
         <input_file_ref idref="fl-8"/>
      </object_component>
      <object_component id="oc-3b4">
         <name>.debug_info</name>
         <load_address>0x2fa6</load_address>
         <run_address>0x2fa6</run_address>
         <size>0x168</size>
         <input_file_ref idref="fl-8"/>
      </object_component>
      <object_component id="oc-3f7">
         <name>.debug_info</name>
         <load_address>0x310e</load_address>
         <run_address>0x310e</run_address>
         <size>0x20b</size>
         <input_file_ref idref="fl-9"/>
      </object_component>
      <object_component id="oc-173">
         <name>.debug_info</name>
         <load_address>0x3319</load_address>
         <run_address>0x3319</run_address>
         <size>0xde</size>
         <input_file_ref idref="fl-9"/>
      </object_component>
      <object_component id="oc-331">
         <name>.debug_info</name>
         <load_address>0x33f7</load_address>
         <run_address>0x33f7</run_address>
         <size>0x100</size>
         <input_file_ref idref="fl-9"/>
      </object_component>
      <object_component id="oc-2ab">
         <name>.debug_info</name>
         <load_address>0x34f7</load_address>
         <run_address>0x34f7</run_address>
         <size>0x127</size>
         <input_file_ref idref="fl-9"/>
      </object_component>
      <object_component id="oc-2f7">
         <name>.debug_info</name>
         <load_address>0x361e</load_address>
         <run_address>0x361e</run_address>
         <size>0x1d3</size>
         <input_file_ref idref="fl-9"/>
      </object_component>
      <object_component id="oc-216">
         <name>.debug_info</name>
         <load_address>0x37f1</load_address>
         <run_address>0x37f1</run_address>
         <size>0x14c</size>
         <input_file_ref idref="fl-9"/>
      </object_component>
      <object_component id="oc-31d">
         <name>.debug_info</name>
         <load_address>0x393d</load_address>
         <run_address>0x393d</run_address>
         <size>0x12d</size>
         <input_file_ref idref="fl-9"/>
      </object_component>
      <object_component id="oc-f5">
         <name>.debug_info</name>
         <load_address>0x3a6a</load_address>
         <run_address>0x3a6a</run_address>
         <size>0x11e</size>
         <input_file_ref idref="fl-9"/>
      </object_component>
      <object_component id="oc-3ff">
         <name>.debug_info</name>
         <load_address>0x3b88</load_address>
         <run_address>0x3b88</run_address>
         <size>0x20c</size>
         <input_file_ref idref="fl-a"/>
      </object_component>
      <object_component id="oc-177">
         <name>.debug_info</name>
         <load_address>0x3d94</load_address>
         <run_address>0x3d94</run_address>
         <size>0xdf</size>
         <input_file_ref idref="fl-a"/>
      </object_component>
      <object_component id="oc-34f">
         <name>.debug_info</name>
         <load_address>0x3e73</load_address>
         <run_address>0x3e73</run_address>
         <size>0x101</size>
         <input_file_ref idref="fl-a"/>
      </object_component>
      <object_component id="oc-2b1">
         <name>.debug_info</name>
         <load_address>0x3f74</load_address>
         <run_address>0x3f74</run_address>
         <size>0x12c</size>
         <input_file_ref idref="fl-a"/>
      </object_component>
      <object_component id="oc-310">
         <name>.debug_info</name>
         <load_address>0x40a0</load_address>
         <run_address>0x40a0</run_address>
         <size>0x1d9</size>
         <input_file_ref idref="fl-a"/>
      </object_component>
      <object_component id="oc-221">
         <name>.debug_info</name>
         <load_address>0x4279</load_address>
         <run_address>0x4279</run_address>
         <size>0x152</size>
         <input_file_ref idref="fl-a"/>
      </object_component>
      <object_component id="oc-352">
         <name>.debug_info</name>
         <load_address>0x43cb</load_address>
         <run_address>0x43cb</run_address>
         <size>0x132</size>
         <input_file_ref idref="fl-a"/>
      </object_component>
      <object_component id="oc-fa">
         <name>.debug_info</name>
         <load_address>0x44fd</load_address>
         <run_address>0x44fd</run_address>
         <size>0x121</size>
         <input_file_ref idref="fl-a"/>
      </object_component>
      <object_component id="oc-1af">
         <name>.debug_info</name>
         <load_address>0x461e</load_address>
         <run_address>0x461e</run_address>
         <size>0x227</size>
         <input_file_ref idref="fl-b"/>
      </object_component>
      <object_component id="oc-155">
         <name>.debug_info</name>
         <load_address>0x4845</load_address>
         <run_address>0x4845</run_address>
         <size>0xe3</size>
         <input_file_ref idref="fl-b"/>
      </object_component>
      <object_component id="oc-47e">
         <name>.debug_info</name>
         <load_address>0x4928</load_address>
         <run_address>0x4928</run_address>
         <size>0x155</size>
         <input_file_ref idref="fl-b"/>
      </object_component>
      <object_component id="oc-426">
         <name>.debug_info</name>
         <load_address>0x4a7d</load_address>
         <run_address>0x4a7d</run_address>
         <size>0x159</size>
         <input_file_ref idref="fl-b"/>
      </object_component>
      <object_component id="oc-299">
         <name>.debug_info</name>
         <load_address>0x4bd6</load_address>
         <run_address>0x4bd6</run_address>
         <size>0x122</size>
         <input_file_ref idref="fl-b"/>
      </object_component>
      <object_component id="oc-335">
         <name>.debug_info</name>
         <load_address>0x4cf8</load_address>
         <run_address>0x4cf8</run_address>
         <size>0x138</size>
         <input_file_ref idref="fl-b"/>
      </object_component>
      <object_component id="oc-3e6">
         <name>.debug_info</name>
         <load_address>0x4e30</load_address>
         <run_address>0x4e30</run_address>
         <size>0x14c</size>
         <input_file_ref idref="fl-b"/>
      </object_component>
      <object_component id="oc-3ec">
         <name>.debug_info</name>
         <load_address>0x4f7c</load_address>
         <run_address>0x4f7c</run_address>
         <size>0x169</size>
         <input_file_ref idref="fl-b"/>
      </object_component>
      <object_component id="oc-33c">
         <name>.debug_info</name>
         <load_address>0x50e5</load_address>
         <run_address>0x50e5</run_address>
         <size>0x158</size>
         <input_file_ref idref="fl-b"/>
      </object_component>
      <object_component id="oc-d8">
         <name>.debug_info</name>
         <load_address>0x523d</load_address>
         <run_address>0x523d</run_address>
         <size>0x11b</size>
         <input_file_ref idref="fl-b"/>
      </object_component>
      <object_component id="oc-422">
         <name>.debug_info</name>
         <load_address>0x5358</load_address>
         <run_address>0x5358</run_address>
         <size>0x2a7</size>
         <input_file_ref idref="fl-c"/>
      </object_component>
      <object_component id="oc-4f7">
         <name>.debug_info</name>
         <load_address>0x55ff</load_address>
         <run_address>0x55ff</run_address>
         <size>0xe3</size>
         <input_file_ref idref="fl-c"/>
      </object_component>
      <object_component id="oc-4fa">
         <name>.debug_info</name>
         <load_address>0x56e2</load_address>
         <run_address>0x56e2</run_address>
         <size>0xe7</size>
         <input_file_ref idref="fl-c"/>
      </object_component>
      <object_component id="oc-3bd">
         <name>.debug_info</name>
         <load_address>0x57c9</load_address>
         <run_address>0x57c9</run_address>
         <size>0xd9</size>
         <input_file_ref idref="fl-c"/>
      </object_component>
      <object_component id="oc-2b8">
         <name>.debug_info</name>
         <load_address>0x58a2</load_address>
         <run_address>0x58a2</run_address>
         <size>0x11e</size>
         <input_file_ref idref="fl-c"/>
      </object_component>
      <object_component id="oc-4a0">
         <name>.debug_info</name>
         <load_address>0x59c0</load_address>
         <run_address>0x59c0</run_address>
         <size>0x15c</size>
         <input_file_ref idref="fl-c"/>
      </object_component>
      <object_component id="oc-32a">
         <name>.debug_info</name>
         <load_address>0x5b1c</load_address>
         <run_address>0x5b1c</run_address>
         <size>0x1c4</size>
         <input_file_ref idref="fl-c"/>
      </object_component>
      <object_component id="oc-1e0">
         <name>.debug_info</name>
         <load_address>0x5ce0</load_address>
         <run_address>0x5ce0</run_address>
         <size>0x122</size>
         <input_file_ref idref="fl-d"/>
      </object_component>
      <object_component id="oc-360">
         <name>.debug_info</name>
         <load_address>0x5e02</load_address>
         <run_address>0x5e02</run_address>
         <size>0x128</size>
         <input_file_ref idref="fl-d"/>
      </object_component>
      <object_component id="oc-307">
         <name>.debug_info</name>
         <load_address>0x5f2a</load_address>
         <run_address>0x5f2a</run_address>
         <size>0x126</size>
         <input_file_ref idref="fl-e"/>
      </object_component>
      <object_component id="oc-20c">
         <name>.debug_info</name>
         <load_address>0x6050</load_address>
         <run_address>0x6050</run_address>
         <size>0x192</size>
         <input_file_ref idref="fl-e"/>
      </object_component>
      <object_component id="oc-30b">
         <name>.debug_info</name>
         <load_address>0x61e2</load_address>
         <run_address>0x61e2</run_address>
         <size>0x162</size>
         <input_file_ref idref="fl-e"/>
      </object_component>
      <object_component id="oc-533">
         <name>.debug_info</name>
         <load_address>0x6344</load_address>
         <run_address>0x6344</run_address>
         <size>0x298</size>
         <input_file_ref idref="fl-f"/>
      </object_component>
      <object_component id="oc-52f">
         <name>.debug_info</name>
         <load_address>0x65dc</load_address>
         <run_address>0x65dc</run_address>
         <size>0x254</size>
         <input_file_ref idref="fl-f"/>
      </object_component>
      <object_component id="oc-4e0">
         <name>.debug_info</name>
         <load_address>0x6830</load_address>
         <run_address>0x6830</run_address>
         <size>0x2d1</size>
         <input_file_ref idref="fl-f"/>
      </object_component>
      <object_component id="oc-1c2">
         <name>.debug_info</name>
         <load_address>0x6b01</load_address>
         <run_address>0x6b01</run_address>
         <size>0x523</size>
         <input_file_ref idref="fl-10"/>
      </object_component>
      <object_component id="oc-162">
         <name>.debug_info</name>
         <load_address>0x7024</load_address>
         <run_address>0x7024</run_address>
         <size>0x118</size>
         <input_file_ref idref="fl-10"/>
      </object_component>
      <object_component id="oc-165">
         <name>.debug_info</name>
         <load_address>0x713c</load_address>
         <run_address>0x713c</run_address>
         <size>0x1d6</size>
         <input_file_ref idref="fl-10"/>
      </object_component>
      <object_component id="oc-169">
         <name>.debug_info</name>
         <load_address>0x7312</load_address>
         <run_address>0x7312</run_address>
         <size>0xe0</size>
         <input_file_ref idref="fl-10"/>
      </object_component>
      <object_component id="oc-497">
         <name>.debug_info</name>
         <load_address>0x73f2</load_address>
         <run_address>0x73f2</run_address>
         <size>0xec</size>
         <input_file_ref idref="fl-10"/>
      </object_component>
      <object_component id="oc-1f3">
         <name>.debug_info</name>
         <load_address>0x74de</load_address>
         <run_address>0x74de</run_address>
         <size>0x180</size>
         <input_file_ref idref="fl-10"/>
      </object_component>
      <object_component id="oc-20f">
         <name>.debug_info</name>
         <load_address>0x765e</load_address>
         <run_address>0x765e</run_address>
         <size>0x1ab</size>
         <input_file_ref idref="fl-10"/>
      </object_component>
      <object_component id="oc-319">
         <name>.debug_info</name>
         <load_address>0x7809</load_address>
         <run_address>0x7809</run_address>
         <size>0x141</size>
         <input_file_ref idref="fl-10"/>
      </object_component>
      <object_component id="oc-409">
         <name>.debug_info</name>
         <load_address>0x794a</load_address>
         <run_address>0x794a</run_address>
         <size>0x182</size>
         <input_file_ref idref="fl-10"/>
      </object_component>
      <object_component id="oc-324">
         <name>.debug_info</name>
         <load_address>0x7acc</load_address>
         <run_address>0x7acc</run_address>
         <size>0x209</size>
         <input_file_ref idref="fl-10"/>
      </object_component>
      <object_component id="oc-415">
         <name>.debug_info</name>
         <load_address>0x7cd5</load_address>
         <run_address>0x7cd5</run_address>
         <size>0x1e0</size>
         <input_file_ref idref="fl-10"/>
      </object_component>
      <object_component id="oc-ef">
         <name>.debug_info</name>
         <load_address>0x7eb5</load_address>
         <run_address>0x7eb5</run_address>
         <size>0x13c</size>
         <input_file_ref idref="fl-10"/>
      </object_component>
      <object_component id="oc-e9">
         <name>.debug_info</name>
         <load_address>0x7ff1</load_address>
         <run_address>0x7ff1</run_address>
         <size>0x12d</size>
         <input_file_ref idref="fl-10"/>
      </object_component>
      <object_component id="oc-27a">
         <name>.debug_info</name>
         <load_address>0x811e</load_address>
         <run_address>0x811e</run_address>
         <size>0x48</size>
         <input_file_ref idref="fl-10"/>
      </object_component>
      <object_component id="oc-275">
         <name>.debug_info</name>
         <load_address>0x8166</load_address>
         <run_address>0x8166</run_address>
         <size>0x86</size>
         <input_file_ref idref="fl-10"/>
      </object_component>
      <object_component id="oc-2fd">
         <name>.debug_info</name>
         <load_address>0x81ec</load_address>
         <run_address>0x81ec</run_address>
         <size>0xe2</size>
         <input_file_ref idref="fl-11"/>
      </object_component>
      <object_component id="oc-203">
         <name>.debug_info</name>
         <load_address>0x82ce</load_address>
         <run_address>0x82ce</run_address>
         <size>0x1b3</size>
         <input_file_ref idref="fl-11"/>
      </object_component>
[...]
         <value>0xf996</value>
         <object_component_ref idref="oc-1d0"/>
      </symbol>
      <symbol id="sm-548">
         <name>__mspabi_srai_1</name>
         <value>0xf99a</value>
         <object_component_ref idref="oc-1d0"/>
      </symbol>
      <symbol id="sm-549">
         <name>__mspabi_srai_15</name>
         <value>0xf97e</value>
         <object_component_ref idref="oc-1d0"/>
      </symbol>
      <symbol id="sm-54a">
         <name>__mspabi_srai_14</name>
         <value>0xf980</value>
         <object_component_ref idref="oc-1d0"/>
      </symbol>
      <symbol id="sm-54b">
         <name>__mspabi_srai_13</name>
         <value>0xf982</value>
         <object_component_ref idref="oc-1d0"/>
      </symbol>
      <symbol id="sm-54c">
         <name>__mspabi_srai_12</name>
         <value>0xf984</value>
         <object_component_ref idref="oc-1d0"/>
      </symbol>
      <symbol id="sm-54d">
         <name>__mspabi_srai_11</name>
         <value>0xf986</value>
         <object_component_ref idref="oc-1d0"/>
      </symbol>
      <symbol id="sm-54e">
         <name>__mspabi_srai_10</name>
         <value>0xf988</value>
         <object_component_ref idref="oc-1d0"/>
      </symbol>
      <symbol id="sm-55c">
         <name>__mspabi_remul</name>
         <value>0xf242</value>
         <object_component_ref idref="oc-548"/>
      </symbol>
      <symbol id="sm-55d">
         <name>__mspabi_divul</name>
         <value>0xf242</value>
         <object_component_ref idref="oc-548"/>
      </symbol>
      <symbol id="sm-566">
         <name>__mspabi_func_epilog_2</name>
         <value>0xfd6a</value>
         <object_component_ref idref="oc-b9"/>
      </symbol>
      <symbol id="sm-567">
         <name>__mspabi_func_epilog_3</name>
         <value>0xfd68</value>
         <object_component_ref idref="oc-b9"/>
      </symbol>
      <symbol id="sm-568">
         <name>__mspabi_func_epilog_1</name>
         <value>0xfd6c</value>
         <object_component_ref idref="oc-b9"/>
      </symbol>
      <symbol id="sm-569">
         <name>__mspabi_func_epilog_6</name>
         <value>0xfd62</value>
         <object_component_ref idref="oc-b9"/>
      </symbol>
      <symbol id="sm-56a">
         <name>__mspabi_func_epilog_7</name>
         <value>0xfd60</value>
         <object_component_ref idref="oc-b9"/>
      </symbol>
      <symbol id="sm-56b">
         <name>__mspabi_func_epilog_4</name>
         <value>0xfd66</value>
         <object_component_ref idref="oc-b9"/>
      </symbol>
      <symbol id="sm-56c">
         <name>__mspabi_func_epilog_5</name>
         <value>0xfd64</value>
         <object_component_ref idref="oc-b9"/>
      </symbol>
      <symbol id="sm-57b">
         <name>__mspabi_fixfu</name>
         <value>0xf5aa</value>
         <object_component_ref idref="oc-574"/>
      </symbol>
      <symbol id="sm-586">
         <name>__mspabi_fltuf</name>
         <value>0xfa1a</value>
         <object_component_ref idref="oc-563"/>
      </symbol>
      <symbol id="sm-589">
         <name>__TI_int03</name>
         <value>0xffe6</value>
         <object_component_ref idref="oc-3e"/>
      </symbol>
      <symbol id="sm-58c">
         <name>__TI_int08</name>
         <value>0xfff0</value>
         <object_component_ref idref="oc-42"/>
      </symbol>
      <symbol id="sm-58f">
         <name>__TI_int10</name>
         <value>0xfff4</value>
         <object_component_ref idref="oc-44"/>
      </symbol>
      <symbol id="sm-592">
         <name>__TI_int11</name>
         <value>0xfff6</value>
         <object_component_ref idref="oc-45"/>
      </symbol>
      <symbol id="sm-595">
         <name>__TI_int12</name>
         <value>0xfff8</value>
         <object_component_ref idref="oc-46"/>
      </symbol>
      <symbol id="sm-598">
         <name>__TI_int14</name>
         <value>0xfffc</value>
         <object_component_ref idref="oc-48"/>
      </symbol>
      <symbol id="sm-5a0">
         <name>__TI_ISR_TRAP</name>
         <value>0xfdea</value>
         <object_component_ref idref="oc-dc"/>
      </symbol>
      <symbol id="sm-5a8">
         <name>__mspabi_slli</name>
         <value>0xf99e</value>
         <object_component_ref idref="oc-af"/>
      </symbol>
      <symbol id="sm-5a9">
         <name>__mspabi_slli_9</name>
         <value>0xf9b6</value>
         <object_component_ref idref="oc-af"/>
      </symbol>
      <symbol id="sm-5aa">
         <name>__mspabi_slli_8</name>
         <value>0xf9b8</value>
         <object_component_ref idref="oc-af"/>
      </symbol>
      <symbol id="sm-5ab">
         <name>__mspabi_slli_7</name>
         <value>0xf9ba</value>
         <object_component_ref idref="oc-af"/>
      </symbol>
      <symbol id="sm-5ac">
         <name>__mspabi_slli_6</name>
         <value>0xf9bc</value>
         <object_component_ref idref="oc-af"/>
      </symbol>
      <symbol id="sm-5ad">
         <name>__mspabi_slli_5</name>
         <value>0xf9be</value>
         <object_component_ref idref="oc-af"/>
      </symbol>
      <symbol id="sm-5ae">
         <name>__mspabi_slli_4</name>
         <value>0xf9c0</value>
         <object_component_ref idref="oc-af"/>
      </symbol>
      <symbol id="sm-5af">
         <name>__mspabi_slli_3</name>
         <value>0xf9c2</value>
         <object_component_ref idref="oc-af"/>
      </symbol>
      <symbol id="sm-5b0">
         <name>__mspabi_slli_2</name>
         <value>0xf9c4</value>
         <object_component_ref idref="oc-af"/>
      </symbol>
      <symbol id="sm-5b1">
         <name>__mspabi_slli_1</name>
         <value>0xf9c6</value>
         <object_component_ref idref="oc-af"/>
      </symbol>
      <symbol id="sm-5b2">
         <name>__mspabi_slli_15</name>
         <value>0xf9aa</value>
         <object_component_ref idref="oc-af"/>
      </symbol>
      <symbol id="sm-5b3">
         <name>__mspabi_slli_14</name>
         <value>0xf9ac</value>
         <object_component_ref idref="oc-af"/>
      </symbol>
      <symbol id="sm-5b4">
         <name>__mspabi_slli_13</name>
         <value>0xf9ae</value>
         <object_component_ref idref="oc-af"/>
      </symbol>
      <symbol id="sm-5b5">
         <name>__mspabi_slli_12</name>
         <value>0xf9b0</value>
         <object_component_ref idref="oc-af"/>
      </symbol>
      <symbol id="sm-5b6">
         <name>__mspabi_slli_11</name>
         <value>0xf9b2</value>
         <object_component_ref idref="oc-af"/>
      </symbol>
      <symbol id="sm-5b7">
         <name>__mspabi_slli_10</name>
         <value>0xf9b4</value>
         <object_component_ref idref="oc-af"/>
      </symbol>
      <symbol id="sm-5bf">
         <name>__mspabi_srli_8</name>
         <value>0xf4aa</value>
         <object_component_ref idref="oc-b4"/>
      </symbol>
      <symbol id="sm-5c0">
         <name>__mspabi_srli_9</name>
         <value>0xf4a6</value>
         <object_component_ref idref="oc-b4"/>
      </symbol>
      <symbol id="sm-5c1">
         <name>__mspabi_srli_6</name>
         <value>0xf4b2</value>
         <object_component_ref idref="oc-b4"/>
      </symbol>
      <symbol id="sm-5c2">
         <name>__mspabi_srli_7</name>
         <value>0xf4ae</value>
         <object_component_ref idref="oc-b4"/>
      </symbol>
      <symbol id="sm-5c3">
         <name>__mspabi_srli_4</name>
         <value>0xf4ba</value>
         <object_component_ref idref="oc-b4"/>
      </symbol>
      <symbol id="sm-5c4">
         <name>__mspabi_srli_5</name>
         <value>0xf4b6</value>
         <object_component_ref idref="oc-b4"/>
      </symbol>
      <symbol id="sm-5c5">
         <name>__mspabi_srli_2</name>
         <value>0xf4c2</value>
         <object_component_ref idref="oc-b4"/>
      </symbol>
      <symbol id="sm-5c6">
         <name>__mspabi_srli_3</name>
         <value>0xf4be</value>
         <object_component_ref idref="oc-b4"/>
      </symbol>
      <symbol id="sm-5c7">
         <name>__mspabi_srli_1</name>
         <value>0xf4c6</value>
         <object_component_ref idref="oc-b4"/>
      </symbol>
      <symbol id="sm-5c8">
         <name>__mspabi_srli</name>
         <value>0xf480</value>
         <object_component_ref idref="oc-b4"/>
      </symbol>
      <symbol id="sm-5c9">
         <name>__mspabi_srli_15</name>
         <value>0xf48e</value>
         <object_component_ref idref="oc-b4"/>
      </symbol>
      <symbol id="sm-5ca">
         <name>__mspabi_srli_14</name>
         <value>0xf492</value>
         <object_component_ref idref="oc-b4"/>
      </symbol>
      <symbol id="sm-5cb">
         <name>__mspabi_srli_13</name>
         <value>0xf496</value>
         <object_component_ref idref="oc-b4"/>
      </symbol>
      <symbol id="sm-5cc">
         <name>__mspabi_srli_12</name>
         <value>0xf49a</value>
         <object_component_ref idref="oc-b4"/>
      </symbol>
      <symbol id="sm-5cd">
         <name>__mspabi_srli_11</name>
         <value>0xf49e</value>
         <object_component_ref idref="oc-b4"/>
      </symbol>
      <symbol id="sm-5ce">
         <name>__mspabi_srli_10</name>
         <value>0xf4a2</value>
         <object_component_ref idref="oc-b4"/>
      </symbol>
      <symbol id="sm-5de">
         <name>__mspabi_srll_8</name>
         <value>0xf1b4</value>
         <object_component_ref idref="oc-3a5"/>
      </symbol>
      <symbol id="sm-5df">
         <name>__mspabi_srll_9</name>
         <value>0xf1ae</value>
         <object_component_ref idref="oc-3a5"/>
      </symbol>
      <symbol id="sm-5e0">
         <name>__mspabi_srll_6</name>
         <value>0xf1c0</value>
         <object_component_ref idref="oc-3a5"/>
      </symbol>
      <symbol id="sm-5e1">
         <name>__mspabi_srll_7</name>
         <value>0xf1ba</value>
         <object_component_ref idref="oc-3a5"/>
      </symbol>
      <symbol id="sm-5e2">
         <name>__mspabi_srll_4</name>
         <value>0xf1cc</value>
         <object_component_ref idref="oc-3a5"/>
      </symbol>
      <symbol id="sm-5e3">
         <name>__mspabi_srll_5</name>
         <value>0xf1c6</value>
         <object_component_ref idref="oc-3a5"/>
      </symbol>
      <symbol id="sm-5e4">
         <name>__mspabi_srll_2</name>
         <value>0xf1d8</value>
         <object_component_ref idref="oc-3a5"/>
      </symbol>
      <symbol id="sm-5e5">
         <name>__mspabi_srll_3</name>
         <value>0xf1d2</value>
         <object_component_ref idref="oc-3a5"/>
      </symbol>
      <symbol id="sm-5e6">
         <name>__mspabi_srll_1</name>
         <value>0xf1de</value>
         <object_component_ref idref="oc-3a5"/>
      </symbol>
      <symbol id="sm-5e7">
         <name>__mspabi_srll_15</name>
         <value>0xf18a</value>
         <object_component_ref idref="oc-3a5"/>
      </symbol>
      <symbol id="sm-5e8">
         <name>__mspabi_srll_14</name>
         <value>0xf190</value>
         <object_component_ref idref="oc-3a5"/>
      </symbol>
      <symbol id="sm-5e9">
         <name>__mspabi_srll_13</name>
         <value>0xf196</value>
         <object_component_ref idref="oc-3a5"/>
      </symbol>
      <symbol id="sm-5ea">
         <name>__mspabi_srll_12</name>
         <value>0xf19c</value>
         <object_component_ref idref="oc-3a5"/>
      </symbol>
      <symbol id="sm-5eb">
         <name>__mspabi_srll_11</name>
         <value>0xf1a2</value>
         <object_component_ref idref="oc-3a5"/>
      </symbol>
      <symbol id="sm-5ec">
         <name>__mspabi_srll_10</name>
         <value>0xf1a8</value>
         <object_component_ref idref="oc-3a5"/>
      </symbol>
      <symbol id="sm-5ed">
         <name>__mspabi_srll</name>
         <value>0xfd1a</value>
         <object_component_ref idref="oc-595"/>
      </symbol>
      <symbol id="sm-5f7">
         <name>__mspabi_mpyl_sw</name>
         <value>0xf9f4</value>
         <object_component_ref idref="oc-3a0"/>
      </symbol>
      <symbol id="sm-5f8">
         <name>__mspabi_mpyl</name>
         <value>0xf9f4</value>
         <object_component_ref idref="oc-3a0"/>
      </symbol>
      <symbol id="sm-608">
         <name>_stack</name>
         <value>0x3b0</value>
         <object_component_ref idref="oc-ab"/>
      </symbol>
      <symbol id="sm-609">
         <name>_c_int00_noargs</name>
         <value>0xfafe</value>
         <object_component_ref idref="oc-111"/>
      </symbol>
      <symbol id="sm-60a">
         <name>_reset_vector</name>
         <value>0xfffe</value>
         <object_component_ref idref="oc-ae"/>
      </symbol>
      <symbol id="sm-62c">
         <name>__TI_auto_init_nobinit_nopinit</name>
         <value>0xf6bc</value>
         <object_component_ref idref="oc-239"/>
      </symbol>
      <symbol id="sm-644">
         <name>__TI_zero_init_nomemset</name>
         <value>0xfcbe</value>
         <object_component_ref idref="oc-ff"/>
      </symbol>
      <symbol id="sm-64f">
         <name>_system_pre_init</name>
         <value>0xfe44</value>
         <object_component_ref idref="oc-182"/>
      </symbol>
      <symbol id="sm-658">
         <name>_system_post_cinit</name>
         <value>0xfe48</value>
         <object_component_ref idref="oc-37c"/>
      </symbol>
      <symbol id="sm-66e">
         <name>__TI_decompress_none</name>
         <value>0xfce4</value>
         <object_component_ref idref="oc-37"/>
      </symbol>
      <symbol id="sm-691">
         <name>__TI_decompress_lzss</name>
         <value>0xedc6</value>
         <object_component_ref idref="oc-31"/>
      </symbol>
      <symbol id="sm-6a7">
         <name>__mspabi_cvtfd</name>
         <value>0xefa2</value>
         <object_component_ref idref="oc-568"/>
      </symbol>
      <symbol id="sm-6bc">
         <name>__mspabi_fixdul</name>
         <value>0xef2e</value>
         <object_component_ref idref="oc-542"/>
      </symbol>
      <symbol id="sm-6c5">
         <name>__mspabi_fltud</name>
         <value>0xfe02</value>
         <object_component_ref idref="oc-536"/>
      </symbol>
      <symbol id="sm-6da">
         <name>__mspabi_fltuld</name>
         <value>0xecbe</value>
         <object_component_ref idref="oc-57c"/>
      </symbol>
      <symbol id="sm-6fc">
         <name>__mspabi_mpyd</name>
         <value>0xe52c</value>
         <object_component_ref idref="oc-53c"/>
      </symbol>
      <symbol id="sm-70f">
         <name>__mspabi_cvtdf</name>
         <value>0xec32</value>
         <object_component_ref idref="oc-56e"/>
      </symbol>
      <symbol id="sm-719">
         <name>C$$EXIT</name>
         <value>0xfe08</value>
         <object_component_ref idref="oc-22d"/>
      </symbol>
      <symbol id="sm-71a">
         <name>abort</name>
         <value>0xfe08</value>
         <object_component_ref idref="oc-22d"/>
      </symbol>
      <symbol id="sm-72a">
         <name>memcpy</name>
         <value>0xfd2c</value>
         <object_component_ref idref="oc-c9"/>
      </symbol>
      <symbol id="sm-732">
         <name>__mspabi_sral_15</name>
         <value>0xf73c</value>
         <object_component_ref idref="oc-5a2"/>
      </symbol>
      <symbol id="sm-733">
         <name>__mspabi_sral_14</name>
         <value>0xf740</value>
         <object_component_ref idref="oc-5a2"/>
      </symbol>
      <symbol id="sm-734">
         <name>__mspabi_sral_13</name>
         <value>0xf744</value>
         <object_component_ref idref="oc-5a2"/>
      </symbol>
      <symbol id="sm-735">
         <name>__mspabi_sral_12</name>
         <value>0xf748</value>
         <object_component_ref idref="oc-5a2"/>
      </symbol>
      <symbol id="sm-736">
         <name>__mspabi_sral_11</name>
         <value>0xf74c</value>
         <object_component_ref idref="oc-5a2"/>
      </symbol>
      <symbol id="sm-737">
         <name>__mspabi_sral_10</name>
         <value>0xf750</value>
         <object_component_ref idref="oc-5a2"/>
      </symbol>
      <symbol id="sm-738">
         <name>__mspabi_sral_8</name>
         <value>0xf758</value>
         <object_component_ref idref="oc-5a2"/>
      </symbol>
      <symbol id="sm-739">
         <name>__mspabi_sral_9</name>
         <value>0xf754</value>
         <object_component_ref idref="oc-5a2"/>
      </symbol>
      <symbol id="sm-73a">
         <name>__mspabi_sral_6</name>
         <value>0xf760</value>
         <object_component_ref idref="oc-5a2"/>
      </symbol>
      <symbol id="sm-73b">
         <name>__mspabi_sral_7</name>
         <value>0xf75c</value>
         <object_component_ref idref="oc-5a2"/>
      </symbol>
      <symbol id="sm-73c">
         <name>__mspabi_sral_4</name>
         <value>0xf768</value>
         <object_component_ref idref="oc-5a2"/>
      </symbol>
      <symbol id="sm-73d">
         <name>__mspabi_sral_5</name>
         <value>0xf764</value>
         <object_component_ref idref="oc-5a2"/>
      </symbol>
      <symbol id="sm-73e">
         <name>__mspabi_sral_2</name>
         <value>0xf770</value>
         <object_component_ref idref="oc-5a2"/>
      </symbol>
      <symbol id="sm-73f">
         <name>__mspabi_sral_3</name>
         <value>0xf76c</value>
         <object_component_ref idref="oc-5a2"/>
      </symbol>
      <symbol id="sm-740">
         <name>__mspabi_sral_1</name>
         <value>0xf774</value>
         <object_component_ref idref="oc-5a2"/>
      </symbol>
      <symbol id="sm-748">
         <name>__mspabi_slll_9</name>
         <value>0xf792</value>
         <object_component_ref idref="oc-590"/>
      </symbol>
      <symbol id="sm-749">
         <name>__mspabi_slll_8</name>
         <value>0xf796</value>
         <object_component_ref idref="oc-590"/>
      </symbol>
      <symbol id="sm-74a">
         <name>__mspabi_slll_7</name>
         <value>0xf79a</value>
         <object_component_ref idref="oc-590"/>
      </symbol>
      <symbol id="sm-74b">
         <name>__mspabi_slll_6</name>
         <value>0xf79e</value>
         <object_component_ref idref="oc-590"/>
      </symbol>
      <symbol id="sm-74c">
         <name>__mspabi_slll_5</name>
         <value>0xf7a2</value>
         <object_component_ref idref="oc-590"/>
      </symbol>
      <symbol id="sm-74d">
         <name>__mspabi_slll_4</name>
         <value>0xf7a6</value>
         <object_component_ref idref="oc-590"/>
      </symbol>
      <symbol id="sm-74e">
         <name>__mspabi_slll_3</name>
         <value>0xf7aa</value>
         <object_component_ref idref="oc-590"/>
      </symbol>
      <symbol id="sm-74f">
         <name>__mspabi_slll_2</name>
         <value>0xf7ae</value>
         <object_component_ref idref="oc-590"/>
      </symbol>
      <symbol id="sm-750">
         <name>__mspabi_slll_1</name>
         <value>0xf7b2</value>
         <object_component_ref idref="oc-590"/>
      </symbol>
      <symbol id="sm-751">
         <name>__mspabi_slll_15</name>
         <value>0xf77a</value>
         <object_component_ref idref="oc-590"/>
      </symbol>
      <symbol id="sm-752">
         <name>__mspabi_slll_14</name>
         <value>0xf77e</value>
         <object_component_ref idref="oc-590"/>
      </symbol>
      <symbol id="sm-753">
         <name>__mspabi_slll_13</name>
         <value>0xf782</value>
         <object_component_ref idref="oc-590"/>
      </symbol>
      <symbol id="sm-754">
         <name>__mspabi_slll_12</name>
         <value>0xf786</value>
         <object_component_ref idref="oc-590"/>
      </symbol>
      <symbol id="sm-755">
         <name>__mspabi_slll_11</name>
         <value>0xf78a</value>
         <object_component_ref idref="oc-590"/>
      </symbol>
      <symbol id="sm-756">
         <name>__mspabi_slll_10</name>
         <value>0xf78e</value>
         <object_component_ref idref="oc-590"/>
      </symbol>
      <symbol id="sm-769">
         <name>__TI_frcmpyd</name>
         <value>0xe2a6</value>
         <object_component_ref idref="oc-583"/>
      </symbol>
   </symbol_table>
   <title>Link successful</title>
</link_info>
