******************************************************************************
                  MSP430 Linker PC v18.12.2                    
******************************************************************************
>> Linked Thu Aug 22 09:26:25 2019

OUTPUT FILE NAME:   <PowerMcu Working4.out>
ENTRY POINT SYMBOL: "_c_int00_noargs"  address: 0000fb3a


MEMORY CONFIGURATION

         name            origin    length      used     unused   attr    fill
----------------------  --------  ---------  --------  --------  ----  --------
  SFR                   00000000   00000010  00000000  00000010  RWIX
  PERIPHERALS_8BIT      00000010   000000f0  00000000  000000f0  RWIX
  PERIPHERALS_16BIT     00000100   00000100  00000000  00000100  RWIX
  RAM                   00000200   00000200  000001c5  0000003b  RWIX
  INFOD                 00001000   00000040  00000000  00000040  RWIX
  INFOC                 00001040   00000040  00000000  00000040  RWIX
  INFOB                 00001080   00000040  00000000  00000040  RWIX
  INFOA                 000010c0   00000040  00000000  00000040  RWIX
  FLASH                 0000e000   00001fde  00001e8a  00000154  RWIX
  BSLSIGNATURE          0000ffde   00000002  00000002  00000000  RWIX  ffff 
  INT00                 0000ffe0   00000002  00000000  00000002  RWIX
  INT01                 0000ffe2   00000002  00000000  00000002  RWIX
  INT02                 0000ffe4   00000002  00000002  00000000  RWIX
  INT03                 0000ffe6   00000002  00000002  00000000  RWIX
  INT04                 0000ffe8   00000002  00000000  00000002  RWIX
  INT05                 0000ffea   00000002  00000002  00000000  RWIX
  INT06                 0000ffec   00000002  00000002  00000000  RWIX
  INT07                 0000ffee   00000002  00000002  00000000  RWIX
  INT08                 0000fff0   00000002  00000002  00000000  RWIX
  INT09                 0000fff2   00000002  00000002  00000000  RWIX
  INT10                 0000fff4   00000002  00000002  00000000  RWIX
  INT11                 0000fff6   00000002  00000002  00000000  RWIX
  INT12                 0000fff8   00000002  00000002  00000000  RWIX
  INT13                 0000fffa   00000002  00000002  00000000  RWIX
  INT14                 0000fffc   00000002  00000002  00000000  RWIX
  RESET                 0000fffe   00000002  00000002  00000000  RWIX


SECTION ALLOCATION MAP

 output                                  attributes/
section   page    origin      length       input sections
--------  ----  ----------  ----------   ----------------
.bss       0    00000200    000000df     UNINITIALIZED
                  00000200    00000042     comm.obj (.bss:rxBuffer)
                  00000242    00000042     uart.obj (.bss:rxBuffer)
                  00000284    00000030     ocp.obj (.bss:railStateTransitions)
                  000002b4    0000000c     comm.obj (.bss)
                  000002c0    0000000a     i2c.obj (.bss)
                  000002ca    00000004     errormon.obj (.bss:errors)
                  000002ce    00000002     adc.obj (.bss)
                  000002d0    00000002     stopwatch.obj (.bss)
                  000002d2    00000002     stopwatchB.obj (.bss)
                  000002d4    00000002     uart.obj (.bss)
                  000002d6    00000002     (.common:_wakeEventsOccurred)
                  000002d8    00000002     (.common:_wakeReasons)
                  000002da    00000002     (.common:i2c_buff)
                  000002dc    00000001     status.obj (.bss)
                  000002dd    00000001     switches.obj (.bss)
                  000002de    00000001     (.common:status)

.data      0    000002e0    00000096     UNINITIALIZED
                  000002e0    00000080     comm.obj (.data:responseBuffer)
                  00000360    00000005     comm.obj (.data:msgBuffer$1)
                  00000365    00000004     ocp.obj (.data)
                  00000369    00000001     RailOffCheck.obj (.data)
                  0000036a    00000004     stopwatch.obj (.data)
                  0000036e    00000004     stopwatchB.obj (.data)
                  00000372    00000002     comm.obj (.data)
                  00000374    00000001     interrupt.obj (.data)
                  00000375    00000001     uart.obj (.data)

.stack     0    000003b0    00000050     UNINITIALIZED
                  000003b0    00000002     rts430_eabi.lib : boot.c.obj (.stack)
                  000003b2    0000004e     --HOLE--

.text      0    0000e000    00001e6c     
                  0000e000    000002a2     register.obj (.text:register_get)
                  0000e2a2    00000286     rts430_eabi.lib : frcmpyd.c.obj (.text:__TI_frcmpyd)
                  0000e528    0000026e                     : mpyd.c.obj (.text:__mspabi_mpyd)
                  0000e796    000000cc     DCO_Library.obj (.text)
                  0000e862    000000b0     battery.obj (.text:get_battery_telemetry)
                  0000e912    000000a8     ocp.obj (.text:ocp_process)
                  0000e9ba    000000a2     comm.obj (.text:USCIAB0TX_ISR)
                  0000ea5c    0000009c     register.obj (.text:convert_adc_to_current)
                  0000eaf8    0000009c     comm.obj (.text:respond)
                  0000eb94    0000009a     battery.obj (.text:apply_equation_to_adc)
                  0000ec2e    0000008c     rts430_eabi.lib : cvtdf.c.obj (.text:__mspabi_cvtdf)
                  0000ecba    0000008a                     : fltuld.c.obj (.text:__mspabi_fltuld)
                  0000ed44    0000007e     crc.obj (.text:crc_generate)
                  0000edc2    0000007c     rts430_eabi.lib : copy_decompress_lzss.c.obj (.text:decompress:lzss:__TI_decompress_lzss)
                  0000ee3e    00000076     stopwatch.obj (.text:stopwatch_start)
                  0000eeb4    00000076     stopwatchB.obj (.text:stopwatch_startB)
                  0000ef2a    00000074     rts430_eabi.lib : fixdul.c.obj (.text:__mspabi_fixdul)
                  0000ef9e    00000072     register.obj (.text:register_set)
                  0000f010    00000068     rts430_eabi.lib : cvtfd.c.obj (.text:__mspabi_cvtfd)
                  0000f078    00000066     core.obj (.text:core_sleep)
                  0000f0de    00000064     comm.obj (.text:process_packet)
                  0000f142    0000005e     i2c.obj (.text:i2c_masterRead)
                  0000f1a0    0000005c     rts430_eabi.lib : lsr32.asm.obj (.text:l_lsr_const)
                  0000f1fc    00000058                     : div32u.asm.obj (.text)
                  0000f254    00000054     circ.obj (.text:circ_push)
                  0000f2a8    00000054     comm.obj (.text:packet_parse)
                  0000f2fc    00000054     ocp.obj (.text:processBitfield)
                  0000f350    00000052     main.obj (.text:main)
                  0000f3a2    00000050     comm.obj (.text:comm_process)
                  0000f3f2    0000004e     core.obj (.text:calibrate_dco)
                  0000f440    0000004c     switches.obj (.text:PORT1_ISR)
                  0000f48c    0000004c     circ.obj (.text:circ_pop)
                  0000f4d8    0000004c     rts430_eabi.lib : lsr16.asm.obj (.text)
                  0000f524    0000004c     uart.obj (.text:uart_rx)
                  0000f570    0000004a     mux.obj (.text:mux_select)
                  0000f5ba    00000048     stopwatch.obj (.text:Timer0_A0)
                  0000f602    00000046     rts430_eabi.lib : fs_tou.asm.obj (.text)
                  0000f648    00000044     stopwatchB.obj (.text:Timer1_A0)
                  0000f68c    00000044     switches.obj (.text:map_from_port)
                  0000f6d0    00000044     switches.obj (.text:map_to_port)
                  0000f714    00000042     rts430_eabi.lib : autoinit.c.obj (.text:__TI_auto_init_nobinit_nopinit:__TI_auto_init_nobinit_nopinit)
                  0000f756    00000042     battery.obj (.text:reset_battery)
                  0000f798    0000003e     rts430_eabi.lib : asr32.asm.obj (.text:l_asr_const)
                  0000f7d6    0000003e                     : lsl32.asm.obj (.text:l_lsl_const)
                  0000f814    0000003e     uart.obj (.text:uart_init)
                  0000f852    0000003c     errormon.obj (.text:errormon_increment)
                  0000f88e    00000038     comm.obj (.text:USCIAB0RX_ISR)
                  0000f8c6    00000038     i2c.obj (.text:i2c_masterInit)
                  0000f8fe    00000036     register.obj (.text:register_init)
                  0000f934    00000034     circ.obj (.text:circ_length)
                  0000f968    00000034     i2c.obj (.text:i2c_masterWrite)
                  0000f99c    00000030     RailOffCheck.obj (.text:checkTOBCOff)
                  0000f9cc    0000002c     rts430_eabi.lib : asr16.asm.obj (.text)
                  0000f9f8    0000002c                     : lsl16.asm.obj (.text)
                  0000fa24    0000002a     core.obj (.text:get_next_event)
                  0000fa4e    00000026     rts430_eabi.lib : mult32.asm.obj (.text)
                  0000fa74    00000024                     : fs_utof.asm.obj (.text)
                  0000fa98    00000022     adc.obj (.text:adc_convert)
                  0000faba    00000022     adc.obj (.text:adc_start_conversion)
                  0000fadc    00000022     ocp.obj (.text:ocp_toggle_rail)
                  0000fafe    0000001e     comm.obj (.text:comm_init)
                  0000fb1c    0000001e     intpin.obj (.text:intpin_set)
                  0000fb3a    0000001c     rts430_eabi.lib : boot.c.obj (.text:_c_int00_noargs)
                  0000fb56    0000001c     errormon.obj (.text:errormon_set)
                  0000fb72    0000001c     stopwatch.obj (.text:stopwatch_process)
                  0000fb8e    0000001c     stopwatchB.obj (.text:stopwatch_processB)
                  0000fbaa    0000001c     uart.obj (.text:uart_tx)
                  0000fbc6    0000001a     errormon.obj (.text:errormon_get)
                  0000fbe0    0000001a     switches.obj (.text:switches_init)
                  0000fbfa    00000016     RailOffCheck.obj (.text:TOBCWatchdogService)
                  0000fc10    00000016     adc.obj (.text:adc_init)
                  0000fc26    00000016     hal.obj (.text:hal_init)
                  0000fc3c    00000016     ocp.obj (.text:ocp_get_boots)
                  0000fc52    00000016     ocp.obj (.text:ocp_get_fails)
                  0000fc68    00000016     sense.obj (.text:sense_get)
                  0000fc7e    00000016     stopwatch.obj (.text:stopwatch_disable)
                  0000fc94    00000016     stopwatchB.obj (.text:stopwatch_disableB)
                  0000fcaa    00000016     switches.obj (.text:switches_get_flags)
                  0000fcc0    00000014     circ.obj (.text:circ_init)
                  0000fcd4    00000014     rts430_eabi.lib : copy_zero_init.c.obj (.text:decompress:ZI:__TI_zero_init_nomemset:__TI_zero_init_nomemset)
                  0000fce8    00000014     status.obj (.text:status_clear_bits)
                  0000fcfc    00000014     status.obj (.text:status_set_bits)
                  0000fd10    00000012     comm.obj (.text:clear_buffer)
                  0000fd22    00000012     rts430_eabi.lib : copy_decompress_none.c.obj (.text:decompress:none:__TI_decompress_none)
                  0000fd34    00000012     interrupt.obj (.text:interrupt_set_mask)
                  0000fd46    00000012     rts430_eabi.lib : lsr32.asm.obj (.text:l_lsr)
                  0000fd58    00000012                     : memcpy.c.obj (.text:memcpy)
                  0000fd6a    00000012     switches.obj (.text:switches_set_direction)
                  0000fd7c    00000010     interrupt.obj (.text:refresh_pin)
                  0000fd8c    00000010     RailOffCheck.obj (.text:restart_flight_mcu)
                  0000fd9c    00000010     rts430_eabi.lib : epilog.asm.obj (.text)
                  0000fdac    0000000e     core.obj (.text:aclk_init)
                  0000fdba    0000000e     mux.obj (.text:mux_init)
                  0000fdc8    0000000e     ocp.obj (.text:ocp_get_rails_activated)
                  0000fdd6    0000000c     adc.obj (.text:ADC10_ISR)
                  0000fde2    0000000c     core.obj (.text:core_init)
                  0000fdee    0000000a     ocp.obj (.text:ocp_deactivate_all_rails)
                  0000fdf8    0000000a     switches.obj (.text:switches_get)
                  0000fe02    0000000a     switches.obj (.text:switches_get_direction)
                  0000fe0c    00000008     rts430_eabi.lib : isr_trap.asm.obj (.text:_isr:__TI_ISR_TRAP)
                  0000fe14    00000008     watchdog.obj (.text:watchdog_service)
                  0000fe1c    00000008     watchdog.obj (.text:watchdog_stop)
                  0000fe24    00000006     rts430_eabi.lib : fltud.c.obj (.text:__mspabi_fltud)
                  0000fe2a    00000006                     : exit.c.obj (.text:abort)
                  0000fe30    00000006     i2c.obj (.text:i2c_clearRxDoneFlag)
                  0000fe36    00000006     i2c.obj (.text:i2c_clearTxDoneFlag)
                  0000fe3c    00000006     i2c.obj (.text:i2c_enableRXInterrupt)
                  0000fe42    00000006     i2c.obj (.text:i2c_enableTXInterrupt)
                  0000fe48    00000006     i2c.obj (.text:i2c_getRxDoneFlag)
                  0000fe4e    00000006     i2c.obj (.text:i2c_getTxDoneFlag)
                  0000fe54    00000006     interrupt.obj (.text:interrupt_get_mask)
                  0000fe5a    00000006     status.obj (.text:status_get)
                  0000fe60    00000004     rts430_eabi.lib : pre_init.c.obj (.text:_system_pre_init)
                  0000fe64    00000002                     : startup.c.obj (.text:_system_post_cinit)
                  0000fe66    00000002     register.obj (.text:reset_EPS)
                  0000fe68    00000002     stopwatch.obj (.text:stopwatch_init)
                  0000fe6a    00000002     stopwatchB.obj (.text:stopwatch_initB)

.cinit     0    0000fe6c    0000001e     
                  0000fe6c    0000000b     (.cinit..data.load) [load image, compression = lzss]
                  0000fe77    00000001     --HOLE-- [fill = 0]
                  0000fe78    00000006     (__TI_handler_table)
                  0000fe7e    00000004     (.cinit..bss.load) [load image, compression = zero_init]
                  0000fe82    00000008     (__TI_cinit_table)

.init_array 
*          0    0000e000    00000000     UNINITIALIZED

PORT1      0    0000ffe4    00000002     
                  0000ffe4    00000002     switches.obj (.int02)

PORT2      0    0000ffe6    00000002     
                  0000ffe6    00000002     rts430_eabi.lib : int03.asm.obj (.int03)

ADC10      0    0000ffea    00000002     
                  0000ffea    00000002     adc.obj (.int05)

USCIAB0TX 
*          0    0000ffec    00000002     
                  0000ffec    00000002     comm.obj (.int06)

USCIAB0RX 
*          0    0000ffee    00000002     
                  0000ffee    00000002     comm.obj (.int07)

TIMER0_A1 
*          0    0000fff0    00000002     
                  0000fff0    00000002     rts430_eabi.lib : int08.asm.obj (.int08)

TIMER0_A0 
*          0    0000fff2    00000002     
                  0000fff2    00000002     stopwatch.obj (.int09)

WDT        0    0000fff4    00000002     
                  0000fff4    00000002     rts430_eabi.lib : int10.asm.obj (.int10)

COMPARATORA 
*          0    0000fff6    00000002     
                  0000fff6    00000002     rts430_eabi.lib : int11.asm.obj (.int11)

TIMER1_A1 
*          0    0000fff8    00000002     
                  0000fff8    00000002     rts430_eabi.lib : int12.asm.obj (.int12)

TIMER1_A0 
*          0    0000fffa    00000002     
                  0000fffa    00000002     stopwatchB.obj (.int13)

NMI        0    0000fffc    00000002     
                  0000fffc    00000002     rts430_eabi.lib : int14.asm.obj (.int14)

.reset     0    0000fffe    00000002     
                  0000fffe    00000002     rts430_eabi.lib : boot.c.obj (.reset)

$fill000   0    0000ffde    00000002     
                  0000ffde    00000002     --HOLE-- [fill = ffff]

MODULE SUMMARY

       Module                       code   ro data   rw data
       ------                       ----   -------   -------
    .\
       core.obj                     248    0         4      
       main.obj                     82     0         0      
    +--+----------------------------+------+---------+---------+
       Total:                       330    0         4      
                                                            
    .\hal\
       switches.obj                 298    2         1      
       stopwatch.obj                242    2         6      
       i2c.obj                      238    0         10     
       stopwatchB.obj               238    2         6      
       uart.obj                     166    0         69     
       adc.obj                      102    2         2      
       mux.obj                      88     0         0      
       intpin.obj                   30     0         0      
       hal.obj                      22     0         0      
       watchdog.obj                 16     0         0      
    +--+----------------------------+------+---------+---------+
       Total:                       1440   8         94     
                                                            
    .\peripheral\
       register.obj                 1000   0         2      
       comm.obj                     686    4         213    
       ocp.obj                      354    0         52     
       battery.obj                  396    0         0      
       errormon.obj                 114    0         4      
       RailOffCheck.obj             86     0         1      
       status.obj                   46     0         1      
       interrupt.obj                40     0         2      
       sense.obj                    22     0         0      
    +--+----------------------------+------+---------+---------+
       Total:                       2744   4         275    
                                                            
    .\util\
       circ.obj                     232    0         0      
       DCO_Library.obj              204    0         0      
       crc.obj                      126    0         0      
    +--+----------------------------+------+---------+---------+
       Total:                       562    0         0      
                                                            
    C:\ti\ccs910\ccs\tools\compiler\ti-cgt-msp430_18.12.2.LTS\lib\rts430_eabi.lib
       frcmpyd.c.obj                646    0         0      
       mpyd.c.obj                   622    0         0      
       cvtdf.c.obj                  140    0         0      
       fltuld.c.obj                 138    0         0      
       copy_decompress_lzss.c.obj   124    0         0      
       fixdul.c.obj                 116    0         0      
       lsr32.asm.obj                110    0         0      
       cvtfd.c.obj                  104    0         0      
       div32u.asm.obj               88     0         0      
       lsr16.asm.obj                76     0         0      
       fs_tou.asm.obj               70     0         0      
       autoinit.c.obj               66     0         0      
       asr32.asm.obj                62     0         0      
       lsl32.asm.obj                62     0         0      
       asr16.asm.obj                44     0         0      
       lsl16.asm.obj                44     0         0      
       mult32.asm.obj               38     0         0      
       fs_utof.asm.obj              36     0         0      
       boot.c.obj                   28     2         0      
       copy_zero_init.c.obj         20     0         0      
       copy_decompress_none.c.obj   18     0         0      
       memcpy.c.obj                 18     0         0      
       epilog.asm.obj               16     0         0      
       isr_trap.asm.obj             8      0         0      
       exit.c.obj                   6      0         0      
       fltud.c.obj                  6      0         0      
       pre_init.c.obj               4      0         0      
       int03.asm.obj                0      2         0      
       int08.asm.obj                0      2         0      
       int10.asm.obj                0      2         0      
       int11.asm.obj                0      2         0      
       int12.asm.obj                0      2         0      
       int14.asm.obj                0      2         0      
       startup.c.obj                2      0         0      
    +--+----------------------------+------+---------+---------+
       Total:                       2712   14        0      
                                                            
       Stack:                       0      0         80     
       Linker Generated:            0      29        0      
    +--+----------------------------+------+---------+---------+
       Grand Total:                 7788   55        453    


LINKER GENERATED COPY TABLES

__TI_cinit_table @ 0000fe82 records: 2, size/record: 4, table size: 8
	.data: load addr=0000fe6c, load size=0000000b bytes, run addr=000002e0, run size=00000096 bytes, compression=lzss
	.bss: load addr=0000fe7e, load size=00000004 bytes, run addr=00000200, run size=000000df bytes, compression=zero_init


LINKER GENERATED HANDLER TABLE

__TI_handler_table @ 0000fe78 records: 3, size/record: 2, table size: 6
	index: 0, handler: __TI_zero_init
	index: 1, handler: __TI_decompress_lzss
	index: 2, handler: __TI_decompress_none


GLOBAL SYMBOLS: SORTED ALPHABETICALLY BY Name 

address   name                          
-------   ----                          
0000004a  ADC10AE0                      
0000004b  ADC10AE1                      
000001b0  ADC10CTL0                     
000001b2  ADC10CTL1                     
00000048  ADC10DTC0                     
00000049  ADC10DTC1                     
000001b4  ADC10MEM                      
000001bc  ADC10SA                       
0000fdd6  ADC10_ISR                     
00000057  BCSCTL1                       
00000058  BCSCTL2                       
00000053  BCSCTL3                       
0000fe2a  C$$EXIT                       
00000059  CACTL1                        
0000005a  CACTL2                        
000010fb  CALBC1_12MHZ                  
000010f9  CALBC1_16MHZ                  
000010ff  CALBC1_1MHZ                   
000010fd  CALBC1_8MHZ                   
000010fa  CALDCO_12MHZ                  
000010f8  CALDCO_16MHZ                  
000010fe  CALDCO_1MHZ                   
000010fc  CALDCO_8MHZ                   
0000005b  CAPD                          
00000056  DCOCTL                        
00000128  FCTL1                         
0000012a  FCTL2                         
0000012c  FCTL3                         
00000000  IE1                           
00000001  IE2                           
00000002  IFG1                          
00000003  IFG2                          
00000022  P1DIR                         
00000025  P1IE                          
00000024  P1IES                         
00000023  P1IFG                         
00000020  P1IN                          
00000021  P1OUT                         
00000027  P1REN                         
00000026  P1SEL                         
00000041  P1SEL2                        
0000002a  P2DIR                         
0000002d  P2IE                          
0000002c  P2IES                         
0000002b  P2IFG                         
00000028  P2IN                          
00000029  P2OUT                         
0000002f  P2REN                         
0000002e  P2SEL                         
00000042  P2SEL2                        
0000001a  P3DIR                         
00000018  P3IN                          
00000019  P3OUT                         
00000010  P3REN                         
0000001b  P3SEL                         
0000f440  PORT1_ISR                     
00000172  TA0CCR0                       
00000174  TA0CCR1                       
00000176  TA0CCR2                       
00000162  TA0CCTL0                      
00000164  TA0CCTL1                      
00000166  TA0CCTL2                      
00000160  TA0CTL                        
0000012e  TA0IV                         
00000170  TA0R                          
00000192  TA1CCR0                       
00000194  TA1CCR1                       
00000182  TA1CCTL0                      
00000184  TA1CCTL1                      
00000180  TA1CTL                        
0000011e  TA1IV                         
00000190  TA1R                          
0000e796  TI_SetDCO                     
000010db  TLV_ADC10_1_LEN               
000010da  TLV_ADC10_1_TAG               
000010c0  TLV_CHECKSUM                  
000010f7  TLV_DCO_30_LEN                
000010f6  TLV_DCO_30_TAG                
0000fbfa  TOBCWatchdogService           
0000f5ba  Timer0_A0                     
0000f648  Timer1_A0                     
0000005d  UCA0ABCTL                     
00000062  UCA0BR0                       
00000063  UCA0BR1                       
00000060  UCA0CTL0                      
00000061  UCA0CTL1                      
0000005f  UCA0IRRCTL                    
0000005e  UCA0IRTCTL                    
00000064  UCA0MCTL                      
00000066  UCA0RXBUF                     
00000065  UCA0STAT                      
00000067  UCA0TXBUF                     
0000006a  UCB0BR0                       
0000006b  UCB0BR1                       
00000068  UCB0CTL0                      
00000069  UCB0CTL1                      
0000006c  UCB0I2CIE                     
00000118  UCB0I2COA                     
0000011a  UCB0I2CSA                     
0000006e  UCB0RXBUF                     
0000006d  UCB0STAT                      
0000006f  UCB0TXBUF                     
0000f88e  USCIAB0RX_ISR                 
0000e9ba  USCIAB0TX_ISR                 
00000120  WDTCTL                        
00000400  __STACK_END                   
00000050  __STACK_SIZE                  
0000fe82  __TI_CINIT_Base               
0000fe8a  __TI_CINIT_Limit              
0000fe78  __TI_Handler_Table_Base       
0000fe7e  __TI_Handler_Table_Limit      
0000fe0c  __TI_ISR_TRAP                 
0000f714  __TI_auto_init_nobinit_nopinit
0000edc2  __TI_decompress_lzss          
0000fd22  __TI_decompress_none          
0000e2a2  __TI_frcmpyd                  
0000ffe4  __TI_int02                    
0000ffe6  __TI_int03                    
0000ffea  __TI_int05                    
0000ffec  __TI_int06                    
0000ffee  __TI_int07                    
0000fff0  __TI_int08                    
0000fff2  __TI_int09                    
0000fff4  __TI_int10                    
0000fff6  __TI_int11                    
0000fff8  __TI_int12                    
0000fffa  __TI_int13                    
0000fffc  __TI_int14                    
ffffffff  __TI_pprof_out_hndl           
ffffffff  __TI_prof_data_size           
ffffffff  __TI_prof_data_start          
0000fcd4  __TI_zero_init_nomemset       
ffffffff  __c_args__                    
0000ec2e  __mspabi_cvtdf                
0000f010  __mspabi_cvtfd                
0000f1fc  __mspabi_divul                
0000ef2a  __mspabi_fixdul               
0000f602  __mspabi_fixfu                
0000fe24  __mspabi_fltud                
0000fa74  __mspabi_fltuf                
0000ecba  __mspabi_fltuld               
0000fda8  __mspabi_func_epilog_1        
0000fda6  __mspabi_func_epilog_2        
0000fda4  __mspabi_func_epilog_3        
0000fda2  __mspabi_func_epilog_4        
0000fda0  __mspabi_func_epilog_5        
0000fd9e  __mspabi_func_epilog_6        
0000fd9c  __mspabi_func_epilog_7        
0000e528  __mspabi_mpyd                 
0000fa4e  __mspabi_mpyl                 
0000fa4e  __mspabi_mpyl_sw              
0000f1fc  __mspabi_remul                
0000f9f8  __mspabi_slli                 
0000fa20  __mspabi_slli_1               
0000fa0e  __mspabi_slli_10              
0000fa0c  __mspabi_slli_11              
0000fa0a  __mspabi_slli_12              
0000fa08  __mspabi_slli_13              
0000fa06  __mspabi_slli_14              
0000fa04  __mspabi_slli_15              
0000fa1e  __mspabi_slli_2               
0000fa1c  __mspabi_slli_3               
0000fa1a  __mspabi_slli_4               
0000fa18  __mspabi_slli_5               
0000fa16  __mspabi_slli_6               
0000fa14  __mspabi_slli_7               
0000fa12  __mspabi_slli_8               
0000fa10  __mspabi_slli_9               
0000f80e  __mspabi_slll_1               
0000f7ea  __mspabi_slll_10              
0000f7e6  __mspabi_slll_11              
0000f7e2  __mspabi_slll_12              
0000f7de  __mspabi_slll_13              
0000f7da  __mspabi_slll_14              
0000f7d6  __mspabi_slll_15              
0000f80a  __mspabi_slll_2               
0000f806  __mspabi_slll_3               
0000f802  __mspabi_slll_4               
0000f7fe  __mspabi_slll_5               
0000f7fa  __mspabi_slll_6               
0000f7f6  __mspabi_slll_7               
0000f7f2  __mspabi_slll_8               
0000f7ee  __mspabi_slll_9               
0000f9cc  __mspabi_srai                 
0000f9f4  __mspabi_srai_1               
0000f9e2  __mspabi_srai_10              
0000f9e0  __mspabi_srai_11              
0000f9de  __mspabi_srai_12              
0000f9dc  __mspabi_srai_13              
0000f9da  __mspabi_srai_14              
0000f9d8  __mspabi_srai_15              
0000f9f2  __mspabi_srai_2               
0000f9f0  __mspabi_srai_3               
0000f9ee  __mspabi_srai_4               
0000f9ec  __mspabi_srai_5               
0000f9ea  __mspabi_srai_6               
0000f9e8  __mspabi_srai_7               
0000f9e6  __mspabi_srai_8               
0000f9e4  __mspabi_srai_9               
0000f7d0  __mspabi_sral_1               
0000f7ac  __mspabi_sral_10              
0000f7a8  __mspabi_sral_11              
0000f7a4  __mspabi_sral_12              
0000f7a0  __mspabi_sral_13              
0000f79c  __mspabi_sral_14              
0000f798  __mspabi_sral_15              
0000f7cc  __mspabi_sral_2               
0000f7c8  __mspabi_sral_3               
0000f7c4  __mspabi_sral_4               
0000f7c0  __mspabi_sral_5               
0000f7bc  __mspabi_sral_6               
0000f7b8  __mspabi_sral_7               
0000f7b4  __mspabi_sral_8               
0000f7b0  __mspabi_sral_9               
0000f4d8  __mspabi_srli                 
0000f51e  __mspabi_srli_1               
0000f4fa  __mspabi_srli_10              
0000f4f6  __mspabi_srli_11              
0000f4f2  __mspabi_srli_12              
0000f4ee  __mspabi_srli_13              
0000f4ea  __mspabi_srli_14              
0000f4e6  __mspabi_srli_15              
0000f51a  __mspabi_srli_2               
0000f516  __mspabi_srli_3               
0000f512  __mspabi_srli_4               
0000f50e  __mspabi_srli_5               
0000f50a  __mspabi_srli_6               
0000f506  __mspabi_srli_7               
0000f502  __mspabi_srli_8               
0000f4fe  __mspabi_srli_9               
0000fd46  __mspabi_srll                 
0000f1f4  __mspabi_srll_1               
0000f1be  __mspabi_srll_10              
0000f1b8  __mspabi_srll_11              
0000f1b2  __mspabi_srll_12              
0000f1ac  __mspabi_srll_13              
0000f1a6  __mspabi_srll_14              
0000f1a0  __mspabi_srll_15              
0000f1ee  __mspabi_srll_2               
0000f1e8  __mspabi_srll_3               
0000f1e2  __mspabi_srll_4               
0000f1dc  __mspabi_srll_5               
0000f1d6  __mspabi_srll_6               
0000f1d0  __mspabi_srll_7               
0000f1ca  __mspabi_srll_8               
0000f1c4  __mspabi_srll_9               
0000fb3a  _c_int00_noargs               
0000fffe  _reset_vector                 
000003b0  _stack                        
0000fe64  _system_post_cinit            
0000fe60  _system_pre_init              
000002d6  _wakeEventsOccurred           
000002d8  _wakeReasons                  
0000fe2a  abort                         
0000fa98  adc_convert                   
0000fc10  adc_init                      
0000faba  adc_start_conversion          
0000eb94  apply_equation_to_adc         
0000f99c  checkTOBCOff                  
0000fcc0  circ_init                     
0000f934  circ_length                   
0000f48c  circ_pop                      
0000f254  circ_push                     
0000fafe  comm_init                     
0000f3a2  comm_process                  
0000ea5c  convert_adc_to_current        
0000fde2  core_init                     
0000f078  core_sleep                    
0000ed44  crc_generate                  
0000fbc6  errormon_get                  
0000f852  errormon_increment            
0000fb56  errormon_set                  
0000e862  get_battery_telemetry         
0000fc26  hal_init                      
000002da  i2c_buff                      
0000fe30  i2c_clearRxDoneFlag           
0000fe36  i2c_clearTxDoneFlag           
0000fe3c  i2c_enableRXInterrupt         
0000fe42  i2c_enableTXInterrupt         
0000fe48  i2c_getRxDoneFlag             
0000fe4e  i2c_getTxDoneFlag             
0000f8c6  i2c_masterInit                
0000f142  i2c_masterRead                
0000f968  i2c_masterWrite               
0000fe54  interrupt_get_mask            
0000fd34  interrupt_set_mask            
0000fb1c  intpin_set                    
0000f350  main                          
0000f68c  map_from_port                 
0000f6d0  map_to_port                   
00000374  mask                          
0000fd58  memcpy                        
0000fdba  mux_init                      
0000f570  mux_select                    
0000fdee  ocp_deactivate_all_rails      
0000fc3c  ocp_get_boots                 
0000fc52  ocp_get_fails                 
0000fdc8  ocp_get_rails_activated       
0000e912  ocp_process                   
0000fadc  ocp_toggle_rail               
0000f2fc  processBitfield               
0000e000  register_get                  
0000f8fe  register_init                 
0000ef9e  register_set                  
0000fe66  reset_EPS                     
0000f756  reset_battery                 
0000fc68  sense_get                     
000002de  status                        
0000fce8  status_clear_bits             
0000fe5a  status_get                    
0000fcfc  status_set_bits               
0000fc7e  stopwatch_disable             
0000fc94  stopwatch_disableB            
0000fe68  stopwatch_init                
0000fe6a  stopwatch_initB               
0000fb72  stopwatch_process             
0000fb8e  stopwatch_processB            
0000ee3e  stopwatch_start               
0000eeb4  stopwatch_startB              
0000fdf8  switches_get                  
0000fe02  switches_get_direction        
0000fcaa  switches_get_flags            
0000fbe0  switches_init                 
0000fd6a  switches_set_direction        
00000369  timer_started                 
0000f814  uart_init                     
0000f524  uart_rx                       
0000fbaa  uart_tx                       
0000fe14  watchdog_service              
0000fe1c  watchdog_stop                 


GLOBAL SYMBOLS: SORTED BY Symbol Address 

address   name                          
-------   ----                          
00000000  IE1                           
00000001  IE2                           
00000002  IFG1                          
00000003  IFG2                          
00000010  P3REN                         
00000018  P3IN                          
00000019  P3OUT                         
0000001a  P3DIR                         
0000001b  P3SEL                         
00000020  P1IN                          
00000021  P1OUT                         
00000022  P1DIR                         
00000023  P1IFG                         
00000024  P1IES                         
00000025  P1IE                          
00000026  P1SEL                         
00000027  P1REN                         
00000028  P2IN                          
00000029  P2OUT                         
0000002a  P2DIR                         
0000002b  P2IFG                         
0000002c  P2IES                         
0000002d  P2IE                          
0000002e  P2SEL                         
0000002f  P2REN                         
00000041  P1SEL2                        
00000042  P2SEL2                        
00000048  ADC10DTC0                     
00000049  ADC10DTC1                     
0000004a  ADC10AE0                      
0000004b  ADC10AE1                      
00000050  __STACK_SIZE                  
00000053  BCSCTL3                       
00000056  DCOCTL                        
00000057  BCSCTL1                       
00000058  BCSCTL2                       
00000059  CACTL1                        
0000005a  CACTL2                        
0000005b  CAPD                          
0000005d  UCA0ABCTL                     
0000005e  UCA0IRTCTL                    
0000005f  UCA0IRRCTL                    
00000060  UCA0CTL0                      
00000061  UCA0CTL1                      
00000062  UCA0BR0                       
00000063  UCA0BR1                       
00000064  UCA0MCTL                      
00000065  UCA0STAT                      
00000066  UCA0RXBUF                     
00000067  UCA0TXBUF                     
00000068  UCB0CTL0                      
00000069  UCB0CTL1                      
0000006a  UCB0BR0                       
0000006b  UCB0BR1                       
0000006c  UCB0I2CIE                     
0000006d  UCB0STAT                      
0000006e  UCB0RXBUF                     
0000006f  UCB0TXBUF                     
00000118  UCB0I2COA                     
0000011a  UCB0I2CSA                     
0000011e  TA1IV                         
00000120  WDTCTL                        
00000128  FCTL1                         
0000012a  FCTL2                         
0000012c  FCTL3                         
0000012e  TA0IV                         
00000160  TA0CTL                        
00000162  TA0CCTL0                      
00000164  TA0CCTL1                      
00000166  TA0CCTL2                      
00000170  TA0R                          
00000172  TA0CCR0                       
00000174  TA0CCR1                       
00000176  TA0CCR2                       
00000180  TA1CTL                        
00000182  TA1CCTL0                      
00000184  TA1CCTL1                      
00000190  TA1R                          
00000192  TA1CCR0                       
00000194  TA1CCR1                       
000001b0  ADC10CTL0                     
000001b2  ADC10CTL1                     
000001b4  ADC10MEM                      
000001bc  ADC10SA                       
000002d6  _wakeEventsOccurred           
000002d8  _wakeReasons                  
000002da  i2c_buff                      
000002de  status                        
00000369  timer_started                 
00000374  mask                          
000003b0  _stack                        
00000400  __STACK_END                   
000010c0  TLV_CHECKSUM                  
000010da  TLV_ADC10_1_TAG               
000010db  TLV_ADC10_1_LEN               
000010f6  TLV_DCO_30_TAG                
000010f7  TLV_DCO_30_LEN                
000010f8  CALDCO_16MHZ                  
000010f9  CALBC1_16MHZ                  
000010fa  CALDCO_12MHZ                  
000010fb  CALBC1_12MHZ                  
000010fc  CALDCO_8MHZ                   
000010fd  CALBC1_8MHZ                   
000010fe  CALDCO_1MHZ                   
000010ff  CALBC1_1MHZ                   
0000e000  register_get                  
0000e2a2  __TI_frcmpyd                  
0000e528  __mspabi_mpyd                 
0000e796  TI_SetDCO                     
0000e862  get_battery_telemetry         
0000e912  ocp_process                   
0000e9ba  USCIAB0TX_ISR                 
0000ea5c  convert_adc_to_current        
0000eb94  apply_equation_to_adc         
0000ec2e  __mspabi_cvtdf                
0000ecba  __mspabi_fltuld               
0000ed44  crc_generate                  
0000edc2  __TI_decompress_lzss          
0000ee3e  stopwatch_start               
0000eeb4  stopwatch_startB              
0000ef2a  __mspabi_fixdul               
0000ef9e  register_set                  
0000f010  __mspabi_cvtfd                
0000f078  core_sleep                    
0000f142  i2c_masterRead                
0000f1a0  __mspabi_srll_15              
0000f1a6  __mspabi_srll_14              
0000f1ac  __mspabi_srll_13              
0000f1b2  __mspabi_srll_12              
0000f1b8  __mspabi_srll_11              
0000f1be  __mspabi_srll_10              
0000f1c4  __mspabi_srll_9               
0000f1ca  __mspabi_srll_8               
0000f1d0  __mspabi_srll_7               
0000f1d6  __mspabi_srll_6               
0000f1dc  __mspabi_srll_5               
0000f1e2  __mspabi_srll_4               
0000f1e8  __mspabi_srll_3               
0000f1ee  __mspabi_srll_2               
0000f1f4  __mspabi_srll_1               
0000f1fc  __mspabi_divul                
0000f1fc  __mspabi_remul                
0000f254  circ_push                     
0000f2fc  processBitfield               
0000f350  main                          
0000f3a2  comm_process                  
0000f440  PORT1_ISR                     
0000f48c  circ_pop                      
0000f4d8  __mspabi_srli                 
0000f4e6  __mspabi_srli_15              
0000f4ea  __mspabi_srli_14              
0000f4ee  __mspabi_srli_13              
0000f4f2  __mspabi_srli_12              
0000f4f6  __mspabi_srli_11              
0000f4fa  __mspabi_srli_10              
0000f4fe  __mspabi_srli_9               
0000f502  __mspabi_srli_8               
0000f506  __mspabi_srli_7               
0000f50a  __mspabi_srli_6               
0000f50e  __mspabi_srli_5               
0000f512  __mspabi_srli_4               
0000f516  __mspabi_srli_3               
0000f51a  __mspabi_srli_2               
0000f51e  __mspabi_srli_1               
0000f524  uart_rx                       
0000f570  mux_select                    
0000f5ba  Timer0_A0                     
0000f602  __mspabi_fixfu                
0000f648  Timer1_A0                     
0000f68c  map_from_port                 
0000f6d0  map_to_port                   
0000f714  __TI_auto_init_nobinit_nopinit
0000f756  reset_battery                 
0000f798  __mspabi_sral_15              
0000f79c  __mspabi_sral_14              
0000f7a0  __mspabi_sral_13              
0000f7a4  __mspabi_sral_12              
0000f7a8  __mspabi_sral_11              
0000f7ac  __mspabi_sral_10              
0000f7b0  __mspabi_sral_9               
0000f7b4  __mspabi_sral_8               
0000f7b8  __mspabi_sral_7               
0000f7bc  __mspabi_sral_6               
0000f7c0  __mspabi_sral_5               
0000f7c4  __mspabi_sral_4               
0000f7c8  __mspabi_sral_3               
0000f7cc  __mspabi_sral_2               
0000f7d0  __mspabi_sral_1               
0000f7d6  __mspabi_slll_15              
0000f7da  __mspabi_slll_14              
0000f7de  __mspabi_slll_13              
0000f7e2  __mspabi_slll_12              
0000f7e6  __mspabi_slll_11              
0000f7ea  __mspabi_slll_10              
0000f7ee  __mspabi_slll_9               
0000f7f2  __mspabi_slll_8               
0000f7f6  __mspabi_slll_7               
0000f7fa  __mspabi_slll_6               
0000f7fe  __mspabi_slll_5               
0000f802  __mspabi_slll_4               
0000f806  __mspabi_slll_3               
0000f80a  __mspabi_slll_2               
0000f80e  __mspabi_slll_1               
0000f814  uart_init                     
0000f852  errormon_increment            
0000f88e  USCIAB0RX_ISR                 
0000f8c6  i2c_masterInit                
0000f8fe  register_init                 
0000f934  circ_length                   
0000f968  i2c_masterWrite               
0000f99c  checkTOBCOff                  
0000f9cc  __mspabi_srai                 
0000f9d8  __mspabi_srai_15              
0000f9da  __mspabi_srai_14              
0000f9dc  __mspabi_srai_13              
0000f9de  __mspabi_srai_12              
0000f9e0  __mspabi_srai_11              
0000f9e2  __mspabi_srai_10              
0000f9e4  __mspabi_srai_9               
0000f9e6  __mspabi_srai_8               
0000f9e8  __mspabi_srai_7               
0000f9ea  __mspabi_srai_6               
0000f9ec  __mspabi_srai_5               
0000f9ee  __mspabi_srai_4               
0000f9f0  __mspabi_srai_3               
0000f9f2  __mspabi_srai_2               
0000f9f4  __mspabi_srai_1               
0000f9f8  __mspabi_slli                 
0000fa04  __mspabi_slli_15              
0000fa06  __mspabi_slli_14              
0000fa08  __mspabi_slli_13              
0000fa0a  __mspabi_slli_12              
0000fa0c  __mspabi_slli_11              
0000fa0e  __mspabi_slli_10              
0000fa10  __mspabi_slli_9               
0000fa12  __mspabi_slli_8               
0000fa14  __mspabi_slli_7               
0000fa16  __mspabi_slli_6               
0000fa18  __mspabi_slli_5               
0000fa1a  __mspabi_slli_4               
0000fa1c  __mspabi_slli_3               
0000fa1e  __mspabi_slli_2               
0000fa20  __mspabi_slli_1               
0000fa4e  __mspabi_mpyl                 
0000fa4e  __mspabi_mpyl_sw              
0000fa74  __mspabi_fltuf                
0000fa98  adc_convert                   
0000faba  adc_start_conversion          
0000fadc  ocp_toggle_rail               
0000fafe  comm_init                     
0000fb1c  intpin_set                    
0000fb3a  _c_int00_noargs               
0000fb56  errormon_set                  
0000fb72  stopwatch_process             
0000fb8e  stopwatch_processB            
0000fbaa  uart_tx                       
0000fbc6  errormon_get                  
0000fbe0  switches_init                 
0000fbfa  TOBCWatchdogService           
0000fc10  adc_init                      
0000fc26  hal_init                      
0000fc3c  ocp_get_boots                 
0000fc52  ocp_get_fails                 
0000fc68  sense_get                     
0000fc7e  stopwatch_disable             
0000fc94  stopwatch_disableB            
0000fcaa  switches_get_flags            
0000fcc0  circ_init                     
0000fcd4  __TI_zero_init_nomemset       
0000fce8  status_clear_bits             
0000fcfc  status_set_bits               
0000fd22  __TI_decompress_none          
0000fd34  interrupt_set_mask            
0000fd46  __mspabi_srll                 
0000fd58  memcpy                        
0000fd6a  switches_set_direction        
0000fd9c  __mspabi_func_epilog_7        
0000fd9e  __mspabi_func_epilog_6        
0000fda0  __mspabi_func_epilog_5        
0000fda2  __mspabi_func_epilog_4        
0000fda4  __mspabi_func_epilog_3        
0000fda6  __mspabi_func_epilog_2        
0000fda8  __mspabi_func_epilog_1        
0000fdba  mux_init                      
0000fdc8  ocp_get_rails_activated       
0000fdd6  ADC10_ISR                     
0000fde2  core_init                     
0000fdee  ocp_deactivate_all_rails      
0000fdf8  switches_get                  
0000fe02  switches_get_direction        
0000fe0c  __TI_ISR_TRAP                 
0000fe14  watchdog_service              
0000fe1c  watchdog_stop                 
0000fe24  __mspabi_fltud                
0000fe2a  C$$EXIT                       
0000fe2a  abort                         
0000fe30  i2c_clearRxDoneFlag           
0000fe36  i2c_clearTxDoneFlag           
0000fe3c  i2c_enableRXInterrupt         
0000fe42  i2c_enableTXInterrupt         
0000fe48  i2c_getRxDoneFlag             
0000fe4e  i2c_getTxDoneFlag             
0000fe54  interrupt_get_mask            
0000fe5a  status_get                    
0000fe60  _system_pre_init              
0000fe64  _system_post_cinit            
0000fe66  reset_EPS                     
0000fe68  stopwatch_init                
0000fe6a  stopwatch_initB               
0000fe78  __TI_Handler_Table_Base       
0000fe7e  __TI_Handler_Table_Limit      
0000fe82  __TI_CINIT_Base               
0000fe8a  __TI_CINIT_Limit              
0000ffe4  __TI_int02                    
0000ffe6  __TI_int03                    
0000ffea  __TI_int05                    
0000ffec  __TI_int06                    
0000ffee  __TI_int07                    
0000fff0  __TI_int08                    
0000fff2  __TI_int09                    
0000fff4  __TI_int10                    
0000fff6  __TI_int11                    
0000fff8  __TI_int12                    
0000fffa  __TI_int13                    
0000fffc  __TI_int14                    
0000fffe  _reset_vector                 
ffffffff  __TI_pprof_out_hndl           
ffffffff  __TI_prof_data_size           
ffffffff  __TI_prof_data_start          
ffffffff  __c_args__                    

[330 symbols]
