Archive member included to satisfy reference by file (symbol)

c:/program files (x86)/atmel/studio/7.0/toolchain/avr8/avr8-gnu-toolchain/bin/../lib/gcc/avr/4.9.2/avr5\libgcc.a(_exit.o)
                              C:/Program Files (x86)/Atmel/Studio/7.0/Packs/atmel/ATmega_DFP/1.0.90/gcc/dev/atmega644p/avr5/crtatmega644p.o (exit)
c:/program files (x86)/atmel/studio/7.0/toolchain/avr8/avr8-gnu-toolchain/bin/../lib/gcc/avr/4.9.2/avr5\libgcc.a(_copy_data.o)
                              peripheral/dut.o (__do_copy_data)
c:/program files (x86)/atmel/studio/7.0/toolchain/avr8/avr8-gnu-toolchain/bin/../lib/gcc/avr/4.9.2/avr5\libgcc.a(_clear_bss.o)
                              hal/adc.o (__do_clear_bss)

Allocating common symbols
Common symbol       size              file

capturedValue       0x2               hal/capture.o
overflowCounter     0x2               hal/capture.o

Discarded input sections

 .data          0x00000000        0x0 C:/Program Files (x86)/Atmel/Studio/7.0/Packs/atmel/ATmega_DFP/1.0.90/gcc/dev/atmega644p/avr5/crtatmega644p.o
 .bss           0x00000000        0x0 C:/Program Files (x86)/Atmel/Studio/7.0/Packs/atmel/ATmega_DFP/1.0.90/gcc/dev/atmega644p/avr5/crtatmega644p.o
 .text          0x00000000        0x0 hal/adc.o
 .data          0x00000000        0x0 hal/adc.o
 .bss           0x00000000        0x0 hal/adc.o
 .text          0x00000000        0x0 hal/capture.o
 .data          0x00000000        0x0 hal/capture.o
 .bss           0x00000000        0x0 hal/capture.o
 .text          0x00000000        0x0 hal/hal.o
 .data          0x00000000        0x0 hal/hal.o
 .bss           0x00000000        0x0 hal/hal.o
 .text          0x00000000        0x0 hal/intpin.o
 .data          0x00000000        0x0 hal/intpin.o
 .bss           0x00000000        0x0 hal/intpin.o
 .text          0x00000000        0x0 hal/spi.o
 .data          0x00000000        0x0 hal/spi.o
 .bss           0x00000000        0x0 hal/spi.o
 .text          0x00000000        0x0 hal/uart.o
 .data          0x00000000        0x0 hal/uart.o
 .bss           0x00000000        0x0 hal/uart.o
 .text          0x00000000        0x0 main.o
 .data          0x00000000        0x0 main.o
 .bss           0x00000000        0x0 main.o
 .text          0x00000000        0x0 peripheral/analogue.o
 .data          0x00000000        0x0 peripheral/analogue.o
 .bss           0x00000000        0x0 peripheral/analogue.o
 .text          0x00000000        0x0 peripheral/dac.o
 .data          0x00000000        0x0 peripheral/dac.o
 .bss           0x00000000        0x0 peripheral/dac.o
 .text          0x00000000        0x0 peripheral/dut.o
 .data          0x00000000        0x0 peripheral/dut.o
 .bss           0x00000000        0x0 peripheral/dut.o
 .text          0x00000000        0x0 peripheral/error.o
 .data          0x00000000        0x0 peripheral/error.o
 .bss           0x00000000        0x0 peripheral/error.o
 .text          0x00000000        0x0 peripheral/ocp.o
 .data          0x00000000        0x0 peripheral/ocp.o
 .bss           0x00000000        0x0 peripheral/ocp.o
 .text          0x00000000        0x0 peripheral/pc.o
 .data          0x00000000        0x0 peripheral/pc.o
 .bss           0x00000000        0x0 peripheral/pc.o
 .text          0x00000000        0x0 peripheral/wdt.o
 .data          0x00000000        0x0 peripheral/wdt.o
 .bss           0x00000000        0x0 peripheral/wdt.o
 .text          0x00000000        0x0 util/circ.o
 .data          0x00000000        0x0 util/circ.o
 .bss           0x00000000        0x0 util/circ.o
 .text          0x00000000        0x0 c:/program files (x86)/atmel/studio/7.0/toolchain/avr8/avr8-gnu-toolchain/bin/../lib/gcc/avr/4.9.2/avr5\libgcc.a(_exit.o)
 .data          0x00000000        0x0 c:/program files (x86)/atmel/studio/7.0/toolchain/avr8/avr8-gnu-toolchain/bin/../lib/gcc/avr/4.9.2/avr5\libgcc.a(_exit.o)
 .bss           0x00000000        0x0 c:/program files (x86)/atmel/studio/7.0/toolchain/avr8/avr8-gnu-toolchain/bin/../lib/gcc/avr/4.9.2/avr5\libgcc.a(_exit.o)
 .text.libgcc.mul
                0x00000000        0x0 c:/program files (x86)/atmel/studio/7.0/toolchain/avr8/avr8-gnu-toolchain/bin/../lib/gcc/avr/4.9.2/avr5\libgcc.a(_exit.o)
 .text.libgcc.div
                0x00000000        0x0 c:/program files (x86)/atmel/studio/7.0/toolchain/avr8/avr8-gnu-toolchain/bin/../lib/gcc/avr/4.9.2/avr5\libgcc.a(_exit.o)
 .text.libgcc   0x00000000        0x0 c:/program files (x86)/atmel/studio/7.0/toolchain/avr8/avr8-gnu-toolchain/bin/../lib/gcc/avr/4.9.2/avr5\libgcc.a(_exit.o)
 .text.libgcc.prologue
                0x00000000        0x0 c:/program files (x86)/atmel/studio/7.0/toolchain/avr8/avr8-gnu-toolchain/bin/../lib/gcc/avr/4.9.2/avr5\libgcc.a(_exit.o)
 .text.libgcc.builtins
                0x00000000        0x0 c:/program files (x86)/atmel/studio/7.0/toolchain/avr8/avr8-gnu-toolchain/bin/../lib/gcc/avr/4.9.2/avr5\libgcc.a(_exit.o)
 .text.libgcc.fmul
                0x00000000        0x0 c:/program files (x86)/atmel/studio/7.0/toolchain/avr8/avr8-gnu-toolchain/bin/../lib/gcc/avr/4.9.2/avr5\libgcc.a(_exit.o)
 .text.libgcc.fixed
                0x00000000        0x0 c:/program files (x86)/atmel/studio/7.0/toolchain/avr8/avr8-gnu-toolchain/bin/../lib/gcc/avr/4.9.2/avr5\libgcc.a(_exit.o)
 .text          0x00000000        0x0 c:/program files (x86)/atmel/studio/7.0/toolchain/avr8/avr8-gnu-toolchain/bin/../lib/gcc/avr/4.9.2/avr5\libgcc.a(_copy_data.o)
 .data          0x00000000        0x0 c:/program files (x86)/atmel/studio/7.0/toolchain/avr8/avr8-gnu-toolchain/bin/../lib/gcc/avr/4.9.2/avr5\libgcc.a(_copy_data.o)
 .bss           0x00000000        0x0 c:/program files (x86)/atmel/studio/7.0/toolchain/avr8/avr8-gnu-toolchain/bin/../lib/gcc/avr/4.9.2/avr5\libgcc.a(_copy_data.o)
 .text.libgcc.mul
                0x00000000        0x0 c:/program files (x86)/atmel/studio/7.0/toolchain/avr8/avr8-gnu-toolchain/bin/../lib/gcc/avr/4.9.2/avr5\libgcc.a(_copy_data.o)
 .text.libgcc.div
                0x00000000        0x0 c:/program files (x86)/atmel/studio/7.0/toolchain/avr8/avr8-gnu-toolchain/bin/../lib/gcc/avr/4.9.2/avr5\libgcc.a(_copy_data.o)
 .text.libgcc   0x00000000        0x0 c:/program files (x86)/atmel/studio/7.0/toolchain/avr8/avr8-gnu-toolchain/bin/../lib/gcc/avr/4.9.2/avr5\libgcc.a(_copy_data.o)
 .text.libgcc.prologue
                0x00000000        0x0 c:/program files (x86)/atmel/studio/7.0/toolchain/avr8/avr8-gnu-toolchain/bin/../lib/gcc/avr/4.9.2/avr5\libgcc.a(_copy_data.o)
 .text.libgcc.builtins
                0x00000000        0x0 c:/program files (x86)/atmel/studio/7.0/toolchain/avr8/avr8-gnu-toolchain/bin/../lib/gcc/avr/4.9.2/avr5\libgcc.a(_copy_data.o)
 .text.libgcc.fmul
                0x00000000        0x0 c:/program files (x86)/atmel/studio/7.0/toolchain/avr8/avr8-gnu-toolchain/bin/../lib/gcc/avr/4.9.2/avr5\libgcc.a(_copy_data.o)
 .text.libgcc.fixed
                0x00000000        0x0 c:/program files (x86)/atmel/studio/7.0/toolchain/avr8/avr8-gnu-toolchain/bin/../lib/gcc/avr/4.9.2/avr5\libgcc.a(_copy_data.o)
 .text          0x00000000        0x0 c:/program files (x86)/atmel/studio/7.0/toolchain/avr8/avr8-gnu-toolchain/bin/../lib/gcc/avr/4.9.2/avr5\libgcc.a(_clear_bss.o)
 .data          0x00000000        0x0 c:/program files (x86)/atmel/studio/7.0/toolchain/avr8/avr8-gnu-toolchain/bin/../lib/gcc/avr/4.9.2/avr5\libgcc.a(_clear_bss.o)
 .bss           0x00000000        0x0 c:/program files (x86)/atmel/studio/7.0/toolchain/avr8/avr8-gnu-toolchain/bin/../lib/gcc/avr/4.9.2/avr5\libgcc.a(_clear_bss.o)
 .text.libgcc.mul
                0x00000000        0x0 c:/program files (x86)/atmel/studio/7.0/toolchain/avr8/avr8-gnu-toolchain/bin/../lib/gcc/avr/4.9.2/avr5\libgcc.a(_clear_bss.o)
 .text.libgcc.div
                0x00000000        0x0 c:/program files (x86)/atmel/studio/7.0/toolchain/avr8/avr8-gnu-toolchain/bin/../lib/gcc/avr/4.9.2/avr5\libgcc.a(_clear_bss.o)
 .text.libgcc   0x00000000        0x0 c:/program files (x86)/atmel/studio/7.0/toolchain/avr8/avr8-gnu-toolchain/bin/../lib/gcc/avr/4.9.2/avr5\libgcc.a(_clear_bss.o)
 .text.libgcc.prologue
                0x00000000        0x0 c:/program files (x86)/atmel/studio/7.0/toolchain/avr8/avr8-gnu-toolchain/bin/../lib/gcc/avr/4.9.2/avr5\libgcc.a(_clear_bss.o)
 .text.libgcc.builtins
                0x00000000        0x0 c:/program files (x86)/atmel/studio/7.0/toolchain/avr8/avr8-gnu-toolchain/bin/../lib/gcc/avr/4.9.2/avr5\libgcc.a(_clear_bss.o)
 .text.libgcc.fmul
                0x00000000        0x0 c:/program files (x86)/atmel/studio/7.0/toolchain/avr8/avr8-gnu-toolchain/bin/../lib/gcc/avr/4.9.2/avr5\libgcc.a(_clear_bss.o)
 .text.libgcc.fixed
                0x00000000        0x0 c:/program files (x86)/atmel/studio/7.0/toolchain/avr8/avr8-gnu-toolchain/bin/../lib/gcc/avr/4.9.2/avr5\libgcc.a(_clear_bss.o)

Memory Configuration

Name             Origin             Length             Attributes
text             0x00000000         0x00020000         xr
data             0x00800060         0x0000ffa0         rw !x
eeprom           0x00810000         0x00010000         rw !x
fuse             0x00820000         0x00000400         rw !x
lock             0x00830000         0x00000400         rw !x
signature        0x00840000         0x00000400         rw !x
user_signatures  0x00850000         0x00000400         rw !x
*default*        0x00000000         0xffffffff

Linker script and memory map

Address of section .data set to 0x800100
LOAD C:/Program Files (x86)/Atmel/Studio/7.0/Packs/atmel/ATmega_DFP/1.0.90/gcc/dev/atmega644p/avr5/crtatmega644p.o
LOAD hal/adc.o
LOAD hal/capture.o
LOAD hal/hal.o
LOAD hal/intpin.o
LOAD hal/spi.o
LOAD hal/uart.o
LOAD main.o
LOAD peripheral/analogue.o
LOAD peripheral/dac.o
LOAD peripheral/dut.o
LOAD peripheral/error.o
LOAD peripheral/ocp.o
LOAD peripheral/pc.o
LOAD peripheral/wdt.o
LOAD util/circ.o
START GROUP
LOAD c:/program files (x86)/atmel/studio/7.0/toolchain/avr8/avr8-gnu-toolchain/bin/../lib/gcc/avr/4.9.2/../../../../avr/lib/avr5\libm.a
END GROUP
START GROUP
LOAD c:/program files (x86)/atmel/studio/7.0/toolchain/avr8/avr8-gnu-toolchain/bin/../lib/gcc/avr/4.9.2/avr5\libgcc.a
LOAD c:/program files (x86)/atmel/studio/7.0/toolchain/avr8/avr8-gnu-toolchain/bin/../lib/gcc/avr/4.9.2/../../../../avr/lib/avr5\libm.a
LOAD c:/program files (x86)/atmel/studio/7.0/toolchain/avr8/avr8-gnu-toolchain/bin/../lib/gcc/avr/4.9.2/../../../../avr/lib/avr5\libc.a
LOAD C:/Program Files (x86)/Atmel/Studio/7.0/Packs/atmel/ATmega_DFP/1.0.90/gcc/dev/atmega644p/avr5\libatmega644p.a
END GROUP

.hash
 *(.hash)

.dynsym
 *(.dynsym)

.dynstr
 *(.dynstr)

.gnu.version
 *(.gnu.version)

.gnu.version_d
 *(.gnu.version_d)

.gnu.version_r
 *(.gnu.version_r)

.rel.init
 *(.rel.init)

.rela.init
 *(.rela.init)

.rel.text
 *(.rel.text)
 *(.rel.text.*)
 *(.rel.gnu.linkonce.t*)

.rela.text
 *(.rela.text)
 *(.rela.text.*)
 *(.rela.gnu.linkonce.t*)

.rel.fini
 *(.rel.fini)

.rela.fini
 *(.rela.fini)

.rel.rodata
 *(.rel.rodata)
 *(.rel.rodata.*)
 *(.rel.gnu.linkonce.r*)

.rela.rodata
 *(.rela.rodata)
 *(.rela.rodata.*)
 *(.rela.gnu.linkonce.r*)

.rel.data
 *(.rel.data)
 *(.rel.data.*)
 *(.rel.gnu.linkonce.d*)

.rela.data
 *(.rela.data)
 *(.rela.data.*)
 *(.rela.gnu.linkonce.d*)

.rel.ctors
 *(.rel.ctors)

.rela.ctors
 *(.rela.ctors)

.rel.dtors
 *(.rel.dtors)

.rela.dtors
 *(.rela.dtors)

.rel.got
 *(.rel.got)

.rela.got
 *(.rela.got)

.rel.bss
 *(.rel.bss)

.rela.bss
 *(.rela.bss)

.rel.plt
 *(.rel.plt)

.rela.plt
 *(.rela.plt)

.text           0x00000000      0x9c0
 *(.vectors)
 .vectors       0x00000000       0x7c C:/Program Files (x86)/Atmel/Studio/7.0/Packs/atmel/ATmega_DFP/1.0.90/gcc/dev/atmega644p/avr5/crtatmega644p.o
                0x00000000                __vector_default
                0x00000000                __vectors
 *(.vectors)
 *(.progmem.gcc*)
                0x0000007c                . = ALIGN (0x2)
                0x0000007c                __trampolines_start = .
 *(.trampolines)
 .trampolines   0x0000007c        0x0 linker stubs
 *(.trampolines*)
                0x0000007c                __trampolines_end = .
 *(.progmem*)
                0x0000007c                . = ALIGN (0x2)
 *(.jumptables)
 *(.jumptables*)
 *(.lowtext)
 *(.lowtext*)
                0x0000007c                __ctors_start = .
 *(.ctors)
                0x0000007c                __ctors_end = .
                0x0000007c                __dtors_start = .
 *(.dtors)
                0x0000007c                __dtors_end = .
 SORT(*)(.ctors)
 SORT(*)(.dtors)
 *(.init0)
 .init0         0x0000007c        0x0 C:/Program Files (x86)/Atmel/Studio/7.0/Packs/atmel/ATmega_DFP/1.0.90/gcc/dev/atmega644p/avr5/crtatmega644p.o
                0x0000007c                __init
 *(.init0)
 *(.init1)
 *(.init1)
 *(.init2)
 .init2         0x0000007c        0xc C:/Program Files (x86)/Atmel/Studio/7.0/Packs/atmel/ATmega_DFP/1.0.90/gcc/dev/atmega644p/avr5/crtatmega644p.o
 *(.init2)
 *(.init3)
 *(.init3)
 *(.init4)
 .init4         0x00000088       0x16 c:/program files (x86)/atmel/studio/7.0/toolchain/avr8/avr8-gnu-toolchain/bin/../lib/gcc/avr/4.9.2/avr5\libgcc.a(_copy_data.o)
                0x00000088                __do_copy_data
 .init4         0x0000009e       0x10 c:/program files (x86)/atmel/studio/7.0/toolchain/avr8/avr8-gnu-toolchain/bin/../lib/gcc/avr/4.9.2/avr5\libgcc.a(_clear_bss.o)
                0x0000009e                __do_clear_bss
 *(.init4)
 *(.init5)
 *(.init5)
 *(.init6)
 *(.init6)
 *(.init7)
 *(.init7)
 *(.init8)
 *(.init8)
 *(.init9)
 .init9         0x000000ae        0x8 C:/Program Files (x86)/Atmel/Studio/7.0/Packs/atmel/ATmega_DFP/1.0.90/gcc/dev/atmega644p/avr5/crtatmega644p.o
 *(.init9)
 *(.text)
 .text          0x000000b6        0x4 C:/Program Files (x86)/Atmel/Studio/7.0/Packs/atmel/ATmega_DFP/1.0.90/gcc/dev/atmega644p/avr5/crtatmega644p.o
                0x000000b6                __vector_22
                0x000000b6                __vector_1
                0x000000b6                __bad_interrupt
                0x000000b6                __vector_6
                0x000000b6                __vector_3
                0x000000b6                __vector_23
                0x000000b6                __vector_30
                0x000000b6                __vector_25
                0x000000b6                __vector_11
                0x000000b6                __vector_13
                0x000000b6                __vector_17
                0x000000b6                __vector_19
                0x000000b6                __vector_27
                0x000000b6                __vector_5
                0x000000b6                __vector_4
                0x000000b6                __vector_9
                0x000000b6                __vector_2
                0x000000b6                __vector_21
                0x000000b6                __vector_29
                0x000000b6                __vector_8
                0x000000b6                __vector_26
                0x000000b6                __vector_14
                0x000000b6                __vector_10
                0x000000b6                __vector_16
                0x000000b6                __vector_18
                0x000000ba                . = ALIGN (0x2)
 *(.text.*)
 .text.adc_init
                0x000000ba       0x14 hal/adc.o
                0x000000ba                adc_init
 .text.adc_start
                0x000000ce       0x24 hal/adc.o
                0x000000ce                adc_start
 .text.adc_try_get_results
                0x000000f2       0x18 hal/adc.o
                0x000000f2                adc_try_get_results
 .text.__vector_24
                0x0000010a       0x66 hal/adc.o
                0x0000010a                __vector_24
 .text.capture_init
                0x00000170       0x10 hal/capture.o
                0x00000170                capture_init
 .text.capture_reset
                0x00000180       0x22 hal/capture.o
                0x00000180                capture_reset
 .text.capture_read
                0x000001a2       0x5c hal/capture.o
                0x000001a2                capture_read
 .text.__vector_12
                0x000001fe       0x40 hal/capture.o
                0x000001fe                __vector_12
 .text.__vector_15
                0x0000023e       0x60 hal/capture.o
                0x0000023e                __vector_15
 .text.hal_init
                0x0000029e       0x14 hal/hal.o
                0x0000029e                hal_init
 .text.intpin_init
                0x000002b2       0x18 hal/intpin.o
                0x000002b2                intpin_init
 .text.intpin_get
                0x000002ca        0x8 hal/intpin.o
                0x000002ca                intpin_get
 .text.intpin_get_changed
                0x000002d2        0x6 hal/intpin.o
                0x000002d2                intpin_get_changed
 .text.intpin_clear_changed
                0x000002d8        0x6 hal/intpin.o
                0x000002d8                intpin_clear_changed
 .text.__vector_7
                0x000002de       0x1e hal/intpin.o
                0x000002de                __vector_7
 .text.spi_init
                0x000002fc       0x10 hal/spi.o
                0x000002fc                spi_init
 .text.spi_tx   0x0000030c        0xa hal/spi.o
                0x0000030c                spi_tx
 .text.spi_ss   0x00000316       0x12 hal/spi.o
                0x00000316                spi_ss
 .text.uart_init
                0x00000328       0x38 hal/uart.o
                0x00000328                uart_init
 .text.uart_pc_tx_push
                0x00000360        0xe hal/uart.o
                0x00000360                uart_pc_tx_push
 .text.uart_pc_rx_len
                0x0000036e        0xa hal/uart.o
                0x0000036e                uart_pc_rx_len
 .text.uart_pc_rx_pop
                0x00000378        0xa hal/uart.o
                0x00000378                uart_pc_rx_pop
 .text.uart_pc_rx_peek
                0x00000382        0xe hal/uart.o
                0x00000382                uart_pc_rx_peek
 .text.uart_pc_error
                0x00000390       0x1a hal/uart.o
                0x00000390                uart_pc_error
 .text.uart_dut_tx_push
                0x000003aa        0xe hal/uart.o
                0x000003aa                uart_dut_tx_push
 .text.uart_dut_rx_len
                0x000003b8        0xa hal/uart.o
                0x000003b8                uart_dut_rx_len
 .text.uart_dut_rx_pop
                0x000003c2        0xa hal/uart.o
                0x000003c2                uart_dut_rx_pop
 .text.uart_dut_rx_peek
                0x000003cc        0xe hal/uart.o
                0x000003cc                uart_dut_rx_peek
 .text.uart_dut_error
                0x000003da       0x1a hal/uart.o
                0x000003da                uart_dut_error
 .text.__vector_20
                0x000003f4       0x50 hal/uart.o
                0x000003f4                __vector_20
 .text.__vector_28
                0x00000444       0x50 hal/uart.o
                0x00000444                __vector_28
 .text.startup.main
                0x00000494       0x22 main.o
                0x00000494                main
 .text.analogue_convert
                0x000004b6        0x4 peripheral/analogue.o
                0x000004b6                analogue_convert
 .text.analogue_process
                0x000004ba        0xe peripheral/analogue.o
                0x000004ba                analogue_process
 .text.dac_set  0x000004c8       0x36 peripheral/dac.o
                0x000004c8                dac_set
 .text.dut_process
                0x000004fe       0x54 peripheral/dut.o
                0x000004fe                dut_process
 .text.dut_tx   0x00000552       0x3a peripheral/dut.o
                0x00000552                dut_tx
 .text.error_throw
                0x0000058c        0x4 peripheral/error.o
                0x0000058c                error_throw
 .text.ocp_process
                0x00000590       0x14 peripheral/ocp.o
                0x00000590                ocp_process
 .text.ocp_reset
                0x000005a4        0x4 peripheral/ocp.o
                0x000005a4                ocp_reset
 .text.pc_process
                0x000005a8      0x126 peripheral/pc.o
                0x000005a8                pc_process
 .text.pc_tx_relay_host
                0x000006ce       0x52 peripheral/pc.o
                0x000006ce                pc_tx_relay_host
 .text.pc_tx_error
                0x00000720       0x2a peripheral/pc.o
                0x00000720                pc_tx_error
 .text.pc_tx_relay_int
                0x0000074a       0x2a peripheral/pc.o
                0x0000074a                pc_tx_relay_int
 .text.pc_tx_data
                0x00000774       0x80 peripheral/pc.o
                0x00000774                pc_tx_data
 .text.pc_tx_ocp
                0x000007f4       0x8c peripheral/pc.o
                0x000007f4                pc_tx_ocp
 .text.wdt_disable
                0x00000880       0x16 peripheral/wdt.o
                0x00000880                wdt_disable
 .text.circ_init
                0x00000896        0xe util/circ.o
                0x00000896                circ_init
 .text.circ_push
                0x000008a4       0x62 util/circ.o
                0x000008a4                circ_push
 .text.circ_pop
                0x00000906       0x3e util/circ.o
                0x00000906                circ_pop
 .text.circ_peek
                0x00000944       0x3c util/circ.o
                0x00000944                circ_peek
 .text.circ_length
                0x00000980       0x28 util/circ.o
                0x00000980                circ_length
 .text.circ_get_error
                0x000009a8        0xa util/circ.o
                0x000009a8                circ_get_error
 .text.circ_clear_error
                0x000009b2        0xa util/circ.o
                0x000009b2                circ_clear_error
                0x000009bc                . = ALIGN (0x2)
 *(.fini9)
 .fini9         0x000009bc        0x0 c:/program files (x86)/atmel/studio/7.0/toolchain/avr8/avr8-gnu-toolchain/bin/../lib/gcc/avr/4.9.2/avr5\libgcc.a(_exit.o)
                0x000009bc                _exit
                0x000009bc                exit
 *(.fini9)
 *(.fini8)
 *(.fini8)
 *(.fini7)
 *(.fini7)
 *(.fini6)
 *(.fini6)
 *(.fini5)
 *(.fini5)
 *(.fini4)
 *(.fini4)
 *(.fini3)
 *(.fini3)
 *(.fini2)
 *(.fini2)
 *(.fini1)
 *(.fini1)
 *(.fini0)
 .fini0         0x000009bc        0x4 c:/program files (x86)/atmel/studio/7.0/toolchain/avr8/avr8-gnu-toolchain/bin/../lib/gcc/avr/4.9.2/avr5\libgcc.a(_exit.o)
 *(.fini0)
                0x000009c0                _etext = .

.data           0x00800100       0x16 load address 0x000009c0
                0x00800100                PROVIDE (__data_start, .)
 *(.data)
 *(.data*)
 .data.lastPin.1542
                0x00800100        0x1 peripheral/dut.o
 .data.dut_pipe
                0x00800101        0xa peripheral/dut.o
 .data.pc_pipe  0x0080010b        0xa peripheral/pc.o
 *(.rodata)
 *(.rodata*)
 *(.gnu.linkonce.d*)
                0x00800116                . = ALIGN (0x2)
 *fill*         0x00800115        0x1 
                0x00800116                _edata = .
                0x00800116                PROVIDE (__data_end, .)

.bss            0x00800116       0x9e
                0x00800116                PROVIDE (__bss_start, .)
 *(.bss)
 *(.bss*)
 .bss.resultIndex
                0x00800116        0x1 hal/adc.o
 .bss.results   0x00800117       0x10 hal/adc.o
 .bss.adcState  0x00800127        0x1 hal/adc.o
 .bss.captureState
                0x00800128        0x1 hal/capture.o
                0x00800128                captureState
 .bss.c         0x00800129        0x1 hal/intpin.o
 .bss.rxDutBuffer
                0x0080012a       0x43 hal/uart.o
 .bss.rxPcBuffer
                0x0080016d       0x43 hal/uart.o
 *(COMMON)
 COMMON         0x008001b0        0x4 hal/capture.o
                0x008001b0                capturedValue
                0x008001b2                overflowCounter
                0x008001b4                PROVIDE (__bss_end, .)
                0x000009c0                __data_load_start = LOADADDR (.data)
                0x000009d6                __data_load_end = (__data_load_start + SIZEOF (.data))

.noinit         0x008001b4        0x0
                0x008001b4                PROVIDE (__noinit_start, .)
 *(.noinit*)
                0x008001b4                PROVIDE (__noinit_end, .)
                0x008001b4                _end = .
                0x008001b4                PROVIDE (__heap_start, .)

.eeprom         0x00810000        0x0
 *(.eeprom*)
                0x00810000                __eeprom_end = .

.fuse
 *(.fuse)
 *(.lfuse)
 *(.hfuse)
 *(.efuse)

.lock
 *(.lock*)

.signature
 *(.signature*)

.user_signatures
 *(.user_signatures*)

.stab
 *(.stab)

.stabstr
 *(.stabstr)

.stab.excl
 *(.stab.excl)

.stab.exclstr
 *(.stab.exclstr)

.stab.index
 *(.stab.index)

.stab.indexstr
 *(.stab.indexstr)

.comment        0x00000000       0x30
 *(.comment)
 .comment       0x00000000       0x30 hal/adc.o
                                 0x31 (size before relaxing)
 .comment       0x00000030       0x31 hal/capture.o
 .comment       0x00000030       0x31 hal/hal.o
 .comment       0x00000030       0x31 hal/intpin.o
 .comment       0x00000030       0x31 hal/spi.o
 .comment       0x00000030       0x31 hal/uart.o
 .comment       0x00000030       0x31 main.o
 .comment       0x00000030       0x31 peripheral/analogue.o
 .comment       0x00000030       0x31 peripheral/dac.o
 .comment       0x00000030       0x31 peripheral/dut.o
 .comment       0x00000030       0x31 peripheral/error.o
 .comment       0x00000030       0x31 peripheral/ocp.o
 .comment       0x00000030       0x31 peripheral/pc.o
 .comment       0x00000030       0x31 peripheral/wdt.o
 .comment       0x00000030       0x31 util/circ.o

.note.gnu.avr.deviceinfo
                0x00000000       0x40
 .note.gnu.avr.deviceinfo
                0x00000000       0x40 C:/Program Files (x86)/Atmel/Studio/7.0/Packs/atmel/ATmega_DFP/1.0.90/gcc/dev/atmega644p/avr5/crtatmega644p.o

.note.gnu.build-id
 *(.note.gnu.build-id)

.debug
 *(.debug)

.line
 *(.line)

.debug_srcinfo
 *(.debug_srcinfo)

.debug_sfnames
 *(.debug_sfnames)

.debug_aranges
 *(.debug_aranges)

.debug_pubnames
 *(.debug_pubnames)

.debug_info
 *(.debug_info .gnu.linkonce.wi.*)

.debug_abbrev
 *(.debug_abbrev)

.debug_line
 *(.debug_line .debug_line.* .debug_line_end)

.debug_frame
 *(.debug_frame)

.debug_str
 *(.debug_str)

.debug_loc
 *(.debug_loc)

.debug_macinfo
 *(.debug_macinfo)

.debug_weaknames
 *(.debug_weaknames)

.debug_funcnames
 *(.debug_funcnames)

.debug_typenames
 *(.debug_typenames)

.debug_varnames
 *(.debug_varnames)

.debug_pubtypes
 *(.debug_pubtypes)

.debug_ranges
 *(.debug_ranges)

.debug_macro
 *(.debug_macro)
OUTPUT(TestMcu.elf elf32-avr)
LOAD linker stubs
