Archive member included to satisfy reference by file (symbol)

c:/program files (x86)/atmel/studio/7.0/toolchain/avr8/avr8-gnu-toolchain/bin/../lib/gcc/avr/4.9.2/avr5\libgcc.a(_exit.o)
                              C:/Program Files (x86)/Atmel/Studio/7.0/Packs/atmel/ATmega_DFP/1.0.90/gcc/dev/atmega644p/avr5/crtatmega644p.o (exit)
c:/program files (x86)/atmel/studio/7.0/toolchain/avr8/avr8-gnu-toolchain/bin/../lib/gcc/avr/4.9.2/avr5\libgcc.a(_copy_data.o)
                              peripheral/dut.o (__do_copy_data)
c:/program files (x86)/atmel/studio/7.0/toolchain/avr8/avr8-gnu-toolchain/bin/../lib/gcc/avr/4.9.2/avr5\libgcc.a(_clear_bss.o)
                              hal/adc.o (__do_clear_bss)

Allocating common symbols
Common symbol       size              file

captureState        0x1               hal/capture.o
capturedValue       0x2               hal/capture.o
overflowCounter     0x2               hal/capture.o

Discarded input sections

 .data          0x00000000        0x0 C:/Program Files (x86)/Atmel/Studio/7.0/Packs/atmel/ATmega_DFP/1.0.90/gcc/dev/atmega644p/avr5/crtatmega644p.o
 .bss           0x00000000        0x0 C:/Program Files (x86)/Atmel/Studio/7.0/Packs/atmel/ATmega_DFP/1.0.90/gcc/dev/atmega644p/avr5/crtatmega644p.o
 .text          0x00000000        0x0 hal/adc.o
 .data          0x00000000        0x0 hal/adc.o
 .bss           0x00000000        0x0 hal/adc.o
 .text          0x00000000        0x0 hal/capture.o
 .data          0x00000000        0x0 hal/capture.o
 .bss           0x00000000        0x0 hal/capture.o
 .text          0x00000000        0x0 hal/hal.o
 .data          0x00000000        0x0 hal/hal.o
 .bss           0x00000000        0x0 hal/hal.o
 .text          0x00000000        0x0 hal/intpin.o
 .data          0x00000000        0x0 hal/intpin.o
 .bss           0x00000000        0x0 hal/intpin.o
 .text          0x00000000        0x0 hal/spi.o
 .data          0x00000000        0x0 hal/spi.o
 .bss           0x00000000        0x0 hal/spi.o
 .text          0x00000000        0x0 hal/uart.o
 .data          0x00000000        0x0 hal/uart.o
 .bss           0x00000000        0x0 hal/uart.o
 .text          0x00000000        0x0 main.o
 .data          0x00000000        0x0 main.o
 .bss           0x00000000        0x0 main.o
 .text          0x00000000        0x0 peripheral/analogue.o
 .data          0x00000000        0x0 peripheral/analogue.o
 .bss           0x00000000        0x0 peripheral/analogue.o
 .text          0x00000000        0x0 peripheral/dac.o
 .data          0x00000000        0x0 peripheral/dac.o
 .bss           0x00000000        0x0 peripheral/dac.o
 .text          0x00000000        0x0 peripheral/dut.o
 .data          0x00000000        0x0 peripheral/dut.o
 .bss           0x00000000        0x0 peripheral/dut.o
 .text          0x00000000        0x0 peripheral/error.o
 .data          0x00000000        0x0 peripheral/error.o
 .bss           0x00000000        0x0 peripheral/error.o
 .text          0x00000000        0x0 peripheral/ocp.o
 .data          0x00000000        0x0 peripheral/ocp.o
 .bss           0x00000000        0x0 peripheral/ocp.o
 .text          0x00000000        0x0 peripheral/pc.o
 .data          0x00000000        0x0 peripheral/pc.o
 .bss           0x00000000        0x0 peripheral/pc.o
 .text          0x00000000        0x0 peripheral/wdt.o
 .data          0x00000000        0x0 peripheral/wdt.o
 .bss           0x00000000        0x0 peripheral/wdt.o
 .text          0x00000000        0x0 util/circ.o
 .data          0x00000000        0x0 util/circ.o
 .bss           0x00000000        0x0 util/circ.o
 .text          0x00000000        0x0 c:/program files (x86)/atmel/studio/7.0/toolchain/avr8/avr8-gnu-toolchain/bin/../lib/gcc/avr/4.9.2/avr5\libgcc.a(_exit.o)
 .data          0x00000000        0x0 c:/program files (x86)/atmel/studio/7.0/toolchain/avr8/avr8-gnu-toolchain/bin/../lib/gcc/avr/4.9.2/avr5\libgcc.a(_exit.o)
 .bss           0x00000000        0x0 c:/program files (x86)/atmel/studio/7.0/toolchain/avr8/avr8-gnu-toolchain/bin/../lib/gcc/avr/4.9.2/avr5\libgcc.a(_exit.o)
 .text.libgcc.mul
                0x00000000        0x0 c:/program files (x86)/atmel/studio/7.0/toolchain/avr8/avr8-gnu-toolchain/bin/../lib/gcc/avr/4.9.2/avr5\libgcc.a(_exit.o)
 .text.libgcc.div
                0x00000000        0x0 c:/program files (x86)/atmel/studio/7.0/toolchain/avr8/avr8-gnu-toolchain/bin/../lib/gcc/avr/4.9.2/avr5\libgcc.a(_exit.o)
 .text.libgcc   0x00000000        0x0 c:/program files (x86)/atmel/studio/7.0/toolchain/avr8/avr8-gnu-toolchain/bin/../lib/gcc/avr/4.9.2/avr5\libgcc.a(_exit.o)
 .text.libgcc.prologue
                0x00000000        0x0 c:/program files (x86)/atmel/studio/7.0/toolchain/avr8/avr8-gnu-toolchain/bin/../lib/gcc/avr/4.9.2/avr5\libgcc.a(_exit.o)
 .text.libgcc.builtins
                0x00000000        0x0 c:/program files (x86)/atmel/studio/7.0/toolchain/avr8/avr8-gnu-toolchain/bin/../lib/gcc/avr/4.9.2/avr5\libgcc.a(_exit.o)
 .text.libgcc.fmul
                0x00000000        0x0 c:/program files (x86)/atmel/studio/7.0/toolchain/avr8/avr8-gnu-toolchain/bin/../lib/gcc/avr/4.9.2/avr5\libgcc.a(_exit.o)
 .text.libgcc.fixed
                0x00000000        0x0 c:/program files (x86)/atmel/studio/7.0/toolchain/avr8/avr8-gnu-toolchain/bin/../lib/gcc/avr/4.9.2/avr5\libgcc.a(_exit.o)
 .text          0x00000000        0x0 c:/program files (x86)/atmel/studio/7.0/toolchain/avr8/avr8-gnu-toolchain/bin/../lib/gcc/avr/4.9.2/avr5\libgcc.a(_copy_data.o)
 .data          0x00000000        0x0 c:/program files (x86)/atmel/studio/7.0/toolchain/avr8/avr8-gnu-toolchain/bin/../lib/gcc/avr/4.9.2/avr5\libgcc.a(_copy_data.o)
 .bss           0x00000000        0x0 c:/program files (x86)/atmel/studio/7.0/toolchain/avr8/avr8-gnu-toolchain/bin/../lib/gcc/avr/4.9.2/avr5\libgcc.a(_copy_data.o)
 .text.libgcc.mul
                0x00000000        0x0 c:/program files (x86)/atmel/studio/7.0/toolchain/avr8/avr8-gnu-toolchain/bin/../lib/gcc/avr/4.9.2/avr5\libgcc.a(_copy_data.o)
 .text.libgcc.div
                0x00000000        0x0 c:/program files (x86)/atmel/studio/7.0/toolchain/avr8/avr8-gnu-toolchain/bin/../lib/gcc/avr/4.9.2/avr5\libgcc.a(_copy_data.o)
 .text.libgcc   0x00000000        0x0 c:/program files (x86)/atmel/studio/7.0/toolchain/avr8/avr8-gnu-toolchain/bin/../lib/gcc/avr/4.9.2/avr5\libgcc.a(_copy_data.o)
 .text.libgcc.prologue
                0x00000000        0x0 c:/program files (x86)/atmel/studio/7.0/toolchain/avr8/avr8-gnu-toolchain/bin/../lib/gcc/avr/4.9.2/avr5\libgcc.a(_copy_data.o)
 .text.libgcc.builtins
                0x00000000        0x0 c:/program files (x86)/atmel/studio/7.0/toolchain/avr8/avr8-gnu-toolchain/bin/../lib/gcc/avr/4.9.2/avr5\libgcc.a(_copy_data.o)
 .text.libgcc.fmul
                0x00000000        0x0 c:/program files (x86)/atmel/studio/7.0/toolchain/avr8/avr8-gnu-toolchain/bin/../lib/gcc/avr/4.9.2/avr5\libgcc.a(_copy_data.o)
 .text.libgcc.fixed
                0x00000000        0x0 c:/program files (x86)/atmel/studio/7.0/toolchain/avr8/avr8-gnu-toolchain/bin/../lib/gcc/avr/4.9.2/avr5\libgcc.a(_copy_data.o)
 .text          0x00000000        0x0 c:/program files (x86)/atmel/studio/7.0/toolchain/avr8/avr8-gnu-toolchain/bin/../lib/gcc/avr/4.9.2/avr5\libgcc.a(_clear_bss.o)
 .data          0x00000000        0x0 c:/program files (x86)/atmel/studio/7.0/toolchain/avr8/avr8-gnu-toolchain/bin/../lib/gcc/avr/4.9.2/avr5\libgcc.a(_clear_bss.o)
 .bss           0x00000000        0x0 c:/program files (x86)/atmel/studio/7.0/toolchain/avr8/avr8-gnu-toolchain/bin/../lib/gcc/avr/4.9.2/avr5\libgcc.a(_clear_bss.o)
 .text.libgcc.mul
                0x00000000        0x0 c:/program files (x86)/atmel/studio/7.0/toolchain/avr8/avr8-gnu-toolchain/bin/../lib/gcc/avr/4.9.2/avr5\libgcc.a(_clear_bss.o)
 .text.libgcc.div
                0x00000000        0x0 c:/program files (x86)/atmel/studio/7.0/toolchain/avr8/avr8-gnu-toolchain/bin/../lib/gcc/avr/4.9.2/avr5\libgcc.a(_clear_bss.o)
 .text.libgcc   0x00000000        0x0 c:/program files (x86)/atmel/studio/7.0/toolchain/avr8/avr8-gnu-toolchain/bin/../lib/gcc/avr/4.9.2/avr5\libgcc.a(_clear_bss.o)
 .text.libgcc.prologue
                0x00000000        0x0 c:/program files (x86)/atmel/studio/7.0/toolchain/avr8/avr8-gnu-toolchain/bin/../lib/gcc/avr/4.9.2/avr5\libgcc.a(_clear_bss.o)
 .text.libgcc.builtins
                0x00000000        0x0 c:/program files (x86)/atmel/studio/7.0/toolchain/avr8/avr8-gnu-toolchain/bin/../lib/gcc/avr/4.9.2/avr5\libgcc.a(_clear_bss.o)
 .text.libgcc.fmul
                0x00000000        0x0 c:/program files (x86)/atmel/studio/7.0/toolchain/avr8/avr8-gnu-toolchain/bin/../lib/gcc/avr/4.9.2/avr5\libgcc.a(_clear_bss.o)
 .text.libgcc.fixed
                0x00000000        0x0 c:/program files (x86)/atmel/studio/7.0/toolchain/avr8/avr8-gnu-toolchain/bin/../lib/gcc/avr/4.9.2/avr5\libgcc.a(_clear_bss.o)

Memory Configuration

Name             Origin             Length             Attributes
text             0x00000000         0x00020000         xr
data             0x00800060         0x0000ffa0         rw !x
eeprom           0x00810000         0x00010000         rw !x
fuse             0x00820000         0x00000400         rw !x
lock             0x00830000         0x00000400         rw !x
signature        0x00840000         0x00000400         rw !x
user_signatures  0x00850000         0x00000400         rw !x
*default*        0x00000000         0xffffffff

Linker script and memory map

Address of section .data set to 0x800100
LOAD C:/Program Files (x86)/Atmel/Studio/7.0/Packs/atmel/ATmega_DFP/1.0.90/gcc/dev/atmega644p/avr5/crtatmega644p.o
LOAD hal/adc.o
LOAD hal/capture.o
LOAD hal/hal.o
LOAD hal/intpin.o
LOAD hal/spi.o
LOAD hal/uart.o
LOAD main.o
LOAD peripheral/analogue.o
LOAD peripheral/dac.o
LOAD peripheral/dut.o
LOAD peripheral/error.o
LOAD peripheral/ocp.o
LOAD peripheral/pc.o
LOAD peripheral/wdt.o
LOAD util/circ.o
START GROUP
LOAD c:/program files (x86)/atmel/studio/7.0/toolchain/avr8/avr8-gnu-toolchain/bin/../lib/gcc/avr/4.9.2/../../../../avr/lib/avr5\libm.a
END GROUP
START GROUP
LOAD c:/program files (x86)/atmel/studio/7.0/toolchain/avr8/avr8-gnu-toolchain/bin/../lib/gcc/avr/4.9.2/avr5\libgcc.a
LOAD c:/program files (x86)/atmel/studio/7.0/toolchain/avr8/avr8-gnu-toolchain/bin/../lib/gcc/avr/4.9.2/../../../../avr/lib/avr5\libm.a
LOAD c:/program files (x86)/atmel/studio/7.0/toolchain/avr8/avr8-gnu-toolchain/bin/../lib/gcc/avr/4.9.2/../../../../avr/lib/avr5\libc.a
LOAD C:/Program Files (x86)/Atmel/Studio/7.0/Packs/atmel/ATmega_DFP/1.0.90/gcc/dev/atmega644p/avr5\libatmega644p.a
END GROUP

.hash
 *(.hash)

.dynsym
 *(.dynsym)

.dynstr
 *(.dynstr)

.gnu.version
 *(.gnu.version)

.gnu.version_d
 *(.gnu.version_d)

.gnu.version_r
 *(.gnu.version_r)

.rel.init
 *(.rel.init)

.rela.init
 *(.rela.init)

.rel.text
 *(.rel.text)
 *(.rel.text.*)
 *(.rel.gnu.linkonce.t*)

.rela.text
 *(.rela.text)
 *(.rela.text.*)
 *(.rela.gnu.linkonce.t*)

.rel.fini
 *(.rel.fini)

.rela.fini
 *(.rela.fini)

.rel.rodata
 *(.rel.rodata)
 *(.rel.rodata.*)
 *(.rel.gnu.linkonce.r*)

.rela.rodata
 *(.rela.rodata)
 *(.rela.rodata.*)
 *(.rela.gnu.linkonce.r*)

.rel.data
 *(.rel.data)
 *(.rel.data.*)
 *(.rel.gnu.linkonce.d*)

.rela.data
 *(.rela.data)
 *(.rela.data.*)
 *(.rela.gnu.linkonce.d*)

.rel.ctors
 *(.rel.ctors)

.rela.ctors
 *(.rela.ctors)

.rel.dtors
 *(.rel.dtors)

.rela.dtors
 *(.rela.dtors)

.rel.got
 *(.rel.got)

.rela.got
 *(.rela.got)

.rel.bss
 *(.rel.bss)

.rela.bss
 *(.rela.bss)

.rel.plt
 *(.rel.plt)

.rela.plt
 *(.rela.plt)

.text           0x00000000      0x9de
 *(.vectors)
 .vectors       0x00000000       0x7c C:/Program Files (x86)/Atmel/Studio/7.0/Packs/atmel/ATmega_DFP/1.0.90/gcc/dev/atmega644p/avr5/crtatmega644p.o
                0x00000000                __vector_default
                0x00000000                __vectors
 *(.vectors)
 *(.progmem.gcc*)
                0x0000007c                . = ALIGN (0x2)
                0x0000007c                __trampolines_start = .
 *(.trampolines)
 .trampolines   0x0000007c        0x0 linker stubs
 *(.trampolines*)
                0x0000007c                __trampolines_end = .
 *(.progmem*)
                0x0000007c                . = ALIGN (0x2)
 *(.jumptables)
 *(.jumptables*)
 *(.lowtext)
 *(.lowtext*)
                0x0000007c                __ctors_start = .
 *(.ctors)
                0x0000007c                __ctors_end = .
                0x0000007c                __dtors_start = .
 *(.dtors)
                0x0000007c                __dtors_end = .
 SORT(*)(.ctors)
 SORT(*)(.dtors)
 *(.init0)
 .init0         0x0000007c        0x0 C:/Program Files (x86)/Atmel/Studio/7.0/Packs/atmel/ATmega_DFP/1.0.90/gcc/dev/atmega644p/avr5/crtatmega644p.o
                0x0000007c                __init
 *(.init0)
 *(.init1)
 *(.init1)
 *(.init2)
 .init2         0x0000007c        0xc C:/Program Files (x86)/Atmel/Studio/7.0/Packs/atmel/ATmega_DFP/1.0.90/gcc/dev/atmega644p/avr5/crtatmega644p.o
 *(.init2)
 *(.init3)
 *(.init3)
 *(.init4)
 .init4         0x00000088       0x16 c:/program files (x86)/atmel/studio/7.0/toolchain/avr8/avr8-gnu-toolchain/bin/../lib/gcc/avr/4.9.2/avr5\libgcc.a(_copy_data.o)
                0x00000088                __do_copy_data
 .init4         0x0000009e       0x10 c:/program files (x86)/atmel/studio/7.0/toolchain/avr8/avr8-gnu-toolchain/bin/../lib/gcc/avr/4.9.2/avr5\libgcc.a(_clear_bss.o)
                0x0000009e                __do_clear_bss
 *(.init4)
 *(.init5)
 *(.init5)
 *(.init6)
 *(.init6)
 *(.init7)
 *(.init7)
 *(.init8)
 *(.init8)
 *(.init9)
 .init9         0x000000ae        0x8 C:/Program Files (x86)/Atmel/Studio/7.0/Packs/atmel/ATmega_DFP/1.0.90/gcc/dev/atmega644p/avr5/crtatmega644p.o
 *(.init9)
 *(.text)
 .text          0x000000b6        0x4 C:/Program Files (x86)/Atmel/Studio/7.0/Packs/atmel/ATmega_DFP/1.0.90/gcc/dev/atmega644p/avr5/crtatmega644p.o
                0x000000b6                __vector_22
                0x000000b6                __vector_1
                0x000000b6                __bad_interrupt
                0x000000b6                __vector_6
                0x000000b6                __vector_3
                0x000000b6                __vector_23
                0x000000b6                __vector_30
                0x000000b6                __vector_25
                0x000000b6                __vector_11
                0x000000b6                __vector_13
                0x000000b6                __vector_17
                0x000000b6                __vector_19
                0x000000b6                __vector_27
                0x000000b6                __vector_5
                0x000000b6                __vector_4
                0x000000b6                __vector_9
                0x000000b6                __vector_2
                0x000000b6                __vector_21
                0x000000b6                __vector_29
                0x000000b6                __vector_8
                0x000000b6                __vector_26
                0x000000b6                __vector_14
                0x000000b6                __vector_10
                0x000000b6                __vector_16
                0x000000b6                __vector_18
                0x000000ba                . = ALIGN (0x2)
 *(.text.*)
 .text.adc_init
                0x000000ba       0x14 hal/adc.o
                0x000000ba                adc_init
 .text.adc_start
                0x000000ce       0x24 hal/adc.o
                0x000000ce                adc_start
 .text.adc_try_get_results
                0x000000f2       0x18 hal/adc.o
                0x000000f2                adc_try_get_results
 .text.__vector_24
                0x0000010a       0x66 hal/adc.o
                0x0000010a                __vector_24
 .text.capture_init
                0x00000170       0x1c hal/capture.o
                0x00000170                capture_init
 .text.capture_reset
                0x0000018c       0x1e hal/capture.o
                0x0000018c                capture_reset
 .text.capture_start_timer
                0x000001aa        0x8 hal/capture.o
                0x000001aa                capture_start_timer
 .text.capture_ocp_tripped
                0x000001b2        0xe hal/capture.o
                0x000001b2                capture_ocp_tripped
 .text.capture_read
                0x000001c0       0x54 hal/capture.o
                0x000001c0                capture_read
 .text.__vector_12
                0x00000214       0x42 hal/capture.o
                0x00000214                __vector_12
 .text.__vector_15
                0x00000256       0x60 hal/capture.o
                0x00000256                __vector_15
 .text.hal_init
                0x000002b6       0x14 hal/hal.o
                0x000002b6                hal_init
 .text.intpin_init
                0x000002ca       0x18 hal/intpin.o
                0x000002ca                intpin_init
 .text.intpin_get
                0x000002e2        0x8 hal/intpin.o
                0x000002e2                intpin_get
 .text.intpin_get_changed
                0x000002ea        0x6 hal/intpin.o
                0x000002ea                intpin_get_changed
 .text.intpin_clear_changed
                0x000002f0        0x6 hal/intpin.o
                0x000002f0                intpin_clear_changed
 .text.__vector_7
                0x000002f6       0x1e hal/intpin.o
                0x000002f6                __vector_7
 .text.spi_init
                0x00000314       0x10 hal/spi.o
                0x00000314                spi_init
 .text.spi_tx   0x00000324        0xa hal/spi.o
                0x00000324                spi_tx
 .text.spi_ss   0x0000032e       0x12 hal/spi.o
                0x0000032e                spi_ss
 .text.uart_init
                0x00000340       0x38 hal/uart.o
                0x00000340                uart_init
 .text.uart_pc_tx_push
                0x00000378        0xe hal/uart.o
                0x00000378                uart_pc_tx_push
 .text.uart_pc_rx_len
                0x00000386        0xa hal/uart.o
                0x00000386                uart_pc_rx_len
 .text.uart_pc_rx_pop
                0x00000390        0xa hal/uart.o
                0x00000390                uart_pc_rx_pop
 .text.uart_pc_rx_peek
                0x0000039a        0xe hal/uart.o
                0x0000039a                uart_pc_rx_peek
 .text.uart_pc_error
                0x000003a8       0x1a hal/uart.o
                0x000003a8                uart_pc_error
 .text.uart_dut_tx_push
                0x000003c2        0xe hal/uart.o
                0x000003c2                uart_dut_tx_push
 .text.uart_dut_rx_len
                0x000003d0        0xa hal/uart.o
                0x000003d0                uart_dut_rx_len
 .text.uart_dut_rx_pop
                0x000003da        0xa hal/uart.o
                0x000003da                uart_dut_rx_pop
 .text.uart_dut_rx_peek
                0x000003e4        0xe hal/uart.o
                0x000003e4                uart_dut_rx_peek
 .text.uart_dut_error
                0x000003f2       0x1a hal/uart.o
                0x000003f2                uart_dut_error
 .text.__vector_20
                0x0000040c       0x50 hal/uart.o
                0x0000040c                __vector_20
 .text.__vector_28
                0x0000045c       0x50 hal/uart.o
                0x0000045c                __vector_28
 .text.startup.main
                0x000004ac       0x22 main.o
                0x000004ac                main
 .text.analogue_convert
                0x000004ce        0x4 peripheral/analogue.o
                0x000004ce                analogue_convert
 .text.analogue_process
                0x000004d2        0xe peripheral/analogue.o
                0x000004d2                analogue_process
 .text.dac_set  0x000004e0       0x3a peripheral/dac.o
                0x000004e0                dac_set
 .text.dut_process
                0x0000051a       0x54 peripheral/dut.o
                0x0000051a                dut_process
 .text.dut_tx   0x0000056e       0x3a peripheral/dut.o
                0x0000056e                dut_tx
 .text.error_throw
                0x000005a8        0x4 peripheral/error.o
                0x000005a8                error_throw
 .text.ocp_start_timer
                0x000005ac        0x4 peripheral/ocp.o
                0x000005ac                ocp_start_timer
 .text.ocp_process
                0x000005b0       0x12 peripheral/ocp.o
                0x000005b0                ocp_process
 .text.ocp_reset
                0x000005c2        0x4 peripheral/ocp.o
                0x000005c2                ocp_reset
 .text.pc_process
                0x000005c6      0x126 peripheral/pc.o
                0x000005c6                pc_process
 .text.pc_tx_relay_host
                0x000006ec       0x52 peripheral/pc.o
                0x000006ec                pc_tx_relay_host
 .text.pc_tx_error
                0x0000073e       0x2a peripheral/pc.o
                0x0000073e                pc_tx_error
 .text.pc_tx_relay_int
                0x00000768       0x2a peripheral/pc.o
                0x00000768                pc_tx_relay_int
 .text.pc_tx_data
                0x00000792       0x80 peripheral/pc.o
                0x00000792                pc_tx_data
 .text.pc_tx_ocp
                0x00000812       0x8c peripheral/pc.o
                0x00000812                pc_tx_ocp
 .text.wdt_disable
                0x0000089e       0x16 peripheral/wdt.o
                0x0000089e                wdt_disable
 .text.circ_init
                0x000008b4        0xe util/circ.o
                0x000008b4                circ_init
 .text.circ_push
                0x000008c2       0x62 util/circ.o
                0x000008c2                circ_push
 .text.circ_pop
                0x00000924       0x3e util/circ.o
                0x00000924                circ_pop
 .text.circ_peek
                0x00000962       0x3c util/circ.o
                0x00000962                circ_peek
 .text.circ_length
                0x0000099e       0x28 util/circ.o
                0x0000099e                circ_length
 .text.circ_get_error
                0x000009c6        0xa util/circ.o
                0x000009c6                circ_get_error
 .text.circ_clear_error
                0x000009d0        0xa util/circ.o
                0x000009d0                circ_clear_error
                0x000009da                . = ALIGN (0x2)
 *(.fini9)
 .fini9         0x000009da        0x0 c:/program files (x86)/atmel/studio/7.0/toolchain/avr8/avr8-gnu-toolchain/bin/../lib/gcc/avr/4.9.2/avr5\libgcc.a(_exit.o)
                0x000009da                _exit
                0x000009da                exit
 *(.fini9)
 *(.fini8)
 *(.fini8)
 *(.fini7)
 *(.fini7)
 *(.fini6)
 *(.fini6)
 *(.fini5)
 *(.fini5)
 *(.fini4)
 *(.fini4)
 *(.fini3)
 *(.fini3)
 *(.fini2)
 *(.fini2)
 *(.fini1)
 *(.fini1)
 *(.fini0)
 .fini0         0x000009da        0x4 c:/program files (x86)/atmel/studio/7.0/toolchain/avr8/avr8-gnu-toolchain/bin/../lib/gcc/avr/4.9.2/avr5\libgcc.a(_exit.o)
 *(.fini0)
                0x000009de                _etext = .

.data           0x00800100       0x16 load address 0x000009de
                0x00800100                PROVIDE (__data_start, .)
 *(.data)
 *(.data*)
 .data.lastPin.1542
                0x00800100        0x1 peripheral/dut.o
 .data.dut_pipe
                0x00800101        0xa peripheral/dut.o
 .data.pc_pipe  0x0080010b        0xa peripheral/pc.o
 *(.rodata)
 *(.rodata*)
 *(.gnu.linkonce.d*)
                0x00800116                . = ALIGN (0x2)
 *fill*         0x00800115        0x1 
                0x00800116                _edata = .
                0x00800116                PROVIDE (__data_end, .)

.bss            0x00800116       0x9e
                0x00800116                PROVIDE (__bss_start, .)
 *(.bss)
 *(.bss*)
 .bss.resultIndex
                0x00800116        0x1 hal/adc.o
 .bss.results   0x00800117       0x10 hal/adc.o
 .bss.adcState  0x00800127        0x1 hal/adc.o
 .bss.c         0x00800128        0x1 hal/intpin.o
 .bss.rxDutBuffer
                0x00800129       0x43 hal/uart.o
 .bss.rxPcBuffer
                0x0080016c       0x43 hal/uart.o
 *(COMMON)
 COMMON         0x008001af        0x5 hal/capture.o
                0x008001af                captureState
                0x008001b0                capturedValue
                0x008001b2                overflowCounter
                0x008001b4                PROVIDE (__bss_end, .)
                0x000009de                __data_load_start = LOADADDR (.data)
                0x000009f4                __data_load_end = (__data_load_start + SIZEOF (.data))

.noinit         0x008001b4        0x0
                0x008001b4                PROVIDE (__noinit_start, .)
 *(.noinit*)
                0x008001b4                PROVIDE (__noinit_end, .)
                0x008001b4                _end = .
                0x008001b4                PROVIDE (__heap_start, .)

.eeprom         0x00810000        0x0
 *(.eeprom*)
                0x00810000                __eeprom_end = .

.fuse
 *(.fuse)
 *(.lfuse)
 *(.hfuse)
 *(.efuse)

.lock
 *(.lock*)

.signature
 *(.signature*)

.user_signatures
 *(.user_signatures*)

.stab
 *(.stab)

.stabstr
 *(.stabstr)

.stab.excl
 *(.stab.excl)

.stab.exclstr
 *(.stab.exclstr)

.stab.index
 *(.stab.index)

.stab.indexstr
 *(.stab.indexstr)

.comment        0x00000000       0x30
 *(.comment)
 .comment       0x00000000       0x30 hal/adc.o
                                 0x31 (size before relaxing)
 .comment       0x00000030       0x31 hal/capture.o
 .comment       0x00000030       0x31 hal/hal.o
 .comment       0x00000030       0x31 hal/intpin.o
 .comment       0x00000030       0x31 hal/spi.o
 .comment       0x00000030       0x31 hal/uart.o
 .comment       0x00000030       0x31 main.o
 .comment       0x00000030       0x31 peripheral/analogue.o
 .comment       0x00000030       0x31 peripheral/dac.o
 .comment       0x00000030       0x31 peripheral/dut.o
 .comment       0x00000030       0x31 peripheral/error.o
 .comment       0x00000030       0x31 peripheral/ocp.o
 .comment       0x00000030       0x31 peripheral/pc.o
 .comment       0x00000030       0x31 peripheral/wdt.o
 .comment       0x00000030       0x31 util/circ.o

.note.gnu.avr.deviceinfo
                0x00000000       0x40
 .note.gnu.avr.deviceinfo
                0x00000000       0x40 C:/Program Files (x86)/Atmel/Studio/7.0/Packs/atmel/ATmega_DFP/1.0.90/gcc/dev/atmega644p/avr5/crtatmega644p.o

.note.gnu.build-id
 *(.note.gnu.build-id)

.debug
 *(.debug)

.line
 *(.line)

.debug_srcinfo
 *(.debug_srcinfo)

.debug_sfnames
 *(.debug_sfnames)

.debug_aranges  0x00000000      0x330
 *(.debug_aranges)
 .debug_aranges
                0x00000000       0x38 hal/adc.o
 .debug_aranges
                0x00000038       0x50 hal/capture.o
 .debug_aranges
                0x00000088       0x20 hal/hal.o
 .debug_aranges
                0x000000a8       0x40 hal/intpin.o
 .debug_aranges
                0x000000e8       0x30 hal/spi.o
 .debug_aranges
                0x00000118       0x80 hal/uart.o
 .debug_aranges
                0x00000198       0x20 main.o
 .debug_aranges
                0x000001b8       0x28 peripheral/analogue.o
 .debug_aranges
                0x000001e0       0x20 peripheral/dac.o
 .debug_aranges
                0x00000200       0x28 peripheral/dut.o
 .debug_aranges
                0x00000228       0x20 peripheral/error.o
 .debug_aranges
                0x00000248       0x30 peripheral/ocp.o
 .debug_aranges
                0x00000278       0x48 peripheral/pc.o
 .debug_aranges
                0x000002c0       0x20 peripheral/wdt.o
 .debug_aranges
                0x000002e0       0x50 util/circ.o

.debug_pubnames
 *(.debug_pubnames)

.debug_info     0x00000000     0x1c82
 *(.debug_info .gnu.linkonce.wi.*)
 .debug_info    0x00000000      0x121 hal/adc.o
 .debug_info    0x00000121      0x19f hal/capture.o
 .debug_info    0x000002c0       0xf1 hal/hal.o
 .debug_info    0x000003b1       0xee hal/intpin.o
 .debug_info    0x0000049f       0xce hal/spi.o
 .debug_info    0x0000056d      0x4f7 hal/uart.o
 .debug_info    0x00000a64      0x118 main.o
 .debug_info    0x00000b7c      0x105 peripheral/analogue.o
 .debug_info    0x00000c81      0x13e peripheral/dac.o
 .debug_info    0x00000dbf      0x2ae peripheral/dut.o
 .debug_info    0x0000106d       0xe6 peripheral/error.o
 .debug_info    0x00001153      0x13c peripheral/ocp.o
 .debug_info    0x0000128f      0x67b peripheral/pc.o
 .debug_info    0x0000190a       0x83 peripheral/wdt.o
 .debug_info    0x0000198d      0x2f5 util/circ.o

.debug_abbrev   0x00000000      0xf86
 *(.debug_abbrev)
 .debug_abbrev  0x00000000       0xa9 hal/adc.o
 .debug_abbrev  0x000000a9       0xfb hal/capture.o
 .debug_abbrev  0x000001a4       0x82 hal/hal.o
 .debug_abbrev  0x00000226       0x8e hal/intpin.o
 .debug_abbrev  0x000002b4       0x90 hal/spi.o
 .debug_abbrev  0x00000344      0x1da hal/uart.o
 .debug_abbrev  0x0000051e       0x85 main.o
 .debug_abbrev  0x000005a3       0xc3 peripheral/analogue.o
 .debug_abbrev  0x00000666       0xd3 peripheral/dac.o
 .debug_abbrev  0x00000739      0x1a9 peripheral/dut.o
 .debug_abbrev  0x000008e2       0xaa peripheral/error.o
 .debug_abbrev  0x0000098c       0xd6 peripheral/ocp.o
 .debug_abbrev  0x00000a62      0x30e peripheral/pc.o
 .debug_abbrev  0x00000d70       0x51 peripheral/wdt.o
 .debug_abbrev  0x00000dc1      0x1c5 util/circ.o

.debug_line     0x00000000      0xe07
 *(.debug_line .debug_line.* .debug_line_end)
 .debug_line    0x00000000       0xdb hal/adc.o
 .debug_line    0x000000db      0x121 hal/capture.o
 .debug_line    0x000001fc       0x73 hal/hal.o
 .debug_line    0x0000026f       0xe3 hal/intpin.o
 .debug_line    0x00000352       0xc7 hal/spi.o
 .debug_line    0x00000419      0x191 hal/uart.o
 .debug_line    0x000005aa      0x10b main.o
 .debug_line    0x000006b5       0xe0 peripheral/analogue.o
 .debug_line    0x00000795       0xc2 peripheral/dac.o
 .debug_line    0x00000857      0x102 peripheral/dut.o
 .debug_line    0x00000959       0x56 peripheral/error.o
 .debug_line    0x000009af       0xe0 peripheral/ocp.o
 .debug_line    0x00000a8f      0x19e peripheral/pc.o
 .debug_line    0x00000c2d       0xa6 peripheral/wdt.o
 .debug_line    0x00000cd3      0x134 util/circ.o

.debug_frame    0x00000000      0x698
 *(.debug_frame)
 .debug_frame   0x00000000       0x78 hal/adc.o
 .debug_frame   0x00000078       0xc0 hal/capture.o
 .debug_frame   0x00000138       0x24 hal/hal.o
 .debug_frame   0x0000015c       0x74 hal/intpin.o
 .debug_frame   0x000001d0       0x44 hal/spi.o
 .debug_frame   0x00000214      0x184 hal/uart.o
 .debug_frame   0x00000398       0x24 main.o
 .debug_frame   0x000003bc       0x34 peripheral/analogue.o
 .debug_frame   0x000003f0       0x3c peripheral/dac.o
 .debug_frame   0x0000042c       0x50 peripheral/dut.o
 .debug_frame   0x0000047c       0x24 peripheral/error.o
 .debug_frame   0x000004a0       0x44 peripheral/ocp.o
 .debug_frame   0x000004e4      0x10c peripheral/pc.o
 .debug_frame   0x000005f0       0x24 peripheral/wdt.o
 .debug_frame   0x00000614       0x84 util/circ.o

.debug_str      0x00000000      0x77a
 *(.debug_str)
 .debug_str     0x00000000      0x19c hal/adc.o
                                0x1d8 (size before relaxing)
 .debug_str     0x0000019c       0xf6 hal/capture.o
                                0x268 (size before relaxing)
 .debug_str     0x00000292       0x35 hal/hal.o
                                0x1ac (size before relaxing)
 .debug_str     0x000002c7       0x4e hal/intpin.o
                                0x1c3 (size before relaxing)
 .debug_str     0x00000315       0x27 hal/spi.o
                                0x199 (size before relaxing)
 .debug_str     0x0000033c      0x15f hal/uart.o
                                0x2e1 (size before relaxing)
 .debug_str     0x0000049b       0x51 main.o
                                0x1c3 (size before relaxing)
 .debug_str     0x000004ec       0x3c peripheral/analogue.o
                                0x1d5 (size before relaxing)
 .debug_str     0x00000528       0x3c peripheral/dac.o
                                0x1b9 (size before relaxing)
 .debug_str     0x00000564       0xd9 peripheral/dut.o
                                0x29d (size before relaxing)
 .debug_str     0x0000063d       0x27 peripheral/error.o
                                0x20a (size before relaxing)
 .debug_str     0x00000664       0x1e peripheral/ocp.o
                                0x1f9 (size before relaxing)
 .debug_str     0x00000682       0xd5 peripheral/pc.o
                                0x382 (size before relaxing)
 .debug_str     0x00000757       0x14 peripheral/wdt.o
                                0x189 (size before relaxing)
 .debug_str     0x0000076b        0xf util/circ.o
                                0x219 (size before relaxing)

.debug_loc      0x00000000      0xcd3
 *(.debug_loc)
 .debug_loc     0x00000000       0x70 hal/adc.o
 .debug_loc     0x00000070      0x128 hal/capture.o
 .debug_loc     0x00000198       0x3c hal/intpin.o
 .debug_loc     0x000001d4      0x284 hal/uart.o
 .debug_loc     0x00000458       0x28 peripheral/analogue.o
 .debug_loc     0x00000480       0xa2 peripheral/dac.o
 .debug_loc     0x00000522      0x12d peripheral/dut.o
 .debug_loc     0x0000064f       0x21 peripheral/error.o
 .debug_loc     0x00000670      0x4c6 peripheral/pc.o
 .debug_loc     0x00000b36      0x19d util/circ.o

.debug_macinfo
 *(.debug_macinfo)

.debug_weaknames
 *(.debug_weaknames)

.debug_funcnames
 *(.debug_funcnames)

.debug_typenames
 *(.debug_typenames)

.debug_varnames
 *(.debug_varnames)

.debug_pubtypes
 *(.debug_pubtypes)

.debug_ranges   0x00000000      0x290
 *(.debug_ranges)
 .debug_ranges  0x00000000       0x28 hal/adc.o
 .debug_ranges  0x00000028       0x40 hal/capture.o
 .debug_ranges  0x00000068       0x10 hal/hal.o
 .debug_ranges  0x00000078       0x30 hal/intpin.o
 .debug_ranges  0x000000a8       0x20 hal/spi.o
 .debug_ranges  0x000000c8       0x70 hal/uart.o
 .debug_ranges  0x00000138       0x10 main.o
 .debug_ranges  0x00000148       0x18 peripheral/analogue.o
 .debug_ranges  0x00000160       0x10 peripheral/dac.o
 .debug_ranges  0x00000170       0x18 peripheral/dut.o
 .debug_ranges  0x00000188       0x10 peripheral/error.o
 .debug_ranges  0x00000198       0x20 peripheral/ocp.o
 .debug_ranges  0x000001b8       0x70 peripheral/pc.o
 .debug_ranges  0x00000228       0x10 peripheral/wdt.o
 .debug_ranges  0x00000238       0x58 util/circ.o

.debug_macro
 *(.debug_macro)
OUTPUT(TestMcu.elf elf32-avr)
LOAD linker stubs
